ALTO				= 7739, L: CPC_PUTSPTILEMAP8X16
ALTO				= 7696, L: CPC_PUTSPTILEMAP4X8
ANCHO				= 7738, L: CPC_PUTSPTILEMAP8X16
ANCHO				= 7695, L: CPC_PUTSPTILEMAP4X8
APBRANCH1			= 049A, L: MK1
APBRANCH2			= 04DD, L: MK1
APBRANCH3			= 04C9, L: MK1
APBRANCH4			= 04C0, L: MK1
APGET4BITS			= 04B2, L: MK1
APLOOP				= 049F, L: MK1
APLOOP0				= 049C, L: MK1
APSKIP2				= 04FC, L: MK1
APSKIP3				= 0505, L: MK1
APWRITEBYTE			= 04BC, L: MK1
AP_FINISHUP			= 0508, L: MK1
AP_FINISHUP2			= 050B, L: MK1
AP_GETBIT			= 051E, L: MK1
AP_GETGAMMA			= 052A, L: MK1
AP_GETGAMMALOOP			= 052D, L: MK1
AP_R0_GAMMA			= 0512, L: MK1
BGICMODBC1			= 6879, L: MK1
BGICMODBC2			= 687B, L: MK1
BIT0_SKIP			= 79BD, L: CPC_UPDSCR
BIT0_SKIP			= 78B1, L: CPC_SHOWTOUCHEDTILES
BIT1_SKIP			= 79C7, L: CPC_UPDSCR
BIT1_SKIP			= 78BB, L: CPC_SHOWTOUCHEDTILES
BIT2_SKIP			= 79D1, L: CPC_UPDSCR
BIT2_SKIP			= 78C5, L: CPC_SHOWTOUCHEDTILES
BIT3_SKIP			= 79DB, L: CPC_UPDSCR
BIT3_SKIP			= 78CF, L: CPC_SHOWTOUCHEDTILES
BIT4_SKIP			= 79E5, L: CPC_UPDSCR
BIT4_SKIP			= 78D9, L: CPC_SHOWTOUCHEDTILES
BIT5_SKIP			= 79EF, L: CPC_UPDSCR
BIT5_SKIP			= 78E3, L: CPC_SHOWTOUCHEDTILES
BIT6_SKIP			= 79F9, L: CPC_UPDSCR
BIT6_SKIP			= 78ED, L: CPC_SHOWTOUCHEDTILES
BIT7_SKIP			= 7A03, L: CPC_UPDSCR
BIT7_SKIP			= 78F7, L: CPC_SHOWTOUCHEDTILES
BUCLE_CPC_SHOWTOUCHEDTILES	= 789C, L: CPC_SHOWTOUCHEDTILES
BUCLE_CPC_UPDSCR		= 79A8, L: CPC_UPDSCR
BUCLE_DETECCION_TECLA		= 7572, L: CPC_ANYKEYPRESSED
BUCLE_DIBUJADO_FONDO		= 7822, L: CPC_SHOWTILEMAP
CANAL_A				= 6BD9, L: MK1
CANAL_B				= 6BDB, L: MK1
CANAL_C				= 6BDD, L: MK1
CANAL_P				= 6C07, L: MK1
CARGA_CANCION			= 67C3, L: MK1
CLEAR_PSG_BUFFER		= 67A4, L: MK1
COMANDOS			= 6976, L: MK1
COM_EFECTO			= 69BB, L: MK1
COM_ENVOLVENTE			= 69CB, L: MK1
CONTADOR_TILES			= 7860, L: CPC_SHOWTILEMAP
CONTADOR_TILES2			= 7861, L: CPC_SHOWTILEMAP
CONT_ENV			= 6B83, L: MK1
COPYTILE			= 7906, L: CPC_SHOWTOUCHEDTILES
CPC_ANYKEYPRESSED		= 7570, G: CPC_ANYKEYPRESSED
CPC_BIT2MASK			= 76BA, G: CPC_BIT2MASK
CPC_BITLEFT2MASK		= 760E, G: CPC_BITLEFT2MASK
CPC_BITRIGHT2MASK		= 7616, G: CPC_BITRIGHT2MASK
CPC_INVALIDATERECT		= 75AE, G: CPC_INVALIDATERECT
CPC_INVALIDATERECT_P		= 75B6, L: CPC_INVALIDATERECT
CPC_KEYSDATA			= 761E, G: CPC_KEYSDATA
CPC_PUTSP			= 7877, L: CPC_SHOWTILEMAP
CPC_PUTSPTILEMAP4X8		= 7643, G: CPC_PUTSPTILEMAP4X8
CPC_PUTSPTILEMAP8X16		= 76CA, G: CPC_PUTSPTILEMAP8X16
CPC_PUTTRSP4X8TILEMAP2B		= 773A, G: CPC_PUTTRSP4X8TILEMAP2B
CPC_PUTTRSP8X16TILEMAP2B	= 777C, G: CPC_PUTTRSP8X16TILEMAP2B
CPC_RESETTOUCHEDTILES		= 77CE, G: CPC_RESETTOUCHEDTILES
CPC_SETCOLOUR			= 77DC, G: CPC_SETCOLOUR
CPC_SETMODE			= 77EF, G: CPC_SETMODE
CPC_SHOWTILEMAP			= 77F9, G: CPC_SHOWTILEMAP
CPC_SHOWTOUCHEDTILES		= 7894, G: CPC_SHOWTOUCHEDTILES
CPC_TBLLOOKUP			= 76C2, G: CPC_TBLLOOKUP
CPC_TESTKEY			= 7986, G: CPC_TESTKEY
CPC_TESTKEYBOARD		= 758A, G: CPC_TESTKEYBOARD
CPC_UPDSCR			= 79A0, G: CPC_UPDSCR
CPC_UPDTILETABLE		= 7697, G: CPC_UPDTILETABLE
CRTBC0				= 6B8D, L: MK1
DATOS_NOTAS			= 6C40, L: MK1
DCBC0				= 68F6, L: MK1
DECODE_CANAL			= 6893, L: MK1
DECODE_SONG			= 67CC, L: MK1
DEPACK				= 0497, L: MK1
DOSIGN				= 7AD6, L: L_DIV
DO_UPDATE			= 76E4, L: CPC_PUTSPTILEMAP8X16
DO_UPDATE			= 765D, L: CPC_PUTSPTILEMAP4X8
EFECTO0				= 60D7, L: MK1
EFECTO1				= 617A, L: MK1
EFECTO10			= 6273, L: MK1
EFECTO11			= 6292, L: MK1
EFECTO12			= 6302, L: MK1
EFECTO13			= 631E, L: MK1
EFECTO14			= 632E, L: MK1
EFECTO2				= 618A, L: MK1
EFECTO3				= 61A9, L: MK1
EFECTO4				= 61B9, L: MK1
EFECTO5				= 61F6, L: MK1
EFECTO6				= 6215, L: MK1
EFECTO7				= 6234, L: MK1
EFECTO8				= 6244, L: MK1
EFECTO9				= 6263, L: MK1
EFECTO_REGS			= 6C1A, L: MK1
ENTRY				= 7AE1, L: L_DIV_U
ENVOLVENTE			= 6C3E, L: MK1
ENVOLVENTE_BACK			= 6C3F, L: MK1
EVOLVENTES			= 6B60, L: MK1
EXT_WORD			= 6BAB, L: MK1
FCA_CONT			= 6A15, L: MK1
FIN				= 7737, L: CPC_PUTSPTILEMAP8X16
FIN				= 7694, L: CPC_PUTSPTILEMAP4X8
FIN_CANAL_A			= 6A0A, L: MK1
FIN_CANAL_P			= 6A9C, L: MK1
FIN_DEC_CANAL			= 68E4, L: MK1
FIN_NOPLAYER			= 675D, L: MK1
FIN_NOTA_A			= 69EA, L: MK1
FIN_NOTA_P			= 6A84, L: MK1
FIN_RUTINA			= 6A63, L: MK1
FIN_SONIDO			= 6754, L: MK1
FRECUENCIA_OFF			= 6B7A, L: MK1
FSCLIPSTRUCT			= 0482, L: MK1
GETLEN				= 68E9, L: MK1
INCREMENTO2			= 7853, L: CPC_SHOWTILEMAP
INICIA_EFECTO			= 669F, L: MK1
INICIA_SONIDO			= 668F, L: MK1
INICIO				= 6678, L: MK1
INIT_DECODER			= 6834, L: MK1
INTERR				= 6BCF, L: MK1
INVCOLLP			= 75E0, L: CPC_INVALIDATERECT
INVFULLCHAR			= 75F3, L: CPC_INVALIDATERECT
INVROWLP			= 75F5, L: CPC_INVALIDATERECT
ISR_C1				= 6D78, L: MK1
ISR_DONE			= 6D79, L: MK1
I_1				= 73A0, L: MK1
I_100				= 4CB6, L: MK1
I_101				= 4CBB, L: MK1
I_102				= 4D04, L: MK1
I_103				= 4D07, L: MK1
I_104				= 4D26, L: MK1
I_105				= 4D2B, L: MK1
I_106				= 4D74, L: MK1
I_107				= 4D77, L: MK1
I_108				= 4D94, L: MK1
I_109				= 4DAC, L: MK1
I_110				= 4EBB, L: MK1
I_111				= 4E63, L: MK1
I_112				= 4E66, L: MK1
I_113				= 4E9A, L: MK1
I_114				= 4E97, L: MK1
I_115				= 4EBB, L: MK1
I_116				= 4EBB, L: MK1
I_117				= 4EBB, L: MK1
I_118				= 4EE2, L: MK1
I_119				= 4EE2, L: MK1
I_120				= 4F09, L: MK1
I_121				= 4F09, L: MK1
I_122				= 4F1F, L: MK1
I_123				= 4F32, L: MK1
I_124				= 4FAC, L: MK1
I_125				= 4FAC, L: MK1
I_126				= 4F7E, L: MK1
I_128				= 5003, L: MK1
I_129				= 5003, L: MK1
I_130				= 4FD9, L: MK1
I_132				= 5029, L: MK1
I_133				= 5020, L: MK1
I_134				= 5023, L: MK1
I_135				= 50B9, L: MK1
I_136				= 505F, L: MK1
I_137				= 5062, L: MK1
I_138				= 5091, L: MK1
I_139				= 508E, L: MK1
I_140				= 50B2, L: MK1
I_141				= 50B2, L: MK1
I_142				= 50B2, L: MK1
I_143				= 50E0, L: MK1
I_144				= 50E0, L: MK1
I_145				= 5107, L: MK1
I_146				= 5107, L: MK1
I_147				= 511D, L: MK1
I_148				= 5130, L: MK1
I_149				= 51D1, L: MK1
I_150				= 51B3, L: MK1
I_151				= 5182, L: MK1
I_153				= 51D1, L: MK1
I_154				= 51C8, L: MK1
I_155				= 51CB, L: MK1
I_156				= 524C, L: MK1
I_157				= 522E, L: MK1
I_158				= 51FE, L: MK1
I_160				= 524C, L: MK1
I_161				= 5243, L: MK1
I_162				= 5246, L: MK1
I_163				= 5260, L: MK1
I_164				= 5271, L: MK1
I_165				= 5271, L: MK1
I_166				= 52BE, L: MK1
I_167				= 5317, L: MK1
I_168				= 5314, L: MK1
I_169				= 541A, L: MK1
I_170				= 5370, L: MK1
I_171				= 536D, L: MK1
I_172				= 541A, L: MK1
I_173				= 53C6, L: MK1
I_174				= 53C3, L: MK1
I_175				= 541A, L: MK1
I_176				= 541A, L: MK1
I_177				= 541A, L: MK1
I_178				= 5439, L: MK1
I_179				= 542C, L: MK1
I_180_I_179			= 542F, L: MK1
I_181				= 544B, L: MK1
I_182				= 5472, L: MK1
I_183				= 5491, L: MK1
I_184				= 5491, L: MK1
I_185				= 54A6, L: MK1
I_186				= 54A6, L: MK1
I_187				= 54E5, L: MK1
I_188				= 54B8, L: MK1
I_189				= 54BB, L: MK1
I_190				= 54E5, L: MK1
I_191				= 5555, L: MK1
I_192				= 5548, L: MK1
I_193_I_192			= 554B, L: MK1
I_194				= 5577, L: MK1
I_195				= 557A, L: MK1
I_196				= 55DF, L: MK1
I_197				= 58D5, L: MK1
I_198				= 55E9, L: MK1
I_199				= 5676, L: MK1
I_20				= 3FF2, L: MK1
I_200				= 57BC, L: MK1
I_202				= 57B9, L: MK1
I_203				= 56B3, L: MK1
I_204				= 56D5, L: MK1
I_205				= 56D5, L: MK1
I_206				= 56D5, L: MK1
I_207				= 56D5, L: MK1
I_208				= 5703, L: MK1
I_209				= 57A5, L: MK1
I_21				= 3FEE, L: MK1
I_210				= 57AB, L: MK1
I_211				= 57C7, L: MK1
I_212				= 58A4, L: MK1
I_213				= 58B7, L: MK1
I_214				= 58D2, L: MK1
I_215				= 58FA, L: MK1
I_216				= 591D, L: MK1
I_217				= 593A, L: MK1
I_218				= 5FAF, L: MK1
I_219				= 593F, L: MK1
I_220				= 59FF, L: MK1
I_221				= 59FF, L: MK1
I_223				= 5CCC, L: MK1
I_224				= 5A04, L: MK1
I_225				= 5A26, L: MK1
I_226				= 5A26, L: MK1
I_227				= 5A26, L: MK1
I_228				= 5A26, L: MK1
I_229				= 5A7C, L: MK1
I_230				= 5BBC, L: MK1
I_231				= 5EA1, L: MK1
I_232				= 5D1D, L: MK1
I_233				= 5D52, L: MK1
I_234				= 5D43, L: MK1
I_235_I_234			= 5D46, L: MK1
I_236				= 5D52, L: MK1
I_237				= 5EA1, L: MK1
I_237_UGE			= 5D5C, L: MK1
I_238				= 5D66, L: MK1
I_239				= 5EA1, L: MK1
I_24				= 41E0, L: MK1
I_240				= 5D6B, L: MK1
I_241				= 5E9E, L: MK1
I_242				= 5E9E, L: MK1
I_243				= 5DF8, L: MK1
I_244_I_243			= 5DFB, L: MK1
I_245				= 5E36, L: MK1
I_246				= 5E98, L: MK1
I_247				= 5F62, L: MK1
I_248				= 5F78, L: MK1
I_249				= 5FC8, L: MK1
I_25				= 420B, L: MK1
I_250				= 60D6, L: MK1
I_252				= 6089, L: MK1
I_253				= 5FF7, L: MK1
I_254				= 600F, L: MK1
I_255				= 601F, L: MK1
I_256				= 602D, L: MK1
I_257				= 604B, L: MK1
I_258				= 6054, L: MK1
I_259				= 607C, L: MK1
I_26				= 4241, L: MK1
I_260				= 6083, L: MK1
I_261				= 60D6, L: MK1
I_262				= 6CF8, L: MK1
I_263				= 6D23, L: MK1
I_264				= 6D0C, L: MK1
I_265				= 6D20, L: MK1
I_266				= 6E09, L: MK1
I_267				= 6E50, L: MK1
I_268				= 6E0E, L: MK1
I_269				= 6E5A, L: MK1
I_27				= 4278, L: MK1
I_270				= 6EEC, L: MK1
I_271				= 6E5F, L: MK1
I_272				= 6EF6, L: MK1
I_273				= 6F46, L: MK1
I_274				= 6F00, L: MK1
I_275				= 6F47, L: MK1
I_276				= 739F, L: MK1
I_277				= 6F58, L: MK1
I_278				= 7391, L: MK1
I_279				= 7039, L: MK1
I_28				= 42DA, L: MK1
I_280				= 7336, L: MK1
I_281				= 705F, L: MK1
I_282				= 7078, L: MK1
I_283				= 70A4, L: MK1
I_284				= 70D0, L: MK1
I_285				= 70FC, L: MK1
I_286				= 7129, L: MK1
I_287				= 7144, L: MK1
I_288				= 715F, L: MK1
I_289				= 715F, L: MK1
I_29				= 42DD, L: MK1
I_290				= 71A8, L: MK1
I_291				= 7186, L: MK1
I_292_I_291			= 7189, L: MK1
I_293				= 7208, L: MK1
I_294				= 71BC, L: MK1
I_295_I_294			= 71BF, L: MK1
I_296				= 7208, L: MK1
I_297				= 7208, L: MK1
I_298				= 7217, L: MK1
I_299				= 7225, L: MK1
I_30				= 4377, L: MK1
I_300				= 72DF, L: MK1
I_301				= 7247, L: MK1
I_302_I_301			= 724A, L: MK1
I_303				= 725F, L: MK1
I_304				= 72C7, L: MK1
I_305				= 7269, L: MK1
I_306				= 7333, L: MK1
I_307				= 7333, L: MK1
I_308				= 7305, L: MK1
I_308_UGE			= 72FB, L: MK1
I_309_I_308			= 7308, L: MK1
I_31				= 437C, L: MK1
I_310				= 7385, L: MK1
I_311				= 736D, L: MK1
I_312				= 7382, L: MK1
I_313				= 738E, L: MK1
I_32				= 43CF, L: MK1
I_33				= 43E5, L: MK1
I_34				= 43F5, L: MK1
I_35				= 4418, L: MK1
I_40				= 4464, L: MK1
I_41				= 446E, L: MK1
I_42				= 44E1, L: MK1
I_43				= 4478, L: MK1
I_44				= 44DE, L: MK1
I_45				= 44F1, L: MK1
I_46				= 46A7, L: MK1
I_47				= 44F6, L: MK1
I_48				= 465A, L: MK1
I_49				= 4569, L: MK1
I_50				= 4569, L: MK1
I_51				= 4597, L: MK1
I_52				= 4597, L: MK1
I_53				= 45DF, L: MK1
I_54				= 45F1, L: MK1
I_55				= 4654, L: MK1
I_56				= 469A, L: MK1
I_57				= 4799, L: MK1
I_58				= 4866, L: MK1
I_59				= 486E, L: MK1
I_60				= 486F, L: MK1
I_61				= 4877, L: MK1
I_62				= 4885, L: MK1
I_63				= 488F, L: MK1
I_64				= 4877, L: MK1
I_65				= 4885, L: MK1
I_66				= 4955, L: MK1
I_67				= 4955, L: MK1
I_68				= 48E9, L: MK1
I_69_I_68			= 48EC, L: MK1
I_70				= 4A21, L: MK1
I_71				= 4975, L: MK1
I_72_I_71			= 4978, L: MK1
I_73				= 4982, L: MK1
I_74				= 49F3, L: MK1
I_75				= 498C, L: MK1
I_76				= 49F0, L: MK1
I_77				= 49D5, L: MK1
I_78_I_77			= 49D8, L: MK1
I_79				= 4A52, L: MK1
I_80				= 4AE3, L: MK1
I_81				= 4A5C, L: MK1
I_82				= 4B04, L: MK1
I_83				= 4B28, L: MK1
I_84				= 4B22, L: MK1
I_85				= 4B16, L: MK1
I_86_I_85			= 4B19, L: MK1
I_87				= 4B28, L: MK1
I_88				= 4B79, L: MK1
I_89				= 4B5F, L: MK1
I_90				= 4B79, L: MK1
I_91				= 4BA9, L: MK1
I_92				= 4B93, L: MK1
I_93				= 4B91, L: MK1
I_95_I_92			= 4B96, L: MK1
I_96				= 4BB0, L: MK1
I_97				= 4BDB, L: MK1
I_98				= 4BBE, L: MK1
I_99_I_98			= 4BC1, L: MK1
KEYMAP0				= 761E, L: CPC_KEYSDATA
LEJP0				= 6A7B, L: MK1
LNJP0				= 69E0, L: MK1
LOCALIZA_EFECTO			= 6A64, L: MK1
LOCALIZA_NOTA			= 6969, L: MK1
LOOP_ALTO_2			= 7879, L: CPC_SHOWTILEMAP
LOOP_ALTO_MAP_SBUFFER		= 7869, L: CPC_SHOWTILEMAP
LOOP_ALTO_MAP_SBUFFER		= 77A1, L: CPC_PUTTRSP8X16TILEMAP2B
LOOP_ALTO_MAP_SBUFFER		= 775F, L: CPC_PUTTRSP4X8TILEMAP2B
LOOP_ANCHO_MAP_SBUFFER		= 7869, L: CPC_SHOWTILEMAP
LOUT				= 6771, L: MK1
L_AND				= 7A87, G: L_AND
L_ASL				= 7A8E, G: L_ASL
L_ASL1				= 7A8F, L: L_ASL
L_ASR				= 7A95, G: L_ASR
L_ASR1				= 7A96, L: L_ASR
L_ASR_U				= 7A9F, G: L_ASR_U
L_ASR_U_1			= 7AA0, L: L_ASR_U
L_DIV				= 7AA9, G: L_DIV
L_DIV0				= 7AB9, L: L_DIV
L_DIV01				= 7AC5, L: L_DIV
L_DIV1				= 7AE8, L: L_DIV_U
L_DIV2				= 7AF2, L: L_DIV_U
L_DIV_U				= 7ADD, G: L_DIV_U
L_EQ				= 7AFC, G: L_EQ
L_GCHAR				= 7B03, G: L_GCHAR
L_GINT				= 7B09, G: L_GINT
L_GINTSP			= 7B0E, G: L_GINTSP
L_GINTSPSP			= 7B16, G: L_GINTSPSP
L_GT				= 7B1F, G: L_GT
L_LNEG				= 7B2B, G: L_LNEG
L_LT				= 7B30, G: L_LT
L_MULT				= 7B3C, G: L_MULT
L_MULT1				= 7B43, L: L_MULT
L_MULT2				= 7B4A, L: L_MULT
L_NE				= 7B4D, G: L_NE
L_NEG				= 7B54, G: L_NEG
L_OR				= 7B5C, G: L_OR
L_PINT				= 7B63, G: L_PINT
L_PINT_POP			= 7B69, G: L_PINT_POP
L_SXT				= 7B6F, G: L_SXT
L_SXT				= 7B04, L: L_GCHAR
L_UGE				= 7B74, G: L_UGE
L_UGT				= 7B7C, G: L_UGT
L_ULE				= 7B82, G: L_ULE
L_ULT				= 7B8A, G: L_ULT
NEXTRAND			= 4359, L: MK1
NOINC				= 76C8, L: CPC_TBLLOOKUP
NOINC1				= 75DC, L: CPC_INVALIDATERECT
NOINC2				= 75EF, L: CPC_INVALIDATERECT
NOINC3				= 7600, L: CPC_INVALIDATERECT
NOINCD				= 7A0E, L: CPC_UPDSCR
NOINCD				= 7902, L: CPC_SHOWTOUCHEDTILES
NOTA				= 6B4B, L: MK1
NO_BACKUP_ENVOLVENTE		= 676E, L: MK1
NO_DEC_TEMPO			= 6988, L: MK1
NO_ENVOLVENTE			= 68CC, L: MK1
NO_ENVOLVENTES_SONIDO		= 673A, L: MK1
NO_FIN_CANAL_A			= 6A23, L: MK1
NO_FIN_CANAL_P			= 6AA4, L: MK1
NO_INC_TEMPO			= 698D, L: MK1
NO_INSTRUMENTO			= 68BF, L: MK1
NO_MODIFICA			= 68D9, L: MK1
NO_PUNTILLO			= 68AC, L: MK1
NO_RUIDO			= 6747, L: MK1
NO_SILENCIO			= 68A2, L: MK1
NO_SILENCIO_A			= 6A51, L: MK1
NPTJP0				= 67E8, L: MK1
N_SONIDO			= 6C17, L: MK1
ORIGIN_LAST_ROW			= 771E, L: CPC_PUTSPTILEMAP8X16
ORIGIN_NEXT_ROW			= 770A, L: CPC_PUTSPTILEMAP8X16
ORIGIN_NEXT_ROW			= 7680, L: CPC_PUTSPTILEMAP4X8
ORNMJP1				= 6B35, L: MK1
ORNNEG				= 6B17, L: MK1
PASA_BLOQUE_A_SBUFFER		= 7787, L: CPC_PUTTRSP8X16TILEMAP2B
PASA_BLOQUE_A_SBUFFER		= 7745, L: CPC_PUTTRSP4X8TILEMAP2B
PAUTA				= 6AAB, L: MK1
PAUTAS				= 693F, L: MK1
PAUTA_0				= 6352, L: MK1
PAUTA_1				= 635D, L: MK1
PAUTA_2				= 6370, L: MK1
PAUTA_3				= 6385, L: MK1
PAUTA_4				= 63AC, L: MK1
PAUTA_5				= 63B7, L: MK1
PCAJP0				= 6ACB, L: MK1
PCAJP1				= 6AE2, L: MK1
PCAJP2				= 6AF7, L: MK1
PCAJP3				= 6B19, L: MK1
PCAJP4				= 6AB7, L: MK1
PCAJP5				= 6B3D, L: MK1
PCAJP6				= 6B29, L: MK1
PCAJP7				= 6B47, L: MK1
PLAY				= 68FC, L: MK1
PLAYER_OFF			= 67A0, L: MK1
POSICIONAR_PANTALLA		= 790E, L: CPC_SHOWTOUCHEDTILES
POSICIONAR_SUPERBUFFER		= 7A12, L: CPC_UPDSCR
POSICIONAR_SUPERBUFFER		= 7906, L: CPC_SHOWTOUCHEDTILES
POSICIONAR_TILE			= 7A25, L: CPC_UPDSCR
POSICIONES_PANTALLA		= 0406, G: TILEMAPCONF
POSICIONES_SUPER_BUFFER		= 0436, G: TILEMAPCONF
PRINT_STR_INV			= 41B8, L: MK1
PRINT_STR_LOOP			= 41A6, L: MK1
PROCESS				= 79B2, L: CPC_UPDSCR
PROCESS				= 78A6, L: CPC_SHOWTOUCHEDTILES
PSG_REG				= 6C1E, L: MK1
PSG_REG_SEC			= 6C2E, L: MK1
PULSADO				= 799D, L: CPC_TESTKEY
PUNTERO_A			= 6BD3, L: MK1
PUNTERO_B			= 6BD5, L: MK1
PUNTERO_C			= 6BD7, L: MK1
PUNTERO_DECA			= 6BF1, L: MK1
PUNTERO_DECB			= 6BF3, L: MK1
PUNTERO_DECC			= 6BF5, L: MK1
PUNTERO_DECP			= 6C0B, L: MK1
PUNTERO_EFECTO			= 6BF7, L: MK1
PUNTERO_L_DECA			= 6BFF, L: MK1
PUNTERO_L_DECB			= 6C01, L: MK1
PUNTERO_L_DECC			= 6C03, L: MK1
PUNTERO_L_DECP			= 6C0D, L: MK1
PUNTERO_P			= 6C05, L: MK1
PUNTERO_P_A			= 6BDF, L: MK1
PUNTERO_P_A0			= 6BE5, L: MK1
PUNTERO_P_B			= 6BE1, L: MK1
PUNTERO_P_B0			= 6BE7, L: MK1
PUNTERO_P_C			= 6BE3, L: MK1
PUNTERO_P_C0			= 6BE9, L: MK1
PUNTERO_P_DECA			= 6BEB, L: MK1
PUNTERO_P_DECB			= 6BED, L: MK1
PUNTERO_P_DECC			= 6BEF, L: MK1
PUNTERO_P_DECP			= 6C09, L: MK1
PUNTERO_SONIDO			= 6C18, L: MK1
RAND16				= 433D, L: MK1
REG_NOTA_A			= 6BF9, L: MK1
REG_NOTA_B			= 6BFB, L: MK1
REG_NOTA_C			= 6BFD, L: MK1
REPRODUCE_EFECTO		= 66D9, L: MK1
REPRODUCE_EFECTO_LIMPIA_BIT	= 66F2, L: MK1
REPRODUCE_SONIDO		= 66BA, L: MK1
REPRODUCE_SONIDO_LIMPIA_BIT	= 66D3, L: MK1
REPRODUCE_SONIDO_O_EFECTO	= 66F8, L: MK1
ROUT				= 6764, L: MK1
SELECT_CANAL_A			= 6BBA, L: MK1
SELECT_CANAL_B			= 6BC1, L: MK1
SELECT_CANAL_C			= 6BC8, L: MK1
SFX_H				= 6C11, L: MK1
SFX_L				= 6C0F, L: MK1
SFX_MIX				= 6C15, L: MK1
SFX_V				= 6C13, L: MK1
SIG_LINEA_2			= 7890, L: CPC_SHOWTILEMAP
SILENCIO_ENVOLVENTE		= 6A3E, L: MK1
SI_RUIDO			= 674D, L: MK1
SKIPALL				= 7A06, L: CPC_UPDSCR
SKIPALL				= 78FA, L: CPC_SHOWTOUCHEDTILES
SOLOCOPIA			= 780E, L: CPC_SHOWTILEMAP
SONG				= 6BD0, L: MK1
SONIDO0				= 63C4, L: MK1
SONIDO1				= 63CB, L: MK1
SONIDO2				= 63D2, L: MK1
SONIDO3				= 63D9, L: MK1
SONIDO_REGS			= 6C1C, L: MK1
SP_BUFFER_MASK			= 779B, L: CPC_PUTTRSP8X16TILEMAP2B
SP_BUFFER_MASK			= 7759, L: CPC_PUTTRSP4X8TILEMAP2B
START				= 0400, L: CPC_CRT0
TABLA_DATOS_CANAL_SFX		= 6BB4, L: MK1
TABLA_EFECTOS			= 6CBE, L: MK1
TABLA_NOTAS			= 6B53, L: MK1
TABLA_PAUTAS			= 633E, L: MK1
TABLA_SONG			= 6CBC, L: MK1
TABLA_SONIDOS			= 634A, L: MK1
TABLA_TECLAS0			= 762A, L: CPC_KEYSDATA
TECLA_0				= 7628, L: CPC_KEYSDATA
TECLA_PULSADA			= 7585, L: CPC_ANYKEYPRESSED
TEMPO				= 6BD1, L: MK1
TILEMAPCONF			= 0406, G: TILEMAPCONF
TILES				= 188B, G: MK1
TRANSFERIR_MAP_SBUFFER		= 7A40, L: CPC_UPDSCR
TRANSFERIR_MAP_SBUFFER		= 7863, L: CPC_SHOWTILEMAP
TRANSFERIR_PANTALLA_A_SUPERBUFFER	= 781B, L: CPC_SHOWTILEMAP
TRANSFERIR_SPRITE		= 7787, L: CPC_PUTTRSP8X16TILEMAP2B
TRANSFERIR_SPRITE		= 7745, L: CPC_PUTTRSP4X8TILEMAP2B
TRANSF_BLOQUE_SB_PANTALLA	= 791D, L: CPC_SHOWTOUCHEDTILES
TTEMPO				= 6BD2, L: MK1
UCOPYTILE			= 7A12, L: CPC_UPDSCR
VOL_INST_A			= 6BFA, L: MK1
VOL_INST_B			= 6BFC, L: MK1
VOL_INST_C			= 6BFE, L: MK1
VPCLIPSTRUCT			= 047E, L: MK1
WRITEPSGHL			= 6789, L: MK1
WYZPLAYER_INIT			= 665F, L: MK1
WYZ_PLAYER_ISR			= 6678, L: MK1
_00_TITLE_MUS_BIN		= 63E3, L: MK1
_01_INGAME_MUS_BIN		= 6468, L: MK1
_ABS				= 4366, G: MK1
_ACTIVE				= 74EB, G: MK1
_ADDSIGN			= 4856, G: MK1
_ADVANCE_WORM_NO_INC_Y		= 4ADD, L: MK1
_AMMO_OLD			= 751E, G: MK1
_ASM_INT			= 755F, G: MK1
_ASM_INT_2			= 7525, G: MK1
_ASM_NUMBER			= 7537, G: MK1
_AT1				= 753A, G: MK1
_AT2				= 753B, G: MK1
_ATTR				= 3FCE, G: MK1
_BEHS				= 2BA3, G: MK1
_BEHS0_1			= 3E95, G: MK1
_BLACKOUT			= 10E2, G: MK1
_BLACKOUT_AREA			= 41CA, G: MK1
_BLX				= 7542, G: MK1
_BLY				= 7543, G: MK1
_BREAK_WALL			= 437E, G: MK1
_BSPR_IT			= 74D1, G: MK1
_BULLETS_FIRE			= 4458, G: MK1
_BULLETS_INIT			= 43EE, G: MK1
_BULLETS_MOVE			= 44E2, G: MK1
_BULLETS_UPDATE			= 4419, G: MK1
_B_IT				= 7507, G: MK1
_CERROJOS			= 180B, G: MK1
_CLEAR_SPRITES			= 41D8, G: MK1
_CM_TWO_POINTS			= 42E0, G: MK1
_CM_TWO_POINTS_AT1_DO		= 42F1, L: MK1
_CM_TWO_POINTS_AT1_DONE		= 430B, L: MK1
_CM_TWO_POINTS_AT1_RESET	= 42EE, L: MK1
_CM_TWO_POINTS_AT2_DO		= 431F, L: MK1
_CM_TWO_POINTS_AT2_DONE		= 4339, L: MK1
_CM_TWO_POINTS_AT2_RESET	= 431C, L: MK1
_COLLIDE			= 427F, G: MK1
_COPY_KEYS_TO_EXTERN		= 6D26, L: MK1
_CORTINA			= 437D, G: MK1
_CPC_SCREEN_UPDATE_DONE		= 4278, L: MK1
_CPC_SCREEN_UPDATE_INV_LOOP	= 4218, L: MK1
_CPC_SCREEN_UPDATE_INV_RET	= 423A, L: MK1
_CPC_SCREEN_UPDATE_UPD_BUFFER	= 4241, L: MK1
_CPC_SCREEN_UPDATE_UPD_LOOP	= 4250, L: MK1
_CPC_SCREEN_UPDATE_UPD_RET	= 4273, L: MK1
_CPC_UPDATENOW			= 420C, G: MK1
_CX1				= 753D, G: MK1
_CX2				= 753E, G: MK1
_CY1				= 753F, G: MK1
_CY2				= 7540, G: MK1
_DECOS_BOMBS			= 3F92, G: MK1
_DECOS_COMPUTER			= 3F85, G: MK1
_DECOS_MOTO			= 3F9D, G: MK1
_DEF_KEYS			= 0466, G: MK1
_DEF_KEYS_JOY			= 048B, G: MK1
_DRAW_COLOURED_TILE		= 4062, G: MK1
_DRAW_COLOURED_TILE_GAMEAREA	= 40A9, G: MK1
_DRAW_DECORATIONS		= 40D7, G: MK1
_DRAW_DECORATIONS_LOOP		= 40DA, L: MK1
_DRAW_INVALIDATE_COLOURED_TILE_G= 40A2, G: MK1
_DRAW_OBJS			= 4185, G: MK1
_DRAW_SCR			= 4AE4, G: MK1
_DRAW_SCR_BACKGROUND		= 4A22, G: MK1
_DRAW_SCR_PACKED_ALT		= 4AA8, L: MK1
_DRAW_SCR_PACKED_ALT_SUBST	= 4AB7, L: MK1
_DRAW_SCR_PACKED_DONE		= 4A8C, L: MK1
_DRAW_SCR_PACKED_EXISTING	= 4A87, L: MK1
_DRAW_SCR_PACKED_NEW		= 4A72, L: MK1
_DRAW_SCR_PACKED_NOALT		= 4ABC, L: MK1
_EIJ_RAWV_SET			= 5C06, L: MK1
_EIJ_STATE_APPEARING		= 5C25, L: MK1
_EIJ_STATE_DONE			= 5CCC, L: MK1
_EIJ_STATE_IDLE			= 5BD1, L: MK1
_EIJ_STATE_MOVING		= 5C4F, L: MK1
_EIJ_STATE_MOVING_X		= 5C62, L: MK1
_EIJ_STATE_MOVING_X_LEFT	= 5C7E, L: MK1
_EIJ_STATE_MOVING_X_RIGHT	= 5C76, L: MK1
_EIJ_STATE_MOVING_X_SET		= 5C86, L: MK1
_EIJ_STATE_MOVING_Y		= 5C97, L: MK1
_EIJ_STATE_MOVING_Y_DOWN	= 5CAB, L: MK1
_EIJ_STATE_MOVING_Y_SET		= 5CBB, L: MK1
_EIJ_STATE_MOVING_Y_UP		= 5CB3, L: MK1
_EIJ_STATE_STILL_APPEARING	= 5C3E, L: MK1
_EIJ_STATE_STILL_IDLE		= 5C20, L: MK1
_ENEMS_HOTSPOTS0		= 3992, G: MK1
_ENEMS_HOTSPOTS1		= 3B4D, G: MK1
_ENEMS_HOTSPOTS2		= 3CDD, G: MK1
_ENEMS_KILL			= 58D6, G: MK1
_ENEMS_LM_CHANGE_AXIS_X		= 5A4A, L: MK1
_ENEMS_LM_CHANGE_AXIS_X_DONE	= 5A52, L: MK1
_ENEMS_LM_CHANGE_AXIS_Y		= 5A71, L: MK1
_ENEMS_LM_CHANGE_AXIS_Y_DONE	= 5A79, L: MK1
_ENEMS_LOAD			= 55C8, G: MK1
_ENEMS_MOVE			= 591E, G: MK1
_ENEMS_MOVE_UPDATE_FRAME_DONE	= 5D1D, L: MK1
_ENEMS_PURSUERS_INIT		= 55A2, G: MK1
_ENIT				= 7515, G: MK1
_ENOFFS				= 7506, G: MK1
_ENOFFSMASI			= 755A, G: MK1
_ENSPIT				= 7512, G: MK1
_ESPERA_ACTIVA			= 486F, G: MK1
_FLAGS				= 74E1, G: MK1
_FONT				= 188B, L: MK1
_F_0				= 7538, G: MK1
_F_1				= 7539, G: MK1
_GAME_ENDING			= 479A, G: MK1
_GAME_LOOP_DO			= 7041, L: MK1
_GAME_LOOP_INIT			= 6FC4, L: MK1
_GAME_OVER			= 47C2, G: MK1
_GEN_PT				= 74FE, G: MK1
_GPAUX				= 74EA, G: MK1
_GPC				= 7544, G: MK1
_GPCX				= 7519, G: MK1
_GPCY				= 751A, G: MK1
_GPD				= 7545, G: MK1
_GPEN_CX			= 74D2, G: MK1
_GPEN_CY			= 74D3, G: MK1
_GPEN_X				= 750C, G: MK1
_GPEN_Y				= 750D, G: MK1
_GPIT				= 751B, G: MK1
_GPJT				= 751D, G: MK1
_GPOX				= 7520, G: MK1
_GPT				= 7547, G: MK1
_GPX				= 754B, G: MK1
_GPXX				= 752B, G: MK1
_GPY				= 754C, G: MK1
_GPYY				= 7530, G: MK1
_HALF_LIFE			= 74DC, G: MK1
_HIT				= 7546, G: MK1
_HIT_H				= 74E6, G: MK1
_HIT_V				= 74E8, G: MK1
_HOTSPOTS			= 2B5B, G: MK1
_HOTSPOTS_DO			= 5FB0, G: MK1
_HOTSPOTS_SETUP_DO		= 4C0D, L: MK1
_HOTSPOTS_SETUP_DONE		= 4C47, L: MK1
_HOTSPOTS_SETUP_SET		= 4C3F, L: MK1
_HOTSPOTS_SETUP_SET_REFILL	= 4C3E, L: MK1
_HOTSPOT_DESTROY		= 74EE, G: MK1
_HOTSPOT_X			= 74DA, G: MK1
_HOTSPOT_Y			= 74DB, G: MK1
_INVALIDATE_TILE		= 407D, G: MK1
_INVALIDATE_VIEWPORT		= 4096, G: MK1
_ISR				= 6D51, L: MK1
_ISR_PLAYER_ON			= 74D0, G: MK1
_IS_RENDERING			= 755D, G: MK1
_ITJ				= 7552, G: MK1
_KEYS_OLD			= 7555, G: MK1
_KILLED_OLD			= 74E9, G: MK1
_LEVEL				= 74ED, G: MK1
_LEVELS				= 3EA7, G: MK1
_LEVEL_DATA			= 10F3, G: MK1
_LEVEL_NAMES			= 3FC8, G: MK1
_LEVEL_PAL			= 3FC2, G: MK1
_LEVEL_STR			= 0489, G: MK1
_LIFE_OLD			= 74FB, G: MK1
_LIMIT				= 4D7A, G: MK1
_MAIN				= 6D32, G: MK1
_MAINCOUNTER			= 7532, G: MK1
_MALOTES			= 288B, G: MK1
_MAPA				= 1103, G: MK1
_MAP_BOLTS0			= 3103, G: MK1
_MAP_BOLTS1			= 3583, G: MK1
_MAP_POINTER			= 74DD, G: MK1
_MONS_COL_SC_X			= 4C9A, G: MK1
_MONS_COL_SC_Y			= 4D0A, G: MK1
_MY_INKS			= 10E3, G: MK1
_MY_INKS_2			= 3FA2, G: MK1
_MY_INKS_3			= 3FB2, G: MK1
_N_PANT				= 7510, G: MK1
_OBJS_OLD			= 7531, G: MK1
_OPEN_LOCKS_DO			= 4C60, L: MK1
_OPEN_LOCKS_DONE		= 4C88, L: MK1
_OPEN_LOCKS_LOOP		= 4C4C, L: MK1
_ORIG_TILE			= 7567, G: MK1
_O_PANT				= 7513, G: MK1
_PAD0				= 750E, G: MK1
_PAL_SET			= 41D9, G: MK1
_PLAYER_CALC_BOUNDING_BOX	= 4E0A, G: MK1
_PLAYER_DEPLETE			= 5556, G: MK1
_PLAYER_INIT			= 4DB3, G: MK1
_PLAYER_KILL			= 5581, G: MK1
_PLAYER_MOVE			= 4E4B, G: MK1
_PLAYING			= 751F, G: MK1
_POSSEE				= 7566, G: MK1
_PREGOTTEN			= 74E5, G: MK1
_PREPARE_LEVEL			= 46A8, G: MK1
_PRINT_NUMBER2			= 413C, G: MK1
_PRINT_STR			= 419C, G: MK1
_PROCESS_TILE			= 4890, G: MK1
_PTGMX				= 7500, G: MK1
_PTGMY				= 7502, G: MK1
_PTX1				= 7533, G: MK1
_PTX2				= 7534, G: MK1
_PTY1				= 7535, G: MK1
_PTY2				= 7536, G: MK1
_P_AMMO				= 750B, G: MK1
_P_CONT_SALTO			= 7511, G: MK1
_P_CT_ESTADO			= 74EC, G: MK1
_P_DISPARANDO			= 756B, G: MK1
_P_ESTADO			= 7508, G: MK1
_P_FACING			= 74E3, G: MK1
_P_FACING_H			= 7561, G: MK1
_P_FACING_V			= 7564, G: MK1
_P_FRAME			= 74E4, G: MK1
_P_FUEL				= 7516, G: MK1
_P_GOTTEN			= 7518, G: MK1
_P_KEYS				= 751C, G: MK1
_P_KILLED			= 750A, G: MK1
_P_KILLME			= 750F, G: MK1
_P_KILL_AMT			= 74E7, G: MK1
_P_LIFE				= 7514, G: MK1
_P_OBJS				= 7517, G: MK1
_P_SALTANDO			= 7565, G: MK1
_P_SUBFRAME			= 7541, G: MK1
_P_TX				= 7523, G: MK1
_P_TY				= 7524, G: MK1
_P_VX				= 7527, G: MK1
_P_VY				= 7529, G: MK1
_P_X				= 754D, G: MK1
_P_Y				= 754F, G: MK1
_QTILE				= 401E, G: MK1
_RAM_ADDRESS			= 756E, G: MK1
_RAM_DESTINATION		= 7569, G: MK1
_RAND				= 433D, G: MK1
_RDA				= 7548, G: MK1
_RDB				= 7549, G: MK1
_RDC				= 754A, G: MK1
_RDD				= 7551, G: MK1
_RDN				= 7554, G: MK1
_RDT				= 7556, G: MK1
_RDX				= 7557, G: MK1
_RDY				= 7558, G: MK1
_SEED				= 7521, G: MK1
_SKIP_WYZ			= 6D72, L: MK1
_SLEVEL				= 755E, G: MK1
_SM_COX				= 3ECE, G: MK1
_SM_COY				= 3EE0, G: MK1
_SM_INVFUNC			= 3EF2, G: MK1
_SM_SPRPTR			= 3F3A, G: MK1
_SM_UPDFUNC			= 3F16, G: MK1
_SPACER				= 0486, G: MK1
_SPRITES			= 2BD3, G: MK1
_SPRITE_17_A			= 3053, G: MK1
_SPRITE_18_A			= 3093, G: MK1
_SPRITE_19_A			= 30F3, G: MK1
_SUCCESS			= 7568, G: MK1
_S_ENDING			= 094C, G: MK1
_S_MARCO			= 094C, G: MK1
_S_TITLE			= 0555, G: MK1
_TILESET			= 188B, G: MK1
_TITLE_SCREEN			= 6CDC, G: MK1
_TOCADO				= 755C, G: MK1
_TRPIXLUTC			= 3F5E, G: MK1
_TSPATTERNS			= 1C8B, G: MK1
_UNPACK				= 053A, G: MK1
_UPDATE_TILE			= 410B, G: MK1
_UTAUX				= 410A, G: MK1
_WALL_H				= 7559, G: MK1
_WALL_V				= 755B, G: MK1
_WARP_TO_LEVEL			= 0488, G: MK1
_WYZ_INIT			= 661B, G: MK1
_WYZ_PLAY_MUSIC			= 6626, G: MK1
_WYZ_PLAY_SOUND			= 664E, G: MK1
_WYZ_SONGS			= 6617, G: MK1
_WYZ_STOP_SOUND			= 6657, G: MK1
_X0				= 74EF, G: MK1
_X1				= 74F1, G: MK1
_Y0				= 74F0, G: MK1
_Y1				= 74F2, G: MK1
_ZONE_CLEAR			= 480C, G: MK1
__BADDIES_POINTER		= 7562, G: MK1
__BMXO				= 4450, G: MK1
__BMYO				= 4454, G: MK1
__BXO				= 4448, G: MK1
__BYO				= 444C, G: MK1
__B_ESTADO			= 7509, G: MK1
__B_MX				= 756C, G: MK1
__B_MY				= 756D, G: MK1
__B_X				= 7504, G: MK1
__B_Y				= 7505, G: MK1
__EN_AN_VX			= 74F7, G: MK1
__EN_AN_VY			= 74F9, G: MK1
__EN_AN_X			= 752C, G: MK1
__EN_AN_Y			= 752E, G: MK1
__EN_CX				= 74D8, G: MK1
__EN_CY				= 74D9, G: MK1
__EN_LIFE			= 753C, G: MK1
__EN_MX				= 74DF, G: MK1
__EN_MY				= 74E0, G: MK1
__EN_T				= 74CD, G: MK1
__EN_X				= 74CE, G: MK1
__EN_X1				= 74D4, G: MK1
__EN_X2				= 74D5, G: MK1
__EN_Y				= 74CF, G: MK1
__EN_Y1				= 74D6, G: MK1
__EN_Y2				= 74D7, G: MK1
__GP_GEN			= 74FC, G: MK1
__N				= 74F3, G: MK1
__T				= 74F4, G: MK1
__TILE_ADDRESS			= 404A, G: MK1
__X				= 74F5, G: MK1
__Y				= 74F6, G: MK1


START				= 0400, L: CPC_CRT0
TILEMAPCONF			= 0406, G: TILEMAPCONF
POSICIONES_PANTALLA		= 0406, G: TILEMAPCONF
POSICIONES_SUPER_BUFFER		= 0436, G: TILEMAPCONF
_DEF_KEYS			= 0466, G: MK1
VPCLIPSTRUCT			= 047E, L: MK1
FSCLIPSTRUCT			= 0482, L: MK1
_SPACER				= 0486, G: MK1
_WARP_TO_LEVEL			= 0488, G: MK1
_LEVEL_STR			= 0489, G: MK1
_DEF_KEYS_JOY			= 048B, G: MK1
DEPACK				= 0497, L: MK1
APBRANCH1			= 049A, L: MK1
APLOOP0				= 049C, L: MK1
APLOOP				= 049F, L: MK1
APGET4BITS			= 04B2, L: MK1
APWRITEBYTE			= 04BC, L: MK1
APBRANCH4			= 04C0, L: MK1
APBRANCH3			= 04C9, L: MK1
APBRANCH2			= 04DD, L: MK1
APSKIP2				= 04FC, L: MK1
APSKIP3				= 0505, L: MK1
AP_FINISHUP			= 0508, L: MK1
AP_FINISHUP2			= 050B, L: MK1
AP_R0_GAMMA			= 0512, L: MK1
AP_GETBIT			= 051E, L: MK1
AP_GETGAMMA			= 052A, L: MK1
AP_GETGAMMALOOP			= 052D, L: MK1
_UNPACK				= 053A, G: MK1
_S_TITLE			= 0555, G: MK1
_S_MARCO			= 094C, G: MK1
_S_ENDING			= 094C, G: MK1
_BLACKOUT			= 10E2, G: MK1
_MY_INKS			= 10E3, G: MK1
_LEVEL_DATA			= 10F3, G: MK1
_MAPA				= 1103, G: MK1
_CERROJOS			= 180B, G: MK1
_TILESET			= 188B, G: MK1
_FONT				= 188B, L: MK1
TILES				= 188B, G: MK1
_TSPATTERNS			= 1C8B, G: MK1
_MALOTES			= 288B, G: MK1
_HOTSPOTS			= 2B5B, G: MK1
_BEHS				= 2BA3, G: MK1
_SPRITES			= 2BD3, G: MK1
_SPRITE_17_A			= 3053, G: MK1
_SPRITE_18_A			= 3093, G: MK1
_SPRITE_19_A			= 30F3, G: MK1
_MAP_BOLTS0			= 3103, G: MK1
_MAP_BOLTS1			= 3583, G: MK1
_ENEMS_HOTSPOTS0		= 3992, G: MK1
_ENEMS_HOTSPOTS1		= 3B4D, G: MK1
_ENEMS_HOTSPOTS2		= 3CDD, G: MK1
_BEHS0_1			= 3E95, G: MK1
_LEVELS				= 3EA7, G: MK1
_SM_COX				= 3ECE, G: MK1
_SM_COY				= 3EE0, G: MK1
_SM_INVFUNC			= 3EF2, G: MK1
_SM_UPDFUNC			= 3F16, G: MK1
_SM_SPRPTR			= 3F3A, G: MK1
_TRPIXLUTC			= 3F5E, G: MK1
_DECOS_COMPUTER			= 3F85, G: MK1
_DECOS_BOMBS			= 3F92, G: MK1
_DECOS_MOTO			= 3F9D, G: MK1
_MY_INKS_2			= 3FA2, G: MK1
_MY_INKS_3			= 3FB2, G: MK1
_LEVEL_PAL			= 3FC2, G: MK1
_LEVEL_NAMES			= 3FC8, G: MK1
_ATTR				= 3FCE, G: MK1
I_21				= 3FEE, L: MK1
I_20				= 3FF2, L: MK1
_QTILE				= 401E, G: MK1
__TILE_ADDRESS			= 404A, G: MK1
_DRAW_COLOURED_TILE		= 4062, G: MK1
_INVALIDATE_TILE		= 407D, G: MK1
_INVALIDATE_VIEWPORT		= 4096, G: MK1
_DRAW_INVALIDATE_COLOURED_TILE_G= 40A2, G: MK1
_DRAW_COLOURED_TILE_GAMEAREA	= 40A9, G: MK1
_DRAW_DECORATIONS		= 40D7, G: MK1
_DRAW_DECORATIONS_LOOP		= 40DA, L: MK1
_UTAUX				= 410A, G: MK1
_UPDATE_TILE			= 410B, G: MK1
_PRINT_NUMBER2			= 413C, G: MK1
_DRAW_OBJS			= 4185, G: MK1
_PRINT_STR			= 419C, G: MK1
PRINT_STR_LOOP			= 41A6, L: MK1
PRINT_STR_INV			= 41B8, L: MK1
_BLACKOUT_AREA			= 41CA, G: MK1
_CLEAR_SPRITES			= 41D8, G: MK1
_PAL_SET			= 41D9, G: MK1
I_24				= 41E0, L: MK1
I_25				= 420B, L: MK1
_CPC_UPDATENOW			= 420C, G: MK1
_CPC_SCREEN_UPDATE_INV_LOOP	= 4218, L: MK1
_CPC_SCREEN_UPDATE_INV_RET	= 423A, L: MK1
_CPC_SCREEN_UPDATE_UPD_BUFFER	= 4241, L: MK1
I_26				= 4241, L: MK1
_CPC_SCREEN_UPDATE_UPD_LOOP	= 4250, L: MK1
_CPC_SCREEN_UPDATE_UPD_RET	= 4273, L: MK1
_CPC_SCREEN_UPDATE_DONE		= 4278, L: MK1
I_27				= 4278, L: MK1
_COLLIDE			= 427F, G: MK1
I_28				= 42DA, L: MK1
I_29				= 42DD, L: MK1
_CM_TWO_POINTS			= 42E0, G: MK1
_CM_TWO_POINTS_AT1_RESET	= 42EE, L: MK1
_CM_TWO_POINTS_AT1_DO		= 42F1, L: MK1
_CM_TWO_POINTS_AT1_DONE		= 430B, L: MK1
_CM_TWO_POINTS_AT2_RESET	= 431C, L: MK1
_CM_TWO_POINTS_AT2_DO		= 431F, L: MK1
_CM_TWO_POINTS_AT2_DONE		= 4339, L: MK1
_RAND				= 433D, G: MK1
RAND16				= 433D, L: MK1
NEXTRAND			= 4359, L: MK1
_ABS				= 4366, G: MK1
I_30				= 4377, L: MK1
I_31				= 437C, L: MK1
_CORTINA			= 437D, G: MK1
_BREAK_WALL			= 437E, G: MK1
I_32				= 43CF, L: MK1
I_33				= 43E5, L: MK1
_BULLETS_INIT			= 43EE, G: MK1
I_34				= 43F5, L: MK1
I_35				= 4418, L: MK1
_BULLETS_UPDATE			= 4419, G: MK1
__BXO				= 4448, G: MK1
__BYO				= 444C, G: MK1
__BMXO				= 4450, G: MK1
__BMYO				= 4454, G: MK1
_BULLETS_FIRE			= 4458, G: MK1
I_40				= 4464, L: MK1
I_41				= 446E, L: MK1
I_43				= 4478, L: MK1
I_44				= 44DE, L: MK1
I_42				= 44E1, L: MK1
_BULLETS_MOVE			= 44E2, G: MK1
I_45				= 44F1, L: MK1
I_47				= 44F6, L: MK1
I_49				= 4569, L: MK1
I_50				= 4569, L: MK1
I_51				= 4597, L: MK1
I_52				= 4597, L: MK1
I_53				= 45DF, L: MK1
I_54				= 45F1, L: MK1
I_55				= 4654, L: MK1
I_48				= 465A, L: MK1
I_56				= 469A, L: MK1
I_46				= 46A7, L: MK1
_PREPARE_LEVEL			= 46A8, G: MK1
I_57				= 4799, L: MK1
_GAME_ENDING			= 479A, G: MK1
_GAME_OVER			= 47C2, G: MK1
_ZONE_CLEAR			= 480C, G: MK1
_ADDSIGN			= 4856, G: MK1
I_58				= 4866, L: MK1
I_59				= 486E, L: MK1
_ESPERA_ACTIVA			= 486F, G: MK1
I_60				= 486F, L: MK1
I_61				= 4877, L: MK1
I_64				= 4877, L: MK1
I_65				= 4885, L: MK1
I_62				= 4885, L: MK1
I_63				= 488F, L: MK1
_PROCESS_TILE			= 4890, G: MK1
I_68				= 48E9, L: MK1
I_69_I_68			= 48EC, L: MK1
I_67				= 4955, L: MK1
I_66				= 4955, L: MK1
I_71				= 4975, L: MK1
I_72_I_71			= 4978, L: MK1
I_73				= 4982, L: MK1
I_75				= 498C, L: MK1
I_77				= 49D5, L: MK1
I_78_I_77			= 49D8, L: MK1
I_76				= 49F0, L: MK1
I_74				= 49F3, L: MK1
I_70				= 4A21, L: MK1
_DRAW_SCR_BACKGROUND		= 4A22, G: MK1
I_79				= 4A52, L: MK1
I_81				= 4A5C, L: MK1
_DRAW_SCR_PACKED_NEW		= 4A72, L: MK1
_DRAW_SCR_PACKED_EXISTING	= 4A87, L: MK1
_DRAW_SCR_PACKED_DONE		= 4A8C, L: MK1
_DRAW_SCR_PACKED_ALT		= 4AA8, L: MK1
_DRAW_SCR_PACKED_ALT_SUBST	= 4AB7, L: MK1
_DRAW_SCR_PACKED_NOALT		= 4ABC, L: MK1
_ADVANCE_WORM_NO_INC_Y		= 4ADD, L: MK1
I_80				= 4AE3, L: MK1
_DRAW_SCR			= 4AE4, G: MK1
I_82				= 4B04, L: MK1
I_85				= 4B16, L: MK1
I_86_I_85			= 4B19, L: MK1
I_84				= 4B22, L: MK1
I_87				= 4B28, L: MK1
I_83				= 4B28, L: MK1
I_89				= 4B5F, L: MK1
I_90				= 4B79, L: MK1
I_88				= 4B79, L: MK1
I_93				= 4B91, L: MK1
I_92				= 4B93, L: MK1
I_95_I_92			= 4B96, L: MK1
I_91				= 4BA9, L: MK1
I_96				= 4BB0, L: MK1
I_98				= 4BBE, L: MK1
I_99_I_98			= 4BC1, L: MK1
I_97				= 4BDB, L: MK1
_HOTSPOTS_SETUP_DO		= 4C0D, L: MK1
_HOTSPOTS_SETUP_SET_REFILL	= 4C3E, L: MK1
_HOTSPOTS_SETUP_SET		= 4C3F, L: MK1
_HOTSPOTS_SETUP_DONE		= 4C47, L: MK1
_OPEN_LOCKS_LOOP		= 4C4C, L: MK1
_OPEN_LOCKS_DO			= 4C60, L: MK1
_OPEN_LOCKS_DONE		= 4C88, L: MK1
_MONS_COL_SC_X			= 4C9A, G: MK1
I_100				= 4CB6, L: MK1
I_101				= 4CBB, L: MK1
I_102				= 4D04, L: MK1
I_103				= 4D07, L: MK1
_MONS_COL_SC_Y			= 4D0A, G: MK1
I_104				= 4D26, L: MK1
I_105				= 4D2B, L: MK1
I_106				= 4D74, L: MK1
I_107				= 4D77, L: MK1
_LIMIT				= 4D7A, G: MK1
I_108				= 4D94, L: MK1
I_109				= 4DAC, L: MK1
_PLAYER_INIT			= 4DB3, G: MK1
_PLAYER_CALC_BOUNDING_BOX	= 4E0A, G: MK1
_PLAYER_MOVE			= 4E4B, G: MK1
I_111				= 4E63, L: MK1
I_112				= 4E66, L: MK1
I_114				= 4E97, L: MK1
I_113				= 4E9A, L: MK1
I_116				= 4EBB, L: MK1
I_117				= 4EBB, L: MK1
I_115				= 4EBB, L: MK1
I_110				= 4EBB, L: MK1
I_118				= 4EE2, L: MK1
I_119				= 4EE2, L: MK1
I_120				= 4F09, L: MK1
I_121				= 4F09, L: MK1
I_122				= 4F1F, L: MK1
I_123				= 4F32, L: MK1
I_126				= 4F7E, L: MK1
I_124				= 4FAC, L: MK1
I_125				= 4FAC, L: MK1
I_130				= 4FD9, L: MK1
I_129				= 5003, L: MK1
I_128				= 5003, L: MK1
I_133				= 5020, L: MK1
I_134				= 5023, L: MK1
I_132				= 5029, L: MK1
I_136				= 505F, L: MK1
I_137				= 5062, L: MK1
I_139				= 508E, L: MK1
I_138				= 5091, L: MK1
I_142				= 50B2, L: MK1
I_140				= 50B2, L: MK1
I_141				= 50B2, L: MK1
I_135				= 50B9, L: MK1
I_144				= 50E0, L: MK1
I_143				= 50E0, L: MK1
I_146				= 5107, L: MK1
I_145				= 5107, L: MK1
I_147				= 511D, L: MK1
I_148				= 5130, L: MK1
I_151				= 5182, L: MK1
I_150				= 51B3, L: MK1
I_154				= 51C8, L: MK1
I_155				= 51CB, L: MK1
I_153				= 51D1, L: MK1
I_149				= 51D1, L: MK1
I_158				= 51FE, L: MK1
I_157				= 522E, L: MK1
I_161				= 5243, L: MK1
I_162				= 5246, L: MK1
I_160				= 524C, L: MK1
I_156				= 524C, L: MK1
I_163				= 5260, L: MK1
I_164				= 5271, L: MK1
I_165				= 5271, L: MK1
I_166				= 52BE, L: MK1
I_168				= 5314, L: MK1
I_167				= 5317, L: MK1
I_171				= 536D, L: MK1
I_170				= 5370, L: MK1
I_174				= 53C3, L: MK1
I_173				= 53C6, L: MK1
I_172				= 541A, L: MK1
I_176				= 541A, L: MK1
I_177				= 541A, L: MK1
I_175				= 541A, L: MK1
I_169				= 541A, L: MK1
I_179				= 542C, L: MK1
I_180_I_179			= 542F, L: MK1
I_178				= 5439, L: MK1
I_181				= 544B, L: MK1
I_182				= 5472, L: MK1
I_184				= 5491, L: MK1
I_183				= 5491, L: MK1
I_186				= 54A6, L: MK1
I_185				= 54A6, L: MK1
I_188				= 54B8, L: MK1
I_189				= 54BB, L: MK1
I_190				= 54E5, L: MK1
I_187				= 54E5, L: MK1
I_192				= 5548, L: MK1
I_193_I_192			= 554B, L: MK1
I_191				= 5555, L: MK1
_PLAYER_DEPLETE			= 5556, G: MK1
I_194				= 5577, L: MK1
I_195				= 557A, L: MK1
_PLAYER_KILL			= 5581, G: MK1
_ENEMS_PURSUERS_INIT		= 55A2, G: MK1
_ENEMS_LOAD			= 55C8, G: MK1
I_196				= 55DF, L: MK1
I_198				= 55E9, L: MK1
I_199				= 5676, L: MK1
I_203				= 56B3, L: MK1
I_204				= 56D5, L: MK1
I_206				= 56D5, L: MK1
I_207				= 56D5, L: MK1
I_205				= 56D5, L: MK1
I_208				= 5703, L: MK1
I_209				= 57A5, L: MK1
I_210				= 57AB, L: MK1
I_202				= 57B9, L: MK1
I_200				= 57BC, L: MK1
I_211				= 57C7, L: MK1
I_212				= 58A4, L: MK1
I_213				= 58B7, L: MK1
I_214				= 58D2, L: MK1
I_197				= 58D5, L: MK1
_ENEMS_KILL			= 58D6, G: MK1
I_215				= 58FA, L: MK1
I_216				= 591D, L: MK1
_ENEMS_MOVE			= 591E, G: MK1
I_217				= 593A, L: MK1
I_219				= 593F, L: MK1
I_221				= 59FF, L: MK1
I_220				= 59FF, L: MK1
I_224				= 5A04, L: MK1
I_228				= 5A26, L: MK1
I_226				= 5A26, L: MK1
I_227				= 5A26, L: MK1
I_225				= 5A26, L: MK1
_ENEMS_LM_CHANGE_AXIS_X		= 5A4A, L: MK1
_ENEMS_LM_CHANGE_AXIS_X_DONE	= 5A52, L: MK1
_ENEMS_LM_CHANGE_AXIS_Y		= 5A71, L: MK1
_ENEMS_LM_CHANGE_AXIS_Y_DONE	= 5A79, L: MK1
I_229				= 5A7C, L: MK1
I_230				= 5BBC, L: MK1
_EIJ_STATE_IDLE			= 5BD1, L: MK1
_EIJ_RAWV_SET			= 5C06, L: MK1
_EIJ_STATE_STILL_IDLE		= 5C20, L: MK1
_EIJ_STATE_APPEARING		= 5C25, L: MK1
_EIJ_STATE_STILL_APPEARING	= 5C3E, L: MK1
_EIJ_STATE_MOVING		= 5C4F, L: MK1
_EIJ_STATE_MOVING_X		= 5C62, L: MK1
_EIJ_STATE_MOVING_X_RIGHT	= 5C76, L: MK1
_EIJ_STATE_MOVING_X_LEFT	= 5C7E, L: MK1
_EIJ_STATE_MOVING_X_SET		= 5C86, L: MK1
_EIJ_STATE_MOVING_Y		= 5C97, L: MK1
_EIJ_STATE_MOVING_Y_DOWN	= 5CAB, L: MK1
_EIJ_STATE_MOVING_Y_UP		= 5CB3, L: MK1
_EIJ_STATE_MOVING_Y_SET		= 5CBB, L: MK1
_EIJ_STATE_DONE			= 5CCC, L: MK1
I_223				= 5CCC, L: MK1
_ENEMS_MOVE_UPDATE_FRAME_DONE	= 5D1D, L: MK1
I_232				= 5D1D, L: MK1
I_234				= 5D43, L: MK1
I_235_I_234			= 5D46, L: MK1
I_236				= 5D52, L: MK1
I_233				= 5D52, L: MK1
I_237_UGE			= 5D5C, L: MK1
I_238				= 5D66, L: MK1
I_240				= 5D6B, L: MK1
I_243				= 5DF8, L: MK1
I_244_I_243			= 5DFB, L: MK1
I_245				= 5E36, L: MK1
I_246				= 5E98, L: MK1
I_242				= 5E9E, L: MK1
I_241				= 5E9E, L: MK1
I_239				= 5EA1, L: MK1
I_237				= 5EA1, L: MK1
I_231				= 5EA1, L: MK1
I_247				= 5F62, L: MK1
I_248				= 5F78, L: MK1
I_218				= 5FAF, L: MK1
_HOTSPOTS_DO			= 5FB0, G: MK1
I_249				= 5FC8, L: MK1
I_253				= 5FF7, L: MK1
I_254				= 600F, L: MK1
I_255				= 601F, L: MK1
I_256				= 602D, L: MK1
I_257				= 604B, L: MK1
I_258				= 6054, L: MK1
I_259				= 607C, L: MK1
I_260				= 6083, L: MK1
I_252				= 6089, L: MK1
I_261				= 60D6, L: MK1
I_250				= 60D6, L: MK1
EFECTO0				= 60D7, L: MK1
EFECTO1				= 617A, L: MK1
EFECTO2				= 618A, L: MK1
EFECTO3				= 61A9, L: MK1
EFECTO4				= 61B9, L: MK1
EFECTO5				= 61F6, L: MK1
EFECTO6				= 6215, L: MK1
EFECTO7				= 6234, L: MK1
EFECTO8				= 6244, L: MK1
EFECTO9				= 6263, L: MK1
EFECTO10			= 6273, L: MK1
EFECTO11			= 6292, L: MK1
EFECTO12			= 6302, L: MK1
EFECTO13			= 631E, L: MK1
EFECTO14			= 632E, L: MK1
TABLA_PAUTAS			= 633E, L: MK1
TABLA_SONIDOS			= 634A, L: MK1
PAUTA_0				= 6352, L: MK1
PAUTA_1				= 635D, L: MK1
PAUTA_2				= 6370, L: MK1
PAUTA_3				= 6385, L: MK1
PAUTA_4				= 63AC, L: MK1
PAUTA_5				= 63B7, L: MK1
SONIDO0				= 63C4, L: MK1
SONIDO1				= 63CB, L: MK1
SONIDO2				= 63D2, L: MK1
SONIDO3				= 63D9, L: MK1
_00_TITLE_MUS_BIN		= 63E3, L: MK1
_01_INGAME_MUS_BIN		= 6468, L: MK1
_WYZ_SONGS			= 6617, G: MK1
_WYZ_INIT			= 661B, G: MK1
_WYZ_PLAY_MUSIC			= 6626, G: MK1
_WYZ_PLAY_SOUND			= 664E, G: MK1
_WYZ_STOP_SOUND			= 6657, G: MK1
WYZPLAYER_INIT			= 665F, L: MK1
WYZ_PLAYER_ISR			= 6678, L: MK1
INICIO				= 6678, L: MK1
INICIA_SONIDO			= 668F, L: MK1
INICIA_EFECTO			= 669F, L: MK1
REPRODUCE_SONIDO		= 66BA, L: MK1
REPRODUCE_SONIDO_LIMPIA_BIT	= 66D3, L: MK1
REPRODUCE_EFECTO		= 66D9, L: MK1
REPRODUCE_EFECTO_LIMPIA_BIT	= 66F2, L: MK1
REPRODUCE_SONIDO_O_EFECTO	= 66F8, L: MK1
NO_ENVOLVENTES_SONIDO		= 673A, L: MK1
NO_RUIDO			= 6747, L: MK1
SI_RUIDO			= 674D, L: MK1
FIN_SONIDO			= 6754, L: MK1
FIN_NOPLAYER			= 675D, L: MK1
ROUT				= 6764, L: MK1
NO_BACKUP_ENVOLVENTE		= 676E, L: MK1
LOUT				= 6771, L: MK1
WRITEPSGHL			= 6789, L: MK1
PLAYER_OFF			= 67A0, L: MK1
CLEAR_PSG_BUFFER		= 67A4, L: MK1
CARGA_CANCION			= 67C3, L: MK1
DECODE_SONG			= 67CC, L: MK1
NPTJP0				= 67E8, L: MK1
INIT_DECODER			= 6834, L: MK1
BGICMODBC1			= 6879, L: MK1
BGICMODBC2			= 687B, L: MK1
DECODE_CANAL			= 6893, L: MK1
NO_SILENCIO			= 68A2, L: MK1
NO_PUNTILLO			= 68AC, L: MK1
NO_INSTRUMENTO			= 68BF, L: MK1
NO_ENVOLVENTE			= 68CC, L: MK1
NO_MODIFICA			= 68D9, L: MK1
FIN_DEC_CANAL			= 68E4, L: MK1
GETLEN				= 68E9, L: MK1
DCBC0				= 68F6, L: MK1
PLAY				= 68FC, L: MK1
PAUTAS				= 693F, L: MK1
LOCALIZA_NOTA			= 6969, L: MK1
COMANDOS			= 6976, L: MK1
NO_DEC_TEMPO			= 6988, L: MK1
NO_INC_TEMPO			= 698D, L: MK1
COM_EFECTO			= 69BB, L: MK1
COM_ENVOLVENTE			= 69CB, L: MK1
LNJP0				= 69E0, L: MK1
FIN_NOTA_A			= 69EA, L: MK1
FIN_CANAL_A			= 6A0A, L: MK1
FCA_CONT			= 6A15, L: MK1
NO_FIN_CANAL_A			= 6A23, L: MK1
SILENCIO_ENVOLVENTE		= 6A3E, L: MK1
NO_SILENCIO_A			= 6A51, L: MK1
FIN_RUTINA			= 6A63, L: MK1
LOCALIZA_EFECTO			= 6A64, L: MK1
LEJP0				= 6A7B, L: MK1
FIN_NOTA_P			= 6A84, L: MK1
FIN_CANAL_P			= 6A9C, L: MK1
NO_FIN_CANAL_P			= 6AA4, L: MK1
PAUTA				= 6AAB, L: MK1
PCAJP4				= 6AB7, L: MK1
PCAJP0				= 6ACB, L: MK1
PCAJP1				= 6AE2, L: MK1
PCAJP2				= 6AF7, L: MK1
ORNNEG				= 6B17, L: MK1
PCAJP3				= 6B19, L: MK1
PCAJP6				= 6B29, L: MK1
ORNMJP1				= 6B35, L: MK1
PCAJP5				= 6B3D, L: MK1
PCAJP7				= 6B47, L: MK1
NOTA				= 6B4B, L: MK1
TABLA_NOTAS			= 6B53, L: MK1
EVOLVENTES			= 6B60, L: MK1
FRECUENCIA_OFF			= 6B7A, L: MK1
CONT_ENV			= 6B83, L: MK1
CRTBC0				= 6B8D, L: MK1
EXT_WORD			= 6BAB, L: MK1
TABLA_DATOS_CANAL_SFX		= 6BB4, L: MK1
SELECT_CANAL_A			= 6BBA, L: MK1
SELECT_CANAL_B			= 6BC1, L: MK1
SELECT_CANAL_C			= 6BC8, L: MK1
INTERR				= 6BCF, L: MK1
SONG				= 6BD0, L: MK1
TEMPO				= 6BD1, L: MK1
TTEMPO				= 6BD2, L: MK1
PUNTERO_A			= 6BD3, L: MK1
PUNTERO_B			= 6BD5, L: MK1
PUNTERO_C			= 6BD7, L: MK1
CANAL_A				= 6BD9, L: MK1
CANAL_B				= 6BDB, L: MK1
CANAL_C				= 6BDD, L: MK1
PUNTERO_P_A			= 6BDF, L: MK1
PUNTERO_P_B			= 6BE1, L: MK1
PUNTERO_P_C			= 6BE3, L: MK1
PUNTERO_P_A0			= 6BE5, L: MK1
PUNTERO_P_B0			= 6BE7, L: MK1
PUNTERO_P_C0			= 6BE9, L: MK1
PUNTERO_P_DECA			= 6BEB, L: MK1
PUNTERO_P_DECB			= 6BED, L: MK1
PUNTERO_P_DECC			= 6BEF, L: MK1
PUNTERO_DECA			= 6BF1, L: MK1
PUNTERO_DECB			= 6BF3, L: MK1
PUNTERO_DECC			= 6BF5, L: MK1
PUNTERO_EFECTO			= 6BF7, L: MK1
REG_NOTA_A			= 6BF9, L: MK1
VOL_INST_A			= 6BFA, L: MK1
REG_NOTA_B			= 6BFB, L: MK1
VOL_INST_B			= 6BFC, L: MK1
REG_NOTA_C			= 6BFD, L: MK1
VOL_INST_C			= 6BFE, L: MK1
PUNTERO_L_DECA			= 6BFF, L: MK1
PUNTERO_L_DECB			= 6C01, L: MK1
PUNTERO_L_DECC			= 6C03, L: MK1
PUNTERO_P			= 6C05, L: MK1
CANAL_P				= 6C07, L: MK1
PUNTERO_P_DECP			= 6C09, L: MK1
PUNTERO_DECP			= 6C0B, L: MK1
PUNTERO_L_DECP			= 6C0D, L: MK1
SFX_L				= 6C0F, L: MK1
SFX_H				= 6C11, L: MK1
SFX_V				= 6C13, L: MK1
SFX_MIX				= 6C15, L: MK1
N_SONIDO			= 6C17, L: MK1
PUNTERO_SONIDO			= 6C18, L: MK1
EFECTO_REGS			= 6C1A, L: MK1
SONIDO_REGS			= 6C1C, L: MK1
PSG_REG				= 6C1E, L: MK1
PSG_REG_SEC			= 6C2E, L: MK1
ENVOLVENTE			= 6C3E, L: MK1
ENVOLVENTE_BACK			= 6C3F, L: MK1
DATOS_NOTAS			= 6C40, L: MK1
TABLA_SONG			= 6CBC, L: MK1
TABLA_EFECTOS			= 6CBE, L: MK1
_TITLE_SCREEN			= 6CDC, G: MK1
I_262				= 6CF8, L: MK1
I_264				= 6D0C, L: MK1
I_265				= 6D20, L: MK1
I_263				= 6D23, L: MK1
_COPY_KEYS_TO_EXTERN		= 6D26, L: MK1
_MAIN				= 6D32, G: MK1
_ISR				= 6D51, L: MK1
_SKIP_WYZ			= 6D72, L: MK1
ISR_C1				= 6D78, L: MK1
ISR_DONE			= 6D79, L: MK1
I_266				= 6E09, L: MK1
I_268				= 6E0E, L: MK1
I_267				= 6E50, L: MK1
I_269				= 6E5A, L: MK1
I_271				= 6E5F, L: MK1
I_270				= 6EEC, L: MK1
I_272				= 6EF6, L: MK1
I_274				= 6F00, L: MK1
I_273				= 6F46, L: MK1
I_275				= 6F47, L: MK1
I_277				= 6F58, L: MK1
_GAME_LOOP_INIT			= 6FC4, L: MK1
I_279				= 7039, L: MK1
_GAME_LOOP_DO			= 7041, L: MK1
I_281				= 705F, L: MK1
I_282				= 7078, L: MK1
I_283				= 70A4, L: MK1
I_284				= 70D0, L: MK1
I_285				= 70FC, L: MK1
I_286				= 7129, L: MK1
I_287				= 7144, L: MK1
I_289				= 715F, L: MK1
I_288				= 715F, L: MK1
I_291				= 7186, L: MK1
I_292_I_291			= 7189, L: MK1
I_290				= 71A8, L: MK1
I_294				= 71BC, L: MK1
I_295_I_294			= 71BF, L: MK1
I_296				= 7208, L: MK1
I_297				= 7208, L: MK1
I_293				= 7208, L: MK1
I_298				= 7217, L: MK1
I_299				= 7225, L: MK1
I_301				= 7247, L: MK1
I_302_I_301			= 724A, L: MK1
I_303				= 725F, L: MK1
I_305				= 7269, L: MK1
I_304				= 72C7, L: MK1
I_300				= 72DF, L: MK1
I_308_UGE			= 72FB, L: MK1
I_308				= 7305, L: MK1
I_309_I_308			= 7308, L: MK1
I_307				= 7333, L: MK1
I_306				= 7333, L: MK1
I_280				= 7336, L: MK1
I_311				= 736D, L: MK1
I_312				= 7382, L: MK1
I_310				= 7385, L: MK1
I_313				= 738E, L: MK1
I_278				= 7391, L: MK1
I_276				= 739F, L: MK1
I_1				= 73A0, L: MK1
__EN_T				= 74CD, G: MK1
__EN_X				= 74CE, G: MK1
__EN_Y				= 74CF, G: MK1
_ISR_PLAYER_ON			= 74D0, G: MK1
_BSPR_IT			= 74D1, G: MK1
_GPEN_CX			= 74D2, G: MK1
_GPEN_CY			= 74D3, G: MK1
__EN_X1				= 74D4, G: MK1
__EN_X2				= 74D5, G: MK1
__EN_Y1				= 74D6, G: MK1
__EN_Y2				= 74D7, G: MK1
__EN_CX				= 74D8, G: MK1
__EN_CY				= 74D9, G: MK1
_HOTSPOT_X			= 74DA, G: MK1
_HOTSPOT_Y			= 74DB, G: MK1
_HALF_LIFE			= 74DC, G: MK1
_MAP_POINTER			= 74DD, G: MK1
__EN_MX				= 74DF, G: MK1
__EN_MY				= 74E0, G: MK1
_FLAGS				= 74E1, G: MK1
_P_FACING			= 74E3, G: MK1
_P_FRAME			= 74E4, G: MK1
_PREGOTTEN			= 74E5, G: MK1
_HIT_H				= 74E6, G: MK1
_P_KILL_AMT			= 74E7, G: MK1
_HIT_V				= 74E8, G: MK1
_KILLED_OLD			= 74E9, G: MK1
_GPAUX				= 74EA, G: MK1
_ACTIVE				= 74EB, G: MK1
_P_CT_ESTADO			= 74EC, G: MK1
_LEVEL				= 74ED, G: MK1
_HOTSPOT_DESTROY		= 74EE, G: MK1
_X0				= 74EF, G: MK1
_Y0				= 74F0, G: MK1
_X1				= 74F1, G: MK1
_Y1				= 74F2, G: MK1
__N				= 74F3, G: MK1
__T				= 74F4, G: MK1
__X				= 74F5, G: MK1
__Y				= 74F6, G: MK1
__EN_AN_VX			= 74F7, G: MK1
__EN_AN_VY			= 74F9, G: MK1
_LIFE_OLD			= 74FB, G: MK1
__GP_GEN			= 74FC, G: MK1
_GEN_PT				= 74FE, G: MK1
_PTGMX				= 7500, G: MK1
_PTGMY				= 7502, G: MK1
__B_X				= 7504, G: MK1
__B_Y				= 7505, G: MK1
_ENOFFS				= 7506, G: MK1
_B_IT				= 7507, G: MK1
_P_ESTADO			= 7508, G: MK1
__B_ESTADO			= 7509, G: MK1
_P_KILLED			= 750A, G: MK1
_P_AMMO				= 750B, G: MK1
_GPEN_X				= 750C, G: MK1
_GPEN_Y				= 750D, G: MK1
_PAD0				= 750E, G: MK1
_P_KILLME			= 750F, G: MK1
_N_PANT				= 7510, G: MK1
_P_CONT_SALTO			= 7511, G: MK1
_ENSPIT				= 7512, G: MK1
_O_PANT				= 7513, G: MK1
_P_LIFE				= 7514, G: MK1
_ENIT				= 7515, G: MK1
_P_FUEL				= 7516, G: MK1
_P_OBJS				= 7517, G: MK1
_P_GOTTEN			= 7518, G: MK1
_GPCX				= 7519, G: MK1
_GPCY				= 751A, G: MK1
_GPIT				= 751B, G: MK1
_P_KEYS				= 751C, G: MK1
_GPJT				= 751D, G: MK1
_AMMO_OLD			= 751E, G: MK1
_PLAYING			= 751F, G: MK1
_GPOX				= 7520, G: MK1
_SEED				= 7521, G: MK1
_P_TX				= 7523, G: MK1
_P_TY				= 7524, G: MK1
_ASM_INT_2			= 7525, G: MK1
_P_VX				= 7527, G: MK1
_P_VY				= 7529, G: MK1
_GPXX				= 752B, G: MK1
__EN_AN_X			= 752C, G: MK1
__EN_AN_Y			= 752E, G: MK1
_GPYY				= 7530, G: MK1
_OBJS_OLD			= 7531, G: MK1
_MAINCOUNTER			= 7532, G: MK1
_PTX1				= 7533, G: MK1
_PTX2				= 7534, G: MK1
_PTY1				= 7535, G: MK1
_PTY2				= 7536, G: MK1
_ASM_NUMBER			= 7537, G: MK1
_F_0				= 7538, G: MK1
_F_1				= 7539, G: MK1
_AT1				= 753A, G: MK1
_AT2				= 753B, G: MK1
__EN_LIFE			= 753C, G: MK1
_CX1				= 753D, G: MK1
_CX2				= 753E, G: MK1
_CY1				= 753F, G: MK1
_CY2				= 7540, G: MK1
_P_SUBFRAME			= 7541, G: MK1
_BLX				= 7542, G: MK1
_BLY				= 7543, G: MK1
_GPC				= 7544, G: MK1
_GPD				= 7545, G: MK1
_HIT				= 7546, G: MK1
_GPT				= 7547, G: MK1
_RDA				= 7548, G: MK1
_RDB				= 7549, G: MK1
_RDC				= 754A, G: MK1
_GPX				= 754B, G: MK1
_GPY				= 754C, G: MK1
_P_X				= 754D, G: MK1
_P_Y				= 754F, G: MK1
_RDD				= 7551, G: MK1
_ITJ				= 7552, G: MK1
_RDN				= 7554, G: MK1
_KEYS_OLD			= 7555, G: MK1
_RDT				= 7556, G: MK1
_RDX				= 7557, G: MK1
_RDY				= 7558, G: MK1
_WALL_H				= 7559, G: MK1
_ENOFFSMASI			= 755A, G: MK1
_WALL_V				= 755B, G: MK1
_TOCADO				= 755C, G: MK1
_IS_RENDERING			= 755D, G: MK1
_SLEVEL				= 755E, G: MK1
_ASM_INT			= 755F, G: MK1
_P_FACING_H			= 7561, G: MK1
__BADDIES_POINTER		= 7562, G: MK1
_P_FACING_V			= 7564, G: MK1
_P_SALTANDO			= 7565, G: MK1
_POSSEE				= 7566, G: MK1
_ORIG_TILE			= 7567, G: MK1
_SUCCESS			= 7568, G: MK1
_RAM_DESTINATION		= 7569, G: MK1
_P_DISPARANDO			= 756B, G: MK1
__B_MX				= 756C, G: MK1
__B_MY				= 756D, G: MK1
_RAM_ADDRESS			= 756E, G: MK1
CPC_ANYKEYPRESSED		= 7570, G: CPC_ANYKEYPRESSED
BUCLE_DETECCION_TECLA		= 7572, L: CPC_ANYKEYPRESSED
TECLA_PULSADA			= 7585, L: CPC_ANYKEYPRESSED
CPC_TESTKEYBOARD		= 758A, G: CPC_TESTKEYBOARD
CPC_INVALIDATERECT		= 75AE, G: CPC_INVALIDATERECT
CPC_INVALIDATERECT_P		= 75B6, L: CPC_INVALIDATERECT
NOINC1				= 75DC, L: CPC_INVALIDATERECT
INVCOLLP			= 75E0, L: CPC_INVALIDATERECT
NOINC2				= 75EF, L: CPC_INVALIDATERECT
INVFULLCHAR			= 75F3, L: CPC_INVALIDATERECT
INVROWLP			= 75F5, L: CPC_INVALIDATERECT
NOINC3				= 7600, L: CPC_INVALIDATERECT
CPC_BITLEFT2MASK		= 760E, G: CPC_BITLEFT2MASK
CPC_BITRIGHT2MASK		= 7616, G: CPC_BITRIGHT2MASK
KEYMAP0				= 761E, L: CPC_KEYSDATA
CPC_KEYSDATA			= 761E, G: CPC_KEYSDATA
TECLA_0				= 7628, L: CPC_KEYSDATA
TABLA_TECLAS0			= 762A, L: CPC_KEYSDATA
CPC_PUTSPTILEMAP4X8		= 7643, G: CPC_PUTSPTILEMAP4X8
DO_UPDATE			= 765D, L: CPC_PUTSPTILEMAP4X8
ORIGIN_NEXT_ROW			= 7680, L: CPC_PUTSPTILEMAP4X8
FIN				= 7694, L: CPC_PUTSPTILEMAP4X8
ANCHO				= 7695, L: CPC_PUTSPTILEMAP4X8
ALTO				= 7696, L: CPC_PUTSPTILEMAP4X8
CPC_UPDTILETABLE		= 7697, G: CPC_UPDTILETABLE
CPC_BIT2MASK			= 76BA, G: CPC_BIT2MASK
CPC_TBLLOOKUP			= 76C2, G: CPC_TBLLOOKUP
NOINC				= 76C8, L: CPC_TBLLOOKUP
CPC_PUTSPTILEMAP8X16		= 76CA, G: CPC_PUTSPTILEMAP8X16
DO_UPDATE			= 76E4, L: CPC_PUTSPTILEMAP8X16
ORIGIN_NEXT_ROW			= 770A, L: CPC_PUTSPTILEMAP8X16
ORIGIN_LAST_ROW			= 771E, L: CPC_PUTSPTILEMAP8X16
FIN				= 7737, L: CPC_PUTSPTILEMAP8X16
ANCHO				= 7738, L: CPC_PUTSPTILEMAP8X16
ALTO				= 7739, L: CPC_PUTSPTILEMAP8X16
CPC_PUTTRSP4X8TILEMAP2B		= 773A, G: CPC_PUTTRSP4X8TILEMAP2B
TRANSFERIR_SPRITE		= 7745, L: CPC_PUTTRSP4X8TILEMAP2B
PASA_BLOQUE_A_SBUFFER		= 7745, L: CPC_PUTTRSP4X8TILEMAP2B
SP_BUFFER_MASK			= 7759, L: CPC_PUTTRSP4X8TILEMAP2B
LOOP_ALTO_MAP_SBUFFER		= 775F, L: CPC_PUTTRSP4X8TILEMAP2B
CPC_PUTTRSP8X16TILEMAP2B	= 777C, G: CPC_PUTTRSP8X16TILEMAP2B
TRANSFERIR_SPRITE		= 7787, L: CPC_PUTTRSP8X16TILEMAP2B
PASA_BLOQUE_A_SBUFFER		= 7787, L: CPC_PUTTRSP8X16TILEMAP2B
SP_BUFFER_MASK			= 779B, L: CPC_PUTTRSP8X16TILEMAP2B
LOOP_ALTO_MAP_SBUFFER		= 77A1, L: CPC_PUTTRSP8X16TILEMAP2B
CPC_RESETTOUCHEDTILES		= 77CE, G: CPC_RESETTOUCHEDTILES
CPC_SETCOLOUR			= 77DC, G: CPC_SETCOLOUR
CPC_SETMODE			= 77EF, G: CPC_SETMODE
CPC_SHOWTILEMAP			= 77F9, G: CPC_SHOWTILEMAP
SOLOCOPIA			= 780E, L: CPC_SHOWTILEMAP
TRANSFERIR_PANTALLA_A_SUPERBUFFER	= 781B, L: CPC_SHOWTILEMAP
BUCLE_DIBUJADO_FONDO		= 7822, L: CPC_SHOWTILEMAP
INCREMENTO2			= 7853, L: CPC_SHOWTILEMAP
CONTADOR_TILES			= 7860, L: CPC_SHOWTILEMAP
CONTADOR_TILES2			= 7861, L: CPC_SHOWTILEMAP
TRANSFERIR_MAP_SBUFFER		= 7863, L: CPC_SHOWTILEMAP
LOOP_ALTO_MAP_SBUFFER		= 7869, L: CPC_SHOWTILEMAP
LOOP_ANCHO_MAP_SBUFFER		= 7869, L: CPC_SHOWTILEMAP
CPC_PUTSP			= 7877, L: CPC_SHOWTILEMAP
LOOP_ALTO_2			= 7879, L: CPC_SHOWTILEMAP
SIG_LINEA_2			= 7890, L: CPC_SHOWTILEMAP
CPC_SHOWTOUCHEDTILES		= 7894, G: CPC_SHOWTOUCHEDTILES
BUCLE_CPC_SHOWTOUCHEDTILES	= 789C, L: CPC_SHOWTOUCHEDTILES
PROCESS				= 78A6, L: CPC_SHOWTOUCHEDTILES
BIT0_SKIP			= 78B1, L: CPC_SHOWTOUCHEDTILES
BIT1_SKIP			= 78BB, L: CPC_SHOWTOUCHEDTILES
BIT2_SKIP			= 78C5, L: CPC_SHOWTOUCHEDTILES
BIT3_SKIP			= 78CF, L: CPC_SHOWTOUCHEDTILES
BIT4_SKIP			= 78D9, L: CPC_SHOWTOUCHEDTILES
BIT5_SKIP			= 78E3, L: CPC_SHOWTOUCHEDTILES
BIT6_SKIP			= 78ED, L: CPC_SHOWTOUCHEDTILES
BIT7_SKIP			= 78F7, L: CPC_SHOWTOUCHEDTILES
SKIPALL				= 78FA, L: CPC_SHOWTOUCHEDTILES
NOINCD				= 7902, L: CPC_SHOWTOUCHEDTILES
POSICIONAR_SUPERBUFFER		= 7906, L: CPC_SHOWTOUCHEDTILES
COPYTILE			= 7906, L: CPC_SHOWTOUCHEDTILES
POSICIONAR_PANTALLA		= 790E, L: CPC_SHOWTOUCHEDTILES
TRANSF_BLOQUE_SB_PANTALLA	= 791D, L: CPC_SHOWTOUCHEDTILES
CPC_TESTKEY			= 7986, G: CPC_TESTKEY
PULSADO				= 799D, L: CPC_TESTKEY
CPC_UPDSCR			= 79A0, G: CPC_UPDSCR
BUCLE_CPC_UPDSCR		= 79A8, L: CPC_UPDSCR
PROCESS				= 79B2, L: CPC_UPDSCR
BIT0_SKIP			= 79BD, L: CPC_UPDSCR
BIT1_SKIP			= 79C7, L: CPC_UPDSCR
BIT2_SKIP			= 79D1, L: CPC_UPDSCR
BIT3_SKIP			= 79DB, L: CPC_UPDSCR
BIT4_SKIP			= 79E5, L: CPC_UPDSCR
BIT5_SKIP			= 79EF, L: CPC_UPDSCR
BIT6_SKIP			= 79F9, L: CPC_UPDSCR
BIT7_SKIP			= 7A03, L: CPC_UPDSCR
SKIPALL				= 7A06, L: CPC_UPDSCR
NOINCD				= 7A0E, L: CPC_UPDSCR
UCOPYTILE			= 7A12, L: CPC_UPDSCR
POSICIONAR_SUPERBUFFER		= 7A12, L: CPC_UPDSCR
POSICIONAR_TILE			= 7A25, L: CPC_UPDSCR
TRANSFERIR_MAP_SBUFFER		= 7A40, L: CPC_UPDSCR
L_AND				= 7A87, G: L_AND
L_ASL				= 7A8E, G: L_ASL
L_ASL1				= 7A8F, L: L_ASL
L_ASR				= 7A95, G: L_ASR
L_ASR1				= 7A96, L: L_ASR
L_ASR_U				= 7A9F, G: L_ASR_U
L_ASR_U_1			= 7AA0, L: L_ASR_U
L_DIV				= 7AA9, G: L_DIV
L_DIV0				= 7AB9, L: L_DIV
L_DIV01				= 7AC5, L: L_DIV
DOSIGN				= 7AD6, L: L_DIV
L_DIV_U				= 7ADD, G: L_DIV_U
ENTRY				= 7AE1, L: L_DIV_U
L_DIV1				= 7AE8, L: L_DIV_U
L_DIV2				= 7AF2, L: L_DIV_U
L_EQ				= 7AFC, G: L_EQ
L_GCHAR				= 7B03, G: L_GCHAR
L_SXT				= 7B04, L: L_GCHAR
L_GINT				= 7B09, G: L_GINT
L_GINTSP			= 7B0E, G: L_GINTSP
L_GINTSPSP			= 7B16, G: L_GINTSPSP
L_GT				= 7B1F, G: L_GT
L_LNEG				= 7B2B, G: L_LNEG
L_LT				= 7B30, G: L_LT
L_MULT				= 7B3C, G: L_MULT
L_MULT1				= 7B43, L: L_MULT
L_MULT2				= 7B4A, L: L_MULT
L_NE				= 7B4D, G: L_NE
L_NEG				= 7B54, G: L_NEG
L_OR				= 7B5C, G: L_OR
L_PINT				= 7B63, G: L_PINT
L_PINT_POP			= 7B69, G: L_PINT_POP
L_SXT				= 7B6F, G: L_SXT
L_UGE				= 7B74, G: L_UGE
L_UGT				= 7B7C, G: L_UGT
L_ULE				= 7B82, G: L_ULE
L_ULT				= 7B8A, G: L_ULT
