DEFINED_CRT_ORG_CODE            = $0001 ; const, local, , cpc_crt0, , C:/Users/na_th/AppData/Local/Temp/zcc00002E1460844/zcc_opt.def:3
CRT_ORG_CODE                    = $0400 ; const, local, , cpc_crt0, , C:/Users/na_th/AppData/Local/Temp/zcc00002E1460844/zcc_opt.def:4
start                           = $0400 ; addr, local, , cpc_crt0, , crt.asm:7
T_WIDTH                         = $0020 ; const, local, , tilemap_conf_asm, , tilemap_conf.asm:66
T_HEIGHT                        = $0018 ; const, local, , tilemap_conf_asm, , tilemap_conf.asm:67
vpClipStruct                    = $18C1 ; addr, local, , mk1_c, code_compiler, definitions.h:4
fsClipStruct                    = $18C5 ; addr, local, , mk1_c, code_compiler, definitions.h:4
i_1                             = $56CB ; addr, local, , mk1_c, rodata_compiler, mk1.c::main::0::124:108
depack                          = $18E1 ; addr, local, , mk1_c, code_compiler, aplib.h:11
apbranch1                       = $18E4 ; addr, local, , mk1_c, code_compiler, aplib.h:11
aploop0                         = $18E6 ; addr, local, , mk1_c, code_compiler, aplib.h:11
ap_getbit                       = $1968 ; addr, local, , mk1_c, code_compiler, aplib.h:11
aploop                          = $18E9 ; addr, local, , mk1_c, code_compiler, aplib.h:11
apbranch2                       = $1927 ; addr, local, , mk1_c, code_compiler, aplib.h:11
apbranch3                       = $1913 ; addr, local, , mk1_c, code_compiler, aplib.h:11
apget4bits                      = $18FC ; addr, local, , mk1_c, code_compiler, aplib.h:11
apbranch4                       = $190A ; addr, local, , mk1_c, code_compiler, aplib.h:11
apwritebyte                     = $1906 ; addr, local, , mk1_c, code_compiler, aplib.h:11
ap_finishup2                    = $1955 ; addr, local, , mk1_c, code_compiler, aplib.h:11
ap_getgamma                     = $1974 ; addr, local, , mk1_c, code_compiler, aplib.h:11
ap_r0_gamma                     = $195C ; addr, local, , mk1_c, code_compiler, aplib.h:11
apskip2                         = $1946 ; addr, local, , mk1_c, code_compiler, aplib.h:11
apskip3                         = $194F ; addr, local, , mk1_c, code_compiler, aplib.h:11
ap_finishup                     = $1952 ; addr, local, , mk1_c, code_compiler, aplib.h:11
ap_getgammaloop                 = $1977 ; addr, local, , mk1_c, code_compiler, aplib.h:11
bo_l1                           = $1EC9 ; addr, local, , mk1_c, code_compiler, pantallas.h::blackout::0::1:30
_font                           = $1EDF ; addr, local, , mk1_c, code_compiler, assets/tileset.h::blackout::0::2:5
_tspatterns                     = $22DF ; addr, local, , mk1_c, code_compiler, assets/tileset.h::blackout::0::2:5
i_14                            = $33A2 ; addr, local, , mk1_c, code_compiler, printer.h::attr::0::2:6
i_13                            = $33A6 ; addr, local, , mk1_c, code_compiler, printer.h::attr::0::2:6
_map_attr                       = $C600 ; const, local, , mk1_c, code_compiler, mk1.c::main::0::124:108
_map_buff                       = $C696 ; const, local, , mk1_c, code_compiler, mk1.c::main::0::124:108
_draw_decorations_loop          = $347A ; addr, local, , mk1_c, code_compiler, printer.h::draw_decorations::0::10:414
print_str_loop                  = $3543 ; addr, local, , mk1_c, code_compiler, printer.h::print_str::0::14:586
print_str_inv                   = $3555 ; addr, local, , mk1_c, code_compiler, printer.h::print_str::0::14:586
i_19                            = $3574 ; addr, local, , mk1_c, code_compiler, printer.h::clear_sprites::0::15:640
i_17                            = $356F ; addr, local, , mk1_c, code_compiler, printer.h::clear_sprites::0::15:640
i_18                            = $3595 ; addr, local, , mk1_c, code_compiler, printer.h::clear_sprites::0::15:640
_sp_sw                          = $E600 ; const, local, , mk1_c, code_compiler, mk1.c::main::0::124:108
i_20                            = $359B ; addr, local, , mk1_c, code_compiler, printer.h::pal_set::0::17:650
i_21                            = $35C3 ; addr, local, , mk1_c, code_compiler, printer.h::pal_set::0::17:650
i_22                            = $35F9 ; addr, local, , mk1_c, code_compiler, engine/update.h::cpc_UpdateNow::0::18:9
_cpc_screen_update_inv_loop     = $35D0 ; addr, local, , mk1_c, code_compiler, engine/update.h::cpc_UpdateNow::0::18:9
_cpc_screen_update_inv_ret      = $35F2 ; addr, local, , mk1_c, code_compiler, engine/update.h::cpc_UpdateNow::0::18:9
_cpc_screen_update_upd_buffer   = $35F9 ; addr, local, , mk1_c, code_compiler, engine/update.h::cpc_UpdateNow::0::18:9
i_23                            = $3630 ; addr, local, , mk1_c, code_compiler, engine/update.h::cpc_UpdateNow::0::18:9
_cpc_screen_update_upd_loop     = $3608 ; addr, local, , mk1_c, code_compiler, engine/update.h::cpc_UpdateNow::0::18:9
_cpc_screen_update_upd_ret      = $362B ; addr, local, , mk1_c, code_compiler, engine/update.h::cpc_UpdateNow::0::18:9
_cpc_screen_update_done         = $3630 ; addr, local, , mk1_c, code_compiler, engine/update.h::cpc_UpdateNow::0::18:9
i_24                            = $3693 ; addr, local, , mk1_c, code_compiler, engine/general.h::collide::0::21:6
_cm_two_points_at1_reset        = $36A5 ; addr, local, , mk1_c, code_compiler, engine/general.h::cm_two_points::0::22:14
_cm_two_points_at1_do           = $36A8 ; addr, local, , mk1_c, code_compiler, engine/general.h::cm_two_points::0::22:14
_cm_two_points_at1_done         = $36C2 ; addr, local, , mk1_c, code_compiler, engine/general.h::cm_two_points::0::22:14
_cm_two_points_at2_reset        = $36D3 ; addr, local, , mk1_c, code_compiler, engine/general.h::cm_two_points::0::22:14
_cm_two_points_at2_do           = $36D6 ; addr, local, , mk1_c, code_compiler, engine/general.h::cm_two_points::0::22:14
_cm_two_points_at2_done         = $36F0 ; addr, local, , mk1_c, code_compiler, engine/general.h::cm_two_points::0::22:14
rand16                          = $36F4 ; addr, local, , mk1_c, code_compiler, engine/general.h::rand::0::23:91
nextrand                        = $3710 ; addr, local, , mk1_c, code_compiler, engine/general.h::rand::0::23:91
i_26                            = $372E ; addr, local, , mk1_c, code_compiler, engine/general.h::abs::0::24:135
i_27                            = $3733 ; addr, local, , mk1_c, code_compiler, engine/general.h::abs::0::24:135
i_28                            = $37B7 ; addr, local, , mk1_c, code_compiler, engine.h::addsign::0::27:16
i_29                            = $37BF ; addr, local, , mk1_c, code_compiler, engine.h::addsign::0::27:16
i_30                            = $37C0 ; addr, local, , mk1_c, code_compiler, engine.h::espera_activa::0::28:24
i_31                            = $37C8 ; addr, local, , mk1_c, code_compiler, engine.h::espera_activa::0::28:24
i_34                            = $37C8 ; addr, local, , mk1_c, code_compiler, engine.h::espera_activa::0::28:24
i_33                            = $37E0 ; addr, local, , mk1_c, code_compiler, engine.h::espera_activa::0::28:24
i_35                            = $37D6 ; addr, local, , mk1_c, code_compiler, engine.h::espera_activa::0::28:24
i_32                            = $37D6 ; addr, local, , mk1_c, code_compiler, engine.h::espera_activa::0::28:24
i_38                            = $3814 ; addr, local, , mk1_c, code_compiler, engine.h::draw_scr_background::0::30:127
i_36                            = $380D ; addr, local, , mk1_c, code_compiler, engine.h::draw_scr_background::0::30:127
i_37                            = $3891 ; addr, local, , mk1_c, code_compiler, engine.h::draw_scr_background::3::32:246
_draw_scr_packed_existing       = $383B ; addr, local, , mk1_c, code_compiler, engine.h::draw_scr_background::0::30:127
_draw_scr_packed_new            = $3826 ; addr, local, , mk1_c, code_compiler, engine.h::draw_scr_background::0::30:127
_draw_scr_packed_done           = $3840 ; addr, local, , mk1_c, code_compiler, engine.h::draw_scr_background::0::30:127
_draw_scr_packed_noalt          = $3870 ; addr, local, , mk1_c, code_compiler, engine.h::draw_scr_background::0::30:127
_draw_scr_packed_alt            = $385C ; addr, local, , mk1_c, code_compiler, engine.h::draw_scr_background::0::30:127
_draw_scr_packed_alt_subst      = $386B ; addr, local, , mk1_c, code_compiler, engine.h::draw_scr_background::0::30:127
_advance_worm_no_inc_y          = $388B ; addr, local, , mk1_c, code_compiler, engine.h::draw_scr_background::3::32:246
_hotspots_setup_done            = $390E ; addr, local, , mk1_c, code_compiler, engine.h::draw_scr::1::33:323
_hotspots_setup_do              = $38D4 ; addr, local, , mk1_c, code_compiler, engine.h::draw_scr::1::33:323
_hotspots_setup_set             = $3906 ; addr, local, , mk1_c, code_compiler, engine.h::draw_scr::1::33:323
_hotspots_setup_set_refill      = $3905 ; addr, local, , mk1_c, code_compiler, engine.h::draw_scr::1::33:323
_player_gravity_add             = $39CC ; addr, local, , mk1_c, code_compiler, engine/player.h::player_move::0::35:155
_player_gravity_maximum         = $39D2 ; addr, local, , mk1_c, code_compiler, engine/player.h::player_move::0::35:155
_player_gravity_vy_set          = $39D5 ; addr, local, , mk1_c, code_compiler, engine/player.h::player_move::0::35:155
_player_gravity_done            = $39D8 ; addr, local, , mk1_c, code_compiler, engine/player.h::player_move::0::35:155
_player_gravity_p_gotten_done   = $39E2 ; addr, local, , mk1_c, code_compiler, engine/player.h::player_move::0::35:155
i_39                            = $3A11 ; addr, local, , mk1_c, code_compiler, engine/player.h::player_move::3::39:262
i_40                            = $3A09 ; addr, local, , mk1_c, code_compiler, engine/player.h::player_move::3::39:262
i_41                            = $3A18 ; addr, local, , mk1_c, code_compiler, engine/player.h::player_move::3::39:262
i_42                            = $3A35 ; addr, local, , mk1_c, code_compiler, engine/player.h::player_move::1::39:269
i_43                            = $3A43 ; addr, local, , mk1_c, code_compiler, engine/player.h::player_move::1::39:269
i_44                            = $3A56 ; addr, local, , mk1_c, code_compiler, engine/player.h::player_move::1::39:269
i_45                            = $3AC7 ; addr, local, , mk1_c, code_compiler, engine/player.h::player_move::3::41:300
i_47                            = $3AA2 ; addr, local, , mk1_c, code_compiler, engine/player.h::player_move::1::39:269
i_46                            = $3AC7 ; addr, local, , mk1_c, code_compiler, engine/player.h::player_move::3::41:300
i_49                            = $3B38 ; addr, local, , mk1_c, code_compiler, engine/player.h::player_move::3::43:344
i_51                            = $3B17 ; addr, local, , mk1_c, code_compiler, engine/player.h::player_move::3::41:300
i_52                            = $3B38 ; addr, local, , mk1_c, code_compiler, engine/player.h::player_move::3::41:300
i_53                            = $3B17 ; addr, local, , mk1_c, code_compiler, engine/player.h::player_move::3::41:300
i_50                            = $3B38 ; addr, local, , mk1_c, code_compiler, engine/player.h::player_move::3::43:344
i_56_i_52                       = $3B17 ; addr, local, , mk1_c, code_compiler, engine/player.h::player_move::3::41:300
i_57                            = $3B5E ; addr, local, , mk1_c, code_compiler, engine/player.h::player_move::3::43:344
i_58                            = $3B55 ; addr, local, , mk1_c, code_compiler, engine/player.h::player_move::3::43:344
i_59                            = $3B58 ; addr, local, , mk1_c, code_compiler, engine/player.h::player_move::3::43:344
i_60                            = $3BBE ; addr, local, , mk1_c, code_compiler, engine/player.h::player_move::3::43:344
i_62                            = $3BD1 ; addr, local, , mk1_c, code_compiler, engine/player.h::player_move::3::43:344
i_63                            = $3BD4 ; addr, local, , mk1_c, code_compiler, engine/player.h::player_move::3::43:344
i_65                            = $3BEE ; addr, local, , mk1_c, code_compiler, engine/player.h::player_move::3::43:344
i_66                            = $3BF1 ; addr, local, , mk1_c, code_compiler, engine/player.h::player_move::3::43:344
i_64                            = $3C42 ; addr, local, , mk1_c, code_compiler, engine/player.h::player_move::3::43:344
i_67                            = $3C1C ; addr, local, , mk1_c, code_compiler, engine/player.h::player_move::3::43:344
i_68                            = $3C3E ; addr, local, , mk1_c, code_compiler, engine/player.h::player_move::3::43:344
i_69                            = $3C3E ; addr, local, , mk1_c, code_compiler, engine/player.h::player_move::3::43:344
i_70                            = $3C3E ; addr, local, , mk1_c, code_compiler, engine/player.h::player_move::3::43:344
i_71                            = $3C3E ; addr, local, , mk1_c, code_compiler, engine/player.h::player_move::3::43:344
i_72                            = $3C68 ; addr, local, , mk1_c, code_compiler, engine/player.h::player_move::3::43:344
i_73                            = $3C68 ; addr, local, , mk1_c, code_compiler, engine/player.h::player_move::3::43:344
i_74                            = $3C93 ; addr, local, , mk1_c, code_compiler, engine/player.h::player_move::1::50:481
i_75                            = $3C93 ; addr, local, , mk1_c, code_compiler, engine/player.h::player_move::3::43:344
i_76                            = $3CB1 ; addr, local, , mk1_c, code_compiler, engine/player.h::player_move::1::50:481
i_77                            = $3CC4 ; addr, local, , mk1_c, code_compiler, engine/player.h::player_move::1::50:481
i_78                            = $3D61 ; addr, local, , mk1_c, code_compiler, engine/player.h::player_move::3::52:512
i_80                            = $3D16 ; addr, local, , mk1_c, code_compiler, engine/player.h::player_move::1::50:481
i_79                            = $3D43 ; addr, local, , mk1_c, code_compiler, engine/player.h::player_move::3::52:512
i_82                            = $3D61 ; addr, local, , mk1_c, code_compiler, engine/player.h::player_move::3::52:512
i_83                            = $3D58 ; addr, local, , mk1_c, code_compiler, engine/player.h::player_move::3::52:512
i_84                            = $3D5B ; addr, local, , mk1_c, code_compiler, engine/player.h::player_move::3::52:512
i_85                            = $3DDA ; addr, local, , mk1_c, code_compiler, engine/player.h::player_move::3::54:545
i_87                            = $3D90 ; addr, local, , mk1_c, code_compiler, engine/player.h::player_move::3::52:512
i_86                            = $3DBC ; addr, local, , mk1_c, code_compiler, engine/player.h::player_move::3::54:545
i_89                            = $3DDA ; addr, local, , mk1_c, code_compiler, engine/player.h::player_move::3::54:545
i_90                            = $3DD1 ; addr, local, , mk1_c, code_compiler, engine/player.h::player_move::3::54:545
i_91                            = $3DD4 ; addr, local, , mk1_c, code_compiler, engine/player.h::player_move::3::54:545
i_92                            = $3E2D ; addr, local, , mk1_c, code_compiler, engine/player.h::player_move::2::55:593
i_93                            = $3E53 ; addr, local, , mk1_c, code_compiler, engine/player.h::player_move::2::55:593
i_94                            = $3E72 ; addr, local, , mk1_c, code_compiler, engine/player.h::player_move::2::55:593
i_95                            = $3E72 ; addr, local, , mk1_c, code_compiler, engine/player.h::player_move::2::55:593
i_96                            = $3E87 ; addr, local, , mk1_c, code_compiler, engine/player.h::player_move::2::55:593
i_97                            = $3E87 ; addr, local, , mk1_c, code_compiler, engine/player.h::player_move::2::55:593
i_99                            = $3EAC ; addr, local, , mk1_c, code_compiler, engine/player.h::player_move::2::55:593
i_98                            = $3EAC ; addr, local, , mk1_c, code_compiler, engine/player.h::player_move::2::55:593
i_100_i_99                      = $3E95 ; addr, local, , mk1_c, code_compiler, engine/player.h::player_move::2::55:593
i_101                           = $3EA2 ; addr, local, , mk1_c, code_compiler, engine/player.h::player_move::2::55:593
i_102                           = $3EA5 ; addr, local, , mk1_c, code_compiler, engine/player.h::player_move::2::55:593
i_103                           = $3F00 ; addr, local, , mk1_c, code_compiler, engine/player.h::player_move::2::55:593
i_104                           = $3EB9 ; addr, local, , mk1_c, code_compiler, engine/player.h::player_move::2::55:593
i_105                           = $3EBC ; addr, local, , mk1_c, code_compiler, engine/player.h::player_move::2::55:593
i_106                           = $3ED2 ; addr, local, , mk1_c, code_compiler, engine/player.h::player_move::2::55:593
i_107                           = $3F00 ; addr, local, , mk1_c, code_compiler, engine/player.h::player_move::2::55:593
i_108                           = $3EEF ; addr, local, , mk1_c, code_compiler, engine/player.h::player_move::2::55:593
i_110                           = $3F60 ; addr, local, , mk1_c, code_compiler, engine/player.h::player_move::2::55:593
i_109                           = $3F60 ; addr, local, , mk1_c, code_compiler, engine/player.h::player_move::2::55:593
i_111_i_110                     = $3F57 ; addr, local, , mk1_c, code_compiler, engine/player.h::player_move::2::55:593
i_112                           = $3F82 ; addr, local, , mk1_c, code_compiler, engine/player.h::player_deplete::0::63:749
i_113                           = $3F85 ; addr, local, , mk1_c, code_compiler, engine/player.h::player_deplete::0::63:749
i_116                           = $3FC8 ; addr, local, , mk1_c, code_compiler, engine/enengine.h::enems_load::0::65:28
i_114                           = $3FC1 ; addr, local, , mk1_c, code_compiler, engine/enengine.h::enems_load::0::65:28
i_115                           = $4191 ; addr, local, , mk1_c, code_compiler, engine/enengine.h::enems_load::3::72:124
_en_an_frame                    = $D603 ; const, local, , mk1_c, code_compiler, mk1.c::main::0::124:108
_en_an_state                    = $D60C ; const, local, , mk1_c, code_compiler, mk1.c::main::0::124:108
_en_an_count                    = $D606 ; const, local, , mk1_c, code_compiler, mk1.c::main::0::124:108
_en_an_next_frame               = $D63C ; const, local, , mk1_c, code_compiler, mk1.c::main::0::124:108
i_117                           = $4095 ; addr, local, , mk1_c, code_compiler, engine/enengine.h::enems_load::5::69:98
i_120                           = $403F ; addr, local, , mk1_c, code_compiler, engine/enengine.h::enems_load::3::67:50
i_121                           = $4057 ; addr, local, , mk1_c, code_compiler, engine/enengine.h::enems_load::3::67:50
i_122                           = $4057 ; addr, local, , mk1_c, code_compiler, engine/enengine.h::enems_load::3::67:50
i_123                           = $4057 ; addr, local, , mk1_c, code_compiler, engine/enengine.h::enems_load::3::67:50
i_124                           = $4057 ; addr, local, , mk1_c, code_compiler, engine/enengine.h::enems_load::3::67:50
i_125                           = $4087 ; addr, local, , mk1_c, code_compiler, engine/enengine.h::enems_load::5::69:98
_en_an_base_frame               = $D600 ; const, local, , mk1_c, code_compiler, mk1.c::main::0::124:108
i_119                           = $40A0 ; addr, local, , mk1_c, code_compiler, engine/enengine.h::enems_load::5::69:98
i_126                           = $40A0 ; addr, local, , mk1_c, code_compiler, engine/enengine.h::enems_load::5::69:98
i_127                           = $417B ; addr, local, , mk1_c, code_compiler, engine/enengine.h::enems_load::5::69:98
i_128                           = $418E ; addr, local, , mk1_c, code_compiler, engine/enengine.h::enems_load::5::69:98
i_129                           = $41AA ; addr, local, , mk1_c, code_compiler, engine/enengine.h::enems_kill::0::72:128
i_132                           = $41CE ; addr, local, , mk1_c, code_compiler, engine/enengine.h::enems_move::0::73:143
i_130                           = $41C9 ; addr, local, , mk1_c, code_compiler, engine/enengine.h::enems_move::0::73:143
i_131                           = $45AA ; addr, local, , mk1_c, code_compiler, engine/enengine.h::enems_move::4::88:479
i_133                           = $4276 ; addr, local, , mk1_c, code_compiler, engine/enengine.h::enems_move::0::73:143
i_134                           = $4276 ; addr, local, , mk1_c, code_compiler, engine/enengine.h::enems_move::0::73:143
i_135                           = $42A7 ; addr, local, , mk1_c, code_compiler, engine/enengine.h::enems_move::0::73:143
i_136                           = $42AA ; addr, local, , mk1_c, code_compiler, engine/enengine.h::enems_move::0::73:143
i_139                           = $42B3 ; addr, local, , mk1_c, code_compiler, engine/enengine.h::enems_move::0::73:143
i_140                           = $42CB ; addr, local, , mk1_c, code_compiler, engine/enengine.h::enems_move::0::73:143
i_141                           = $42CB ; addr, local, , mk1_c, code_compiler, engine/enengine.h::enems_move::0::73:143
i_142                           = $42CB ; addr, local, , mk1_c, code_compiler, engine/enengine.h::enems_move::0::73:143
i_143                           = $42CB ; addr, local, , mk1_c, code_compiler, engine/enengine.h::enems_move::0::73:143
i_138                           = $4313 ; addr, local, , mk1_c, code_compiler, engine/enengine.h::enems_move::4::78:275
_enems_lm_change_axis_x         = $42E8 ; addr, local, , mk1_c, code_compiler, ./engine/enem_mods/enem_type_lineal.h::enems_move::4::78:0
_enems_lm_change_axis_x_done    = $42F0 ; addr, local, , mk1_c, code_compiler, ./engine/enem_mods/enem_type_lineal.h::enems_move::4::78:0
_enems_lm_change_axis_y         = $4308 ; addr, local, , mk1_c, code_compiler, ./engine/enem_mods/enem_type_lineal.h::enems_move::4::78:0
_enems_lm_change_axis_y_done    = $4310 ; addr, local, , mk1_c, code_compiler, ./engine/enem_mods/enem_type_lineal.h::enems_move::4::78:0
i_144                           = $44AD ; addr, local, , mk1_c, code_compiler, engine/enengine.h::enems_move::4::88:479
i_145                           = $4361 ; addr, local, , mk1_c, code_compiler, engine/enengine.h::enems_move::4::78:275
_enems_move_update_frame_done   = $4361 ; addr, local, , mk1_c, code_compiler, engine/enengine.h::enems_move::4::78:275
i_146                           = $447F ; addr, local, , mk1_c, code_compiler, engine/enengine.h::enems_move::4::78:275
i_147                           = $44AD ; addr, local, , mk1_c, code_compiler, engine/enengine.h::enems_move::4::78:275
i_148                           = $43D0 ; addr, local, , mk1_c, code_compiler, engine/enengine.h::enems_move::4::78:275
i_150                           = $43D0 ; addr, local, , mk1_c, code_compiler, engine/enengine.h::enems_move::4::78:275
i_149                           = $43D0 ; addr, local, , mk1_c, code_compiler, engine/enengine.h::enems_move::4::78:275
i_151_i_150                     = $43A2 ; addr, local, , mk1_c, code_compiler, engine/enengine.h::enems_move::4::78:275
i_153                           = $4403 ; addr, local, , mk1_c, code_compiler, engine/enengine.h::enems_move::4::78:275
i_155                           = $444E ; addr, local, , mk1_c, code_compiler, engine/enengine.h::enems_move::4::78:275
i_153_i_154                     = $440A ; addr, local, , mk1_c, code_compiler, engine/enengine.h::enems_move::4::78:275
i_154                           = $4405 ; addr, local, , mk1_c, code_compiler, engine/enengine.h::enems_move::4::78:275
i_156                           = $44AD ; addr, local, , mk1_c, code_compiler, engine/enengine.h::enems_move::4::78:275
i_152                           = $44AD ; addr, local, , mk1_c, code_compiler, engine/enengine.h::enems_move::4::78:275
i_158_i_156                     = $444E ; addr, local, , mk1_c, code_compiler, engine/enengine.h::enems_move::4::78:275
i_159                           = $44AD ; addr, local, , mk1_c, code_compiler, engine/enengine.h::enems_move::7::88:427
i_161                           = $44AD ; addr, local, , mk1_c, code_compiler, engine/enengine.h::enems_move::5::86:370
i_160                           = $44AD ; addr, local, , mk1_c, code_compiler, engine/enengine.h::enems_move::7::88:427
i_162_i_161                     = $44A1 ; addr, local, , mk1_c, code_compiler, engine/enengine.h::enems_move::5::86:370
i_163                           = $44AD ; addr, local, , mk1_c, code_compiler, engine/enengine.h::enems_move::7::88:427
_en_an_sprid                    = $D609 ; const, local, , mk1_c, code_compiler, mk1.c::main::0::124:108
i_164                           = $4561 ; addr, local, , mk1_c, code_compiler, engine/enengine.h::enems_move::4::88:479
i_165                           = $4577 ; addr, local, , mk1_c, code_compiler, engine/enengine.h::enems_move::4::88:479
i_166                           = $45AF ; addr, local, , mk1_c, code_compiler, engine/hotspots.h::hotspots_init::0::88:7
i_167                           = $45D1 ; addr, local, , mk1_c, code_compiler, engine/hotspots.h::hotspots_init::0::88:7
i_168                           = $45E9 ; addr, local, , mk1_c, code_compiler, engine/hotspots.h::hotspots_do::0::90:14
i_169                           = $469D ; addr, local, , mk1_c, code_compiler, engine/hotspots.h::hotspots_do::3::93:102
i_172                           = $4618 ; addr, local, , mk1_c, code_compiler, engine/hotspots.h::hotspots_do::0::90:14
i_173                           = $4626 ; addr, local, , mk1_c, code_compiler, engine/hotspots.h::hotspots_do::0::90:14
i_174                           = $4636 ; addr, local, , mk1_c, code_compiler, engine/hotspots.h::hotspots_do::0::90:14
i_171                           = $464C ; addr, local, , mk1_c, code_compiler, engine/hotspots.h::hotspots_do::3::93:102
i_175                           = $469D ; addr, local, , mk1_c, code_compiler, engine/hotspots.h::hotspots_do::3::93:102
EFECTO0                         = $469E ; addr, local, , mk1_c, code_compiler, my/wyz/efectos.h::hotspots_do::0::94:4
EFECTO1                         = $4741 ; addr, local, , mk1_c, code_compiler, my/wyz/efectos.h::hotspots_do::0::94:4
EFECTO2                         = $4751 ; addr, local, , mk1_c, code_compiler, my/wyz/efectos.h::hotspots_do::0::94:4
EFECTO3                         = $4770 ; addr, local, , mk1_c, code_compiler, my/wyz/efectos.h::hotspots_do::0::94:4
EFECTO4                         = $4780 ; addr, local, , mk1_c, code_compiler, my/wyz/efectos.h::hotspots_do::0::94:4
EFECTO5                         = $47BD ; addr, local, , mk1_c, code_compiler, my/wyz/efectos.h::hotspots_do::0::94:4
EFECTO6                         = $47DC ; addr, local, , mk1_c, code_compiler, my/wyz/efectos.h::hotspots_do::0::94:4
EFECTO7                         = $47FB ; addr, local, , mk1_c, code_compiler, my/wyz/efectos.h::hotspots_do::0::94:4
EFECTO8                         = $480B ; addr, local, , mk1_c, code_compiler, my/wyz/efectos.h::hotspots_do::0::94:4
EFECTO9                         = $482A ; addr, local, , mk1_c, code_compiler, my/wyz/efectos.h::hotspots_do::0::94:4
EFECTO10                        = $483A ; addr, local, , mk1_c, code_compiler, my/wyz/efectos.h::hotspots_do::0::94:4
EFECTO11                        = $4859 ; addr, local, , mk1_c, code_compiler, my/wyz/efectos.h::hotspots_do::0::94:4
EFECTO12                        = $48C9 ; addr, local, , mk1_c, code_compiler, my/wyz/efectos.h::hotspots_do::0::94:4
EFECTO13                        = $48E5 ; addr, local, , mk1_c, code_compiler, my/wyz/efectos.h::hotspots_do::0::94:4
EFECTO14                        = $48F5 ; addr, local, , mk1_c, code_compiler, my/wyz/efectos.h::hotspots_do::0::94:4
TABLA_PAUTAS                    = $4905 ; addr, local, , mk1_c, code_compiler, my/wyz/instrumentos.h::hotspots_do::0::94:7
PAUTA_0                         = $4919 ; addr, local, , mk1_c, code_compiler, my/wyz/instrumentos.h::hotspots_do::0::94:7
PAUTA_1                         = $4924 ; addr, local, , mk1_c, code_compiler, my/wyz/instrumentos.h::hotspots_do::0::94:7
PAUTA_2                         = $4937 ; addr, local, , mk1_c, code_compiler, my/wyz/instrumentos.h::hotspots_do::0::94:7
PAUTA_3                         = $494C ; addr, local, , mk1_c, code_compiler, my/wyz/instrumentos.h::hotspots_do::0::94:7
PAUTA_4                         = $4973 ; addr, local, , mk1_c, code_compiler, my/wyz/instrumentos.h::hotspots_do::0::94:7
PAUTA_5                         = $497E ; addr, local, , mk1_c, code_compiler, my/wyz/instrumentos.h::hotspots_do::0::94:7
TABLA_SONIDOS                   = $4911 ; addr, local, , mk1_c, code_compiler, my/wyz/instrumentos.h::hotspots_do::0::94:7
SONIDO0                         = $498B ; addr, local, , mk1_c, code_compiler, my/wyz/instrumentos.h::hotspots_do::0::94:7
SONIDO1                         = $4992 ; addr, local, , mk1_c, code_compiler, my/wyz/instrumentos.h::hotspots_do::0::94:7
SONIDO2                         = $4999 ; addr, local, , mk1_c, code_compiler, my/wyz/instrumentos.h::hotspots_do::0::94:7
SONIDO3                         = $49A0 ; addr, local, , mk1_c, code_compiler, my/wyz/instrumentos.h::hotspots_do::0::94:7
_00_title_mus_bin               = $49AA ; addr, local, , mk1_c, code_compiler, my/wyz/songs.h::hotspots_do::0::94:6
_01_ingame_mus_bin              = $4A2F ; addr, local, , mk1_c, code_compiler, my/wyz/songs.h::hotspots_do::0::94:6
WYZPLAYER_INIT                  = $4C26 ; addr, local, , mk1_c, code_compiler, wyz_player.h::wyz_stop_sound::0::98:50
CARGA_CANCION                   = $4D8A ; addr, local, , mk1_c, code_compiler, wyz_player.h::wyz_stop_sound::0::98:50
INICIA_EFECTO                   = $4C66 ; addr, local, , mk1_c, code_compiler, wyz_player.h::wyz_stop_sound::0::98:50
PLAYER_OFF                      = $4D67 ; addr, local, , mk1_c, code_compiler, wyz_player.h::wyz_stop_sound::0::98:50
CANAL_A                         = $51A0 ; addr, local, , mk1_c, code_compiler, wyz_player.h::wyz_stop_sound::0::98:50
CANAL_B                         = $51A2 ; addr, local, , mk1_c, code_compiler, wyz_player.h::wyz_stop_sound::0::98:50
CANAL_C                         = $51A4 ; addr, local, , mk1_c, code_compiler, wyz_player.h::wyz_stop_sound::0::98:50
CANAL_P                         = $51CE ; addr, local, , mk1_c, code_compiler, wyz_player.h::wyz_stop_sound::0::98:50
INICIO                          = $4C3F ; addr, local, , mk1_c, code_compiler, wyz_player.h::wyz_stop_sound::0::98:50
WYZ_PLAYER_ISR                  = $4C3F ; addr, local, , mk1_c, code_compiler, wyz_player.h::wyz_stop_sound::0::98:50
ROUT                            = $4D2B ; addr, local, , mk1_c, code_compiler, wyz_player.h::wyz_stop_sound::0::98:50
PSG_REG                         = $51E5 ; addr, local, , mk1_c, code_compiler, wyz_player.h::wyz_stop_sound::0::98:50
PSG_REG_SEC                     = $51F5 ; addr, local, , mk1_c, code_compiler, wyz_player.h::wyz_stop_sound::0::98:50
REPRODUCE_SONIDO                = $4C81 ; addr, local, , mk1_c, code_compiler, wyz_player.h::wyz_stop_sound::0::98:50
PLAY                            = $4EC3 ; addr, local, , mk1_c, code_compiler, wyz_player.h::wyz_stop_sound::0::98:50
REPRODUCE_EFECTO                = $4CA0 ; addr, local, , mk1_c, code_compiler, wyz_player.h::wyz_stop_sound::0::98:50
INICIA_SONIDO                   = $4C56 ; addr, local, , mk1_c, code_compiler, wyz_player.h::wyz_stop_sound::0::98:50
EXT_WORD                        = $5172 ; addr, local, , mk1_c, code_compiler, wyz_player.h::wyz_stop_sound::0::98:50
PUNTERO_SONIDO                  = $51DF ; addr, local, , mk1_c, code_compiler, wyz_player.h::wyz_stop_sound::0::98:50
INTERR                          = $5196 ; addr, local, , mk1_c, code_compiler, wyz_player.h::wyz_stop_sound::0::98:50
TABLA_EFECTOS                   = $5285 ; addr, local, , mk1_c, code_compiler, wyz_player.h::wyz_stop_sound::0::98:50
PUNTERO_EFECTO                  = $51BE ; addr, local, , mk1_c, code_compiler, wyz_player.h::wyz_stop_sound::0::98:50
TABLA_DATOS_CANAL_SFX           = $517B ; addr, local, , mk1_c, code_compiler, wyz_player.h::wyz_stop_sound::0::98:50
EFECTO_REGS                     = $51E1 ; addr, local, , mk1_c, code_compiler, wyz_player.h::wyz_stop_sound::0::98:50
SONIDO_REGS                     = $51E3 ; addr, local, , mk1_c, code_compiler, wyz_player.h::wyz_stop_sound::0::98:50
REPRODUCE_SONIDO_O_EFECTO       = $4CBF ; addr, local, , mk1_c, code_compiler, wyz_player.h::wyz_stop_sound::0::98:50
REPRODUCE_SONIDO_LIMPIA_BIT     = $4C9A ; addr, local, , mk1_c, code_compiler, wyz_player.h::wyz_stop_sound::0::98:50
REPRODUCE_EFECTO_LIMPIA_BIT     = $4CB9 ; addr, local, , mk1_c, code_compiler, wyz_player.h::wyz_stop_sound::0::98:50
FIN_SONIDO                      = $4D1B ; addr, local, , mk1_c, code_compiler, wyz_player.h::wyz_stop_sound::0::98:50
NO_ENVOLVENTES_SONIDO           = $4D01 ; addr, local, , mk1_c, code_compiler, wyz_player.h::wyz_stop_sound::0::98:50
NO_RUIDO                        = $4D0E ; addr, local, , mk1_c, code_compiler, wyz_player.h::wyz_stop_sound::0::98:50
SI_RUIDO                        = $4D14 ; addr, local, , mk1_c, code_compiler, wyz_player.h::wyz_stop_sound::0::98:50
ENVOLVENTE_BACK                 = $5206 ; addr, local, , mk1_c, code_compiler, wyz_player.h::wyz_stop_sound::0::98:50
FIN_NOPLAYER                    = $4D24 ; addr, local, , mk1_c, code_compiler, wyz_player.h::wyz_stop_sound::0::98:50
NO_BACKUP_ENVOLVENTE            = $4D35 ; addr, local, , mk1_c, code_compiler, wyz_player.h::wyz_stop_sound::0::98:50
LOUT                            = $4D38 ; addr, local, , mk1_c, code_compiler, wyz_player.h::wyz_stop_sound::0::98:50
WRITEPSGHL                      = $4D50 ; addr, local, , mk1_c, code_compiler, wyz_player.h::wyz_stop_sound::0::98:50
CLEAR_PSG_BUFFER                = $4D6B ; addr, local, , mk1_c, code_compiler, wyz_player.h::wyz_stop_sound::0::98:50
SONG                            = $5197 ; addr, local, , mk1_c, code_compiler, wyz_player.h::wyz_stop_sound::0::98:50
DECODE_SONG                     = $4D93 ; addr, local, , mk1_c, code_compiler, wyz_player.h::wyz_stop_sound::0::98:50
TABLA_SONG                      = $5283 ; addr, local, , mk1_c, code_compiler, wyz_player.h::wyz_stop_sound::0::98:50
TEMPO                           = $5198 ; addr, local, , mk1_c, code_compiler, wyz_player.h::wyz_stop_sound::0::98:50
TTEMPO                          = $5199 ; addr, local, , mk1_c, code_compiler, wyz_player.h::wyz_stop_sound::0::98:50
NPTJP0                          = $4DAF ; addr, local, , mk1_c, code_compiler, wyz_player.h::wyz_stop_sound::0::98:50
PUNTERO_P_DECA                  = $51B2 ; addr, local, , mk1_c, code_compiler, wyz_player.h::wyz_stop_sound::0::98:50
PUNTERO_L_DECA                  = $51C6 ; addr, local, , mk1_c, code_compiler, wyz_player.h::wyz_stop_sound::0::98:50
BGICMODBC1                      = $4E40 ; addr, local, , mk1_c, code_compiler, wyz_player.h::wyz_stop_sound::0::98:50
PUNTERO_P_DECB                  = $51B4 ; addr, local, , mk1_c, code_compiler, wyz_player.h::wyz_stop_sound::0::98:50
PUNTERO_L_DECB                  = $51C8 ; addr, local, , mk1_c, code_compiler, wyz_player.h::wyz_stop_sound::0::98:50
PUNTERO_P_DECC                  = $51B6 ; addr, local, , mk1_c, code_compiler, wyz_player.h::wyz_stop_sound::0::98:50
PUNTERO_L_DECC                  = $51CA ; addr, local, , mk1_c, code_compiler, wyz_player.h::wyz_stop_sound::0::98:50
PUNTERO_P_DECP                  = $51D0 ; addr, local, , mk1_c, code_compiler, wyz_player.h::wyz_stop_sound::0::98:50
PUNTERO_L_DECP                  = $51D4 ; addr, local, , mk1_c, code_compiler, wyz_player.h::wyz_stop_sound::0::98:50
INIT_DECODER                    = $4DFB ; addr, local, , mk1_c, code_compiler, wyz_player.h::wyz_stop_sound::0::98:50
PUNTERO_A                       = $519A ; addr, local, , mk1_c, code_compiler, wyz_player.h::wyz_stop_sound::0::98:50
DECODE_CANAL                    = $4E5A ; addr, local, , mk1_c, code_compiler, wyz_player.h::wyz_stop_sound::0::98:50
PUNTERO_DECA                    = $51B8 ; addr, local, , mk1_c, code_compiler, wyz_player.h::wyz_stop_sound::0::98:50
PUNTERO_B                       = $519C ; addr, local, , mk1_c, code_compiler, wyz_player.h::wyz_stop_sound::0::98:50
PUNTERO_DECB                    = $51BA ; addr, local, , mk1_c, code_compiler, wyz_player.h::wyz_stop_sound::0::98:50
PUNTERO_C                       = $519E ; addr, local, , mk1_c, code_compiler, wyz_player.h::wyz_stop_sound::0::98:50
PUNTERO_DECC                    = $51BC ; addr, local, , mk1_c, code_compiler, wyz_player.h::wyz_stop_sound::0::98:50
PUNTERO_P                       = $51CC ; addr, local, , mk1_c, code_compiler, wyz_player.h::wyz_stop_sound::0::98:50
PUNTERO_DECP                    = $51D2 ; addr, local, , mk1_c, code_compiler, wyz_player.h::wyz_stop_sound::0::98:50
BGICMODBC2                      = $4E42 ; addr, local, , mk1_c, code_compiler, wyz_player.h::wyz_stop_sound::0::98:50
FIN_DEC_CANAL                   = $4EAB ; addr, local, , mk1_c, code_compiler, wyz_player.h::wyz_stop_sound::0::98:50
GETLEN                          = $4EB0 ; addr, local, , mk1_c, code_compiler, wyz_player.h::wyz_stop_sound::0::98:50
NO_SILENCIO                     = $4E69 ; addr, local, , mk1_c, code_compiler, wyz_player.h::wyz_stop_sound::0::98:50
NO_MODIFICA                     = $4EA0 ; addr, local, , mk1_c, code_compiler, wyz_player.h::wyz_stop_sound::0::98:50
NO_PUNTILLO                     = $4E73 ; addr, local, , mk1_c, code_compiler, wyz_player.h::wyz_stop_sound::0::98:50
NO_INSTRUMENTO                  = $4E86 ; addr, local, , mk1_c, code_compiler, wyz_player.h::wyz_stop_sound::0::98:50
NO_ENVOLVENTE                   = $4E93 ; addr, local, , mk1_c, code_compiler, wyz_player.h::wyz_stop_sound::0::98:50
DCBC0                           = $4EBD ; addr, local, , mk1_c, code_compiler, wyz_player.h::wyz_stop_sound::0::98:50
PAUTAS                          = $4F06 ; addr, local, , mk1_c, code_compiler, wyz_player.h::wyz_stop_sound::0::98:50
LOCALIZA_NOTA                   = $4F30 ; addr, local, , mk1_c, code_compiler, wyz_player.h::wyz_stop_sound::0::98:50
LOCALIZA_EFECTO                 = $502B ; addr, local, , mk1_c, code_compiler, wyz_player.h::wyz_stop_sound::0::98:50
PUNTERO_P_A                     = $51A6 ; addr, local, , mk1_c, code_compiler, wyz_player.h::wyz_stop_sound::0::98:50
PAUTA                           = $5072 ; addr, local, , mk1_c, code_compiler, wyz_player.h::wyz_stop_sound::0::98:50
PUNTERO_P_B                     = $51A8 ; addr, local, , mk1_c, code_compiler, wyz_player.h::wyz_stop_sound::0::98:50
PUNTERO_P_C                     = $51AA ; addr, local, , mk1_c, code_compiler, wyz_player.h::wyz_stop_sound::0::98:50
LNJP0                           = $4FA7 ; addr, local, , mk1_c, code_compiler, wyz_player.h::wyz_stop_sound::0::98:50
COMANDOS                        = $4F3D ; addr, local, , mk1_c, code_compiler, wyz_player.h::wyz_stop_sound::0::98:50
COM_EFECTO                      = $4F82 ; addr, local, , mk1_c, code_compiler, wyz_player.h::wyz_stop_sound::0::98:50
NO_DEC_TEMPO                    = $4F4F ; addr, local, , mk1_c, code_compiler, wyz_player.h::wyz_stop_sound::0::98:50
NO_INC_TEMPO                    = $4F54 ; addr, local, , mk1_c, code_compiler, wyz_player.h::wyz_stop_sound::0::98:50
VOL_INST_A                      = $51C1 ; addr, local, , mk1_c, code_compiler, wyz_player.h::wyz_stop_sound::0::98:50
PUNTERO_P_A0                    = $51AC ; addr, local, , mk1_c, code_compiler, wyz_player.h::wyz_stop_sound::0::98:50
COM_ENVOLVENTE                  = $4F92 ; addr, local, , mk1_c, code_compiler, wyz_player.h::wyz_stop_sound::0::98:50
ENVOLVENTE                      = $5205 ; addr, local, , mk1_c, code_compiler, wyz_player.h::wyz_stop_sound::0::98:50
NO_FIN_CANAL_A                  = $4FEA ; addr, local, , mk1_c, code_compiler, wyz_player.h::wyz_stop_sound::0::98:50
FIN_CANAL_A                     = $4FD1 ; addr, local, , mk1_c, code_compiler, wyz_player.h::wyz_stop_sound::0::98:50
FIN_NOTA_A                      = $4FB1 ; addr, local, , mk1_c, code_compiler, wyz_player.h::wyz_stop_sound::0::98:50
FCA_CONT                        = $4FDC ; addr, local, , mk1_c, code_compiler, wyz_player.h::wyz_stop_sound::0::98:50
FIN_RUTINA                      = $502A ; addr, local, , mk1_c, code_compiler, wyz_player.h::wyz_stop_sound::0::98:50
NO_SILENCIO_A                   = $5018 ; addr, local, , mk1_c, code_compiler, wyz_player.h::wyz_stop_sound::0::98:50
SILENCIO_ENVOLVENTE             = $5005 ; addr, local, , mk1_c, code_compiler, wyz_player.h::wyz_stop_sound::0::98:50
REG_NOTA_A                      = $51C0 ; addr, local, , mk1_c, code_compiler, wyz_player.h::wyz_stop_sound::0::98:50
NOTA                            = $5112 ; addr, local, , mk1_c, code_compiler, wyz_player.h::wyz_stop_sound::0::98:50
LEJP0                           = $5042 ; addr, local, , mk1_c, code_compiler, wyz_player.h::wyz_stop_sound::0::98:50
NO_FIN_CANAL_P                  = $506B ; addr, local, , mk1_c, code_compiler, wyz_player.h::wyz_stop_sound::0::98:50
FIN_CANAL_P                     = $5063 ; addr, local, , mk1_c, code_compiler, wyz_player.h::wyz_stop_sound::0::98:50
FIN_NOTA_P                      = $504B ; addr, local, , mk1_c, code_compiler, wyz_player.h::wyz_stop_sound::0::98:50
PCAJP4                          = $507E ; addr, local, , mk1_c, code_compiler, wyz_player.h::wyz_stop_sound::0::98:50
PCAJP0                          = $5092 ; addr, local, , mk1_c, code_compiler, wyz_player.h::wyz_stop_sound::0::98:50
PCAJP1                          = $50A9 ; addr, local, , mk1_c, code_compiler, wyz_player.h::wyz_stop_sound::0::98:50
PCAJP2                          = $50BE ; addr, local, , mk1_c, code_compiler, wyz_player.h::wyz_stop_sound::0::98:50
PCAJP6                          = $50F0 ; addr, local, , mk1_c, code_compiler, wyz_player.h::wyz_stop_sound::0::98:50
ORNMJP1                         = $50FC ; addr, local, , mk1_c, code_compiler, wyz_player.h::wyz_stop_sound::0::98:50
ORNNEG                          = $50DE ; addr, local, , mk1_c, code_compiler, wyz_player.h::wyz_stop_sound::0::98:50
PCAJP3                          = $50E0 ; addr, local, , mk1_c, code_compiler, wyz_player.h::wyz_stop_sound::0::98:50
TABLA_NOTAS                     = $511A ; addr, local, , mk1_c, code_compiler, wyz_player.h::wyz_stop_sound::0::98:50
PCAJP5                          = $5104 ; addr, local, , mk1_c, code_compiler, wyz_player.h::wyz_stop_sound::0::98:50
PCAJP7                          = $510E ; addr, local, , mk1_c, code_compiler, wyz_player.h::wyz_stop_sound::0::98:50
EVOLVENTES                      = $5127 ; addr, local, , mk1_c, code_compiler, wyz_player.h::wyz_stop_sound::0::98:50
DATOS_NOTAS                     = $5207 ; addr, local, , mk1_c, code_compiler, wyz_player.h::wyz_stop_sound::0::98:50
FRECUENCIA_OFF                  = $5141 ; addr, local, , mk1_c, code_compiler, wyz_player.h::wyz_stop_sound::0::98:50
CONT_ENV                        = $514A ; addr, local, , mk1_c, code_compiler, wyz_player.h::wyz_stop_sound::0::98:50
CRTBC0                          = $5154 ; addr, local, , mk1_c, code_compiler, wyz_player.h::wyz_stop_sound::0::98:50
SELECT_CANAL_A                  = $5181 ; addr, local, , mk1_c, code_compiler, wyz_player.h::wyz_stop_sound::0::98:50
SELECT_CANAL_B                  = $5188 ; addr, local, , mk1_c, code_compiler, wyz_player.h::wyz_stop_sound::0::98:50
SELECT_CANAL_C                  = $518F ; addr, local, , mk1_c, code_compiler, wyz_player.h::wyz_stop_sound::0::98:50
PUNTERO_P_B0                    = $51AE ; addr, local, , mk1_c, code_compiler, wyz_player.h::wyz_stop_sound::0::98:50
PUNTERO_P_C0                    = $51B0 ; addr, local, , mk1_c, code_compiler, wyz_player.h::wyz_stop_sound::0::98:50
REG_NOTA_B                      = $51C2 ; addr, local, , mk1_c, code_compiler, wyz_player.h::wyz_stop_sound::0::98:50
VOL_INST_B                      = $51C3 ; addr, local, , mk1_c, code_compiler, wyz_player.h::wyz_stop_sound::0::98:50
REG_NOTA_C                      = $51C4 ; addr, local, , mk1_c, code_compiler, wyz_player.h::wyz_stop_sound::0::98:50
VOL_INST_C                      = $51C5 ; addr, local, , mk1_c, code_compiler, wyz_player.h::wyz_stop_sound::0::98:50
SFX_L                           = $51D6 ; addr, local, , mk1_c, code_compiler, wyz_player.h::wyz_stop_sound::0::98:50
SFX_H                           = $51D8 ; addr, local, , mk1_c, code_compiler, wyz_player.h::wyz_stop_sound::0::98:50
SFX_V                           = $51DA ; addr, local, , mk1_c, code_compiler, wyz_player.h::wyz_stop_sound::0::98:50
SFX_MIX                         = $51DC ; addr, local, , mk1_c, code_compiler, wyz_player.h::wyz_stop_sound::0::98:50
N_SONIDO                        = $51DE ; addr, local, , mk1_c, code_compiler, wyz_player.h::wyz_stop_sound::0::98:50
i_176                           = $52E8 ; addr, local, , mk1_c, code_compiler, my/title_screen.h::title_screen::0::98:6
i_178                           = $52FC ; addr, local, , mk1_c, code_compiler, my/title_screen.h::title_screen::0::98:6
i_177                           = $5310 ; addr, local, , mk1_c, code_compiler, my/title_screen.h::title_screen::0::98:6
i_179                           = $52E8 ; addr, local, , mk1_c, code_compiler, my/title_screen.h::title_screen::0::98:6
_copy_keys_to_extern            = $5313 ; addr, local, , mk1_c, code_compiler, my/title_screen.h::title_screen::0::98:6
_isr                            = $533E ; addr, local, , mk1_c, code_compiler, mainloop.h::main::0::103:7
isr_done                        = $536E ; addr, local, , mk1_c, code_compiler, mainloop.h::main::0::103:7
isr_c1                          = $536C ; addr, local, , mk1_c, code_compiler, mainloop.h::main::0::103:7
_skip_player                    = $5366 ; addr, local, , mk1_c, code_compiler, mainloop.h::main::0::103:7
isr_c2                          = $536D ; addr, local, , mk1_c, code_compiler, mainloop.h::main::0::103:7
i_182                           = $5403 ; addr, local, , mk1_c, code_compiler, mainloop.h::main::0::103:7
i_180                           = $53FE ; addr, local, , mk1_c, code_compiler, mainloop.h::main::0::103:7
i_181                           = $5442 ; addr, local, , mk1_c, code_compiler, mainloop.h::main::0::103:7
i_185                           = $5450 ; addr, local, , mk1_c, code_compiler, mainloop.h::main::0::103:7
i_183                           = $5449 ; addr, local, , mk1_c, code_compiler, mainloop.h::main::0::103:7
i_184                           = $5490 ; addr, local, , mk1_c, code_compiler, mainloop.h::main::0::103:7
_spr_on                         = $E648 ; const, local, , mk1_c, code_compiler, mk1.c::main::0::124:108
i_186                           = $5491 ; addr, local, , mk1_c, code_compiler, mainloop.h::main::1::106:176
_game_loop_init                 = $549B ; addr, local, , mk1_c, code_compiler, mainloop/game_loop.h::main::3::108:0
i_188                           = $54DC ; addr, local, , mk1_c, code_compiler, mainloop/game_loop.h::main::3::108:51
i_189                           = $5698 ; addr, local, , mk1_c, code_compiler, mainloop/game_loop.h::main::4::122:318
_game_loop_do                   = $54E4 ; addr, local, , mk1_c, code_compiler, mainloop/game_loop.h::main::3::108:51
i_190                           = $5505 ; addr, local, , mk1_c, code_compiler, ./mainloop/hud.h::main::4::110:0
i_191                           = $551E ; addr, local, , mk1_c, code_compiler, ./mainloop/hud.h::main::4::110:0
i_192                           = $554D ; addr, local, , mk1_c, code_compiler, mainloop/game_loop.h::main::4::112:163
i_193                           = $5588 ; addr, local, , mk1_c, code_compiler, mainloop/game_loop.h::main::6::114:182
i_194                           = $5581 ; addr, local, , mk1_c, code_compiler, mainloop/game_loop.h::main::6::114:182
i_195                           = $5588 ; addr, local, , mk1_c, code_compiler, mainloop/game_loop.h::main::6::114:182
i_196                           = $55A0 ; addr, local, , mk1_c, code_compiler, mainloop/game_loop.h::main::6::114:182
i_197                           = $55BB ; addr, local, , mk1_c, code_compiler, mainloop/game_loop.h::main::6::114:182
i_198                           = $55BB ; addr, local, , mk1_c, code_compiler, mainloop/game_loop.h::main::6::114:182
i_200                           = $55DF ; addr, local, , mk1_c, code_compiler, ./mainloop/flick_screen.h::main::4::116:0
i_199                           = $55DF ; addr, local, , mk1_c, code_compiler, ./mainloop/flick_screen.h::main::4::116:0
i_201_i_200                     = $55CD ; addr, local, , mk1_c, code_compiler, ./mainloop/flick_screen.h::main::4::116:0
i_203                           = $5607 ; addr, local, , mk1_c, code_compiler, ./mainloop/flick_screen.h::main::4::116:0
i_202                           = $5607 ; addr, local, , mk1_c, code_compiler, ./mainloop/flick_screen.h::main::4::116:0
i_204_i_203                     = $55F4 ; addr, local, , mk1_c, code_compiler, ./mainloop/flick_screen.h::main::4::116:0
i_206                           = $5634 ; addr, local, , mk1_c, code_compiler, ./mainloop/flick_screen.h::main::4::116:0
i_205                           = $5634 ; addr, local, , mk1_c, code_compiler, ./mainloop/flick_screen.h::main::4::116:0
i_207_i_206                     = $5622 ; addr, local, , mk1_c, code_compiler, ./mainloop/flick_screen.h::main::4::116:0
i_209                           = $5679 ; addr, local, , mk1_c, code_compiler, ./mainloop/flick_screen.h::main::4::116:0
i_208                           = $5679 ; addr, local, , mk1_c, code_compiler, mainloop/game_loop.h::main::4::121:281
i_210_i_209                     = $564D ; addr, local, , mk1_c, code_compiler, ./mainloop/flick_screen.h::main::4::116:0
i_211                           = $5679 ; addr, local, , mk1_c, code_compiler, ./mainloop/flick_screen.h::main::4::116:0
i_212                           = $5679 ; addr, local, , mk1_c, code_compiler, ./mainloop/flick_screen.h::main::4::116:0
i_214                           = $5689 ; addr, local, , mk1_c, code_compiler, mainloop/game_loop.h::main::4::121:281
i_213                           = $54DC ; addr, local, , mk1_c, code_compiler, mainloop/game_loop.h::main::4::122:318
i_216                           = $56A9 ; addr, local, , mk1_c, code_compiler, mainloop.h::main::3::122:237
i_217                           = $56AC ; addr, local, , mk1_c, code_compiler, mainloop.h::main::4::124:275
i_187                           = $56BA ; addr, local, , mk1_c, code_compiler, mainloop.h::main::2::124:282
soloCopia                       = $0493 ; addr, local, , cpc_ShowTileMap, , cpc_ShowTileMap.asm:37
contador_tiles                  = $04E5 ; addr, local, , cpc_ShowTileMap, , cpc_ShowTileMap.asm:109
contador_tiles2                 = $04E6 ; addr, local, , cpc_ShowTileMap, , cpc_ShowTileMap.asm:111
transferir_pantalla_a_superbuffer = $04A0 ; addr, local, , cpc_ShowTileMap, , cpc_ShowTileMap.asm:50
cpc_PutSp                       = $04FC ; addr, local, , cpc_ShowTileMap, , cpc_ShowTileMap.asm:142
bucle_dibujado_fondo            = $04A7 ; addr, local, , cpc_ShowTileMap, , cpc_ShowTileMap.asm:57
transferir_map_sbuffer          = $04E8 ; addr, local, , cpc_ShowTileMap, , cpc_ShowTileMap.asm:114
incremento2                     = $04D8 ; addr, local, , cpc_ShowTileMap, , cpc_ShowTileMap.asm:100
loop_alto_map_sbuffer           = $04EE ; addr, local, , cpc_ShowTileMap, , cpc_ShowTileMap.asm:120
loop_ancho_map_sbuffer          = $04EE ; addr, local, , cpc_ShowTileMap, , cpc_ShowTileMap.asm:121
loop_alto_2                     = $04FE ; addr, local, , cpc_ShowTileMap, , cpc_ShowTileMap.asm:147
sig_linea_2                     = $0515 ; addr, local, , cpc_ShowTileMap, , cpc_ShowTileMap.asm:184
_tiles_tocados_ptr              = $0552 ; addr, local, , cpc_UpdScr, , cpc_UpdScr.asm:60
main_loop                       = $0535 ; addr, local, , cpc_UpdScr, , cpc_UpdScr.asm:38
process_touched_byte            = $0554 ; addr, local, , cpc_UpdScr, , cpc_UpdScr.asm:63
bit0_skip                       = $055D ; addr, local, , cpc_UpdScr, , cpc_UpdScr.asm:72
ucopyTile                       = $05A7 ; addr, local, , cpc_UpdScr, , cpc_UpdScr.asm:135
bit1_skip                       = $0567 ; addr, local, , cpc_UpdScr, , cpc_UpdScr.asm:80
bit2_skip                       = $0571 ; addr, local, , cpc_UpdScr, , cpc_UpdScr.asm:88
bit3_skip                       = $057B ; addr, local, , cpc_UpdScr, , cpc_UpdScr.asm:96
bit4_skip                       = $0585 ; addr, local, , cpc_UpdScr, , cpc_UpdScr.asm:104
bit5_skip                       = $058F ; addr, local, , cpc_UpdScr, , cpc_UpdScr.asm:112
bit6_skip                       = $0599 ; addr, local, , cpc_UpdScr, , cpc_UpdScr.asm:120
bit7_skip                       = $05A3 ; addr, local, , cpc_UpdScr, , cpc_UpdScr.asm:128
transferir_map_sbuffer_grey     = $05B6 ; addr, local, , cpc_UpdScr, , cpc_UpdScr.asm:170
skeep                           = $05F3 ; addr, local, , cpc_UpdScr, , cpc_UpdScr.asm:243
bucle_cpc_ShowTouchedTiles      = $0600 ; addr, local, , cpc_ShowTouchedTiles, , cpc_ShowTouchedTiles.asm:46
process                         = $060A ; addr, local, , cpc_ShowTouchedTiles, , cpc_ShowTouchedTiles.asm:65
skipall                         = $0636 ; addr, local, , cpc_ShowTouchedTiles, , cpc_ShowTouchedTiles.asm:99
checkbit                        = $0642 ; addr, local, , cpc_ShowTouchedTiles, , cpc_ShowTouchedTiles.asm:113
noincd                          = $063E ; addr, local, , cpc_ShowTouchedTiles, , cpc_ShowTouchedTiles.asm:107
checkbit_done                   = $069E ; addr, local, , cpc_ShowTouchedTiles, , cpc_ShowTouchedTiles.asm:373
copyTile                        = $0645 ; addr, local, , cpc_ShowTouchedTiles, , cpc_ShowTouchedTiles.asm:116
posicionar_superbuffer          = $0647 ; addr, local, , cpc_ShowTouchedTiles, , cpc_ShowTouchedTiles.asm:122
posicionar_pantalla             = $0650 ; addr, local, , cpc_ShowTouchedTiles, , cpc_ShowTouchedTiles.asm:135
transf_bloque_sb_pantalla       = $065E ; addr, local, , cpc_ShowTouchedTiles, , cpc_ShowTouchedTiles.asm:151
copycell_done                   = $069C ; addr, local, , cpc_ShowTouchedTiles, , cpc_ShowTouchedTiles.asm:368
do_update                       = $06BC ; addr, local, , cpc_PutSpTileMap4x8, , cpc_PutSpTileMap4x8.asm:49
ancho                           = $06F4 ; addr, local, , cpc_PutSpTileMap4x8, , cpc_PutSpTileMap4x8.asm:99
alto                            = $06F5 ; addr, local, , cpc_PutSpTileMap4x8, , cpc_PutSpTileMap4x8.asm:100
origin_next_row                 = $06DF ; addr, local, , cpc_PutSpTileMap4x8, , cpc_PutSpTileMap4x8.asm:79
fin                             = $06F3 ; addr, local, , cpc_PutSpTileMap4x8, , cpc_PutSpTileMap4x8.asm:96
do_update                       = $0710 ; addr, local, , cpc_PutSpTileMap8x16Px, , cpc_PutSpTileMap8x16Px.asm:50
ancho                           = $0766 ; addr, local, , cpc_PutSpTileMap8x16Px, , cpc_PutSpTileMap8x16Px.asm:133
alto                            = $0767 ; addr, local, , cpc_PutSpTileMap8x16Px, , cpc_PutSpTileMap8x16Px.asm:134
origin_next_row                 = $0738 ; addr, local, , cpc_PutSpTileMap8x16Px, , cpc_PutSpTileMap8x16Px.asm:85
origin_last_row                 = $074C ; addr, local, , cpc_PutSpTileMap8x16Px, , cpc_PutSpTileMap8x16Px.asm:105
fin                             = $0765 ; addr, local, , cpc_PutSpTileMap8x16Px, , cpc_PutSpTileMap8x16Px.asm:130
pulsado                         = $077F ; addr, local, , cpc_TestKey, , cpc_TestKey.asm:34
bucle_deteccion_tecla           = $07A8 ; addr, local, , cpc_AnyKeyPressed, , cpc_AnyKeyPressed.asm:13
tecla_pulsada                   = $07BB ; addr, local, , cpc_AnyKeyPressed, , cpc_AnyKeyPressed.asm:25
CHURRERA_CLIPPING               = $0001 ; const, local, , cpc_UpdTileTable, , CPCconfig.def:16
pasa_bloque_a_sbuffer           = $081A ; addr, local, , cpc_PutTrSp4x8TileMap2b, , cpc_PutTrSp4x8TileMap2b.asm:30
transferir_sprite               = $081A ; addr, local, , cpc_PutTrSp4x8TileMap2b, , cpc_PutTrSp4x8TileMap2b.asm:32
sp_buffer_mask                  = $0831 ; addr, local, , cpc_PutTrSp4x8TileMap2b, , cpc_PutTrSp4x8TileMap2b.asm:52
loop_alto_map_sbuffer           = $0837 ; addr, local, , cpc_PutTrSp4x8TileMap2b, , cpc_PutTrSp4x8TileMap2b.asm:58
pasa_bloque_a_sbuffer           = $0862 ; addr, local, , cpc_PutTrSp8x16TileMap2bPx, , cpc_PutTrSp8x16TileMap2bPx.asm:33
transferir_sprite               = $0862 ; addr, local, , cpc_PutTrSp8x16TileMap2bPx, , cpc_PutTrSp8x16TileMap2bPx.asm:35
sp_buffer_mask                  = $0879 ; addr, local, , cpc_PutTrSp8x16TileMap2bPx, , cpc_PutTrSp8x16TileMap2bPx.asm:55
loop_alto_map_sbuffer_shifted   = $08B0 ; addr, local, , cpc_PutTrSp8x16TileMap2bPx, , cpc_PutTrSp8x16TileMap2bPx.asm:119
loop_alto_map_sbuffer           = $0883 ; addr, local, , cpc_PutTrSp8x16TileMap2bPx, , cpc_PutTrSp8x16TileMap2bPx.asm:65
keymap0                         = $092E ; addr, local, , cpc_KeysData, , cpc_KeysData.asm:16
tecla_0                         = $0938 ; addr, local, , cpc_KeysData, , cpc_KeysData.asm:18
tabla_teclas0                   = $093A ; addr, local, , cpc_KeysData, , cpc_KeysData.asm:20
noinc                           = $0960 ; addr, local, , cpc_TblLookup, , cpc_TblLookup.asm:17
cpc_InvalidateRect_P            = $096A ; addr, local, , cpc_InvalidateRect, , cpc_InvalidateRect.asm:42
noinc1                          = $0990 ; addr, local, , cpc_InvalidateRect, , cpc_InvalidateRect.asm:86
invcollp                        = $0994 ; addr, local, , cpc_InvalidateRect, , cpc_InvalidateRect.asm:92
invfullchar                     = $09A7 ; addr, local, , cpc_InvalidateRect, , cpc_InvalidateRect.asm:109
noinc2                          = $09A3 ; addr, local, , cpc_InvalidateRect, , cpc_InvalidateRect.asm:103
invrowlp                        = $09A9 ; addr, local, , cpc_InvalidateRect, , cpc_InvalidateRect.asm:113
noinc3                          = $09B4 ; addr, local, , cpc_InvalidateRect, , cpc_InvalidateRect.asm:124
l_asr1                          = $57A3 ; addr, local, , l_asr, code_crt0_sccz80, sccz80/crt0_z80/l_asr.asm:17
__CLIB_OPT_IMATH                = $0000 ; const, local, , l_divu_16_16x16, , ../config_private.inc:27
divide_zero                     = $584F ; addr, local, , l_small_divu_16_16x16, code_math, ../_DEVELOPMENT/math/integer/small/l_small_divu_16_16x16.asm:141
divisor_sixteen_bit             = $5821 ; addr, local, , l_small_divu_16_16x16, code_math, ../_DEVELOPMENT/math/integer/small/l_small_divu_16_16x16.asm:50
loop_16_0                       = $5827 ; addr, local, , l_small_divu_16_16x16, code_math, ../_DEVELOPMENT/math/integer/small/l_small_divu_16_16x16.asm:60
loop_16_1                       = $582F ; addr, local, , l_small_divu_16_16x16, code_math, ../_DEVELOPMENT/math/integer/small/l_small_divu_16_16x16.asm:69
loop_8_0                        = $5841 ; addr, local, , l_small_divu_16_16x16, code_math, ../_DEVELOPMENT/math/integer/small/l_small_divu_16_16x16.asm:118
loop_8_2                        = $5848 ; addr, local, , l_small_divu_16_16x16, code_math, ../_DEVELOPMENT/math/integer/small/l_small_divu_16_16x16.asm:127
loop_8_1                        = $584A ; addr, local, , l_small_divu_16_16x16, code_math, ../_DEVELOPMENT/math/integer/small/l_small_divu_16_16x16.asm:132
l_sxt                           = $57B7 ; addr, local, , l_gchar, code_crt0_sccz80, sccz80/crt0_z80/l_gchar.asm:12
__CLIB_OPT_IMATH                = $0000 ; const, local, , l_mulu_16_16x16, , ../config_private.inc:27
eight_bit_1                     = $5862 ; addr, local, , l_small_mul_16_16x16, code_math, ../_DEVELOPMENT/math/integer/small/l_small_mul_16_16x16.asm:40
eight_bit_0                     = $5861 ; addr, local, , l_small_mul_16_16x16, code_math, ../_DEVELOPMENT/math/integer/small/l_small_mul_16_16x16.asm:36
rejoin                          = $5865 ; addr, local, , l_small_mul_16_16x16, code_math, ../_DEVELOPMENT/math/integer/small/l_small_mul_16_16x16.asm:57
loop_0                          = $5868 ; addr, local, , l_small_mul_16_16x16, code_math, ../_DEVELOPMENT/math/integer/small/l_small_mul_16_16x16.asm:61
loop_1                          = $586F ; addr, local, , l_small_mul_16_16x16, code_math, ../_DEVELOPMENT/math/integer/small/l_small_mul_16_16x16.asm:75
TileMapConf                     = $0406 ; addr, public, , tilemap_conf_asm, , tilemap_conf.asm:75
_nametable                      = $0100 ; const, public, , tilemap_conf_asm, , tilemap_conf.asm:60
pantalla_juego                  = $0100 ; const, public, , tilemap_conf_asm, , tilemap_conf.asm:61
tiles_tocados                   = $CE00 ; const, public, , tilemap_conf_asm, , tilemap_conf.asm:58
posiciones_pantalla             = $0406 ; addr, public, , tilemap_conf_asm, , tilemap_conf.asm:77
posiciones_super_buffer         = $0436 ; addr, public, , tilemap_conf_asm, , tilemap_conf.asm:106
posicion_inicial_area_visible   = $C000 ; const, public, , tilemap_conf_asm, , tilemap_conf.asm:63
posicion_inicial_superbuffer    = $9000 ; const, public, , tilemap_conf_asm, , tilemap_conf.asm:64
ancho_pantalla_bytes            = $0040 ; const, public, , tilemap_conf_asm, , tilemap_conf.asm:69
alto_pantalla_bytes             = $00C0 ; const, public, , tilemap_conf_asm, , tilemap_conf.asm:70
ancho_pantalla_bytes_visible    = $0040 ; const, public, , tilemap_conf_asm, , tilemap_conf.asm:71
mascara1                        = $0000 ; const, public, , tilemap_conf_asm, , tilemap_conf.asm:53
mascara2                        = $0000 ; const, public, , tilemap_conf_asm, , tilemap_conf.asm:54
viewport_x                      = $0000 ; const, public, , mk1_c, code_compiler, autodefs.h:8
viewport_y                      = $0002 ; const, public, , mk1_c, code_compiler, autodefs.h:8
tiles                           = $1EDF ; addr, public, , mk1_c, code_compiler, assets/tileset.h::blackout::0::2:5
_def_keys                       = $0466 ; addr, public, , mk1_c, , my/config.h:232
_behs                           = $09D2 ; addr, public, , mk1_c, data_compiler, my/config.h:350
_enems_load                     = $3FAD ; addr, public, , mk1_c, code_compiler, engine/enengine.h::enems_load::0::65:28
_enems_kill                     = $4192 ; addr, public, , mk1_c, code_compiler, engine/enengine.h::enems_kill::0::72:128
_enems_move                     = $41B2 ; addr, public, , mk1_c, code_compiler, engine/enengine.h::enems_move::0::73:143
_collide                        = $3637 ; addr, public, , mk1_c, code_compiler, engine/general.h::collide::0::21:6
_cm_two_points                  = $3697 ; addr, public, , mk1_c, code_compiler, engine/general.h::cm_two_points::0::22:14
_rand                           = $36F4 ; addr, public, , mk1_c, code_compiler, engine/general.h::rand::0::23:91
_abs                            = $371D ; addr, public, , mk1_c, code_compiler, engine/general.h::abs::0::24:135
_hotspots_init                  = $45AB ; addr, public, , mk1_c, code_compiler, engine/hotspots.h::hotspots_init::0::88:7
_hotspots_do                    = $45D2 ; addr, public, , mk1_c, code_compiler, engine/hotspots.h::hotspots_do::0::90:14
_player_init                    = $3919 ; addr, public, , mk1_c, code_compiler, engine/player.h::player_init::0::33:6
_player_calc_bounding_box       = $397A ; addr, public, , mk1_c, code_compiler, engine/player.h::player_calc_bounding_box::0::34:60
_player_move                    = $39BB ; addr, public, , mk1_c, code_compiler, engine/player.h::player_move::0::35:155
_player_deplete                 = $3F61 ; addr, public, , mk1_c, code_compiler, engine/player.h::player_deplete::0::63:749
_player_kill                    = $3F8C ; addr, public, , mk1_c, code_compiler, engine/player.h::player_kill::0::64:753
_unpack                         = $1984 ; addr, public, , mk1_c, code_compiler, aplib.h::unpack::0::0:155
_game_ending                    = $3734 ; addr, public, , mk1_c, code_compiler, my/fixed_screens.h::game_ending::0::25:4
_game_over                      = $375C ; addr, public, , mk1_c, code_compiler, my/fixed_screens.h::game_over::0::26:19
_addsign                        = $37A6 ; addr, public, , mk1_c, code_compiler, engine.h::addsign::0::27:16
_espera_activa                  = $37C0 ; addr, public, , mk1_c, code_compiler, engine.h::espera_activa::0::28:24
_draw_scr_background            = $37E1 ; addr, public, , mk1_c, code_compiler, engine.h::draw_scr_background::0::30:127
_draw_scr                       = $3892 ; addr, public, , mk1_c, code_compiler, engine.h::draw_scr::0::32:294
_blackout                       = $1EC0 ; addr, public, , mk1_c, code_compiler, pantallas.h::blackout::0::1:30
_attr                           = $3386 ; addr, public, , mk1_c, code_compiler, printer.h::attr::0::2:6
_qtile                          = $33D1 ; addr, public, , mk1_c, code_compiler, printer.h::qtile::0::3:11
_draw_coloured_tile             = $3414 ; addr, public, , mk1_c, code_compiler, printer.h::draw_coloured_tile::0::5:90
_invalidate_tile                = $342F ; addr, public, , mk1_c, code_compiler, printer.h::invalidate_tile::0::6:373
_invalidate_viewport            = $3448 ; addr, public, , mk1_c, code_compiler, printer.h::invalidate_viewport::0::7:393
_draw_invalidate_coloured_tile_gamearea = $3454 ; addr, public, , mk1_c, code_compiler, printer.h::draw_invalidate_coloured_tile_gamearea::0::8:405
_draw_coloured_tile_gamearea    = $345B ; addr, public, , mk1_c, code_compiler, printer.h::draw_coloured_tile_gamearea::0::9:410
_draw_decorations               = $3477 ; addr, public, , mk1_c, code_compiler, printer.h::draw_decorations::0::10:414
_update_tile                    = $34AA ; addr, public, , mk1_c, code_compiler, printer.h::update_tile::0::11:459
_print_number2                  = $34DB ; addr, public, , mk1_c, code_compiler, printer.h::print_number2::0::12:501
_draw_objs                      = $3522 ; addr, public, , mk1_c, code_compiler, printer.h::draw_objs::0::13:523
_print_str                      = $3539 ; addr, public, , mk1_c, code_compiler, printer.h::print_str::0::14:586
_clear_sprites                  = $3568 ; addr, public, , mk1_c, code_compiler, printer.h::clear_sprites::0::15:640
_cpc_UpdateNow                  = $35C4 ; addr, public, , mk1_c, code_compiler, engine/update.h::cpc_UpdateNow::0::18:9
_wyz_init                       = $4BE2 ; addr, public, , mk1_c, code_compiler, wyz_player.h::wyz_init::0::94:8
_wyz_play_music                 = $4BED ; addr, public, , mk1_c, code_compiler, wyz_player.h::wyz_play_music::0::95:17
_wyz_play_sound                 = $4C15 ; addr, public, , mk1_c, code_compiler, wyz_player.h::wyz_play_sound::0::96:29
_wyz_stop_sound                 = $4C1E ; addr, public, , mk1_c, code_compiler, wyz_player.h::wyz_stop_sound::0::97:40
_pad0                           = $56F4 ; addr, public, , mk1_c, bss_compiler, mk1.c::main::0::124:108
_enoffs                         = $56F5 ; addr, public, , mk1_c, bss_compiler, mk1.c::main::0::124:108
_asm_number                     = $56F6 ; addr, public, , mk1_c, bss_compiler, mk1.c::main::0::124:108
_asm_int                        = $56F7 ; addr, public, , mk1_c, bss_compiler, mk1.c::main::0::124:108
_asm_int_2                      = $56F9 ; addr, public, , mk1_c, bss_compiler, mk1.c::main::0::124:108
_seed                           = $56FB ; addr, public, , mk1_c, bss_compiler, mk1.c::main::0::124:108
_half_life                      = $56FD ; addr, public, , mk1_c, bss_compiler, mk1.c::main::0::124:108
_p_x                            = $56FE ; addr, public, , mk1_c, bss_compiler, mk1.c::main::0::124:108
_p_y                            = $5700 ; addr, public, , mk1_c, bss_compiler, mk1.c::main::0::124:108
_p_vx                           = $5702 ; addr, public, , mk1_c, bss_compiler, mk1.c::main::0::124:108
_p_vy                           = $5704 ; addr, public, , mk1_c, bss_compiler, mk1.c::main::0::124:108
_p_saltando                     = $5706 ; addr, public, , mk1_c, bss_compiler, mk1.c::main::0::124:108
_p_cont_salto                   = $5707 ; addr, public, , mk1_c, bss_compiler, mk1.c::main::0::124:108
_p_frame                        = $5708 ; addr, public, , mk1_c, bss_compiler, mk1.c::main::0::124:108
_p_subframe                     = $5709 ; addr, public, , mk1_c, bss_compiler, mk1.c::main::0::124:108
_p_facing                       = $570A ; addr, public, , mk1_c, bss_compiler, mk1.c::main::0::124:108
_p_estado                       = $570B ; addr, public, , mk1_c, bss_compiler, mk1.c::main::0::124:108
_p_ct_estado                    = $570C ; addr, public, , mk1_c, bss_compiler, mk1.c::main::0::124:108
_p_gotten                       = $570D ; addr, public, , mk1_c, bss_compiler, mk1.c::main::0::124:108
_pregotten                      = $570E ; addr, public, , mk1_c, bss_compiler, mk1.c::main::0::124:108
_p_life                         = $570F ; addr, public, , mk1_c, bss_compiler, mk1.c::main::0::124:108
_p_objs                         = $5710 ; addr, public, , mk1_c, bss_compiler, mk1.c::main::0::124:108
_p_keys                         = $5711 ; addr, public, , mk1_c, bss_compiler, mk1.c::main::0::124:108
_p_fuel                         = $5712 ; addr, public, , mk1_c, bss_compiler, mk1.c::main::0::124:108
_p_killed                       = $5713 ; addr, public, , mk1_c, bss_compiler, mk1.c::main::0::124:108
_p_disparando                   = $5714 ; addr, public, , mk1_c, bss_compiler, mk1.c::main::0::124:108
_p_facing_v                     = $5715 ; addr, public, , mk1_c, bss_compiler, mk1.c::main::0::124:108
_p_facing_h                     = $5716 ; addr, public, , mk1_c, bss_compiler, mk1.c::main::0::124:108
_p_ammo                         = $5717 ; addr, public, , mk1_c, bss_compiler, mk1.c::main::0::124:108
_p_killme                       = $5718 ; addr, public, , mk1_c, bss_compiler, mk1.c::main::0::124:108
_p_kill_amt                     = $5719 ; addr, public, , mk1_c, bss_compiler, mk1.c::main::0::124:108
_p_tx                           = $571A ; addr, public, , mk1_c, bss_compiler, mk1.c::main::0::124:108
_p_ty                           = $571B ; addr, public, , mk1_c, bss_compiler, mk1.c::main::0::124:108
_p_jetpac_on                    = $571C ; addr, public, , mk1_c, bss_compiler, mk1.c::main::0::124:108
_ptgmx                          = $571D ; addr, public, , mk1_c, bss_compiler, mk1.c::main::0::124:108
_ptgmy                          = $571F ; addr, public, , mk1_c, bss_compiler, mk1.c::main::0::124:108
_spacer                         = $0A02 ; addr, public, , mk1_c, data_compiler, definitions.h:121
_enit                           = $5721 ; addr, public, , mk1_c, bss_compiler, mk1.c::main::0::124:108
_enspit                         = $5722 ; addr, public, , mk1_c, bss_compiler, mk1.c::main::0::124:108
__en_x                          = $5723 ; addr, public, , mk1_c, bss_compiler, mk1.c::main::0::124:108
__en_y                          = $5724 ; addr, public, , mk1_c, bss_compiler, mk1.c::main::0::124:108
__en_x1                         = $5725 ; addr, public, , mk1_c, bss_compiler, mk1.c::main::0::124:108
__en_y1                         = $5726 ; addr, public, , mk1_c, bss_compiler, mk1.c::main::0::124:108
__en_x2                         = $5727 ; addr, public, , mk1_c, bss_compiler, mk1.c::main::0::124:108
__en_y2                         = $5728 ; addr, public, , mk1_c, bss_compiler, mk1.c::main::0::124:108
__en_mx                         = $5729 ; addr, public, , mk1_c, bss_compiler, mk1.c::main::0::124:108
__en_my                         = $572A ; addr, public, , mk1_c, bss_compiler, mk1.c::main::0::124:108
__en_t                          = $572B ; addr, public, , mk1_c, bss_compiler, mk1.c::main::0::124:108
__en_life                       = $572C ; addr, public, , mk1_c, bss_compiler, mk1.c::main::0::124:108
__baddies_pointer               = $572D ; addr, public, , mk1_c, bss_compiler, mk1.c::main::0::124:108
_hotspot_x                      = $572F ; addr, public, , mk1_c, bss_compiler, mk1.c::main::0::124:108
_hotspot_y                      = $5730 ; addr, public, , mk1_c, bss_compiler, mk1.c::main::0::124:108
_hotspot_destroy                = $5731 ; addr, public, , mk1_c, bss_compiler, mk1.c::main::0::124:108
_orig_tile                      = $5732 ; addr, public, , mk1_c, bss_compiler, mk1.c::main::0::124:108
_flags                          = $5733 ; addr, public, , mk1_c, bss_compiler, mk1.c::main::0::124:108
_o_pant                         = $5753 ; addr, public, , mk1_c, bss_compiler, mk1.c::main::0::124:108
_n_pant                         = $5754 ; addr, public, , mk1_c, bss_compiler, mk1.c::main::0::124:108
_is_rendering                   = $5755 ; addr, public, , mk1_c, bss_compiler, mk1.c::main::0::124:108
_level                          = $5756 ; addr, public, , mk1_c, bss_compiler, mk1.c::main::0::124:108
_slevel                         = $5757 ; addr, public, , mk1_c, bss_compiler, mk1.c::main::0::124:108
_warp_to_level                  = $0A04 ; addr, public, , mk1_c, data_compiler, definitions.h:203
_maincounter                    = $5758 ; addr, public, , mk1_c, bss_compiler, mk1.c::main::0::124:108
_gpx                            = $5759 ; addr, public, , mk1_c, bss_compiler, mk1.c::main::0::124:108
_gpox                           = $575A ; addr, public, , mk1_c, bss_compiler, mk1.c::main::0::124:108
_gpy                            = $575B ; addr, public, , mk1_c, bss_compiler, mk1.c::main::0::124:108
_gpd                            = $575C ; addr, public, , mk1_c, bss_compiler, mk1.c::main::0::124:108
_gpc                            = $575D ; addr, public, , mk1_c, bss_compiler, mk1.c::main::0::124:108
_gpt                            = $575E ; addr, public, , mk1_c, bss_compiler, mk1.c::main::0::124:108
_gpxx                           = $575F ; addr, public, , mk1_c, bss_compiler, mk1.c::main::0::124:108
_gpyy                           = $5760 ; addr, public, , mk1_c, bss_compiler, mk1.c::main::0::124:108
_gpcx                           = $5761 ; addr, public, , mk1_c, bss_compiler, mk1.c::main::0::124:108
_gpcy                           = $5762 ; addr, public, , mk1_c, bss_compiler, mk1.c::main::0::124:108
_possee                         = $5763 ; addr, public, , mk1_c, bss_compiler, mk1.c::main::0::124:108
_hit_v                          = $5764 ; addr, public, , mk1_c, bss_compiler, mk1.c::main::0::124:108
_hit_h                          = $5765 ; addr, public, , mk1_c, bss_compiler, mk1.c::main::0::124:108
_hit                            = $5766 ; addr, public, , mk1_c, bss_compiler, mk1.c::main::0::124:108
_wall_h                         = $5767 ; addr, public, , mk1_c, bss_compiler, mk1.c::main::0::124:108
_wall_v                         = $5768 ; addr, public, , mk1_c, bss_compiler, mk1.c::main::0::124:108
_gpen_x                         = $5769 ; addr, public, , mk1_c, bss_compiler, mk1.c::main::0::124:108
_gpen_y                         = $576A ; addr, public, , mk1_c, bss_compiler, mk1.c::main::0::124:108
_gpen_cx                        = $576B ; addr, public, , mk1_c, bss_compiler, mk1.c::main::0::124:108
_gpen_cy                        = $576C ; addr, public, , mk1_c, bss_compiler, mk1.c::main::0::124:108
_gpaux                          = $576D ; addr, public, , mk1_c, bss_compiler, mk1.c::main::0::124:108
_tocado                         = $576E ; addr, public, , mk1_c, bss_compiler, mk1.c::main::0::124:108
_active                         = $576F ; addr, public, , mk1_c, bss_compiler, mk1.c::main::0::124:108
_gpit                           = $5770 ; addr, public, , mk1_c, bss_compiler, mk1.c::main::0::124:108
_gpjt                           = $5771 ; addr, public, , mk1_c, bss_compiler, mk1.c::main::0::124:108
_enoffsmasi                     = $5772 ; addr, public, , mk1_c, bss_compiler, mk1.c::main::0::124:108
_map_pointer                    = $5773 ; addr, public, , mk1_c, bss_compiler, mk1.c::main::0::124:108
_rdx                            = $5775 ; addr, public, , mk1_c, bss_compiler, mk1.c::main::0::124:108
_rdy                            = $5776 ; addr, public, , mk1_c, bss_compiler, mk1.c::main::0::124:108
_rda                            = $5777 ; addr, public, , mk1_c, bss_compiler, mk1.c::main::0::124:108
_rdb                            = $5778 ; addr, public, , mk1_c, bss_compiler, mk1.c::main::0::124:108
_rdc                            = $5779 ; addr, public, , mk1_c, bss_compiler, mk1.c::main::0::124:108
_rdd                            = $577A ; addr, public, , mk1_c, bss_compiler, mk1.c::main::0::124:108
_rdn                            = $577B ; addr, public, , mk1_c, bss_compiler, mk1.c::main::0::124:108
_rdt                            = $577C ; addr, public, , mk1_c, bss_compiler, mk1.c::main::0::124:108
_itj                            = $577D ; addr, public, , mk1_c, bss_compiler, mk1.c::main::0::124:108
_objs_old                       = $577F ; addr, public, , mk1_c, bss_compiler, mk1.c::main::0::124:108
_keys_old                       = $5780 ; addr, public, , mk1_c, bss_compiler, mk1.c::main::0::124:108
_life_old                       = $5781 ; addr, public, , mk1_c, bss_compiler, mk1.c::main::0::124:108
_killed_old                     = $5782 ; addr, public, , mk1_c, bss_compiler, mk1.c::main::0::124:108
_gen_pt                         = $5783 ; addr, public, , mk1_c, bss_compiler, mk1.c::main::0::124:108
_playing                        = $5785 ; addr, public, , mk1_c, bss_compiler, mk1.c::main::0::124:108
_success                        = $5786 ; addr, public, , mk1_c, bss_compiler, mk1.c::main::0::124:108
__x                             = $5787 ; addr, public, , mk1_c, bss_compiler, mk1.c::main::0::124:108
__y                             = $5788 ; addr, public, , mk1_c, bss_compiler, mk1.c::main::0::124:108
__n                             = $5789 ; addr, public, , mk1_c, bss_compiler, mk1.c::main::0::124:108
__t                             = $578A ; addr, public, , mk1_c, bss_compiler, mk1.c::main::0::124:108
_cx1                            = $578B ; addr, public, , mk1_c, bss_compiler, mk1.c::main::0::124:108
_cy1                            = $578C ; addr, public, , mk1_c, bss_compiler, mk1.c::main::0::124:108
_cx2                            = $578D ; addr, public, , mk1_c, bss_compiler, mk1.c::main::0::124:108
_cy2                            = $578E ; addr, public, , mk1_c, bss_compiler, mk1.c::main::0::124:108
_at1                            = $578F ; addr, public, , mk1_c, bss_compiler, mk1.c::main::0::124:108
_at2                            = $5790 ; addr, public, , mk1_c, bss_compiler, mk1.c::main::0::124:108
_x0                             = $5791 ; addr, public, , mk1_c, bss_compiler, mk1.c::main::0::124:108
_y0                             = $5792 ; addr, public, , mk1_c, bss_compiler, mk1.c::main::0::124:108
_x1                             = $5793 ; addr, public, , mk1_c, bss_compiler, mk1.c::main::0::124:108
_y1                             = $5794 ; addr, public, , mk1_c, bss_compiler, mk1.c::main::0::124:108
_ptx1                           = $5795 ; addr, public, , mk1_c, bss_compiler, mk1.c::main::0::124:108
_pty1                           = $5796 ; addr, public, , mk1_c, bss_compiler, mk1.c::main::0::124:108
_ptx2                           = $5797 ; addr, public, , mk1_c, bss_compiler, mk1.c::main::0::124:108
_pty2                           = $5798 ; addr, public, , mk1_c, bss_compiler, mk1.c::main::0::124:108
__gp_gen                        = $5799 ; addr, public, , mk1_c, bss_compiler, mk1.c::main::0::124:108
_def_keys_joy                   = $18C9 ; addr, public, , mk1_c, code_compiler, definitions.h:314
_isr_player_on                  = $579B ; addr, public, , mk1_c, bss_compiler, mk1.c::main::0::124:108
_ram_address                    = $579C ; addr, public, , mk1_c, bss_compiler, mk1.c::main::0::124:108
_ram_destination                = $579E ; addr, public, , mk1_c, bss_compiler, mk1.c::main::0::124:108
_s_title                        = $199F ; addr, public, , mk1_c, code_compiler, pantallas.h::unpack::0::1:13
_s_marco                        = $1D4C ; addr, public, , mk1_c, code_compiler, pantallas.h::unpack::0::1:13
_s_ending                       = $1D4C ; addr, public, , mk1_c, code_compiler, pantallas.h::unpack::0::1:23
_my_inks                        = $56BB ; addr, public, , mk1_c, rodata_compiler, assets/pal.h::blackout::0::2:5
_mapa                           = $0A05 ; addr, public, , mk1_c, data_compiler, assets/mapa.h::blackout::0::2:5
_cerrojos                       = $57A0 ; addr, public, , mk1_c, bss_compiler, mk1.c::main::0::124:108
_tileset                        = $1EDF ; addr, public, , mk1_c, code_compiler, assets/tileset.h::blackout::0::2:5
_malotes                        = $1446 ; addr, public, , mk1_c, data_compiler, assets/enems.h::blackout::0::2:17
_hotspots                       = $17F7 ; addr, public, , mk1_c, data_compiler, assets/enems.h::blackout::0::2:211
_sprites                        = $2EDF ; addr, public, , mk1_c, code_compiler, assets/sprites.h::blackout::0::2:10
_sprite_18_a                    = $32DF ; addr, public, , mk1_c, code_compiler, assets/extrasprites.h::blackout::0::2:29
_sm_cox                         = $1860 ; addr, public, , mk1_c, data_compiler, assets/spriteset_mappings.h::blackout::0::2:9
_sm_coy                         = $1870 ; addr, public, , mk1_c, data_compiler, assets/spriteset_mappings.h::blackout::0::2:14
_sm_invfunc                     = $1880 ; addr, public, , mk1_c, data_compiler, assets/spriteset_mappings.h::blackout::0::2:19
_sm_updfunc                     = $18A0 ; addr, public, , mk1_c, data_compiler, assets/spriteset_mappings.h::blackout::0::2:26
_sm_sprptr                      = $333F ; addr, public, , mk1_c, code_compiler, assets/spriteset_mappings.h::blackout::0::2:34
_trpixlutc                      = $335F ; addr, public, , mk1_c, code_compiler, assets/trpixlut.h::blackout::0::2:6
__tile_address                  = $33FC ; addr, public, , mk1_c, code_compiler, printer.h::_tile_address::0::4:57
_utaux                          = $18C0 ; addr, public, , mk1_c, data_compiler, printer.h::draw_decorations::0::11:458
_pal_set                        = $3596 ; addr, public, , mk1_c, code_compiler, printer.h::pal_set::0::17:650
_wyz_songs                      = $4BDE ; addr, public, , mk1_c, code_compiler, my/wyz/songs.h::hotspots_do::0::94:6
_title_screen                   = $52A3 ; addr, public, , mk1_c, code_compiler, my/title_screen.h::title_screen::0::98:6
_main                           = $531F ; addr, public, , mk1_c, code_compiler, mainloop.h::main::0::103:7
cpc_ShowTileMap                 = $047E ; addr, public, , cpc_ShowTileMap, , cpc_ShowTileMap.asm:20
cpc_ResetTouchedTiles           = $0519 ; addr, public, , cpc_ResetTouchedTiles, , cpc_ResetTouchedTiles.asm:18
cpc_UpdScr                      = $0527 ; addr, public, , cpc_UpdScr, , cpc_UpdScr.asm:29
cpc_ShowTouchedTiles            = $05F8 ; addr, public, , cpc_ShowTouchedTiles, , cpc_ShowTouchedTiles.asm:36
cpc_PutSpTileMap4x8             = $06A2 ; addr, public, , cpc_PutSpTileMap4x8, , cpc_PutSpTileMap4x8.asm:25
cpc_PutSpTileMap8x16Px          = $06F6 ; addr, public, , cpc_PutSpTileMap8x16Px, , cpc_PutSpTileMap8x16Px.asm:26
cpc_TestKey                     = $0768 ; addr, public, , cpc_TestKey, , cpc_TestKey.asm:14
cpc_TestKeyboard                = $0782 ; addr, public, , cpc_TestKeyboard, , cpc_TestKeyboard.asm:3
cpc_AnyKeyPressed               = $07A6 ; addr, public, , cpc_AnyKeyPressed, , cpc_AnyKeyPressed.asm:11
cpc_SetMode                     = $07C0 ; addr, public, , cpc_SetMode, , cpc_SetMode.asm:8
cpc_SetColour                   = $07CA ; addr, public, , cpc_SetColour, , cpc_SetColour.asm:8
cpc_UpdTileTable                = $07EB ; addr, public, , cpc_UpdTileTable, , cpc_UpdTileTable.asm:54
cpc_UpdTileTableClp             = $07DD ; addr, public, , cpc_UpdTileTable, , cpc_UpdTileTable.asm:32
cpc_PutTrSp4x8TileMap2b         = $080F ; addr, public, , cpc_PutTrSp4x8TileMap2b, , cpc_PutTrSp4x8TileMap2b.asm:19
cpc_PutTrSp8x16TileMap2bPx      = $0854 ; addr, public, , cpc_PutTrSp8x16TileMap2bPx, , cpc_PutTrSp8x16TileMap2bPx.asm:20
cpc_KeysData                    = $092E ; addr, public, , cpc_KeysData, , cpc_KeysData.asm:14
tabla_teclas                    = $093A ; addr, public, , cpc_KeysData, , cpc_KeysData.asm:40
keymap                          = $092E ; addr, public, , cpc_KeysData, , cpc_KeysData.asm:41
cpc_Bit2Mask                    = $0953 ; addr, public, , cpc_Bit2Mask, , cpc_Bit2Mask.asm:5
cpc_TblLookup                   = $095B ; addr, public, , cpc_TblLookup, , cpc_TblLookup.asm:11
cpc_InvalidateRect              = $0962 ; addr, public, , cpc_InvalidateRect, , cpc_InvalidateRect.asm:29
cpc_bitright2mask               = $09C2 ; addr, public, , cpc_bitright2mask, , cpc_bitright2mask.asm:4
cpc_bitleft2mask                = $09CA ; addr, public, , cpc_bitleft2mask, , cpc_bitleft2mask.asm:4
l_asr                           = $57A2 ; addr, public, , l_asr, code_crt0_sccz80, sccz80/crt0_z80/l_asr.asm:14
l_asr_hl_by_e                   = $57A3 ; addr, public, , l_asr, code_crt0_sccz80, sccz80/crt0_z80/l_asr.asm:16
l_div_u                         = $5818 ; addr, public, , l_div_u, code_crt0_sccz80, sccz80/crt0_z80/l_div_u.asm:17
l_divu_16_16x16                 = $5819 ; addr, public, , l_divu_16_16x16, code_math, ../_DEVELOPMENT/math/integer/l_divu_16_16x16.asm:22
l0_divu_16_16x16                = $581D ; addr, public, , l_divu_16_16x16, code_math, ../_DEVELOPMENT/math/integer/l_divu_16_16x16.asm:23
l_small_divu_16_16x16           = $5819 ; addr, public, , l_small_divu_16_16x16, code_math, ../_DEVELOPMENT/math/integer/small/l_small_divu_16_16x16.asm:17
l0_small_divu_16_16x16          = $581D ; addr, public, , l_small_divu_16_16x16, code_math, ../_DEVELOPMENT/math/integer/small/l_small_divu_16_16x16.asm:42
l_small_divu_16_16x8            = $5839 ; addr, public, , l_small_divu_16_16x16, code_math, ../_DEVELOPMENT/math/integer/small/l_small_divu_16_16x16.asm:87
l0_small_divu_16_16x8           = $583D ; addr, public, , l_small_divu_16_16x16, code_math, ../_DEVELOPMENT/math/integer/small/l_small_divu_16_16x16.asm:112
error_divide_by_zero_mc         = $5876 ; addr, public, , error_divide_by_zero_mc, code_error, ../_DEVELOPMENT/error/z80/error_divide_by_zero_mc.asm:12
error_edom_mc                   = $5876 ; addr, public, , error_edom_mc, code_error, ../_DEVELOPMENT/error/z80/error_edom_mc.asm:57
errno_mc                        = $5878 ; addr, public, , errno_mc, code_error, ../_DEVELOPMENT/error/z80/errno_mc.asm:21
_errno                          = $5888 ; addr, public, , _errno, bss_error, ../_DEVELOPMENT/error/z80/_errno.asm:7
error_mc                        = $5883 ; addr, public, , error_mc, code_error, ../_DEVELOPMENT/error/z80/error_mc.asm:11
l_eq                            = $57AC ; addr, public, , l_eq, code_crt0_sccz80, sccz80/crt0_z80/l_eq.asm:17
l_gchar                         = $57B6 ; addr, public, , l_gchar, code_crt0_sccz80, sccz80/crt0_z80/l_gchar.asm:11
l_gint                          = $57BC ; addr, public, , l_gint, code_crt0_sccz80, sccz80/crt0_z80/l_gint.asm:11
l_gintsp                        = $57C1 ; addr, public, , l_gintsp, code_crt0_sccz80, sccz80/crt0_z80/l_gintsp.asm:7
l_gt                            = $57C9 ; addr, public, , l_gt, code_crt0_sccz80, sccz80/crt0_z80/l_gt.asm:15
l_compare_result                = $57D9 ; addr, public, , l_compare_result, code_crt0_sccz80, sccz80/crt0_z80/l_compare_result.asm:4
l_lneg                          = $57DF ; addr, public, , l_lneg, code_crt0_sccz80, sccz80/crt0_z80/l_lneg.asm:14
l_mult                          = $5853 ; addr, public, , l_mul, code_crt0_sccz80, sccz80/crt0_z80/l_mul.asm:12
l_mulu_16_16x16                 = $5853 ; addr, public, , l_mulu_16_16x16, code_math, ../_DEVELOPMENT/math/integer/l_mulu_16_16x16.asm:36
l_small_mul_16_16x16            = $5853 ; addr, public, , l_small_mul_16_16x16, code_math, ../_DEVELOPMENT/math/integer/small/l_small_mul_16_16x16.asm:10
l_small_mul_16_16x8             = $5862 ; addr, public, , l_small_mul_16_16x16, code_math, ../_DEVELOPMENT/math/integer/small/l_small_mul_16_16x16.asm:42
l_ne                            = $57E8 ; addr, public, , l_ne, code_crt0_sccz80, sccz80/crt0_z80/l_ne.asm:16
l_neg                           = $57F3 ; addr, public, , l_neg, code_crt0_sccz80, sccz80/crt0_z80/l_neg.asm:13
l_pint                          = $57FB ; addr, public, , l_pint, code_crt0_sccz80, sccz80/crt0_z80/l_pint.asm:11
l_pint_pop                      = $5801 ; addr, public, , l_pint_pop, code_crt0_sccz80, sccz80/crt0_z80/l_pint_pop.asm:12
l_sxt                           = $5807 ; addr, public, , l_sxt, code_crt0_sccz80, sccz80/crt0_z80/l_sxt.asm:10
l_uge                           = $580C ; addr, public, , l_uge, code_crt0_sccz80, sccz80/crt0_z80/l_uge.asm:18
__head                          = $0400 ; const, public, def, , ,
__tail                          = $588A ; const, public, def, , ,
__size                          = $548A ; const, public, def, , ,
__data_compiler_head            = $09D2 ; const, public, def, , ,
__data_compiler_tail            = $18C1 ; const, public, def, , ,
__data_compiler_size            = $0EEF ; const, public, def, , ,
__code_compiler_head            = $18C1 ; const, public, def, , ,
__code_compiler_tail            = $56BB ; const, public, def, , ,
__code_compiler_size            = $3DFA ; const, public, def, , ,
__rodata_compiler_head          = $56BB ; const, public, def, , ,
__rodata_compiler_tail          = $56F4 ; const, public, def, , ,
__rodata_compiler_size          = $0039 ; const, public, def, , ,
__bss_compiler_head             = $56F4 ; const, public, def, , ,
__bss_compiler_tail             = $57A2 ; const, public, def, , ,
__bss_compiler_size             = $00AE ; const, public, def, , ,
__code_crt0_sccz80_head         = $57A2 ; const, public, def, , ,
__code_crt0_sccz80_tail         = $5818 ; const, public, def, , ,
__code_crt0_sccz80_size         = $0076 ; const, public, def, , ,
__code_clib_head                = $5818 ; const, public, def, , ,
__code_clib_tail                = $5818 ; const, public, def, , ,
__code_clib_size                = $0000 ; const, public, def, , ,
__code_math_head                = $5818 ; const, public, def, , ,
__code_math_tail                = $5873 ; const, public, def, , ,
__code_math_size                = $005B ; const, public, def, , ,
__code_error_head               = $5873 ; const, public, def, , ,
__code_error_tail               = $5888 ; const, public, def, , ,
__code_error_size               = $0015 ; const, public, def, , ,
__bss_clib_head                 = $5888 ; const, public, def, , ,
__bss_clib_tail                 = $5888 ; const, public, def, , ,
__bss_clib_size                 = $0000 ; const, public, def, , ,
__bss_error_head                = $5888 ; const, public, def, , ,
__bss_error_tail                = $588A ; const, public, def, , ,
__bss_error_size                = $0002 ; const, public, def, , ,
