DEFINED_CRT_ORG_CODE            = $0001 ; const, local, , cpc_crt0, , C:/DOCUME~1/ADMINI~1/CONFIG~1/Temp/zcc00000DF0EF334/zcc_opt.def:3
CRT_ORG_CODE                    = $0400 ; const, local, , cpc_crt0, , C:/DOCUME~1/ADMINI~1/CONFIG~1/Temp/zcc00000DF0EF334/zcc_opt.def:4
start                           = $0400 ; addr, local, , cpc_crt0, , crt.asm:7
T_WIDTH                         = $0020 ; const, local, , tilemap_conf_asm, , tilemap_conf.asm:66
T_HEIGHT                        = $0018 ; const, local, , tilemap_conf_asm, , tilemap_conf.asm:67
vpClipStruct                    = $133A ; addr, local, , mk1_c, code_compiler, definitions.h:4
fsClipStruct                    = $133E ; addr, local, , mk1_c, code_compiler, definitions.h:4
i_1                             = $57D3 ; addr, local, , mk1_c, rodata_compiler, mk1.c::main::0::139:109
HLshr6_A                        = $135A ; addr, local, , mk1_c, code_compiler, mtasmlib.h:6
Ashl16_HL                       = $1365 ; addr, local, , mk1_c, code_compiler, mtasmlib.h:6
withSign                        = $1371 ; addr, local, , mk1_c, code_compiler, mtasmlib.h:6
depack                          = $1379 ; addr, local, , mk1_c, code_compiler, aplib.h:11
apbranch1                       = $137C ; addr, local, , mk1_c, code_compiler, aplib.h:11
aploop0                         = $137E ; addr, local, , mk1_c, code_compiler, aplib.h:11
ap_getbit                       = $1400 ; addr, local, , mk1_c, code_compiler, aplib.h:11
aploop                          = $1381 ; addr, local, , mk1_c, code_compiler, aplib.h:11
apbranch2                       = $13BF ; addr, local, , mk1_c, code_compiler, aplib.h:11
apbranch3                       = $13AB ; addr, local, , mk1_c, code_compiler, aplib.h:11
apget4bits                      = $1394 ; addr, local, , mk1_c, code_compiler, aplib.h:11
apbranch4                       = $13A2 ; addr, local, , mk1_c, code_compiler, aplib.h:11
apwritebyte                     = $139E ; addr, local, , mk1_c, code_compiler, aplib.h:11
ap_finishup2                    = $13ED ; addr, local, , mk1_c, code_compiler, aplib.h:11
ap_getgamma                     = $140C ; addr, local, , mk1_c, code_compiler, aplib.h:11
ap_r0_gamma                     = $13F4 ; addr, local, , mk1_c, code_compiler, aplib.h:11
apskip2                         = $13DE ; addr, local, , mk1_c, code_compiler, aplib.h:11
apskip3                         = $13E7 ; addr, local, , mk1_c, code_compiler, aplib.h:11
ap_finishup                     = $13EA ; addr, local, , mk1_c, code_compiler, aplib.h:11
ap_getgammaloop                 = $140F ; addr, local, , mk1_c, code_compiler, aplib.h:11
bo_l1                           = $1CDA ; addr, local, , mk1_c, code_compiler, pantallas.h::blackout::0::1:32
_font                           = $1CF0 ; addr, local, , mk1_c, code_compiler, assets/tileset.h::blackout::0::2:5
_tspatterns                     = $20F0 ; addr, local, , mk1_c, code_compiler, assets/tileset.h::blackout::0::2:5
_attr_2                         = $319F ; addr, local, , mk1_c, code_compiler, printer.h::attr::0::2:6
_attr_1                         = $31A7 ; addr, local, , mk1_c, code_compiler, printer.h::attr::0::2:6
_attr_1b                        = $31B1 ; addr, local, , mk1_c, code_compiler, printer.h::attr::0::2:6
_map_attr                       = $C600 ; const, local, , mk1_c, code_compiler, mk1.c::main::0::139:109
_attr_end                       = $31C4 ; addr, local, , mk1_c, code_compiler, printer.h::attr::0::2:6
qtile_do                        = $31CF ; addr, local, , mk1_c, code_compiler, printer.h::qtile::0::3:61
_map_buff                       = $C696 ; const, local, , mk1_c, code_compiler, mk1.c::main::0::139:109
_attr_reset                     = $31F3 ; addr, local, , mk1_c, code_compiler, printer.h::attr_mk2::0::4:96
_attr_do                        = $31F7 ; addr, local, , mk1_c, code_compiler, printer.h::attr_mk2::0::4:96
i_14                            = $327C ; addr, local, , mk1_c, code_compiler, printer.h::draw_coloured_tile::0::6:171
i_15                            = $3272 ; addr, local, , mk1_c, code_compiler, printer.h::draw_coloured_tile::0::6:171
i_16                            = $3275 ; addr, local, , mk1_c, code_compiler, printer.h::draw_coloured_tile::0::6:171
i_17                            = $327F ; addr, local, , mk1_c, code_compiler, printer.h::draw_coloured_tile::0::6:171
i_18                            = $32A4 ; addr, local, , mk1_c, code_compiler, printer.h::draw_coloured_tile::0::6:171
i_19                            = $32B3 ; addr, local, , mk1_c, code_compiler, printer.h::draw_coloured_tile::0::6:171
_dct_1_set_yy                   = $32C1 ; addr, local, , mk1_c, code_compiler, printer.h::draw_coloured_tile::0::6:171
_dct_a1_set                     = $32D4 ; addr, local, , mk1_c, code_compiler, printer.h::draw_coloured_tile::0::6:171
_dct_2_set_yy                   = $32E4 ; addr, local, , mk1_c, code_compiler, printer.h::draw_coloured_tile::0::6:171
_dct_a2_set                     = $32F7 ; addr, local, , mk1_c, code_compiler, printer.h::draw_coloured_tile::0::6:171
_dct_a3_set                     = $3317 ; addr, local, , mk1_c, code_compiler, printer.h::draw_coloured_tile::0::6:171
_dct_1_shadow                   = $332C ; addr, local, , mk1_c, code_compiler, printer.h::draw_coloured_tile::0::6:171
_dct_1_no_shadow                = $3334 ; addr, local, , mk1_c, code_compiler, printer.h::draw_coloured_tile::0::6:171
_dct_1_increment                = $333A ; addr, local, , mk1_c, code_compiler, printer.h::draw_coloured_tile::0::6:171
_dct_2_no_shadow                = $3350 ; addr, local, , mk1_c, code_compiler, printer.h::draw_coloured_tile::0::6:171
_dct_2_shadow                   = $3348 ; addr, local, , mk1_c, code_compiler, printer.h::draw_coloured_tile::0::6:171
_dct_2_increment                = $3356 ; addr, local, , mk1_c, code_compiler, printer.h::draw_coloured_tile::0::6:171
_dct_3_no_shadow                = $336C ; addr, local, , mk1_c, code_compiler, printer.h::draw_coloured_tile::0::6:171
_dct_3_shadow                   = $3364 ; addr, local, , mk1_c, code_compiler, printer.h::draw_coloured_tile::0::6:171
_dct_3_increment                = $3372 ; addr, local, , mk1_c, code_compiler, printer.h::draw_coloured_tile::0::6:171
_draw_decorations_loop          = $33E7 ; addr, local, , mk1_c, code_compiler, printer.h::draw_decorations::0::13:491
print_str_loop                  = $34AF ; addr, local, , mk1_c, code_compiler, printer.h::print_str::0::17:663
print_str_inv                   = $34C1 ; addr, local, , mk1_c, code_compiler, printer.h::print_str::0::17:663
i_23                            = $34E0 ; addr, local, , mk1_c, code_compiler, printer.h::clear_sprites::0::18:717
i_21                            = $34DB ; addr, local, , mk1_c, code_compiler, printer.h::clear_sprites::0::18:717
i_22                            = $3501 ; addr, local, , mk1_c, code_compiler, printer.h::clear_sprites::0::18:717
_sp_sw                          = $E600 ; const, local, , mk1_c, code_compiler, mk1.c::main::0::139:109
i_24                            = $3507 ; addr, local, , mk1_c, code_compiler, printer.h::pal_set::0::20:727
i_25                            = $352F ; addr, local, , mk1_c, code_compiler, printer.h::pal_set::0::20:727
i_26                            = $3565 ; addr, local, , mk1_c, code_compiler, engine/update.h::cpc_UpdateNow::0::21:9
_cpc_screen_update_inv_loop     = $353C ; addr, local, , mk1_c, code_compiler, engine/update.h::cpc_UpdateNow::0::21:9
_cpc_screen_update_inv_ret      = $355E ; addr, local, , mk1_c, code_compiler, engine/update.h::cpc_UpdateNow::0::21:9
_cpc_screen_update_upd_buffer   = $3565 ; addr, local, , mk1_c, code_compiler, engine/update.h::cpc_UpdateNow::0::21:9
i_27                            = $359C ; addr, local, , mk1_c, code_compiler, engine/update.h::cpc_UpdateNow::0::21:9
_cpc_screen_update_upd_loop     = $3574 ; addr, local, , mk1_c, code_compiler, engine/update.h::cpc_UpdateNow::0::21:9
_cpc_screen_update_upd_ret      = $3597 ; addr, local, , mk1_c, code_compiler, engine/update.h::cpc_UpdateNow::0::21:9
_cpc_screen_update_done         = $359C ; addr, local, , mk1_c, code_compiler, engine/update.h::cpc_UpdateNow::0::21:9
_cm_two_points_at1_reset        = $35E3 ; addr, local, , mk1_c, code_compiler, engine/general.h::cm_two_points::0::25:63
_cm_two_points_at1_do           = $35E6 ; addr, local, , mk1_c, code_compiler, engine/general.h::cm_two_points::0::25:63
_cm_two_points_at1_done         = $3600 ; addr, local, , mk1_c, code_compiler, engine/general.h::cm_two_points::0::25:63
_cm_two_points_at2_reset        = $3611 ; addr, local, , mk1_c, code_compiler, engine/general.h::cm_two_points::0::25:63
_cm_two_points_at2_do           = $3614 ; addr, local, , mk1_c, code_compiler, engine/general.h::cm_two_points::0::25:63
_cm_two_points_at2_done         = $362E ; addr, local, , mk1_c, code_compiler, engine/general.h::cm_two_points::0::25:63
rand16                          = $3632 ; addr, local, , mk1_c, code_compiler, engine/general.h::rand::0::26:138
nextrand                        = $364E ; addr, local, , mk1_c, code_compiler, engine/general.h::rand::0::26:138
i_28                            = $366C ; addr, local, , mk1_c, code_compiler, engine/general.h::abs::0::27:182
i_29                            = $3671 ; addr, local, , mk1_c, code_compiler, engine/general.h::abs::0::27:182
i_30                            = $36F5 ; addr, local, , mk1_c, code_compiler, engine.h::addsign::0::30:16
i_31                            = $36FD ; addr, local, , mk1_c, code_compiler, engine.h::addsign::0::30:16
i_32                            = $36FE ; addr, local, , mk1_c, code_compiler, engine.h::espera_activa::0::31:24
i_33                            = $3706 ; addr, local, , mk1_c, code_compiler, engine.h::espera_activa::0::31:24
i_36                            = $3706 ; addr, local, , mk1_c, code_compiler, engine.h::espera_activa::0::31:24
i_35                            = $371E ; addr, local, , mk1_c, code_compiler, engine.h::espera_activa::0::31:24
i_37                            = $3714 ; addr, local, , mk1_c, code_compiler, engine.h::espera_activa::0::31:24
i_34                            = $3714 ; addr, local, , mk1_c, code_compiler, engine.h::espera_activa::0::31:24
init_cerrojos_loop              = $3729 ; addr, local, , mk1_c, code_compiler, engine.h::locks_init::0::33:41
open_lock                       = $372E ; addr, local, , mk1_c, code_compiler, engine.h::process_tile::0::34:81
open_lock_end                   = $3788 ; addr, local, , mk1_c, code_compiler, engine.h::process_tile::1::35:326
clear_cerrojo_loop              = $3749 ; addr, local, , mk1_c, code_compiler, engine.h::process_tile::0::34:81
clear_cerrojo_loop_continue     = $3765 ; addr, local, , mk1_c, code_compiler, engine.h::process_tile::0::34:81
clear_cerrojo_end               = $3768 ; addr, local, , mk1_c, code_compiler, engine.h::process_tile::0::34:81
i_40                            = $37BD ; addr, local, , mk1_c, code_compiler, engine.h::draw_scr_background::0::35:335
i_38                            = $37B6 ; addr, local, , mk1_c, code_compiler, engine.h::draw_scr_background::0::35:335
i_39                            = $383A ; addr, local, , mk1_c, code_compiler, engine.h::draw_scr_background::3::37:454
_draw_scr_packed_existing       = $37E4 ; addr, local, , mk1_c, code_compiler, engine.h::draw_scr_background::0::35:335
_draw_scr_packed_new            = $37CF ; addr, local, , mk1_c, code_compiler, engine.h::draw_scr_background::0::35:335
_draw_scr_packed_done           = $37E9 ; addr, local, , mk1_c, code_compiler, engine.h::draw_scr_background::0::35:335
_draw_scr_packed_noalt          = $3819 ; addr, local, , mk1_c, code_compiler, engine.h::draw_scr_background::0::35:335
_draw_scr_packed_alt            = $3805 ; addr, local, , mk1_c, code_compiler, engine.h::draw_scr_background::0::35:335
_draw_scr_packed_alt_subst      = $3814 ; addr, local, , mk1_c, code_compiler, engine.h::draw_scr_background::0::35:335
_advance_worm_no_inc_y          = $3834 ; addr, local, , mk1_c, code_compiler, engine.h::draw_scr_background::3::37:454
_hotspots_setup_done            = $38B7 ; addr, local, , mk1_c, code_compiler, engine.h::draw_scr::1::38:531
_hotspots_setup_do              = $387D ; addr, local, , mk1_c, code_compiler, engine.h::draw_scr::1::38:531
_hotspots_setup_set             = $38AF ; addr, local, , mk1_c, code_compiler, engine.h::draw_scr::1::38:531
_hotspots_setup_set_refill      = $38AE ; addr, local, , mk1_c, code_compiler, engine.h::draw_scr::1::38:531
_open_locks_loop                = $38BC ; addr, local, , mk1_c, code_compiler, engine.h::draw_scr::1::38:531
_open_locks_done                = $38F8 ; addr, local, , mk1_c, code_compiler, engine.h::draw_scr::1::38:531
_open_locks_do                  = $38D0 ; addr, local, , mk1_c, code_compiler, engine.h::draw_scr::1::38:531
_mons_col_sc_x_lineal           = $3907 ; addr, local, , mk1_c, code_compiler, engine.h::mons_col_sc_x::0::38:745
_mons_col_sc_x_compare          = $390D ; addr, local, , mk1_c, code_compiler, engine.h::mons_col_sc_x::0::38:745
_mons_col_sc_x_horz_positive    = $391A ; addr, local, , mk1_c, code_compiler, engine.h::mons_col_sc_x::0::38:745
_mons_col_sc_x_horz_negative_zero = $3917 ; addr, local, , mk1_c, code_compiler, engine.h::mons_col_sc_x::0::38:745
_mons_col_sc_x_horz_set         = $391B ; addr, local, , mk1_c, code_compiler, engine.h::mons_col_sc_x::0::38:745
i_41                            = $395D ; addr, local, , mk1_c, code_compiler, engine.h::mons_col_sc_x::0::38:745
i_42                            = $3960 ; addr, local, , mk1_c, code_compiler, engine.h::mons_col_sc_x::0::38:745
_mons_col_sc_y_lineal           = $3963 ; addr, local, , mk1_c, code_compiler, engine.h::mons_col_sc_y::0::39:816
_mons_col_sc_y_compare          = $3969 ; addr, local, , mk1_c, code_compiler, engine.h::mons_col_sc_y::0::39:816
_mons_col_sc_y_vert_positive    = $3976 ; addr, local, , mk1_c, code_compiler, engine.h::mons_col_sc_y::0::39:816
_mons_col_sc_y_vert_negative_zero = $3973 ; addr, local, , mk1_c, code_compiler, engine.h::mons_col_sc_y::0::39:816
_mons_col_sc_y_vert_set         = $3977 ; addr, local, , mk1_c, code_compiler, engine.h::mons_col_sc_y::0::39:816
i_43                            = $39B9 ; addr, local, , mk1_c, code_compiler, engine.h::mons_col_sc_y::0::39:816
i_44                            = $39BC ; addr, local, , mk1_c, code_compiler, engine.h::mons_col_sc_y::0::39:816
_player_gravity_add             = $3A80 ; addr, local, , mk1_c, code_compiler, engine/player.h::player_move::0::42:247
_player_gravity_maximum         = $3A86 ; addr, local, , mk1_c, code_compiler, engine/player.h::player_move::0::42:247
_player_gravity_vy_set          = $3A89 ; addr, local, , mk1_c, code_compiler, engine/player.h::player_move::0::42:247
_player_gravity_done            = $3A8C ; addr, local, , mk1_c, code_compiler, engine/player.h::player_move::0::42:247
_player_gravity_p_gotten_done   = $3A9C ; addr, local, , mk1_c, code_compiler, engine/player.h::player_move::0::42:247
i_45                            = $3AB9 ; addr, local, , mk1_c, code_compiler, engine/player.h::player_move::1::44:365
i_46                            = $3AC7 ; addr, local, , mk1_c, code_compiler, engine/player.h::player_move::1::44:365
i_47                            = $3ADA ; addr, local, , mk1_c, code_compiler, engine/player.h::player_move::1::44:365
i_48                            = $3B47 ; addr, local, , mk1_c, code_compiler, engine/player.h::player_move::3::46:403
i_50                            = $3B27 ; addr, local, , mk1_c, code_compiler, engine/player.h::player_move::1::44:365
i_49                            = $3B47 ; addr, local, , mk1_c, code_compiler, engine/player.h::player_move::3::46:403
i_52                            = $3BB5 ; addr, local, , mk1_c, code_compiler, engine/player.h::player_move::3::48:480
i_54                            = $3B90 ; addr, local, , mk1_c, code_compiler, engine/player.h::player_move::3::46:403
i_55                            = $3BB5 ; addr, local, , mk1_c, code_compiler, engine/player.h::player_move::3::46:403
i_56                            = $3B90 ; addr, local, , mk1_c, code_compiler, engine/player.h::player_move::3::46:403
i_53                            = $3BB5 ; addr, local, , mk1_c, code_compiler, engine/player.h::player_move::3::48:480
i_59_i_55                       = $3B90 ; addr, local, , mk1_c, code_compiler, engine/player.h::player_move::3::46:403
evil_tile_check_vert_done       = $3BD8 ; addr, local, , mk1_c, code_compiler, engine/player.h::player_move::3::48:480
i_60                            = $3C0C ; addr, local, , mk1_c, code_compiler, engine/player.h::player_move::3::48:480
i_61                            = $3C0F ; addr, local, , mk1_c, code_compiler, engine/player.h::player_move::3::48:480
i_62                            = $3C8C ; addr, local, , mk1_c, code_compiler, engine/player.h::player_move::3::48:480
i_63                            = $3C46 ; addr, local, , mk1_c, code_compiler, engine/player.h::player_move::3::48:480
i_65                            = $3C34 ; addr, local, , mk1_c, code_compiler, engine/player.h::player_move::3::48:480
i_64                            = $3C90 ; addr, local, , mk1_c, code_compiler, engine/player.h::player_move::3::48:480
i_67                            = $3C90 ; addr, local, , mk1_c, code_compiler, engine/player.h::player_move::3::48:480
i_68                            = $3C75 ; addr, local, , mk1_c, code_compiler, engine/player.h::player_move::3::48:480
i_69                            = $3C90 ; addr, local, , mk1_c, code_compiler, engine/player.h::player_move::3::48:480
i_70                            = $3C90 ; addr, local, , mk1_c, code_compiler, engine/player.h::player_move::3::48:480
i_72                            = $3CA6 ; addr, local, , mk1_c, code_compiler, engine/player.h::player_move::3::48:480
i_73                            = $3CA9 ; addr, local, , mk1_c, code_compiler, engine/player.h::player_move::3::48:480
i_71                            = $3CFA ; addr, local, , mk1_c, code_compiler, engine/player.h::player_move::3::48:480
i_74                            = $3CD4 ; addr, local, , mk1_c, code_compiler, engine/player.h::player_move::3::48:480
i_75                            = $3CF6 ; addr, local, , mk1_c, code_compiler, engine/player.h::player_move::3::48:480
i_76                            = $3CF6 ; addr, local, , mk1_c, code_compiler, engine/player.h::player_move::3::48:480
i_77                            = $3CF6 ; addr, local, , mk1_c, code_compiler, engine/player.h::player_move::3::48:480
i_78                            = $3CF6 ; addr, local, , mk1_c, code_compiler, engine/player.h::player_move::3::48:480
i_79                            = $3D20 ; addr, local, , mk1_c, code_compiler, engine/player.h::player_move::3::48:480
i_80                            = $3D20 ; addr, local, , mk1_c, code_compiler, engine/player.h::player_move::3::48:480
i_81                            = $3D4B ; addr, local, , mk1_c, code_compiler, engine/player.h::player_move::1::60:728
i_82                            = $3D4B ; addr, local, , mk1_c, code_compiler, engine/player.h::player_move::3::48:480
i_83                            = $3D69 ; addr, local, , mk1_c, code_compiler, engine/player.h::player_move::1::60:728
i_84                            = $3D7C ; addr, local, , mk1_c, code_compiler, engine/player.h::player_move::1::60:728
i_85                            = $3DFF ; addr, local, , mk1_c, code_compiler, engine/player.h::player_move::3::62:768
i_87                            = $3DC8 ; addr, local, , mk1_c, code_compiler, engine/player.h::player_move::1::60:728
i_86                            = $3DF0 ; addr, local, , mk1_c, code_compiler, engine/player.h::player_move::3::62:768
i_89                            = $3DFF ; addr, local, , mk1_c, code_compiler, engine/player.h::player_move::3::62:768
i_90                            = $3E64 ; addr, local, , mk1_c, code_compiler, engine/player.h::player_move::3::65:843
i_92                            = $3E2E ; addr, local, , mk1_c, code_compiler, engine/player.h::player_move::3::62:768
i_91                            = $3E55 ; addr, local, , mk1_c, code_compiler, engine/player.h::player_move::3::65:843
i_94                            = $3E64 ; addr, local, , mk1_c, code_compiler, engine/player.h::player_move::3::65:843
i_95                            = $3EA0 ; addr, local, , mk1_c, code_compiler, engine/player.h::player_move::2::67:992
i_96                            = $3EE0 ; addr, local, , mk1_c, code_compiler, engine/player.h::player_move::2::67:992
p_int_left_no                   = $3EDD ; addr, local, , mk1_c, code_compiler, engine/player.h::player_move::2::67:992
i_97                            = $3F1D ; addr, local, , mk1_c, code_compiler, engine/player.h::player_move::2::67:992
i_98                            = $3F1D ; addr, local, , mk1_c, code_compiler, engine/player.h::player_move::2::67:992
p_int_right_no                  = $3F1D ; addr, local, , mk1_c, code_compiler, engine/player.h::player_move::2::67:992
i_99                            = $3F43 ; addr, local, , mk1_c, code_compiler, engine/player.h::player_move::2::67:992
i_100                           = $3F62 ; addr, local, , mk1_c, code_compiler, engine/player.h::player_move::2::67:992
i_101                           = $3F62 ; addr, local, , mk1_c, code_compiler, engine/player.h::player_move::2::67:992
i_102                           = $3F77 ; addr, local, , mk1_c, code_compiler, engine/player.h::player_move::2::67:992
i_103                           = $3F77 ; addr, local, , mk1_c, code_compiler, engine/player.h::player_move::2::67:992
i_105                           = $3F9C ; addr, local, , mk1_c, code_compiler, engine/player.h::player_move::2::67:992
i_104                           = $3F9C ; addr, local, , mk1_c, code_compiler, engine/player.h::player_move::2::67:992
i_106_i_105                     = $3F85 ; addr, local, , mk1_c, code_compiler, engine/player.h::player_move::2::67:992
i_107                           = $3F92 ; addr, local, , mk1_c, code_compiler, engine/player.h::player_move::2::67:992
i_108                           = $3F95 ; addr, local, , mk1_c, code_compiler, engine/player.h::player_move::2::67:992
i_109                           = $3FF0 ; addr, local, , mk1_c, code_compiler, engine/player.h::player_move::2::67:992
i_110                           = $3FA9 ; addr, local, , mk1_c, code_compiler, engine/player.h::player_move::2::67:992
i_111                           = $3FAC ; addr, local, , mk1_c, code_compiler, engine/player.h::player_move::2::67:992
i_112                           = $3FC2 ; addr, local, , mk1_c, code_compiler, engine/player.h::player_move::2::67:992
i_113                           = $3FF0 ; addr, local, , mk1_c, code_compiler, engine/player.h::player_move::2::67:992
i_114                           = $3FDF ; addr, local, , mk1_c, code_compiler, engine/player.h::player_move::2::67:992
_player_spr_setup               = $4006 ; addr, local, , mk1_c, code_compiler, engine/player.h::player_move::2::67:992
_player_spr_setup_done          = $4035 ; addr, local, , mk1_c, code_compiler, engine/player.h::player_move::2::67:992
i_115                           = $4057 ; addr, local, , mk1_c, code_compiler, engine/player.h::player_deplete::0::77:1365
i_116                           = $405A ; addr, local, , mk1_c, code_compiler, engine/player.h::player_deplete::0::77:1365
i_119                           = $409D ; addr, local, , mk1_c, code_compiler, engine/enengine.h::enems_load::0::79:48
i_117                           = $4096 ; addr, local, , mk1_c, code_compiler, engine/enengine.h::enems_load::0::79:48
i_118                           = $425A ; addr, local, , mk1_c, code_compiler, engine/enengine.h::enems_load::3::86:171
_en_an_frame                    = $D603 ; const, local, , mk1_c, code_compiler, mk1.c::main::0::139:109
_en_an_state                    = $D60C ; const, local, , mk1_c, code_compiler, mk1.c::main::0::139:109
_en_an_count                    = $D606 ; const, local, , mk1_c, code_compiler, mk1.c::main::0::139:109
_en_an_next_frame               = $D63C ; const, local, , mk1_c, code_compiler, mk1.c::main::0::139:109
i_120                           = $415E ; addr, local, , mk1_c, code_compiler, engine/enengine.h::enems_load::5::83:145
i_123                           = $4108 ; addr, local, , mk1_c, code_compiler, engine/enengine.h::enems_load::3::81:97
i_124                           = $4120 ; addr, local, , mk1_c, code_compiler, engine/enengine.h::enems_load::3::81:97
i_125                           = $4120 ; addr, local, , mk1_c, code_compiler, engine/enengine.h::enems_load::3::81:97
i_126                           = $4120 ; addr, local, , mk1_c, code_compiler, engine/enengine.h::enems_load::3::81:97
i_127                           = $4120 ; addr, local, , mk1_c, code_compiler, engine/enengine.h::enems_load::3::81:97
i_128                           = $4150 ; addr, local, , mk1_c, code_compiler, engine/enengine.h::enems_load::5::83:145
_en_an_base_frame               = $D600 ; const, local, , mk1_c, code_compiler, mk1.c::main::0::139:109
i_122                           = $4169 ; addr, local, , mk1_c, code_compiler, engine/enengine.h::enems_load::5::83:145
i_129                           = $4169 ; addr, local, , mk1_c, code_compiler, engine/enengine.h::enems_load::5::83:145
i_130                           = $4244 ; addr, local, , mk1_c, code_compiler, engine/enengine.h::enems_load::5::83:145
i_131                           = $4257 ; addr, local, , mk1_c, code_compiler, engine/enengine.h::enems_load::5::83:145
enems_kill_noflag               = $4267 ; addr, local, , mk1_c, code_compiler, engine/enengine.h::enems_kill::0::86:175
i_134                           = $4288 ; addr, local, , mk1_c, code_compiler, engine/enengine.h::enems_move::0::87:205
i_132                           = $4283 ; addr, local, , mk1_c, code_compiler, engine/enengine.h::enems_move::0::87:205
i_133                           = $4697 ; addr, local, , mk1_c, code_compiler, engine/enengine.h::enems_move::4::103:687
i_135                           = $432D ; addr, local, , mk1_c, code_compiler, engine/enengine.h::enems_move::0::87:205
i_136                           = $432D ; addr, local, , mk1_c, code_compiler, engine/enengine.h::enems_move::0::87:205
i_137                           = $435E ; addr, local, , mk1_c, code_compiler, engine/enengine.h::enems_move::0::87:205
i_138                           = $4361 ; addr, local, , mk1_c, code_compiler, engine/enengine.h::enems_move::0::87:205
i_141                           = $436A ; addr, local, , mk1_c, code_compiler, engine/enengine.h::enems_move::0::87:205
i_142                           = $4382 ; addr, local, , mk1_c, code_compiler, engine/enengine.h::enems_move::0::87:205
i_143                           = $4382 ; addr, local, , mk1_c, code_compiler, engine/enengine.h::enems_move::0::87:205
i_144                           = $4382 ; addr, local, , mk1_c, code_compiler, engine/enengine.h::enems_move::0::87:205
i_145                           = $4382 ; addr, local, , mk1_c, code_compiler, engine/enengine.h::enems_move::0::87:205
i_140                           = $43D8 ; addr, local, , mk1_c, code_compiler, engine/enengine.h::enems_move::4::92:350
_enems_lm_change_axis_x         = $43A6 ; addr, local, , mk1_c, code_compiler, ./engine/enem_mods/enem_type_lineal.h::enems_move::4::92:0
_enems_lm_change_axis_x_done    = $43AE ; addr, local, , mk1_c, code_compiler, ./engine/enem_mods/enem_type_lineal.h::enems_move::4::92:0
_enems_lm_change_axis_y         = $43CD ; addr, local, , mk1_c, code_compiler, ./engine/enem_mods/enem_type_lineal.h::enems_move::4::92:0
_enems_lm_change_axis_y_done    = $43D5 ; addr, local, , mk1_c, code_compiler, ./engine/enem_mods/enem_type_lineal.h::enems_move::4::92:0
i_146                           = $4596 ; addr, local, , mk1_c, code_compiler, engine/enengine.h::enems_move::4::103:687
i_147                           = $4426 ; addr, local, , mk1_c, code_compiler, engine/enengine.h::enems_move::4::92:350
_enems_move_update_frame_done   = $4426 ; addr, local, , mk1_c, code_compiler, engine/enengine.h::enems_move::4::92:350
i_148                           = $4544 ; addr, local, , mk1_c, code_compiler, engine/enengine.h::enems_move::4::92:350
i_149                           = $4596 ; addr, local, , mk1_c, code_compiler, engine/enengine.h::enems_move::4::92:350
i_150                           = $4495 ; addr, local, , mk1_c, code_compiler, engine/enengine.h::enems_move::4::92:350
i_152                           = $4495 ; addr, local, , mk1_c, code_compiler, engine/enengine.h::enems_move::4::92:350
i_151                           = $4495 ; addr, local, , mk1_c, code_compiler, engine/enengine.h::enems_move::4::92:350
i_153_i_152                     = $4467 ; addr, local, , mk1_c, code_compiler, engine/enengine.h::enems_move::4::92:350
i_155                           = $44C8 ; addr, local, , mk1_c, code_compiler, engine/enengine.h::enems_move::4::92:350
i_157                           = $4513 ; addr, local, , mk1_c, code_compiler, engine/enengine.h::enems_move::4::92:350
i_155_i_156                     = $44CF ; addr, local, , mk1_c, code_compiler, engine/enengine.h::enems_move::4::92:350
i_156                           = $44CA ; addr, local, , mk1_c, code_compiler, engine/enengine.h::enems_move::4::92:350
i_158                           = $4596 ; addr, local, , mk1_c, code_compiler, engine/enengine.h::enems_move::4::92:350
i_154                           = $4596 ; addr, local, , mk1_c, code_compiler, engine/enengine.h::enems_move::4::92:350
i_160_i_158                     = $4513 ; addr, local, , mk1_c, code_compiler, engine/enengine.h::enems_move::4::92:350
i_161                           = $4596 ; addr, local, , mk1_c, code_compiler, engine/enengine.h::enems_move::7::103:502
i_163                           = $4596 ; addr, local, , mk1_c, code_compiler, engine/enengine.h::enems_move::5::100:445
i_162                           = $4596 ; addr, local, , mk1_c, code_compiler, engine/enengine.h::enems_move::7::103:502
i_164_i_163                     = $4566 ; addr, local, , mk1_c, code_compiler, engine/enengine.h::enems_move::5::100:445
i_165                           = $4596 ; addr, local, , mk1_c, code_compiler, engine/enengine.h::enems_move::7::103:502
_en_an_sprid                    = $D609 ; const, local, , mk1_c, code_compiler, mk1.c::main::0::139:109
i_166                           = $464E ; addr, local, , mk1_c, code_compiler, engine/enengine.h::enems_move::4::103:687
i_167                           = $4664 ; addr, local, , mk1_c, code_compiler, engine/enengine.h::enems_move::4::103:687
init_hotspots_loop              = $46A2 ; addr, local, , mk1_c, code_compiler, engine/hotspots.h::hotspots_init::0::103:7
i_168                           = $46BE ; addr, local, , mk1_c, code_compiler, engine/hotspots.h::hotspots_do::0::104:30
i_169                           = $4785 ; addr, local, , mk1_c, code_compiler, engine/hotspots.h::hotspots_do::3::107:117
i_172                           = $46ED ; addr, local, , mk1_c, code_compiler, engine/hotspots.h::hotspots_do::0::104:30
i_173                           = $4700 ; addr, local, , mk1_c, code_compiler, engine/hotspots.h::hotspots_do::0::104:30
i_174                           = $4710 ; addr, local, , mk1_c, code_compiler, engine/hotspots.h::hotspots_do::0::104:30
i_175                           = $471E ; addr, local, , mk1_c, code_compiler, engine/hotspots.h::hotspots_do::0::104:30
i_171                           = $4734 ; addr, local, , mk1_c, code_compiler, engine/hotspots.h::hotspots_do::3::107:117
i_176                           = $4785 ; addr, local, , mk1_c, code_compiler, engine/hotspots.h::hotspots_do::3::107:117
EFECTO0                         = $4786 ; addr, local, , mk1_c, code_compiler, my/wyz/efectos.h::hotspots_do::0::108:4
EFECTO1                         = $4829 ; addr, local, , mk1_c, code_compiler, my/wyz/efectos.h::hotspots_do::0::108:4
EFECTO2                         = $4839 ; addr, local, , mk1_c, code_compiler, my/wyz/efectos.h::hotspots_do::0::108:4
EFECTO3                         = $4858 ; addr, local, , mk1_c, code_compiler, my/wyz/efectos.h::hotspots_do::0::108:4
EFECTO4                         = $4868 ; addr, local, , mk1_c, code_compiler, my/wyz/efectos.h::hotspots_do::0::108:4
EFECTO5                         = $48A5 ; addr, local, , mk1_c, code_compiler, my/wyz/efectos.h::hotspots_do::0::108:4
EFECTO6                         = $48C4 ; addr, local, , mk1_c, code_compiler, my/wyz/efectos.h::hotspots_do::0::108:4
EFECTO7                         = $48E3 ; addr, local, , mk1_c, code_compiler, my/wyz/efectos.h::hotspots_do::0::108:4
EFECTO8                         = $48F3 ; addr, local, , mk1_c, code_compiler, my/wyz/efectos.h::hotspots_do::0::108:4
EFECTO9                         = $4912 ; addr, local, , mk1_c, code_compiler, my/wyz/efectos.h::hotspots_do::0::108:4
EFECTO10                        = $4922 ; addr, local, , mk1_c, code_compiler, my/wyz/efectos.h::hotspots_do::0::108:4
EFECTO11                        = $4941 ; addr, local, , mk1_c, code_compiler, my/wyz/efectos.h::hotspots_do::0::108:4
EFECTO12                        = $49B1 ; addr, local, , mk1_c, code_compiler, my/wyz/efectos.h::hotspots_do::0::108:4
EFECTO13                        = $49CD ; addr, local, , mk1_c, code_compiler, my/wyz/efectos.h::hotspots_do::0::108:4
EFECTO14                        = $49DD ; addr, local, , mk1_c, code_compiler, my/wyz/efectos.h::hotspots_do::0::108:4
TABLA_PAUTAS                    = $49ED ; addr, local, , mk1_c, code_compiler, my/wyz/instrumentos.h::hotspots_do::0::108:7
PAUTA_0                         = $4A01 ; addr, local, , mk1_c, code_compiler, my/wyz/instrumentos.h::hotspots_do::0::108:7
PAUTA_1                         = $4A0C ; addr, local, , mk1_c, code_compiler, my/wyz/instrumentos.h::hotspots_do::0::108:7
PAUTA_2                         = $4A1F ; addr, local, , mk1_c, code_compiler, my/wyz/instrumentos.h::hotspots_do::0::108:7
PAUTA_3                         = $4A34 ; addr, local, , mk1_c, code_compiler, my/wyz/instrumentos.h::hotspots_do::0::108:7
PAUTA_4                         = $4A5B ; addr, local, , mk1_c, code_compiler, my/wyz/instrumentos.h::hotspots_do::0::108:7
PAUTA_5                         = $4A66 ; addr, local, , mk1_c, code_compiler, my/wyz/instrumentos.h::hotspots_do::0::108:7
TABLA_SONIDOS                   = $49F9 ; addr, local, , mk1_c, code_compiler, my/wyz/instrumentos.h::hotspots_do::0::108:7
SONIDO0                         = $4A73 ; addr, local, , mk1_c, code_compiler, my/wyz/instrumentos.h::hotspots_do::0::108:7
SONIDO1                         = $4A7A ; addr, local, , mk1_c, code_compiler, my/wyz/instrumentos.h::hotspots_do::0::108:7
SONIDO2                         = $4A81 ; addr, local, , mk1_c, code_compiler, my/wyz/instrumentos.h::hotspots_do::0::108:7
SONIDO3                         = $4A88 ; addr, local, , mk1_c, code_compiler, my/wyz/instrumentos.h::hotspots_do::0::108:7
_00_title_mus_bin               = $4A92 ; addr, local, , mk1_c, code_compiler, my/wyz/songs.h::hotspots_do::0::108:6
_01_ingame_mus_bin              = $4B17 ; addr, local, , mk1_c, code_compiler, my/wyz/songs.h::hotspots_do::0::108:6
WYZPLAYER_INIT                  = $4D0E ; addr, local, , mk1_c, code_compiler, wyz_player.h::wyz_stop_sound::0::112:50
CARGA_CANCION                   = $4E72 ; addr, local, , mk1_c, code_compiler, wyz_player.h::wyz_stop_sound::0::112:50
INICIA_EFECTO                   = $4D4E ; addr, local, , mk1_c, code_compiler, wyz_player.h::wyz_stop_sound::0::112:50
PLAYER_OFF                      = $4E4F ; addr, local, , mk1_c, code_compiler, wyz_player.h::wyz_stop_sound::0::112:50
CANAL_A                         = $5288 ; addr, local, , mk1_c, code_compiler, wyz_player.h::wyz_stop_sound::0::112:50
CANAL_B                         = $528A ; addr, local, , mk1_c, code_compiler, wyz_player.h::wyz_stop_sound::0::112:50
CANAL_C                         = $528C ; addr, local, , mk1_c, code_compiler, wyz_player.h::wyz_stop_sound::0::112:50
CANAL_P                         = $52B6 ; addr, local, , mk1_c, code_compiler, wyz_player.h::wyz_stop_sound::0::112:50
INICIO                          = $4D27 ; addr, local, , mk1_c, code_compiler, wyz_player.h::wyz_stop_sound::0::112:50
WYZ_PLAYER_ISR                  = $4D27 ; addr, local, , mk1_c, code_compiler, wyz_player.h::wyz_stop_sound::0::112:50
ROUT                            = $4E13 ; addr, local, , mk1_c, code_compiler, wyz_player.h::wyz_stop_sound::0::112:50
PSG_REG                         = $52CD ; addr, local, , mk1_c, code_compiler, wyz_player.h::wyz_stop_sound::0::112:50
PSG_REG_SEC                     = $52DD ; addr, local, , mk1_c, code_compiler, wyz_player.h::wyz_stop_sound::0::112:50
REPRODUCE_SONIDO                = $4D69 ; addr, local, , mk1_c, code_compiler, wyz_player.h::wyz_stop_sound::0::112:50
PLAY                            = $4FAB ; addr, local, , mk1_c, code_compiler, wyz_player.h::wyz_stop_sound::0::112:50
REPRODUCE_EFECTO                = $4D88 ; addr, local, , mk1_c, code_compiler, wyz_player.h::wyz_stop_sound::0::112:50
INICIA_SONIDO                   = $4D3E ; addr, local, , mk1_c, code_compiler, wyz_player.h::wyz_stop_sound::0::112:50
EXT_WORD                        = $525A ; addr, local, , mk1_c, code_compiler, wyz_player.h::wyz_stop_sound::0::112:50
PUNTERO_SONIDO                  = $52C7 ; addr, local, , mk1_c, code_compiler, wyz_player.h::wyz_stop_sound::0::112:50
INTERR                          = $527E ; addr, local, , mk1_c, code_compiler, wyz_player.h::wyz_stop_sound::0::112:50
TABLA_EFECTOS                   = $536D ; addr, local, , mk1_c, code_compiler, wyz_player.h::wyz_stop_sound::0::112:50
PUNTERO_EFECTO                  = $52A6 ; addr, local, , mk1_c, code_compiler, wyz_player.h::wyz_stop_sound::0::112:50
TABLA_DATOS_CANAL_SFX           = $5263 ; addr, local, , mk1_c, code_compiler, wyz_player.h::wyz_stop_sound::0::112:50
EFECTO_REGS                     = $52C9 ; addr, local, , mk1_c, code_compiler, wyz_player.h::wyz_stop_sound::0::112:50
SONIDO_REGS                     = $52CB ; addr, local, , mk1_c, code_compiler, wyz_player.h::wyz_stop_sound::0::112:50
REPRODUCE_SONIDO_O_EFECTO       = $4DA7 ; addr, local, , mk1_c, code_compiler, wyz_player.h::wyz_stop_sound::0::112:50
REPRODUCE_SONIDO_LIMPIA_BIT     = $4D82 ; addr, local, , mk1_c, code_compiler, wyz_player.h::wyz_stop_sound::0::112:50
REPRODUCE_EFECTO_LIMPIA_BIT     = $4DA1 ; addr, local, , mk1_c, code_compiler, wyz_player.h::wyz_stop_sound::0::112:50
FIN_SONIDO                      = $4E03 ; addr, local, , mk1_c, code_compiler, wyz_player.h::wyz_stop_sound::0::112:50
NO_ENVOLVENTES_SONIDO           = $4DE9 ; addr, local, , mk1_c, code_compiler, wyz_player.h::wyz_stop_sound::0::112:50
NO_RUIDO                        = $4DF6 ; addr, local, , mk1_c, code_compiler, wyz_player.h::wyz_stop_sound::0::112:50
SI_RUIDO                        = $4DFC ; addr, local, , mk1_c, code_compiler, wyz_player.h::wyz_stop_sound::0::112:50
ENVOLVENTE_BACK                 = $52EE ; addr, local, , mk1_c, code_compiler, wyz_player.h::wyz_stop_sound::0::112:50
FIN_NOPLAYER                    = $4E0C ; addr, local, , mk1_c, code_compiler, wyz_player.h::wyz_stop_sound::0::112:50
NO_BACKUP_ENVOLVENTE            = $4E1D ; addr, local, , mk1_c, code_compiler, wyz_player.h::wyz_stop_sound::0::112:50
LOUT                            = $4E20 ; addr, local, , mk1_c, code_compiler, wyz_player.h::wyz_stop_sound::0::112:50
WRITEPSGHL                      = $4E38 ; addr, local, , mk1_c, code_compiler, wyz_player.h::wyz_stop_sound::0::112:50
CLEAR_PSG_BUFFER                = $4E53 ; addr, local, , mk1_c, code_compiler, wyz_player.h::wyz_stop_sound::0::112:50
SONG                            = $527F ; addr, local, , mk1_c, code_compiler, wyz_player.h::wyz_stop_sound::0::112:50
DECODE_SONG                     = $4E7B ; addr, local, , mk1_c, code_compiler, wyz_player.h::wyz_stop_sound::0::112:50
TABLA_SONG                      = $536B ; addr, local, , mk1_c, code_compiler, wyz_player.h::wyz_stop_sound::0::112:50
TEMPO                           = $5280 ; addr, local, , mk1_c, code_compiler, wyz_player.h::wyz_stop_sound::0::112:50
TTEMPO                          = $5281 ; addr, local, , mk1_c, code_compiler, wyz_player.h::wyz_stop_sound::0::112:50
NPTJP0                          = $4E97 ; addr, local, , mk1_c, code_compiler, wyz_player.h::wyz_stop_sound::0::112:50
PUNTERO_P_DECA                  = $529A ; addr, local, , mk1_c, code_compiler, wyz_player.h::wyz_stop_sound::0::112:50
PUNTERO_L_DECA                  = $52AE ; addr, local, , mk1_c, code_compiler, wyz_player.h::wyz_stop_sound::0::112:50
BGICMODBC1                      = $4F28 ; addr, local, , mk1_c, code_compiler, wyz_player.h::wyz_stop_sound::0::112:50
PUNTERO_P_DECB                  = $529C ; addr, local, , mk1_c, code_compiler, wyz_player.h::wyz_stop_sound::0::112:50
PUNTERO_L_DECB                  = $52B0 ; addr, local, , mk1_c, code_compiler, wyz_player.h::wyz_stop_sound::0::112:50
PUNTERO_P_DECC                  = $529E ; addr, local, , mk1_c, code_compiler, wyz_player.h::wyz_stop_sound::0::112:50
PUNTERO_L_DECC                  = $52B2 ; addr, local, , mk1_c, code_compiler, wyz_player.h::wyz_stop_sound::0::112:50
PUNTERO_P_DECP                  = $52B8 ; addr, local, , mk1_c, code_compiler, wyz_player.h::wyz_stop_sound::0::112:50
PUNTERO_L_DECP                  = $52BC ; addr, local, , mk1_c, code_compiler, wyz_player.h::wyz_stop_sound::0::112:50
INIT_DECODER                    = $4EE3 ; addr, local, , mk1_c, code_compiler, wyz_player.h::wyz_stop_sound::0::112:50
PUNTERO_A                       = $5282 ; addr, local, , mk1_c, code_compiler, wyz_player.h::wyz_stop_sound::0::112:50
DECODE_CANAL                    = $4F42 ; addr, local, , mk1_c, code_compiler, wyz_player.h::wyz_stop_sound::0::112:50
PUNTERO_DECA                    = $52A0 ; addr, local, , mk1_c, code_compiler, wyz_player.h::wyz_stop_sound::0::112:50
PUNTERO_B                       = $5284 ; addr, local, , mk1_c, code_compiler, wyz_player.h::wyz_stop_sound::0::112:50
PUNTERO_DECB                    = $52A2 ; addr, local, , mk1_c, code_compiler, wyz_player.h::wyz_stop_sound::0::112:50
PUNTERO_C                       = $5286 ; addr, local, , mk1_c, code_compiler, wyz_player.h::wyz_stop_sound::0::112:50
PUNTERO_DECC                    = $52A4 ; addr, local, , mk1_c, code_compiler, wyz_player.h::wyz_stop_sound::0::112:50
PUNTERO_P                       = $52B4 ; addr, local, , mk1_c, code_compiler, wyz_player.h::wyz_stop_sound::0::112:50
PUNTERO_DECP                    = $52BA ; addr, local, , mk1_c, code_compiler, wyz_player.h::wyz_stop_sound::0::112:50
BGICMODBC2                      = $4F2A ; addr, local, , mk1_c, code_compiler, wyz_player.h::wyz_stop_sound::0::112:50
FIN_DEC_CANAL                   = $4F93 ; addr, local, , mk1_c, code_compiler, wyz_player.h::wyz_stop_sound::0::112:50
GETLEN                          = $4F98 ; addr, local, , mk1_c, code_compiler, wyz_player.h::wyz_stop_sound::0::112:50
NO_SILENCIO                     = $4F51 ; addr, local, , mk1_c, code_compiler, wyz_player.h::wyz_stop_sound::0::112:50
NO_MODIFICA                     = $4F88 ; addr, local, , mk1_c, code_compiler, wyz_player.h::wyz_stop_sound::0::112:50
NO_PUNTILLO                     = $4F5B ; addr, local, , mk1_c, code_compiler, wyz_player.h::wyz_stop_sound::0::112:50
NO_INSTRUMENTO                  = $4F6E ; addr, local, , mk1_c, code_compiler, wyz_player.h::wyz_stop_sound::0::112:50
NO_ENVOLVENTE                   = $4F7B ; addr, local, , mk1_c, code_compiler, wyz_player.h::wyz_stop_sound::0::112:50
DCBC0                           = $4FA5 ; addr, local, , mk1_c, code_compiler, wyz_player.h::wyz_stop_sound::0::112:50
PAUTAS                          = $4FEE ; addr, local, , mk1_c, code_compiler, wyz_player.h::wyz_stop_sound::0::112:50
LOCALIZA_NOTA                   = $5018 ; addr, local, , mk1_c, code_compiler, wyz_player.h::wyz_stop_sound::0::112:50
LOCALIZA_EFECTO                 = $5113 ; addr, local, , mk1_c, code_compiler, wyz_player.h::wyz_stop_sound::0::112:50
PUNTERO_P_A                     = $528E ; addr, local, , mk1_c, code_compiler, wyz_player.h::wyz_stop_sound::0::112:50
PAUTA                           = $515A ; addr, local, , mk1_c, code_compiler, wyz_player.h::wyz_stop_sound::0::112:50
PUNTERO_P_B                     = $5290 ; addr, local, , mk1_c, code_compiler, wyz_player.h::wyz_stop_sound::0::112:50
PUNTERO_P_C                     = $5292 ; addr, local, , mk1_c, code_compiler, wyz_player.h::wyz_stop_sound::0::112:50
LNJP0                           = $508F ; addr, local, , mk1_c, code_compiler, wyz_player.h::wyz_stop_sound::0::112:50
COMANDOS                        = $5025 ; addr, local, , mk1_c, code_compiler, wyz_player.h::wyz_stop_sound::0::112:50
COM_EFECTO                      = $506A ; addr, local, , mk1_c, code_compiler, wyz_player.h::wyz_stop_sound::0::112:50
NO_DEC_TEMPO                    = $5037 ; addr, local, , mk1_c, code_compiler, wyz_player.h::wyz_stop_sound::0::112:50
NO_INC_TEMPO                    = $503C ; addr, local, , mk1_c, code_compiler, wyz_player.h::wyz_stop_sound::0::112:50
VOL_INST_A                      = $52A9 ; addr, local, , mk1_c, code_compiler, wyz_player.h::wyz_stop_sound::0::112:50
PUNTERO_P_A0                    = $5294 ; addr, local, , mk1_c, code_compiler, wyz_player.h::wyz_stop_sound::0::112:50
COM_ENVOLVENTE                  = $507A ; addr, local, , mk1_c, code_compiler, wyz_player.h::wyz_stop_sound::0::112:50
ENVOLVENTE                      = $52ED ; addr, local, , mk1_c, code_compiler, wyz_player.h::wyz_stop_sound::0::112:50
NO_FIN_CANAL_A                  = $50D2 ; addr, local, , mk1_c, code_compiler, wyz_player.h::wyz_stop_sound::0::112:50
FIN_CANAL_A                     = $50B9 ; addr, local, , mk1_c, code_compiler, wyz_player.h::wyz_stop_sound::0::112:50
FIN_NOTA_A                      = $5099 ; addr, local, , mk1_c, code_compiler, wyz_player.h::wyz_stop_sound::0::112:50
FCA_CONT                        = $50C4 ; addr, local, , mk1_c, code_compiler, wyz_player.h::wyz_stop_sound::0::112:50
FIN_RUTINA                      = $5112 ; addr, local, , mk1_c, code_compiler, wyz_player.h::wyz_stop_sound::0::112:50
NO_SILENCIO_A                   = $5100 ; addr, local, , mk1_c, code_compiler, wyz_player.h::wyz_stop_sound::0::112:50
SILENCIO_ENVOLVENTE             = $50ED ; addr, local, , mk1_c, code_compiler, wyz_player.h::wyz_stop_sound::0::112:50
REG_NOTA_A                      = $52A8 ; addr, local, , mk1_c, code_compiler, wyz_player.h::wyz_stop_sound::0::112:50
NOTA                            = $51FA ; addr, local, , mk1_c, code_compiler, wyz_player.h::wyz_stop_sound::0::112:50
LEJP0                           = $512A ; addr, local, , mk1_c, code_compiler, wyz_player.h::wyz_stop_sound::0::112:50
NO_FIN_CANAL_P                  = $5153 ; addr, local, , mk1_c, code_compiler, wyz_player.h::wyz_stop_sound::0::112:50
FIN_CANAL_P                     = $514B ; addr, local, , mk1_c, code_compiler, wyz_player.h::wyz_stop_sound::0::112:50
FIN_NOTA_P                      = $5133 ; addr, local, , mk1_c, code_compiler, wyz_player.h::wyz_stop_sound::0::112:50
PCAJP4                          = $5166 ; addr, local, , mk1_c, code_compiler, wyz_player.h::wyz_stop_sound::0::112:50
PCAJP0                          = $517A ; addr, local, , mk1_c, code_compiler, wyz_player.h::wyz_stop_sound::0::112:50
PCAJP1                          = $5191 ; addr, local, , mk1_c, code_compiler, wyz_player.h::wyz_stop_sound::0::112:50
PCAJP2                          = $51A6 ; addr, local, , mk1_c, code_compiler, wyz_player.h::wyz_stop_sound::0::112:50
PCAJP6                          = $51D8 ; addr, local, , mk1_c, code_compiler, wyz_player.h::wyz_stop_sound::0::112:50
ORNMJP1                         = $51E4 ; addr, local, , mk1_c, code_compiler, wyz_player.h::wyz_stop_sound::0::112:50
ORNNEG                          = $51C6 ; addr, local, , mk1_c, code_compiler, wyz_player.h::wyz_stop_sound::0::112:50
PCAJP3                          = $51C8 ; addr, local, , mk1_c, code_compiler, wyz_player.h::wyz_stop_sound::0::112:50
TABLA_NOTAS                     = $5202 ; addr, local, , mk1_c, code_compiler, wyz_player.h::wyz_stop_sound::0::112:50
PCAJP5                          = $51EC ; addr, local, , mk1_c, code_compiler, wyz_player.h::wyz_stop_sound::0::112:50
PCAJP7                          = $51F6 ; addr, local, , mk1_c, code_compiler, wyz_player.h::wyz_stop_sound::0::112:50
EVOLVENTES                      = $520F ; addr, local, , mk1_c, code_compiler, wyz_player.h::wyz_stop_sound::0::112:50
DATOS_NOTAS                     = $52EF ; addr, local, , mk1_c, code_compiler, wyz_player.h::wyz_stop_sound::0::112:50
FRECUENCIA_OFF                  = $5229 ; addr, local, , mk1_c, code_compiler, wyz_player.h::wyz_stop_sound::0::112:50
CONT_ENV                        = $5232 ; addr, local, , mk1_c, code_compiler, wyz_player.h::wyz_stop_sound::0::112:50
CRTBC0                          = $523C ; addr, local, , mk1_c, code_compiler, wyz_player.h::wyz_stop_sound::0::112:50
SELECT_CANAL_A                  = $5269 ; addr, local, , mk1_c, code_compiler, wyz_player.h::wyz_stop_sound::0::112:50
SELECT_CANAL_B                  = $5270 ; addr, local, , mk1_c, code_compiler, wyz_player.h::wyz_stop_sound::0::112:50
SELECT_CANAL_C                  = $5277 ; addr, local, , mk1_c, code_compiler, wyz_player.h::wyz_stop_sound::0::112:50
PUNTERO_P_B0                    = $5296 ; addr, local, , mk1_c, code_compiler, wyz_player.h::wyz_stop_sound::0::112:50
PUNTERO_P_C0                    = $5298 ; addr, local, , mk1_c, code_compiler, wyz_player.h::wyz_stop_sound::0::112:50
REG_NOTA_B                      = $52AA ; addr, local, , mk1_c, code_compiler, wyz_player.h::wyz_stop_sound::0::112:50
VOL_INST_B                      = $52AB ; addr, local, , mk1_c, code_compiler, wyz_player.h::wyz_stop_sound::0::112:50
REG_NOTA_C                      = $52AC ; addr, local, , mk1_c, code_compiler, wyz_player.h::wyz_stop_sound::0::112:50
VOL_INST_C                      = $52AD ; addr, local, , mk1_c, code_compiler, wyz_player.h::wyz_stop_sound::0::112:50
SFX_L                           = $52BE ; addr, local, , mk1_c, code_compiler, wyz_player.h::wyz_stop_sound::0::112:50
SFX_H                           = $52C0 ; addr, local, , mk1_c, code_compiler, wyz_player.h::wyz_stop_sound::0::112:50
SFX_V                           = $52C2 ; addr, local, , mk1_c, code_compiler, wyz_player.h::wyz_stop_sound::0::112:50
SFX_MIX                         = $52C4 ; addr, local, , mk1_c, code_compiler, wyz_player.h::wyz_stop_sound::0::112:50
N_SONIDO                        = $52C6 ; addr, local, , mk1_c, code_compiler, wyz_player.h::wyz_stop_sound::0::112:50
i_177                           = $53A7 ; addr, local, , mk1_c, code_compiler, my/title_screen.h::title_screen::0::112:6
i_179                           = $53BF ; addr, local, , mk1_c, code_compiler, my/title_screen.h::title_screen::0::112:6
i_178                           = $53D8 ; addr, local, , mk1_c, code_compiler, my/title_screen.h::title_screen::0::112:6
i_180                           = $53A7 ; addr, local, , mk1_c, code_compiler, my/title_screen.h::title_screen::0::112:6
_copy_keys_to_extern            = $53DB ; addr, local, , mk1_c, code_compiler, my/title_screen.h::title_screen::0::112:6
_isr                            = $5406 ; addr, local, , mk1_c, code_compiler, mainloop.h::main::0::117:7
isr_done                        = $5436 ; addr, local, , mk1_c, code_compiler, mainloop.h::main::0::117:7
isr_c1                          = $5434 ; addr, local, , mk1_c, code_compiler, mainloop.h::main::0::117:7
_skip_player                    = $542E ; addr, local, , mk1_c, code_compiler, mainloop.h::main::0::117:7
isr_c2                          = $5435 ; addr, local, , mk1_c, code_compiler, mainloop.h::main::0::117:7
i_183                           = $54CB ; addr, local, , mk1_c, code_compiler, mainloop.h::main::0::117:7
i_181                           = $54C6 ; addr, local, , mk1_c, code_compiler, mainloop.h::main::0::117:7
i_182                           = $550A ; addr, local, , mk1_c, code_compiler, mainloop.h::main::0::117:7
i_186                           = $5518 ; addr, local, , mk1_c, code_compiler, mainloop.h::main::0::117:7
i_184                           = $5511 ; addr, local, , mk1_c, code_compiler, mainloop.h::main::0::117:7
i_185                           = $5558 ; addr, local, , mk1_c, code_compiler, mainloop.h::main::0::117:7
_spr_on                         = $E648 ; const, local, , mk1_c, code_compiler, mk1.c::main::0::139:109
i_187                           = $5559 ; addr, local, , mk1_c, code_compiler, mainloop.h::main::1::120:176
_game_loop_init                 = $5576 ; addr, local, , mk1_c, code_compiler, mainloop/game_loop.h::main::3::122:0
i_189                           = $55BA ; addr, local, , mk1_c, code_compiler, mainloop/game_loop.h::main::3::122:51
i_190                           = $57A0 ; addr, local, , mk1_c, code_compiler, mainloop/game_loop.h::main::4::137:318
_game_loop_do                   = $55C2 ; addr, local, , mk1_c, code_compiler, mainloop/game_loop.h::main::3::122:51
i_191                           = $55E3 ; addr, local, , mk1_c, code_compiler, ./mainloop/hud.h::main::4::124:0
i_192                           = $55FC ; addr, local, , mk1_c, code_compiler, ./mainloop/hud.h::main::4::124:0
i_193                           = $5627 ; addr, local, , mk1_c, code_compiler, ./mainloop/hud.h::main::4::124:0
i_194                           = $5655 ; addr, local, , mk1_c, code_compiler, mainloop/game_loop.h::main::4::127:163
i_195                           = $5690 ; addr, local, , mk1_c, code_compiler, mainloop/game_loop.h::main::6::129:182
i_196                           = $5689 ; addr, local, , mk1_c, code_compiler, mainloop/game_loop.h::main::6::129:182
i_197                           = $5690 ; addr, local, , mk1_c, code_compiler, mainloop/game_loop.h::main::6::129:182
i_198                           = $56A8 ; addr, local, , mk1_c, code_compiler, mainloop/game_loop.h::main::6::129:182
i_199                           = $56C3 ; addr, local, , mk1_c, code_compiler, mainloop/game_loop.h::main::6::129:182
i_200                           = $56C3 ; addr, local, , mk1_c, code_compiler, mainloop/game_loop.h::main::6::129:182
i_202                           = $56E7 ; addr, local, , mk1_c, code_compiler, ./mainloop/flick_screen.h::main::4::131:0
i_201                           = $56E7 ; addr, local, , mk1_c, code_compiler, ./mainloop/flick_screen.h::main::4::131:0
i_203_i_202                     = $56D5 ; addr, local, , mk1_c, code_compiler, ./mainloop/flick_screen.h::main::4::131:0
i_205                           = $570F ; addr, local, , mk1_c, code_compiler, ./mainloop/flick_screen.h::main::4::131:0
i_204                           = $570F ; addr, local, , mk1_c, code_compiler, ./mainloop/flick_screen.h::main::4::131:0
i_206_i_205                     = $56FC ; addr, local, , mk1_c, code_compiler, ./mainloop/flick_screen.h::main::4::131:0
i_208                           = $573C ; addr, local, , mk1_c, code_compiler, ./mainloop/flick_screen.h::main::4::131:0
i_207                           = $573C ; addr, local, , mk1_c, code_compiler, ./mainloop/flick_screen.h::main::4::131:0
i_209_i_208                     = $572A ; addr, local, , mk1_c, code_compiler, ./mainloop/flick_screen.h::main::4::131:0
i_211                           = $5781 ; addr, local, , mk1_c, code_compiler, ./mainloop/flick_screen.h::main::4::131:0
i_210                           = $5781 ; addr, local, , mk1_c, code_compiler, mainloop/game_loop.h::main::4::136:281
i_212_i_211                     = $5755 ; addr, local, , mk1_c, code_compiler, ./mainloop/flick_screen.h::main::4::131:0
i_213                           = $5781 ; addr, local, , mk1_c, code_compiler, ./mainloop/flick_screen.h::main::4::131:0
i_214                           = $5781 ; addr, local, , mk1_c, code_compiler, ./mainloop/flick_screen.h::main::4::131:0
i_216                           = $5791 ; addr, local, , mk1_c, code_compiler, mainloop/game_loop.h::main::4::136:281
i_215                           = $55BA ; addr, local, , mk1_c, code_compiler, mainloop/game_loop.h::main::4::137:318
i_218                           = $57B1 ; addr, local, , mk1_c, code_compiler, mainloop.h::main::3::137:237
i_219                           = $57B4 ; addr, local, , mk1_c, code_compiler, mainloop.h::main::4::139:275
i_188                           = $57C2 ; addr, local, , mk1_c, code_compiler, mainloop.h::main::2::139:282
soloCopia                       = $0593 ; addr, local, , cpc_ShowTileMap, , cpc_ShowTileMap.asm:37
contador_tiles                  = $05E5 ; addr, local, , cpc_ShowTileMap, , cpc_ShowTileMap.asm:109
contador_tiles2                 = $05E6 ; addr, local, , cpc_ShowTileMap, , cpc_ShowTileMap.asm:111
transferir_pantalla_a_superbuffer = $05A0 ; addr, local, , cpc_ShowTileMap, , cpc_ShowTileMap.asm:50
cpc_PutSp                       = $05FC ; addr, local, , cpc_ShowTileMap, , cpc_ShowTileMap.asm:142
bucle_dibujado_fondo            = $05A7 ; addr, local, , cpc_ShowTileMap, , cpc_ShowTileMap.asm:57
transferir_map_sbuffer          = $05E8 ; addr, local, , cpc_ShowTileMap, , cpc_ShowTileMap.asm:114
incremento2                     = $05D8 ; addr, local, , cpc_ShowTileMap, , cpc_ShowTileMap.asm:100
loop_alto_map_sbuffer           = $05EE ; addr, local, , cpc_ShowTileMap, , cpc_ShowTileMap.asm:120
loop_ancho_map_sbuffer          = $05EE ; addr, local, , cpc_ShowTileMap, , cpc_ShowTileMap.asm:121
loop_alto_2                     = $05FE ; addr, local, , cpc_ShowTileMap, , cpc_ShowTileMap.asm:147
sig_linea_2                     = $0615 ; addr, local, , cpc_ShowTileMap, , cpc_ShowTileMap.asm:184
PASARPORDETRAS                  = $0001 ; const, local, , cpc_UpdScr, , CPCconfig.def:8
_tiles_tocados_ptr              = $064A ; addr, local, , cpc_UpdScr, , cpc_UpdScr.asm:56
main_loop                       = $0635 ; addr, local, , cpc_UpdScr, , cpc_UpdScr.asm:38
process_touched_byte            = $064C ; addr, local, , cpc_UpdScr, , cpc_UpdScr.asm:59
bit0_skip                       = $065D ; addr, local, , cpc_UpdScr, , cpc_UpdScr.asm:71
ucopyTile                       = $06A7 ; addr, local, , cpc_UpdScr, , cpc_UpdScr.asm:134
bit1_skip                       = $0667 ; addr, local, , cpc_UpdScr, , cpc_UpdScr.asm:79
bit2_skip                       = $0671 ; addr, local, , cpc_UpdScr, , cpc_UpdScr.asm:87
bit3_skip                       = $067B ; addr, local, , cpc_UpdScr, , cpc_UpdScr.asm:95
bit4_skip                       = $0685 ; addr, local, , cpc_UpdScr, , cpc_UpdScr.asm:103
bit5_skip                       = $068F ; addr, local, , cpc_UpdScr, , cpc_UpdScr.asm:111
bit6_skip                       = $0699 ; addr, local, , cpc_UpdScr, , cpc_UpdScr.asm:119
bit7_skip                       = $06A3 ; addr, local, , cpc_UpdScr, , cpc_UpdScr.asm:127
skeep                           = $0700 ; addr, local, , cpc_UpdScr, , cpc_UpdScr.asm:242
transferir_map_sbuffer_grey     = $06C3 ; addr, local, , cpc_UpdScr, , cpc_UpdScr.asm:169
PASARPORDETRAS                  = $0001 ; const, local, , cpc_ShowTouchedTiles, , CPCconfig.def:8
bucle_cpc_ShowTouchedTiles      = $0710 ; addr, local, , cpc_ShowTouchedTiles, , cpc_ShowTouchedTiles.asm:46
process                         = $0721 ; addr, local, , cpc_ShowTouchedTiles, , cpc_ShowTouchedTiles.asm:65
skipall                         = $074D ; addr, local, , cpc_ShowTouchedTiles, , cpc_ShowTouchedTiles.asm:99
checkbit                        = $0759 ; addr, local, , cpc_ShowTouchedTiles, , cpc_ShowTouchedTiles.asm:113
noincd                          = $0755 ; addr, local, , cpc_ShowTouchedTiles, , cpc_ShowTouchedTiles.asm:107
checkbit_done                   = $0810 ; addr, local, , cpc_ShowTouchedTiles, , cpc_ShowTouchedTiles.asm:373
copyTile                        = $075C ; addr, local, , cpc_ShowTouchedTiles, , cpc_ShowTouchedTiles.asm:116
posicionar_superbuffer          = $075E ; addr, local, , cpc_ShowTouchedTiles, , cpc_ShowTouchedTiles.asm:122
posicionar_pantalla             = $0767 ; addr, local, , cpc_ShowTouchedTiles, , cpc_ShowTouchedTiles.asm:135
transf_bloque_sb_pantalla       = $0775 ; addr, local, , cpc_ShowTouchedTiles, , cpc_ShowTouchedTiles.asm:151
copycell                        = $07D2 ; addr, local, , cpc_ShowTouchedTiles, , cpc_ShowTouchedTiles.asm:275
copybgtile                      = $0786 ; addr, local, , cpc_ShowTouchedTiles, , cpc_ShowTouchedTiles.asm:168
copycell_done                   = $080E ; addr, local, , cpc_ShowTouchedTiles, , cpc_ShowTouchedTiles.asm:368
do_update                       = $082E ; addr, local, , cpc_PutSpTileMap4x8, , cpc_PutSpTileMap4x8.asm:49
origin_next_row                 = $084E ; addr, local, , cpc_PutSpTileMap4x8, , cpc_PutSpTileMap4x8.asm:79
fin                             = $0860 ; addr, local, , cpc_PutSpTileMap4x8, , cpc_PutSpTileMap4x8.asm:96
do_update                       = $087B ; addr, local, , cpc_PutSpTileMap8x16Px, , cpc_PutSpTileMap8x16Px.asm:50
origin_next_row                 = $08A0 ; addr, local, , cpc_PutSpTileMap8x16Px, , cpc_PutSpTileMap8x16Px.asm:85
origin_last_row                 = $08B3 ; addr, local, , cpc_PutSpTileMap8x16Px, , cpc_PutSpTileMap8x16Px.asm:105
fin                             = $08CA ; addr, local, , cpc_PutSpTileMap8x16Px, , cpc_PutSpTileMap8x16Px.asm:130
pulsado                         = $08E2 ; addr, local, , cpc_TestKey, , cpc_TestKey.asm:34
bucle_deteccion_tecla           = $090B ; addr, local, , cpc_AnyKeyPressed, , cpc_AnyKeyPressed.asm:13
tecla_pulsada                   = $091E ; addr, local, , cpc_AnyKeyPressed, , cpc_AnyKeyPressed.asm:25
CHURRERA_CLIPPING               = $0001 ; const, local, , cpc_UpdTileTable, , CPCconfig.def:16
pasa_bloque_a_sbuffer           = $0978 ; addr, local, , cpc_PutTrSp4x8TileMap2b, , cpc_PutTrSp4x8TileMap2b.asm:30
transferir_sprite               = $0978 ; addr, local, , cpc_PutTrSp4x8TileMap2b, , cpc_PutTrSp4x8TileMap2b.asm:32
sp_buffer_mask                  = $098F ; addr, local, , cpc_PutTrSp4x8TileMap2b, , cpc_PutTrSp4x8TileMap2b.asm:52
loop_alto_map_sbuffer           = $0995 ; addr, local, , cpc_PutTrSp4x8TileMap2b, , cpc_PutTrSp4x8TileMap2b.asm:58
pasa_bloque_a_sbuffer           = $09C0 ; addr, local, , cpc_PutTrSp8x16TileMap2bPx, , cpc_PutTrSp8x16TileMap2bPx.asm:33
transferir_sprite               = $09C0 ; addr, local, , cpc_PutTrSp8x16TileMap2bPx, , cpc_PutTrSp8x16TileMap2bPx.asm:35
sp_buffer_mask                  = $09D7 ; addr, local, , cpc_PutTrSp8x16TileMap2bPx, , cpc_PutTrSp8x16TileMap2bPx.asm:55
loop_alto_map_sbuffer_shifted   = $0A0E ; addr, local, , cpc_PutTrSp8x16TileMap2bPx, , cpc_PutTrSp8x16TileMap2bPx.asm:119
loop_alto_map_sbuffer           = $09E1 ; addr, local, , cpc_PutTrSp8x16TileMap2bPx, , cpc_PutTrSp8x16TileMap2bPx.asm:65
keymap0                         = $0A8C ; addr, local, , cpc_KeysData, , cpc_KeysData.asm:16
tecla_0                         = $0A96 ; addr, local, , cpc_KeysData, , cpc_KeysData.asm:18
tabla_teclas0                   = $0A98 ; addr, local, , cpc_KeysData, , cpc_KeysData.asm:20
noinc                           = $0ABE ; addr, local, , cpc_TblLookup, , cpc_TblLookup.asm:17
cpc_InvalidateRect_P            = $0AC8 ; addr, local, , cpc_InvalidateRect, , cpc_InvalidateRect.asm:42
noinc1                          = $0AEE ; addr, local, , cpc_InvalidateRect, , cpc_InvalidateRect.asm:86
invcollp                        = $0AF2 ; addr, local, , cpc_InvalidateRect, , cpc_InvalidateRect.asm:92
invfullchar                     = $0B05 ; addr, local, , cpc_InvalidateRect, , cpc_InvalidateRect.asm:109
noinc2                          = $0B01 ; addr, local, , cpc_InvalidateRect, , cpc_InvalidateRect.asm:103
invrowlp                        = $0B07 ; addr, local, , cpc_InvalidateRect, , cpc_InvalidateRect.asm:113
noinc3                          = $0B12 ; addr, local, , cpc_InvalidateRect, , cpc_InvalidateRect.asm:124
__CLIB_OPT_IMATH                = $0000 ; const, local, , l_divu_16_16x16, , ../config_private.inc:27
divide_zero                     = $594F ; addr, local, , l_small_divu_16_16x16, code_math, ../_DEVELOPMENT/math/integer/small/l_small_divu_16_16x16.asm:141
divisor_sixteen_bit             = $5921 ; addr, local, , l_small_divu_16_16x16, code_math, ../_DEVELOPMENT/math/integer/small/l_small_divu_16_16x16.asm:50
loop_16_0                       = $5927 ; addr, local, , l_small_divu_16_16x16, code_math, ../_DEVELOPMENT/math/integer/small/l_small_divu_16_16x16.asm:60
loop_16_1                       = $592F ; addr, local, , l_small_divu_16_16x16, code_math, ../_DEVELOPMENT/math/integer/small/l_small_divu_16_16x16.asm:69
loop_8_0                        = $5941 ; addr, local, , l_small_divu_16_16x16, code_math, ../_DEVELOPMENT/math/integer/small/l_small_divu_16_16x16.asm:118
loop_8_2                        = $5948 ; addr, local, , l_small_divu_16_16x16, code_math, ../_DEVELOPMENT/math/integer/small/l_small_divu_16_16x16.asm:127
loop_8_1                        = $594A ; addr, local, , l_small_divu_16_16x16, code_math, ../_DEVELOPMENT/math/integer/small/l_small_divu_16_16x16.asm:132
l_sxt                           = $58BC ; addr, local, , l_gchar, code_crt0_sccz80, sccz80/crt0_z80/l_gchar.asm:12
__CLIB_OPT_IMATH                = $0000 ; const, local, , l_mulu_16_16x16, , ../config_private.inc:27
eight_bit_1                     = $5962 ; addr, local, , l_small_mul_16_16x16, code_math, ../_DEVELOPMENT/math/integer/small/l_small_mul_16_16x16.asm:40
eight_bit_0                     = $5961 ; addr, local, , l_small_mul_16_16x16, code_math, ../_DEVELOPMENT/math/integer/small/l_small_mul_16_16x16.asm:36
rejoin                          = $5965 ; addr, local, , l_small_mul_16_16x16, code_math, ../_DEVELOPMENT/math/integer/small/l_small_mul_16_16x16.asm:57
loop_0                          = $5968 ; addr, local, , l_small_mul_16_16x16, code_math, ../_DEVELOPMENT/math/integer/small/l_small_mul_16_16x16.asm:61
loop_1                          = $596F ; addr, local, , l_small_mul_16_16x16, code_math, ../_DEVELOPMENT/math/integer/small/l_small_mul_16_16x16.asm:75
TileMapConf                     = $0406 ; addr, public, , tilemap_conf_asm, , tilemap_conf.asm:75
_nametable                      = $0100 ; const, public, , tilemap_conf_asm, , tilemap_conf.asm:60
pantalla_juego                  = $0100 ; const, public, , tilemap_conf_asm, , tilemap_conf.asm:61
tiles_tocados                   = $CE00 ; const, public, , tilemap_conf_asm, , tilemap_conf.asm:58
posiciones_pantalla             = $0406 ; addr, public, , tilemap_conf_asm, , tilemap_conf.asm:77
posiciones_super_buffer         = $0436 ; addr, public, , tilemap_conf_asm, , tilemap_conf.asm:106
posicion_inicial_area_visible   = $C000 ; const, public, , tilemap_conf_asm, , tilemap_conf.asm:63
posicion_inicial_superbuffer    = $9000 ; const, public, , tilemap_conf_asm, , tilemap_conf.asm:64
ancho_pantalla_bytes            = $0040 ; const, public, , tilemap_conf_asm, , tilemap_conf.asm:69
alto_pantalla_bytes             = $00C0 ; const, public, , tilemap_conf_asm, , tilemap_conf.asm:70
ancho_pantalla_bytes_visible    = $0040 ; const, public, , tilemap_conf_asm, , tilemap_conf.asm:71
mascara1                        = $0000 ; const, public, , tilemap_conf_asm, , tilemap_conf.asm:53
mascara2                        = $0000 ; const, public, , tilemap_conf_asm, , tilemap_conf.asm:54
behindtilemasks                 = $0466 ; addr, public, , tilemap_conf_asm, , tilemap_conf.asm:139
viewport_x                      = $0001 ; const, public, , mk1_c, code_compiler, autodefs.h:8
viewport_y                      = $0002 ; const, public, , mk1_c, code_compiler, autodefs.h:8
tiles                           = $1CF0 ; addr, public, , mk1_c, code_compiler, assets/tileset.h::blackout::0::2:5
_def_keys                       = $0566 ; addr, public, , mk1_c, , my/config.h:235
_behs                           = $0B30 ; addr, public, , mk1_c, data_compiler, my/config.h:353
_enems_load                     = $4082 ; addr, public, , mk1_c, code_compiler, engine/enengine.h::enems_load::0::79:48
_enems_kill                     = $425B ; addr, public, , mk1_c, code_compiler, engine/enengine.h::enems_kill::0::86:175
_enems_move                     = $426C ; addr, public, , mk1_c, code_compiler, engine/enengine.h::enems_move::0::87:205
_collide                        = $35A3 ; addr, public, , mk1_c, code_compiler, engine/general.h::collide::0::24:14
_cm_two_points                  = $35D5 ; addr, public, , mk1_c, code_compiler, engine/general.h::cm_two_points::0::25:63
_rand                           = $3632 ; addr, public, , mk1_c, code_compiler, engine/general.h::rand::0::26:138
_abs                            = $365B ; addr, public, , mk1_c, code_compiler, engine/general.h::abs::0::27:182
_hotspots_init                  = $4698 ; addr, public, , mk1_c, code_compiler, engine/hotspots.h::hotspots_init::0::103:7
_hotspots_do                    = $46A7 ; addr, public, , mk1_c, code_compiler, engine/hotspots.h::hotspots_do::0::104:30
_player_init                    = $39BF ; addr, public, , mk1_c, code_compiler, engine/player.h::player_init::0::40:13
_player_calc_bounding_box       = $3A20 ; addr, public, , mk1_c, code_compiler, engine/player.h::player_calc_bounding_box::0::41:73
_player_move                    = $3A6F ; addr, public, , mk1_c, code_compiler, engine/player.h::player_move::0::42:247
_player_deplete                 = $4036 ; addr, public, , mk1_c, code_compiler, engine/player.h::player_deplete::0::77:1365
_player_kill                    = $4061 ; addr, public, , mk1_c, code_compiler, engine/player.h::player_kill::0::78:1369
_unpack                         = $141C ; addr, public, , mk1_c, code_compiler, aplib.h::unpack::0::0:155
_game_ending                    = $3672 ; addr, public, , mk1_c, code_compiler, my/fixed_screens.h::game_ending::0::28:4
_game_over                      = $369A ; addr, public, , mk1_c, code_compiler, my/fixed_screens.h::game_over::0::29:19
_addsign                        = $36E4 ; addr, public, , mk1_c, code_compiler, engine.h::addsign::0::30:16
_espera_activa                  = $36FE ; addr, public, , mk1_c, code_compiler, engine.h::espera_activa::0::31:24
_locks_init                     = $371F ; addr, public, , mk1_c, code_compiler, engine.h::locks_init::0::33:41
_process_tile                   = $372E ; addr, public, , mk1_c, code_compiler, engine.h::process_tile::0::34:81
_draw_scr_background            = $3789 ; addr, public, , mk1_c, code_compiler, engine.h::draw_scr_background::0::35:335
_draw_scr                       = $383B ; addr, public, , mk1_c, code_compiler, engine.h::draw_scr::0::37:502
_mons_col_sc_x                  = $3907 ; addr, public, , mk1_c, code_compiler, engine.h::mons_col_sc_x::0::38:745
_mons_col_sc_y                  = $3963 ; addr, public, , mk1_c, code_compiler, engine.h::mons_col_sc_y::0::39:816
_blackout                       = $1CD1 ; addr, public, , mk1_c, code_compiler, pantallas.h::blackout::0::1:32
_attr                           = $3197 ; addr, public, , mk1_c, code_compiler, printer.h::attr::0::2:6
_qtile                          = $31C7 ; addr, public, , mk1_c, code_compiler, printer.h::qtile::0::3:61
_draw_coloured_tile             = $322E ; addr, public, , mk1_c, code_compiler, printer.h::draw_coloured_tile::0::6:171
_invalidate_tile                = $339B ; addr, public, , mk1_c, code_compiler, printer.h::invalidate_tile::0::9:450
_invalidate_viewport            = $33B4 ; addr, public, , mk1_c, code_compiler, printer.h::invalidate_viewport::0::10:470
_draw_invalidate_coloured_tile_gamearea = $33C0 ; addr, public, , mk1_c, code_compiler, printer.h::draw_invalidate_coloured_tile_gamearea::0::11:482
_draw_coloured_tile_gamearea    = $33C7 ; addr, public, , mk1_c, code_compiler, printer.h::draw_coloured_tile_gamearea::0::12:487
_draw_decorations               = $33E4 ; addr, public, , mk1_c, code_compiler, printer.h::draw_decorations::0::13:491
_update_tile                    = $3417 ; addr, public, , mk1_c, code_compiler, printer.h::update_tile::0::14:536
_print_number2                  = $3448 ; addr, public, , mk1_c, code_compiler, printer.h::print_number2::0::15:578
_draw_objs                      = $348F ; addr, public, , mk1_c, code_compiler, printer.h::draw_objs::0::16:600
_print_str                      = $34A5 ; addr, public, , mk1_c, code_compiler, printer.h::print_str::0::17:663
_clear_sprites                  = $34D4 ; addr, public, , mk1_c, code_compiler, printer.h::clear_sprites::0::18:717
_cpc_UpdateNow                  = $3530 ; addr, public, , mk1_c, code_compiler, engine/update.h::cpc_UpdateNow::0::21:9
_wyz_init                       = $4CCA ; addr, public, , mk1_c, code_compiler, wyz_player.h::wyz_init::0::108:8
_wyz_play_music                 = $4CD5 ; addr, public, , mk1_c, code_compiler, wyz_player.h::wyz_play_music::0::109:17
_wyz_play_sound                 = $4CFD ; addr, public, , mk1_c, code_compiler, wyz_player.h::wyz_play_sound::0::110:29
_wyz_stop_sound                 = $4D06 ; addr, public, , mk1_c, code_compiler, wyz_player.h::wyz_stop_sound::0::111:40
_pad0                           = $57ED ; addr, public, , mk1_c, bss_compiler, mk1.c::main::0::139:109
_enoffs                         = $57EE ; addr, public, , mk1_c, bss_compiler, mk1.c::main::0::139:109
_asm_number                     = $57EF ; addr, public, , mk1_c, bss_compiler, mk1.c::main::0::139:109
_asm_int                        = $57F0 ; addr, public, , mk1_c, bss_compiler, mk1.c::main::0::139:109
_asm_int_2                      = $57F2 ; addr, public, , mk1_c, bss_compiler, mk1.c::main::0::139:109
_seed                           = $57F4 ; addr, public, , mk1_c, bss_compiler, mk1.c::main::0::139:109
_half_life                      = $57F6 ; addr, public, , mk1_c, bss_compiler, mk1.c::main::0::139:109
_p_x                            = $57F7 ; addr, public, , mk1_c, bss_compiler, mk1.c::main::0::139:109
_p_y                            = $57F9 ; addr, public, , mk1_c, bss_compiler, mk1.c::main::0::139:109
_p_vx                           = $57FB ; addr, public, , mk1_c, bss_compiler, mk1.c::main::0::139:109
_p_vy                           = $57FD ; addr, public, , mk1_c, bss_compiler, mk1.c::main::0::139:109
_p_saltando                     = $57FF ; addr, public, , mk1_c, bss_compiler, mk1.c::main::0::139:109
_p_cont_salto                   = $5800 ; addr, public, , mk1_c, bss_compiler, mk1.c::main::0::139:109
_p_frame                        = $5801 ; addr, public, , mk1_c, bss_compiler, mk1.c::main::0::139:109
_p_subframe                     = $5802 ; addr, public, , mk1_c, bss_compiler, mk1.c::main::0::139:109
_p_facing                       = $5803 ; addr, public, , mk1_c, bss_compiler, mk1.c::main::0::139:109
_p_estado                       = $5804 ; addr, public, , mk1_c, bss_compiler, mk1.c::main::0::139:109
_p_ct_estado                    = $5805 ; addr, public, , mk1_c, bss_compiler, mk1.c::main::0::139:109
_p_gotten                       = $5806 ; addr, public, , mk1_c, bss_compiler, mk1.c::main::0::139:109
_pregotten                      = $5807 ; addr, public, , mk1_c, bss_compiler, mk1.c::main::0::139:109
_p_life                         = $5808 ; addr, public, , mk1_c, bss_compiler, mk1.c::main::0::139:109
_p_objs                         = $5809 ; addr, public, , mk1_c, bss_compiler, mk1.c::main::0::139:109
_p_keys                         = $580A ; addr, public, , mk1_c, bss_compiler, mk1.c::main::0::139:109
_p_fuel                         = $580B ; addr, public, , mk1_c, bss_compiler, mk1.c::main::0::139:109
_p_killed                       = $580C ; addr, public, , mk1_c, bss_compiler, mk1.c::main::0::139:109
_p_disparando                   = $580D ; addr, public, , mk1_c, bss_compiler, mk1.c::main::0::139:109
_p_facing_v                     = $580E ; addr, public, , mk1_c, bss_compiler, mk1.c::main::0::139:109
_p_facing_h                     = $580F ; addr, public, , mk1_c, bss_compiler, mk1.c::main::0::139:109
_p_ammo                         = $5810 ; addr, public, , mk1_c, bss_compiler, mk1.c::main::0::139:109
_p_killme                       = $5811 ; addr, public, , mk1_c, bss_compiler, mk1.c::main::0::139:109
_p_kill_amt                     = $5812 ; addr, public, , mk1_c, bss_compiler, mk1.c::main::0::139:109
_p_tx                           = $5813 ; addr, public, , mk1_c, bss_compiler, mk1.c::main::0::139:109
_p_ty                           = $5814 ; addr, public, , mk1_c, bss_compiler, mk1.c::main::0::139:109
_ptgmx                          = $5815 ; addr, public, , mk1_c, bss_compiler, mk1.c::main::0::139:109
_ptgmy                          = $5817 ; addr, public, , mk1_c, bss_compiler, mk1.c::main::0::139:109
_spacer                         = $0B60 ; addr, public, , mk1_c, data_compiler, definitions.h:127
_enit                           = $5819 ; addr, public, , mk1_c, bss_compiler, mk1.c::main::0::139:109
_enspit                         = $581A ; addr, public, , mk1_c, bss_compiler, mk1.c::main::0::139:109
__en_x                          = $581B ; addr, public, , mk1_c, bss_compiler, mk1.c::main::0::139:109
__en_y                          = $581C ; addr, public, , mk1_c, bss_compiler, mk1.c::main::0::139:109
__en_x1                         = $581D ; addr, public, , mk1_c, bss_compiler, mk1.c::main::0::139:109
__en_y1                         = $581E ; addr, public, , mk1_c, bss_compiler, mk1.c::main::0::139:109
__en_x2                         = $581F ; addr, public, , mk1_c, bss_compiler, mk1.c::main::0::139:109
__en_y2                         = $5820 ; addr, public, , mk1_c, bss_compiler, mk1.c::main::0::139:109
__en_mx                         = $5821 ; addr, public, , mk1_c, bss_compiler, mk1.c::main::0::139:109
__en_my                         = $5822 ; addr, public, , mk1_c, bss_compiler, mk1.c::main::0::139:109
__en_t                          = $5823 ; addr, public, , mk1_c, bss_compiler, mk1.c::main::0::139:109
__en_life                       = $5824 ; addr, public, , mk1_c, bss_compiler, mk1.c::main::0::139:109
__baddies_pointer               = $5825 ; addr, public, , mk1_c, bss_compiler, mk1.c::main::0::139:109
_hotspot_x                      = $5827 ; addr, public, , mk1_c, bss_compiler, mk1.c::main::0::139:109
_hotspot_y                      = $5828 ; addr, public, , mk1_c, bss_compiler, mk1.c::main::0::139:109
_hotspot_destroy                = $5829 ; addr, public, , mk1_c, bss_compiler, mk1.c::main::0::139:109
_orig_tile                      = $582A ; addr, public, , mk1_c, bss_compiler, mk1.c::main::0::139:109
_flags                          = $582B ; addr, public, , mk1_c, bss_compiler, mk1.c::main::0::139:109
_o_pant                         = $584B ; addr, public, , mk1_c, bss_compiler, mk1.c::main::0::139:109
_n_pant                         = $584C ; addr, public, , mk1_c, bss_compiler, mk1.c::main::0::139:109
_is_rendering                   = $584D ; addr, public, , mk1_c, bss_compiler, mk1.c::main::0::139:109
_level                          = $584E ; addr, public, , mk1_c, bss_compiler, mk1.c::main::0::139:109
_slevel                         = $584F ; addr, public, , mk1_c, bss_compiler, mk1.c::main::0::139:109
_warp_to_level                  = $0B62 ; addr, public, , mk1_c, data_compiler, definitions.h:209
_maincounter                    = $5850 ; addr, public, , mk1_c, bss_compiler, mk1.c::main::0::139:109
_gpx                            = $5851 ; addr, public, , mk1_c, bss_compiler, mk1.c::main::0::139:109
_gpox                           = $5852 ; addr, public, , mk1_c, bss_compiler, mk1.c::main::0::139:109
_gpy                            = $5853 ; addr, public, , mk1_c, bss_compiler, mk1.c::main::0::139:109
_gpd                            = $5854 ; addr, public, , mk1_c, bss_compiler, mk1.c::main::0::139:109
_gpc                            = $5855 ; addr, public, , mk1_c, bss_compiler, mk1.c::main::0::139:109
_gpt                            = $5856 ; addr, public, , mk1_c, bss_compiler, mk1.c::main::0::139:109
_gpxx                           = $5857 ; addr, public, , mk1_c, bss_compiler, mk1.c::main::0::139:109
_gpyy                           = $5858 ; addr, public, , mk1_c, bss_compiler, mk1.c::main::0::139:109
_gpcx                           = $5859 ; addr, public, , mk1_c, bss_compiler, mk1.c::main::0::139:109
_gpcy                           = $585A ; addr, public, , mk1_c, bss_compiler, mk1.c::main::0::139:109
_possee                         = $585B ; addr, public, , mk1_c, bss_compiler, mk1.c::main::0::139:109
_hit_v                          = $585C ; addr, public, , mk1_c, bss_compiler, mk1.c::main::0::139:109
_hit_h                          = $585D ; addr, public, , mk1_c, bss_compiler, mk1.c::main::0::139:109
_hit                            = $585E ; addr, public, , mk1_c, bss_compiler, mk1.c::main::0::139:109
_wall_h                         = $585F ; addr, public, , mk1_c, bss_compiler, mk1.c::main::0::139:109
_wall_v                         = $5860 ; addr, public, , mk1_c, bss_compiler, mk1.c::main::0::139:109
_gpen_x                         = $5861 ; addr, public, , mk1_c, bss_compiler, mk1.c::main::0::139:109
_gpen_y                         = $5862 ; addr, public, , mk1_c, bss_compiler, mk1.c::main::0::139:109
_gpen_cx                        = $5863 ; addr, public, , mk1_c, bss_compiler, mk1.c::main::0::139:109
_gpen_cy                        = $5864 ; addr, public, , mk1_c, bss_compiler, mk1.c::main::0::139:109
_gpaux                          = $5865 ; addr, public, , mk1_c, bss_compiler, mk1.c::main::0::139:109
_tocado                         = $5866 ; addr, public, , mk1_c, bss_compiler, mk1.c::main::0::139:109
_active                         = $5867 ; addr, public, , mk1_c, bss_compiler, mk1.c::main::0::139:109
_gpit                           = $5868 ; addr, public, , mk1_c, bss_compiler, mk1.c::main::0::139:109
_gpjt                           = $5869 ; addr, public, , mk1_c, bss_compiler, mk1.c::main::0::139:109
_enoffsmasi                     = $586A ; addr, public, , mk1_c, bss_compiler, mk1.c::main::0::139:109
_map_pointer                    = $586B ; addr, public, , mk1_c, bss_compiler, mk1.c::main::0::139:109
_rdx                            = $586D ; addr, public, , mk1_c, bss_compiler, mk1.c::main::0::139:109
_rdy                            = $586E ; addr, public, , mk1_c, bss_compiler, mk1.c::main::0::139:109
_rda                            = $586F ; addr, public, , mk1_c, bss_compiler, mk1.c::main::0::139:109
_rdb                            = $5870 ; addr, public, , mk1_c, bss_compiler, mk1.c::main::0::139:109
_rdc                            = $5871 ; addr, public, , mk1_c, bss_compiler, mk1.c::main::0::139:109
_rdd                            = $5872 ; addr, public, , mk1_c, bss_compiler, mk1.c::main::0::139:109
_rdn                            = $5873 ; addr, public, , mk1_c, bss_compiler, mk1.c::main::0::139:109
_rdt                            = $5874 ; addr, public, , mk1_c, bss_compiler, mk1.c::main::0::139:109
_itj                            = $5875 ; addr, public, , mk1_c, bss_compiler, mk1.c::main::0::139:109
_objs_old                       = $5877 ; addr, public, , mk1_c, bss_compiler, mk1.c::main::0::139:109
_keys_old                       = $5878 ; addr, public, , mk1_c, bss_compiler, mk1.c::main::0::139:109
_life_old                       = $5879 ; addr, public, , mk1_c, bss_compiler, mk1.c::main::0::139:109
_killed_old                     = $587A ; addr, public, , mk1_c, bss_compiler, mk1.c::main::0::139:109
_gen_pt                         = $587B ; addr, public, , mk1_c, bss_compiler, mk1.c::main::0::139:109
_playing                        = $587D ; addr, public, , mk1_c, bss_compiler, mk1.c::main::0::139:109
_success                        = $587E ; addr, public, , mk1_c, bss_compiler, mk1.c::main::0::139:109
__x                             = $587F ; addr, public, , mk1_c, bss_compiler, mk1.c::main::0::139:109
__y                             = $5880 ; addr, public, , mk1_c, bss_compiler, mk1.c::main::0::139:109
__n                             = $5881 ; addr, public, , mk1_c, bss_compiler, mk1.c::main::0::139:109
__t                             = $5882 ; addr, public, , mk1_c, bss_compiler, mk1.c::main::0::139:109
_cx1                            = $5883 ; addr, public, , mk1_c, bss_compiler, mk1.c::main::0::139:109
_cy1                            = $5884 ; addr, public, , mk1_c, bss_compiler, mk1.c::main::0::139:109
_cx2                            = $5885 ; addr, public, , mk1_c, bss_compiler, mk1.c::main::0::139:109
_cy2                            = $5886 ; addr, public, , mk1_c, bss_compiler, mk1.c::main::0::139:109
_at1                            = $5887 ; addr, public, , mk1_c, bss_compiler, mk1.c::main::0::139:109
_at2                            = $5888 ; addr, public, , mk1_c, bss_compiler, mk1.c::main::0::139:109
_x0                             = $5889 ; addr, public, , mk1_c, bss_compiler, mk1.c::main::0::139:109
_y0                             = $588A ; addr, public, , mk1_c, bss_compiler, mk1.c::main::0::139:109
_x1                             = $588B ; addr, public, , mk1_c, bss_compiler, mk1.c::main::0::139:109
_y1                             = $588C ; addr, public, , mk1_c, bss_compiler, mk1.c::main::0::139:109
_ptx1                           = $588D ; addr, public, , mk1_c, bss_compiler, mk1.c::main::0::139:109
_pty1                           = $588E ; addr, public, , mk1_c, bss_compiler, mk1.c::main::0::139:109
_ptx2                           = $588F ; addr, public, , mk1_c, bss_compiler, mk1.c::main::0::139:109
_pty2                           = $5890 ; addr, public, , mk1_c, bss_compiler, mk1.c::main::0::139:109
_pty2b                          = $5891 ; addr, public, , mk1_c, bss_compiler, mk1.c::main::0::139:109
__gp_gen                        = $5892 ; addr, public, , mk1_c, bss_compiler, mk1.c::main::0::139:109
_xx                             = $5894 ; addr, public, , mk1_c, bss_compiler, mk1.c::main::0::139:109
_yy                             = $5895 ; addr, public, , mk1_c, bss_compiler, mk1.c::main::0::139:109
_c1                             = $5896 ; addr, public, , mk1_c, bss_compiler, mk1.c::main::0::139:109
_c2                             = $5897 ; addr, public, , mk1_c, bss_compiler, mk1.c::main::0::139:109
_c3                             = $5898 ; addr, public, , mk1_c, bss_compiler, mk1.c::main::0::139:109
_c4                             = $5899 ; addr, public, , mk1_c, bss_compiler, mk1.c::main::0::139:109
_t1                             = $589A ; addr, public, , mk1_c, bss_compiler, mk1.c::main::0::139:109
_t2                             = $589B ; addr, public, , mk1_c, bss_compiler, mk1.c::main::0::139:109
_t3                             = $589C ; addr, public, , mk1_c, bss_compiler, mk1.c::main::0::139:109
_t4                             = $589D ; addr, public, , mk1_c, bss_compiler, mk1.c::main::0::139:109
_nocast                         = $589E ; addr, public, , mk1_c, bss_compiler, mk1.c::main::0::139:109
__ta                            = $589F ; addr, public, , mk1_c, bss_compiler, mk1.c::main::0::139:109
_a1                             = $58A0 ; addr, public, , mk1_c, bss_compiler, mk1.c::main::0::139:109
_a2                             = $58A2 ; addr, public, , mk1_c, bss_compiler, mk1.c::main::0::139:109
_a3                             = $58A4 ; addr, public, , mk1_c, bss_compiler, mk1.c::main::0::139:109
_gen_pt_alt                     = $58A6 ; addr, public, , mk1_c, bss_compiler, mk1.c::main::0::139:109
_t_alt                          = $58A8 ; addr, public, , mk1_c, bss_compiler, mk1.c::main::0::139:109
_def_keys_joy                   = $1342 ; addr, public, , mk1_c, code_compiler, definitions.h:325
_isr_player_on                  = $58A9 ; addr, public, , mk1_c, bss_compiler, mk1.c::main::0::139:109
_t_seconds                      = $58AA ; addr, public, , mk1_c, bss_compiler, mk1.c::main::0::139:109
_is_joystick                    = $58AC ; addr, public, , mk1_c, bss_compiler, mk1.c::main::0::139:109
_ram_address                    = $58AD ; addr, public, , mk1_c, bss_compiler, mk1.c::main::0::139:109
_ram_destination                = $58AF ; addr, public, , mk1_c, bss_compiler, mk1.c::main::0::139:109
_s_title                        = $1437 ; addr, public, , mk1_c, code_compiler, pantallas.h::unpack::0::1:13
_s_marco                        = $1870 ; addr, public, , mk1_c, code_compiler, pantallas.h::unpack::0::1:13
_s_ending                       = $199F ; addr, public, , mk1_c, code_compiler, pantallas.h::unpack::0::1:25
_my_inks                        = $57C3 ; addr, public, , mk1_c, rodata_compiler, assets/pal.h::blackout::0::2:5
_mapa                           = $0B63 ; addr, public, , mk1_c, data_compiler, assets/mapa.h::blackout::0::2:5
_cerrojos                       = $10A9 ; addr, public, , mk1_c, data_compiler, assets/mapa.h::blackout::0::2:34
_tileset                        = $1CF0 ; addr, public, , mk1_c, code_compiler, assets/tileset.h::blackout::0::2:5
_malotes                        = $10BD ; addr, public, , mk1_c, data_compiler, assets/enems.h::blackout::0::2:17
_hotspots                       = $12A3 ; addr, public, , mk1_c, data_compiler, assets/enems.h::blackout::0::2:126
_sprites                        = $2CF0 ; addr, public, , mk1_c, code_compiler, assets/sprites.h::blackout::0::2:10
_sprite_18_a                    = $30F0 ; addr, public, , mk1_c, code_compiler, assets/extrasprites.h::blackout::0::2:29
_sm_cox                         = $12D9 ; addr, public, , mk1_c, data_compiler, assets/spriteset_mappings.h::blackout::0::2:9
_sm_coy                         = $12E9 ; addr, public, , mk1_c, data_compiler, assets/spriteset_mappings.h::blackout::0::2:14
_sm_invfunc                     = $12F9 ; addr, public, , mk1_c, data_compiler, assets/spriteset_mappings.h::blackout::0::2:19
_sm_updfunc                     = $1319 ; addr, public, , mk1_c, data_compiler, assets/spriteset_mappings.h::blackout::0::2:26
_sm_sprptr                      = $3150 ; addr, public, , mk1_c, code_compiler, assets/spriteset_mappings.h::blackout::0::2:34
_trpixlutc                      = $3170 ; addr, public, , mk1_c, code_compiler, assets/trpixlut.h::blackout::0::2:6
_attr_mk2                       = $31E5 ; addr, public, , mk1_c, code_compiler, printer.h::attr_mk2::0::4:96
__tile_address                  = $3216 ; addr, public, , mk1_c, code_compiler, printer.h::_tile_address::0::5:138
_utaux                          = $1339 ; addr, public, , mk1_c, data_compiler, printer.h::draw_decorations::0::14:535
_pal_set                        = $3502 ; addr, public, , mk1_c, code_compiler, printer.h::pal_set::0::20:727
_wyz_songs                      = $4CC6 ; addr, public, , mk1_c, code_compiler, my/wyz/songs.h::hotspots_do::0::108:6
_title_screen                   = $538B ; addr, public, , mk1_c, code_compiler, my/title_screen.h::title_screen::0::112:6
_main                           = $53E7 ; addr, public, , mk1_c, code_compiler, mainloop.h::main::0::117:7
cpc_ShowTileMap                 = $057E ; addr, public, , cpc_ShowTileMap, , cpc_ShowTileMap.asm:20
cpc_ResetTouchedTiles           = $0619 ; addr, public, , cpc_ResetTouchedTiles, , cpc_ResetTouchedTiles.asm:18
cpc_UpdScr                      = $0627 ; addr, public, , cpc_UpdScr, , cpc_UpdScr.asm:29
cpc_ShowTouchedTiles            = $0704 ; addr, public, , cpc_ShowTouchedTiles, , cpc_ShowTouchedTiles.asm:36
cpc_PutSpTileMap4x8             = $0814 ; addr, public, , cpc_PutSpTileMap4x8, , cpc_PutSpTileMap4x8.asm:25
cpc_PutSpTileMap8x16Px          = $0861 ; addr, public, , cpc_PutSpTileMap8x16Px, , cpc_PutSpTileMap8x16Px.asm:26
cpc_TestKey                     = $08CB ; addr, public, , cpc_TestKey, , cpc_TestKey.asm:14
cpc_TestKeyboard                = $08E5 ; addr, public, , cpc_TestKeyboard, , cpc_TestKeyboard.asm:3
cpc_AnyKeyPressed               = $0909 ; addr, public, , cpc_AnyKeyPressed, , cpc_AnyKeyPressed.asm:11
cpc_SetMode                     = $0923 ; addr, public, , cpc_SetMode, , cpc_SetMode.asm:8
cpc_SetColour                   = $092D ; addr, public, , cpc_SetColour, , cpc_SetColour.asm:8
cpc_UpdTileTable                = $094E ; addr, public, , cpc_UpdTileTable, , cpc_UpdTileTable.asm:54
cpc_UpdTileTableClp             = $0940 ; addr, public, , cpc_UpdTileTable, , cpc_UpdTileTable.asm:32
cpc_PutTrSp4x8TileMap2b         = $096D ; addr, public, , cpc_PutTrSp4x8TileMap2b, , cpc_PutTrSp4x8TileMap2b.asm:19
cpc_PutTrSp8x16TileMap2bPx      = $09B2 ; addr, public, , cpc_PutTrSp8x16TileMap2bPx, , cpc_PutTrSp8x16TileMap2bPx.asm:20
cpc_KeysData                    = $0A8C ; addr, public, , cpc_KeysData, , cpc_KeysData.asm:14
tabla_teclas                    = $0A98 ; addr, public, , cpc_KeysData, , cpc_KeysData.asm:40
keymap                          = $0A8C ; addr, public, , cpc_KeysData, , cpc_KeysData.asm:41
cpc_Bit2Mask                    = $0AB1 ; addr, public, , cpc_Bit2Mask, , cpc_Bit2Mask.asm:5
cpc_TblLookup                   = $0AB9 ; addr, public, , cpc_TblLookup, , cpc_TblLookup.asm:11
cpc_InvalidateRect              = $0AC0 ; addr, public, , cpc_InvalidateRect, , cpc_InvalidateRect.asm:29
cpc_bitright2mask               = $0B20 ; addr, public, , cpc_bitright2mask, , cpc_bitright2mask.asm:4
cpc_bitleft2mask                = $0B28 ; addr, public, , cpc_bitleft2mask, , cpc_bitleft2mask.asm:4
l_div_u                         = $5918 ; addr, public, , l_div_u, code_crt0_sccz80, sccz80/crt0_z80/l_div_u.asm:17
l_divu_16_16x16                 = $5919 ; addr, public, , l_divu_16_16x16, code_math, ../_DEVELOPMENT/math/integer/l_divu_16_16x16.asm:22
l0_divu_16_16x16                = $591D ; addr, public, , l_divu_16_16x16, code_math, ../_DEVELOPMENT/math/integer/l_divu_16_16x16.asm:23
l_small_divu_16_16x16           = $5919 ; addr, public, , l_small_divu_16_16x16, code_math, ../_DEVELOPMENT/math/integer/small/l_small_divu_16_16x16.asm:17
l0_small_divu_16_16x16          = $591D ; addr, public, , l_small_divu_16_16x16, code_math, ../_DEVELOPMENT/math/integer/small/l_small_divu_16_16x16.asm:42
l_small_divu_16_16x8            = $5939 ; addr, public, , l_small_divu_16_16x16, code_math, ../_DEVELOPMENT/math/integer/small/l_small_divu_16_16x16.asm:87
l0_small_divu_16_16x8           = $593D ; addr, public, , l_small_divu_16_16x16, code_math, ../_DEVELOPMENT/math/integer/small/l_small_divu_16_16x16.asm:112
error_divide_by_zero_mc         = $5976 ; addr, public, , error_divide_by_zero_mc, code_error, ../_DEVELOPMENT/error/z80/error_divide_by_zero_mc.asm:12
error_edom_mc                   = $5976 ; addr, public, , error_edom_mc, code_error, ../_DEVELOPMENT/error/z80/error_edom_mc.asm:57
errno_mc                        = $5978 ; addr, public, , errno_mc, code_error, ../_DEVELOPMENT/error/z80/errno_mc.asm:21
_errno                          = $5988 ; addr, public, , _errno, bss_error, ../_DEVELOPMENT/error/z80/_errno.asm:7
error_mc                        = $5983 ; addr, public, , error_mc, code_error, ../_DEVELOPMENT/error/z80/error_mc.asm:11
l_eq                            = $58B1 ; addr, public, , l_eq, code_crt0_sccz80, sccz80/crt0_z80/l_eq.asm:17
l_gchar                         = $58BB ; addr, public, , l_gchar, code_crt0_sccz80, sccz80/crt0_z80/l_gchar.asm:11
l_gint                          = $58C1 ; addr, public, , l_gint, code_crt0_sccz80, sccz80/crt0_z80/l_gint.asm:11
l_gintsp                        = $58C6 ; addr, public, , l_gintsp, code_crt0_sccz80, sccz80/crt0_z80/l_gintsp.asm:7
l_gt                            = $58CE ; addr, public, , l_gt, code_crt0_sccz80, sccz80/crt0_z80/l_gt.asm:15
l_compare_result                = $58DE ; addr, public, , l_compare_result, code_crt0_sccz80, sccz80/crt0_z80/l_compare_result.asm:4
l_lneg                          = $58E4 ; addr, public, , l_lneg, code_crt0_sccz80, sccz80/crt0_z80/l_lneg.asm:14
l_mult                          = $5953 ; addr, public, , l_mul, code_crt0_sccz80, sccz80/crt0_z80/l_mul.asm:12
l_mulu_16_16x16                 = $5953 ; addr, public, , l_mulu_16_16x16, code_math, ../_DEVELOPMENT/math/integer/l_mulu_16_16x16.asm:36
l_small_mul_16_16x16            = $5953 ; addr, public, , l_small_mul_16_16x16, code_math, ../_DEVELOPMENT/math/integer/small/l_small_mul_16_16x16.asm:10
l_small_mul_16_16x8             = $5962 ; addr, public, , l_small_mul_16_16x16, code_math, ../_DEVELOPMENT/math/integer/small/l_small_mul_16_16x16.asm:42
l_ne                            = $58ED ; addr, public, , l_ne, code_crt0_sccz80, sccz80/crt0_z80/l_ne.asm:16
l_neg                           = $58F8 ; addr, public, , l_neg, code_crt0_sccz80, sccz80/crt0_z80/l_neg.asm:13
l_pint                          = $5900 ; addr, public, , l_pint, code_crt0_sccz80, sccz80/crt0_z80/l_pint.asm:11
l_pint_pop                      = $5906 ; addr, public, , l_pint_pop, code_crt0_sccz80, sccz80/crt0_z80/l_pint_pop.asm:12
l_uge                           = $590C ; addr, public, , l_uge, code_crt0_sccz80, sccz80/crt0_z80/l_uge.asm:18
__head                          = $0400 ; const, public, def, , ,
__tail                          = $598A ; const, public, def, , ,
__size                          = $558A ; const, public, def, , ,
__data_compiler_head            = $0B30 ; const, public, def, , ,
__data_compiler_tail            = $133A ; const, public, def, , ,
__data_compiler_size            = $080A ; const, public, def, , ,
__code_compiler_head            = $133A ; const, public, def, , ,
__code_compiler_tail            = $57C3 ; const, public, def, , ,
__code_compiler_size            = $4489 ; const, public, def, , ,
__rodata_compiler_head          = $57C3 ; const, public, def, , ,
__rodata_compiler_tail          = $57ED ; const, public, def, , ,
__rodata_compiler_size          = $002A ; const, public, def, , ,
__bss_compiler_head             = $57ED ; const, public, def, , ,
__bss_compiler_tail             = $58B1 ; const, public, def, , ,
__bss_compiler_size             = $00C4 ; const, public, def, , ,
__code_crt0_sccz80_head         = $58B1 ; const, public, def, , ,
__code_crt0_sccz80_tail         = $5918 ; const, public, def, , ,
__code_crt0_sccz80_size         = $0067 ; const, public, def, , ,
__code_clib_head                = $5918 ; const, public, def, , ,
__code_clib_tail                = $5918 ; const, public, def, , ,
__code_clib_size                = $0000 ; const, public, def, , ,
__code_math_head                = $5918 ; const, public, def, , ,
__code_math_tail                = $5973 ; const, public, def, , ,
__code_math_size                = $005B ; const, public, def, , ,
__code_error_head               = $5973 ; const, public, def, , ,
__code_error_tail               = $5988 ; const, public, def, , ,
__code_error_size               = $0015 ; const, public, def, , ,
__bss_clib_head                 = $5988 ; const, public, def, , ,
__bss_clib_tail                 = $5988 ; const, public, def, , ,
__bss_clib_size                 = $0000 ; const, public, def, , ,
__bss_error_head                = $5988 ; const, public, def, , ,
__bss_error_tail                = $598A ; const, public, def, , ,
__bss_error_size                = $0002 ; const, public, def, , ,
