ALTO				= 51FC, L: CPC_PUTSPTILEMAP8X16
ALTO				= 5159, L: CPC_PUTSPTILEMAP4X8
ANCHO				= 51FB, L: CPC_PUTSPTILEMAP8X16
ANCHO				= 5158, L: CPC_PUTSPTILEMAP4X8
APBRANCH1			= 04AC, L: MK1
APBRANCH2			= 04EF, L: MK1
APBRANCH3			= 04DB, L: MK1
APBRANCH4			= 04D2, L: MK1
APGET4BITS			= 04C4, L: MK1
APLOOP				= 04B1, L: MK1
APLOOP0				= 04AE, L: MK1
APSKIP2				= 050E, L: MK1
APSKIP3				= 0517, L: MK1
APWRITEBYTE			= 04CE, L: MK1
AP_FINISHUP			= 051A, L: MK1
AP_FINISHUP2			= 051D, L: MK1
AP_GETBIT			= 0530, L: MK1
AP_GETGAMMA			= 053C, L: MK1
AP_GETGAMMALOOP			= 053F, L: MK1
AP_R0_GAMMA			= 0524, L: MK1
BIT0_SKIP			= 54A5, L: CPC_UPDSCR
BIT0_SKIP			= 5374, L: CPC_SHOWTOUCHEDTILES
BIT1_SKIP			= 54AF, L: CPC_UPDSCR
BIT1_SKIP			= 537E, L: CPC_SHOWTOUCHEDTILES
BIT2_SKIP			= 54B9, L: CPC_UPDSCR
BIT2_SKIP			= 5388, L: CPC_SHOWTOUCHEDTILES
BIT3_SKIP			= 54C3, L: CPC_UPDSCR
BIT3_SKIP			= 5392, L: CPC_SHOWTOUCHEDTILES
BIT4_SKIP			= 54CD, L: CPC_UPDSCR
BIT4_SKIP			= 539C, L: CPC_SHOWTOUCHEDTILES
BIT5_SKIP			= 54D7, L: CPC_UPDSCR
BIT5_SKIP			= 53A6, L: CPC_SHOWTOUCHEDTILES
BIT6_SKIP			= 54E1, L: CPC_UPDSCR
BIT6_SKIP			= 53B0, L: CPC_SHOWTOUCHEDTILES
BIT7_SKIP			= 54EB, L: CPC_UPDSCR
BIT7_SKIP			= 53BA, L: CPC_SHOWTOUCHEDTILES
BUCLE_CPC_SHOWTOUCHEDTILES	= 535F, L: CPC_SHOWTOUCHEDTILES
BUCLE_CPC_UPDSCR		= 5490, L: CPC_UPDSCR
BUCLE_DETECCION_TECLA		= 505A, L: CPC_ANYKEYPRESSED
BUCLE_DIBUJADO_FONDO		= 52E5, L: CPC_SHOWTILEMAP
CONTADOR_TILES			= 5323, L: CPC_SHOWTILEMAP
CONTADOR_TILES2			= 5324, L: CPC_SHOWTILEMAP
COPYTILE			= 53C9, L: CPC_SHOWTOUCHEDTILES
CPC_ANYKEYPRESSED		= 5058, G: CPC_ANYKEYPRESSED
CPC_BIT2MASK			= 517D, G: CPC_BIT2MASK
CPC_BITLEFT2MASK		= 50F6, G: CPC_BITLEFT2MASK
CPC_BITRIGHT2MASK		= 50FE, G: CPC_BITRIGHT2MASK
CPC_INVALIDATERECT		= 5096, G: CPC_INVALIDATERECT
CPC_INVALIDATERECT_P		= 509E, L: CPC_INVALIDATERECT
CPC_KEYSDATA			= 5463, G: CPC_KEYSDATA
CPC_PUTSP			= 533A, L: CPC_SHOWTILEMAP
CPC_PUTSPTILEMAP4X8		= 5106, G: CPC_PUTSPTILEMAP4X8
CPC_PUTSPTILEMAP8X16		= 518D, G: CPC_PUTSPTILEMAP8X16
CPC_PUTTRSP4X8TILEMAP2B		= 51FD, G: CPC_PUTTRSP4X8TILEMAP2B
CPC_PUTTRSP8X16TILEMAP2B	= 523F, G: CPC_PUTTRSP8X16TILEMAP2B
CPC_RESETTOUCHEDTILES		= 5291, G: CPC_RESETTOUCHEDTILES
CPC_SETCOLOUR			= 529F, G: CPC_SETCOLOUR
CPC_SETMODE			= 52B2, G: CPC_SETMODE
CPC_SHOWTILEMAP			= 52BC, G: CPC_SHOWTILEMAP
CPC_SHOWTOUCHEDTILES		= 5357, G: CPC_SHOWTOUCHEDTILES
CPC_TBLLOOKUP			= 5185, G: CPC_TBLLOOKUP
CPC_TESTKEY			= 5449, G: CPC_TESTKEY
CPC_TESTKEYBOARD		= 5072, G: CPC_TESTKEYBOARD
CPC_UPDSCR			= 5488, G: CPC_UPDSCR
CPC_UPDTILETABLE		= 515A, G: CPC_UPDTILETABLE
DEPACK				= 04A9, L: MK1
DO_UPDATE			= 51A7, L: CPC_PUTSPTILEMAP8X16
DO_UPDATE			= 5120, L: CPC_PUTSPTILEMAP4X8
ENTRY				= 5595, L: L_DIV_U
FIN				= 51FA, L: CPC_PUTSPTILEMAP8X16
FIN				= 5157, L: CPC_PUTSPTILEMAP4X8
FSCLIPSTRUCT			= 049A, L: MK1
INCREMENTO2			= 5316, L: CPC_SHOWTILEMAP
INVCOLLP			= 50C8, L: CPC_INVALIDATERECT
INVFULLCHAR			= 50DB, L: CPC_INVALIDATERECT
INVROWLP			= 50DD, L: CPC_INVALIDATERECT
ISR_DONE			= 4B52, L: MK1
I_1				= 4F94, L: MK1
I_100				= 3F50, L: MK1
I_101				= 3F50, L: MK1
I_102				= 3F6E, L: MK1
I_103				= 3F81, L: MK1
I_104				= 402A, L: MK1
I_105				= 400C, L: MK1
I_106				= 3FDB, L: MK1
I_108				= 402A, L: MK1
I_109				= 4021, L: MK1
I_110				= 4024, L: MK1
I_111				= 40AA, L: MK1
I_112				= 408C, L: MK1
I_113				= 405C, L: MK1
I_115				= 40AA, L: MK1
I_116				= 40A1, L: MK1
I_117				= 40A4, L: MK1
I_118				= 40F7, L: MK1
I_119				= 414D, L: MK1
I_120				= 414A, L: MK1
I_121				= 41A1, L: MK1
I_122				= 41A1, L: MK1
I_123				= 41A1, L: MK1
I_124				= 41C8, L: MK1
I_125				= 41E7, L: MK1
I_126				= 41E7, L: MK1
I_127				= 41F5, L: MK1
I_128				= 4226, L: MK1
I_129				= 420A, L: MK1
I_130_I_129			= 420D, L: MK1
I_131				= 421A, L: MK1
I_132				= 421D, L: MK1
I_133				= 4287, L: MK1
I_134				= 4233, L: MK1
I_135				= 4236, L: MK1
I_136				= 424F, L: MK1
I_137				= 4287, L: MK1
I_138				= 4276, L: MK1
I_139				= 42F1, L: MK1
I_140				= 42E4, L: MK1
I_141_I_140			= 42E7, L: MK1
I_142				= 4313, L: MK1
I_143				= 4316, L: MK1
I_144				= 433F, L: MK1
I_145				= 4559, L: MK1
I_146				= 4349, L: MK1
I_147				= 445B, L: MK1
I_149				= 4458, L: MK1
I_150				= 43C3, L: MK1
I_151				= 43E0, L: MK1
I_152				= 43E0, L: MK1
I_153				= 43E0, L: MK1
I_154				= 43E0, L: MK1
I_155				= 4410, L: MK1
I_156				= 444A, L: MK1
I_157				= 4466, L: MK1
I_158				= 4543, L: MK1
I_159				= 4556, L: MK1
I_160				= 457E, L: MK1
I_161				= 45A5, L: MK1
I_162				= 4A2F, L: MK1
I_163				= 45AA, L: MK1
I_164				= 4656, L: MK1
I_165				= 4656, L: MK1
I_166				= 4686, L: MK1
I_167				= 4689, L: MK1
I_169				= 4725, L: MK1
I_17				= 33A8, L: MK1
I_170				= 4692, L: MK1
I_171				= 46AF, L: MK1
I_172				= 46AF, L: MK1
I_173				= 46AF, L: MK1
I_174				= 46AF, L: MK1
I_175				= 46AF, L: MK1
I_176				= 4725, L: MK1
I_177				= 4725, L: MK1
I_178				= 4916, L: MK1
I_179				= 4776, L: MK1
I_18				= 33A4, L: MK1
I_180				= 48BD, L: MK1
I_181				= 48BA, L: MK1
I_182				= 47F1, L: MK1
I_183				= 47F1, L: MK1
I_184				= 47C0, L: MK1
I_185_I_184			= 47C3, L: MK1
I_186				= 48BA, L: MK1
I_187				= 482B, L: MK1
I_187_I_188			= 4832, L: MK1
I_188				= 482D, L: MK1
I_189				= 4884, L: MK1
I_190				= 487A, L: MK1
I_191				= 487D, L: MK1
I_192				= 4887, L: MK1
I_193				= 4916, L: MK1
I_194				= 4916, L: MK1
I_195				= 48E3, L: MK1
I_196_I_195			= 48E6, L: MK1
I_197				= 4916, L: MK1
I_198				= 49E6, L: MK1
I_199				= 49FC, L: MK1
I_200				= 4A37, L: MK1
I_201				= 4A62, L: MK1
I_202				= 4A7B, L: MK1
I_203				= 4B40, L: MK1
I_205				= 4AF3, L: MK1
I_206				= 4AAA, L: MK1
I_207				= 4ABD, L: MK1
I_208				= 4ACA, L: MK1
I_209				= 4AD5, L: MK1
I_21				= 356B, L: MK1
I_210				= 4AF3, L: MK1
I_211				= 4B40, L: MK1
I_212				= 4BDE, L: MK1
I_213				= 4C70, L: MK1
I_214				= 4BE3, L: MK1
I_215				= 4C7A, L: MK1
I_216				= 4CCA, L: MK1
I_217				= 4C84, L: MK1
I_218				= 4CCB, L: MK1
I_219				= 4F93, L: MK1
I_22				= 3596, L: MK1
I_220				= 4D3B, L: MK1
I_221				= 4F79, L: MK1
I_222				= 4D60, L: MK1
I_223				= 4D79, L: MK1
I_224				= 4DA5, L: MK1
I_225				= 4DD1, L: MK1
I_226				= 4E01, L: MK1
I_227				= 4E6F, L: MK1
I_228				= 4E9E, L: MK1
I_229				= 4E86, L: MK1
I_23				= 35F2, L: MK1
I_230_I_229			= 4E89, L: MK1
I_231				= 4EC8, L: MK1
I_232				= 4EB2, L: MK1
I_233_I_232			= 4EB5, L: MK1
I_234				= 4F06, L: MK1
I_235				= 4EE9, L: MK1
I_235_UGE			= 4EE7, L: MK1
I_236_I_235			= 4EEC, L: MK1
I_237				= 4F4C, L: MK1
I_238				= 4F1A, L: MK1
I_239_I_238			= 4F1D, L: MK1
I_24				= 35F5, L: MK1
I_240				= 4F4C, L: MK1
I_241				= 4F4C, L: MK1
I_242				= 4F68, L: MK1
I_243				= 4F5C, L: MK1
I_245				= 4F76, L: MK1
I_246				= 4F87, L: MK1
I_247				= 4F8A, L: MK1
I_25				= 368F, L: MK1
I_26				= 3694, L: MK1
I_27				= 36B2, L: MK1
I_28				= 36D8, L: MK1
I_29				= 36BC, L: MK1
I_30				= 3727, L: MK1
I_31				= 3813, L: MK1
I_32				= 3731, L: MK1
I_33				= 3806, L: MK1
I_34				= 37F0, L: MK1
I_35				= 3806, L: MK1
I_36				= 3896, L: MK1
I_37				= 389E, L: MK1
I_38				= 389F, L: MK1
I_39				= 38A7, L: MK1
I_40				= 38B5, L: MK1
I_41				= 38BF, L: MK1
I_42				= 38A7, L: MK1
I_43				= 38B5, L: MK1
I_44				= 38CA, L: MK1
I_45				= 38F7, L: MK1
I_46				= 38D4, L: MK1
I_47				= 39BE, L: MK1
I_48				= 3918, L: MK1
I_49_I_48			= 391B, L: MK1
I_50				= 3925, L: MK1
I_51				= 3996, L: MK1
I_52				= 392F, L: MK1
I_53				= 3993, L: MK1
I_54				= 3978, L: MK1
I_55_I_54			= 397B, L: MK1
I_56				= 39EF, L: MK1
I_57				= 3A7A, L: MK1
I_58				= 39F9, L: MK1
I_59				= 3C38, L: MK1
I_60				= 3C46, L: MK1
I_61				= 3C59, L: MK1
I_62				= 3CD4, L: MK1
I_63				= 3CD4, L: MK1
I_64				= 3CAD, L: MK1
I_66				= 3D68, L: MK1
I_67				= 3D68, L: MK1
I_68				= 3D3D, L: MK1
I_69				= 3D33, L: MK1
I_70				= 3D2E, L: MK1
I_72				= 3D36, L: MK1
I_73				= 3D40, L: MK1
I_74				= 3D8E, L: MK1
I_75				= 3D85, L: MK1
I_76				= 3D88, L: MK1
I_77				= 3DEA, L: MK1
I_79				= 3E05, L: MK1
I_80				= 3E08, L: MK1
I_81				= 3E8E, L: MK1
I_82				= 3E47, L: MK1
I_83				= 3E44, L: MK1
I_84				= 3E38, L: MK1
I_86				= 3E8B, L: MK1
I_87				= 3E75, L: MK1
I_88				= 3E8B, L: MK1
I_89				= 3E95, L: MK1
I_90				= 3F00, L: MK1
I_91				= 3EAB, L: MK1
I_92				= 3EAE, L: MK1
I_93				= 3ED8, L: MK1
I_94				= 3ED5, L: MK1
I_95				= 3EF9, L: MK1
I_96				= 3EF9, L: MK1
I_97				= 3EF9, L: MK1
I_98				= 3F27, L: MK1
I_99				= 3F27, L: MK1
KEYMAP0				= 5463, L: CPC_KEYSDATA
LOOP_ALTO_2			= 533C, L: CPC_SHOWTILEMAP
LOOP_ALTO_MAP_SBUFFER		= 532C, L: CPC_SHOWTILEMAP
LOOP_ALTO_MAP_SBUFFER		= 5264, L: CPC_PUTTRSP8X16TILEMAP2B
LOOP_ALTO_MAP_SBUFFER		= 5222, L: CPC_PUTTRSP4X8TILEMAP2B
LOOP_ANCHO_MAP_SBUFFER		= 532C, L: CPC_SHOWTILEMAP
L_AND				= 556F, G: L_AND
L_ASL				= 5576, G: L_ASL
L_ASL1				= 5577, L: L_ASL
L_ASR				= 557D, G: L_ASR
L_ASR1				= 557E, L: L_ASR
L_ASR_U				= 5587, G: L_ASR_U
L_ASR_U_1			= 5588, L: L_ASR_U
L_DIV1				= 559C, L: L_DIV_U
L_DIV2				= 55A6, L: L_DIV_U
L_DIV_U				= 5591, G: L_DIV_U
L_EQ				= 55B0, G: L_EQ
L_GCHAR				= 55B7, G: L_GCHAR
L_GINT				= 55BD, G: L_GINT
L_GINTSP			= 55C2, G: L_GINTSP
L_GT				= 55CA, G: L_GT
L_LNEG				= 55D6, G: L_LNEG
L_LT				= 55DB, G: L_LT
L_MULT				= 55E7, G: L_MULT
L_MULT1				= 55EE, L: L_MULT
L_MULT2				= 55F5, L: L_MULT
L_NE				= 55F8, G: L_NE
L_NEG				= 55FF, G: L_NEG
L_OR				= 5607, G: L_OR
L_PINT				= 560E, G: L_PINT
L_PINT_POP			= 5614, G: L_PINT_POP
L_SXT				= 561A, G: L_SXT
L_SXT				= 55B8, L: L_GCHAR
L_UGE				= 561F, G: L_UGE
L_UGT				= 5627, G: L_UGT
L_ULE				= 562D, G: L_ULE
L_ULT				= 5635, G: L_ULT
NEXTRAND			= 3671, L: MK1
NOINC				= 518B, L: CPC_TBLLOOKUP
NOINC1				= 50C4, L: CPC_INVALIDATERECT
NOINC2				= 50D7, L: CPC_INVALIDATERECT
NOINC3				= 50E8, L: CPC_INVALIDATERECT
NOINCD				= 54F6, L: CPC_UPDSCR
NOINCD				= 53C5, L: CPC_SHOWTOUCHEDTILES
ORIGIN_LAST_ROW			= 51E1, L: CPC_PUTSPTILEMAP8X16
ORIGIN_NEXT_ROW			= 51CD, L: CPC_PUTSPTILEMAP8X16
ORIGIN_NEXT_ROW			= 5143, L: CPC_PUTSPTILEMAP4X8
PASA_BLOQUE_A_SBUFFER		= 524A, L: CPC_PUTTRSP8X16TILEMAP2B
PASA_BLOQUE_A_SBUFFER		= 5208, L: CPC_PUTTRSP4X8TILEMAP2B
POSICIONAR_PANTALLA		= 53D1, L: CPC_SHOWTOUCHEDTILES
POSICIONAR_SUPERBUFFER		= 54FA, L: CPC_UPDSCR
POSICIONAR_SUPERBUFFER		= 53C9, L: CPC_SHOWTOUCHEDTILES
POSICIONAR_TILE			= 550D, L: CPC_UPDSCR
POSICIONES_PANTALLA		= 0406, G: TILEMAPCONF
POSICIONES_SUPER_BUFFER		= 0436, G: TILEMAPCONF
PRINT_STR_LOOP			= 3558, L: MK1
PROCESS				= 549A, L: CPC_UPDSCR
PROCESS				= 5369, L: CPC_SHOWTOUCHEDTILES
PULSADO				= 5460, L: CPC_TESTKEY
RAND16				= 3655, L: MK1
SIG_LINEA_2			= 5353, L: CPC_SHOWTILEMAP
SKIPALL				= 54EE, L: CPC_UPDSCR
SKIPALL				= 53BD, L: CPC_SHOWTOUCHEDTILES
SOLOCOPIA			= 52D1, L: CPC_SHOWTILEMAP
SP_BUFFER_MASK			= 525E, L: CPC_PUTTRSP8X16TILEMAP2B
SP_BUFFER_MASK			= 521C, L: CPC_PUTTRSP4X8TILEMAP2B
START				= 0400, L: CPC_CRT0
TABLA_TECLAS0			= 546F, L: CPC_KEYSDATA
TECLA_0				= 546D, L: CPC_KEYSDATA
TECLA_PULSADA			= 506D, L: CPC_ANYKEYPRESSED
TILEMAPCONF			= 0406, G: TILEMAPCONF
TILES				= 1AA8, G: MK1
TRANSFERIR_MAP_SBUFFER		= 5528, L: CPC_UPDSCR
TRANSFERIR_MAP_SBUFFER		= 5326, L: CPC_SHOWTILEMAP
TRANSFERIR_PANTALLA_A_SUPERBUFFER	= 52DE, L: CPC_SHOWTILEMAP
TRANSFERIR_SPRITE		= 524A, L: CPC_PUTTRSP8X16TILEMAP2B
TRANSFERIR_SPRITE		= 5208, L: CPC_PUTTRSP4X8TILEMAP2B
TRANSF_BLOQUE_SB_PANTALLA	= 53E0, L: CPC_SHOWTOUCHEDTILES
UCOPYTILE			= 54FA, L: CPC_UPDSCR
VAUDEVILLE_TIRANTS		= 4B64, L: MK1
VPCLIPSTRUCT			= 0496, L: MK1
_ABS				= 367E, G: MK1
_ACTIVE				= 4FE6, G: MK1
_ADDSIGN			= 3886, G: MK1
_ADVANCE_WORM_NO_INC_Y		= 3A74, L: MK1
_ASM_INT			= 5049, G: MK1
_ASM_INT_2			= 5017, G: MK1
_ASM_NUMBER			= 5025, G: MK1
_AT1				= 5026, G: MK1
_AT2				= 5027, G: MK1
_ATTR				= 3384, G: MK1
_BEHS				= 0466, G: MK1
_BLACKOUT			= 11BD, G: MK1
_CERROJOS			= 1A98, G: MK1
_CLEAR_SPRITES			= 3563, G: MK1
_CM_TWO_POINTS			= 35F8, G: MK1
_CM_TWO_POINTS_AT1_DO		= 3609, L: MK1
_CM_TWO_POINTS_AT1_DONE		= 3623, L: MK1
_CM_TWO_POINTS_AT1_RESET	= 3606, L: MK1
_CM_TWO_POINTS_AT2_DO		= 3637, L: MK1
_CM_TWO_POINTS_AT2_DONE		= 3651, L: MK1
_CM_TWO_POINTS_AT2_RESET	= 3634, L: MK1
_COLLIDE			= 3597, G: MK1
_CORTINA			= 36A7, G: MK1
_CPC_SCREEN_UPDATE_INV_LOOP	= 4E13, L: MK1
_CPC_SCREEN_UPDATE_INV_RET	= 4E35, L: MK1
_CPC_SCREEN_UPDATE_SHOW		= 4E69, L: MK1
_CPC_SCREEN_UPDATE_UPD_BUFFER	= 4E3C, L: MK1
_CPC_SCREEN_UPDATE_UPD_LOOP	= 4E41, L: MK1
_CPC_SCREEN_UPDATE_UPD_RET	= 4E64, L: MK1
_CX1				= 5029, G: MK1
_CX2				= 502A, G: MK1
_CY1				= 502B, G: MK1
_CY2				= 502C, G: MK1
_DRAW_COLOURED_TILE		= 3418, G: MK1
_DRAW_COLOURED_TILE_GAMEAREA	= 345F, G: MK1
_DRAW_DECORATIONS		= 348D, G: MK1
_DRAW_DECORATIONS_LOOP		= 3490, L: MK1
_DRAW_INVALIDATE_COLOURED_TILE_G= 3458, G: MK1
_DRAW_OBJS			= 353B, G: MK1
_DRAW_SCR			= 3A7B, G: MK1
_DRAW_SCR_BACKGROUND		= 39BF, G: MK1
_DRAW_SCR_PACKED_ALT		= 3A45, L: MK1
_DRAW_SCR_PACKED_ALT_SUBST	= 3A54, L: MK1
_DRAW_SCR_PACKED_DONE		= 3A29, L: MK1
_DRAW_SCR_PACKED_EXISTING	= 3A24, L: MK1
_DRAW_SCR_PACKED_NEW		= 3A0F, L: MK1
_DRAW_SCR_PACKED_NOALT		= 3A59, L: MK1
_ENEMS_KILL			= 455A, G: MK1
_ENEMS_LM_CHANGE_AXIS_X		= 46CC, L: MK1
_ENEMS_LM_CHANGE_AXIS_X_DONE	= 46D4, L: MK1
_ENEMS_LM_CHANGE_AXIS_Y		= 46EC, L: MK1
_ENEMS_LM_CHANGE_AXIS_Y_DONE	= 46F4, L: MK1
_ENEMS_LOAD			= 4328, G: MK1
_ENEMS_MOVE			= 4589, G: MK1
_ENEMS_MOVE_UPDATE_FRAME_DONE	= 4776, L: MK1
_ENIT				= 5008, G: MK1
_ENOFFS				= 4FFB, G: MK1
_ENOFFSMASI			= 5044, G: MK1
_ENSPIT				= 5005, G: MK1
_ESPERA_ACTIVA			= 389F, G: MK1
_FLAGS				= 4FBE, G: MK1
_FONT				= 1AA8, L: MK1
_GAME_ENDING			= 3814, G: MK1
_GAME_OVER			= 382F, G: MK1
_GEN_PT				= 4FF5, G: MK1
_GPAUX				= 4FE5, G: MK1
_GPC				= 502E, G: MK1
_GPCX				= 500C, G: MK1
_GPCY				= 500D, G: MK1
_GPD				= 502F, G: MK1
_GPEN_CX			= 4FB1, G: MK1
_GPEN_CY			= 4FB2, G: MK1
_GPEN_X				= 4FFF, G: MK1
_GPEN_Y				= 5000, G: MK1
_GPIT				= 500E, G: MK1
_GPJT				= 5010, G: MK1
_GPOX				= 5012, G: MK1
_GPT				= 5031, G: MK1
_GPX				= 5035, G: MK1
_GPXX				= 501D, G: MK1
_GPY				= 5036, G: MK1
_GPYY				= 501E, G: MK1
_HALF_LIFE			= 4FB9, G: MK1
_HIT				= 5030, G: MK1
_HIT_H				= 4FE1, G: MK1
_HIT_V				= 4FE3, G: MK1
_HOTSPOTS			= 2DD2, G: MK1
_HOTSPOTS_DO			= 4A63, G: MK1
_HOTSPOTS_INIT			= 4A30, G: MK1
_HOTSPOTS_SETUP_DO		= 3ABD, L: MK1
_HOTSPOTS_SETUP_DONE		= 3AF7, L: MK1
_HOTSPOTS_SETUP_SET		= 3AEF, L: MK1
_HOTSPOTS_SETUP_SET_REFILL	= 3AEE, L: MK1
_HOTSPOT_DESTROY		= 4FE9, G: MK1
_HOTSPOT_X			= 4FB7, G: MK1
_HOTSPOT_Y			= 4FB8, G: MK1
_INVALIDATE_TILE		= 3433, G: MK1
_INVALIDATE_VIEWPORT		= 344C, G: MK1
_ISR				= 4B50, L: MK1
_IS_RENDERING			= 5047, G: MK1
_ITJ				= 503C, G: MK1
_KEYS_OLD			= 503F, G: MK1
_KILLED_OLD			= 4FE4, G: MK1
_LEVEL				= 4FE8, G: MK1
_LIFE_OLD			= 4FF2, G: MK1
_LOCKS_INIT			= 38C0, G: MK1
_MAIN				= 4B41, G: MK1
_MAINCOUNTER			= 5020, G: MK1
_MALOTES			= 2AA8, G: MK1
_MAPA				= 11CE, G: MK1
_MAP_POINTER			= 4FBA, G: MK1
_MY_INKS			= 11BE, G: MK1
_N_PANT				= 5003, G: MK1
_OBJS_OLD			= 501F, G: MK1
_OPEN_LOCKS_DO			= 3B10, L: MK1
_OPEN_LOCKS_DONE		= 3B38, L: MK1
_OPEN_LOCKS_LOOP		= 3AFC, L: MK1
_ORIG_TILE			= 5051, G: MK1
_O_PANT				= 5006, G: MK1
_PAD0				= 5001, G: MK1
_PAL_SET			= 3564, G: MK1
_PLAYER_CALC_BOUNDING_BOX	= 3BB3, G: MK1
_PLAYER_DEPLETE			= 42F2, G: MK1
_PLAYER_GRAVITY_ADD		= 3C05, L: MK1
_PLAYER_GRAVITY_DONE		= 3C11, L: MK1
_PLAYER_GRAVITY_MAXIMUM		= 3C0B, L: MK1
_PLAYER_GRAVITY_P_GOTTEN_DONE	= 3C1B, L: MK1
_PLAYER_GRAVITY_VY_SET		= 3C0E, L: MK1
_PLAYER_INIT			= 3B4B, G: MK1
_PLAYER_KILL			= 431D, G: MK1
_PLAYER_MOVE			= 3BF4, G: MK1
_PLAYING			= 5011, G: MK1
_POSSEE				= 5050, G: MK1
_PREGOTTEN			= 4FE0, G: MK1
_PRINT_NUMBER2			= 34F2, G: MK1
_PRINT_STR			= 3552, G: MK1
_PROCESS_TILE			= 38F8, G: MK1
_PTGMX				= 4FF7, G: MK1
_PTGMY				= 4FF9, G: MK1
_PTX1				= 5021, G: MK1
_PTX2				= 5022, G: MK1
_PTY1				= 5023, G: MK1
_PTY2				= 5024, G: MK1
_P_AMMO				= 4FFE, G: MK1
_P_CONT_SALTO			= 5004, G: MK1
_P_CT_ESTADO			= 4FE7, G: MK1
_P_DISPARANDO			= 5055, G: MK1
_P_ESTADO			= 4FFC, G: MK1
_P_FACING			= 4FDE, G: MK1
_P_FACING_H			= 504B, G: MK1
_P_FACING_V			= 504E, G: MK1
_P_FRAME			= 4FDF, G: MK1
_P_FUEL				= 5009, G: MK1
_P_GOTTEN			= 500B, G: MK1
_P_KEYS				= 500F, G: MK1
_P_KILLED			= 4FFD, G: MK1
_P_KILLME			= 5002, G: MK1
_P_KILL_AMT			= 4FE2, G: MK1
_P_LIFE				= 5007, G: MK1
_P_OBJS				= 500A, G: MK1
_P_SALTANDO			= 504F, G: MK1
_P_SUBFRAME			= 502D, G: MK1
_P_TX				= 5015, G: MK1
_P_TY				= 5016, G: MK1
_P_VX				= 5019, G: MK1
_P_VY				= 501B, G: MK1
_P_X				= 5037, G: MK1
_P_Y				= 5039, G: MK1
_QTILE				= 33D4, G: MK1
_RAM_ADDRESS			= 5056, G: MK1
_RAM_DESTINATION		= 5053, G: MK1
_RAND				= 3655, G: MK1
_RDA				= 5032, G: MK1
_RDB				= 5033, G: MK1
_RDC				= 5034, G: MK1
_RDD				= 503B, G: MK1
_RDN				= 503E, G: MK1
_RDT				= 5040, G: MK1
_RDX				= 5041, G: MK1
_RDY				= 5042, G: MK1
_SEED				= 5013, G: MK1
_SELECT_JOYFUNC			= 3B4A, G: MK1
_SIMPLE_COCO_INIT		= 36A8, G: MK1
_SIMPLE_COCO_SHOOT		= 36D9, G: MK1
_SIMPLE_COCO_UPDATE		= 3718, G: MK1
_SIMPLE_COCO_UPDATE_COLLPL_DONE	= 37BB, L: MK1
_SIMPLE_COCO_UPDATE_CONTINUE	= 37F0, L: MK1
_SIMPLE_COCO_UPDATE_DO		= 3751, L: MK1
_SIMPLE_COCO_UPDATE_DONE	= 3806, L: MK1
_SIMPLE_COCO_UPDATE_KEEP_GOING	= 377F, L: MK1
_SLEVEL				= 5048, G: MK1
_SM_COX				= 329C, G: MK1
_SM_COY				= 32AC, G: MK1
_SM_INVFUNC			= 32BC, G: MK1
_SM_SPRPTR			= 32FC, G: MK1
_SM_UPDFUNC			= 32DC, G: MK1
_SPACER				= 049E, G: MK1
_SPRITES			= 2E2C, G: MK1
_SPRITE_18_A			= 322C, G: MK1
_SPRITE_19_A			= 328C, G: MK1
_STEP				= 3695, G: MK1
_SUCCESS			= 5052, G: MK1
_S_ENDING			= 0E75, G: MK1
_S_MARCO			= 0D6C, G: MK1
_S_TITLE			= 054C, G: MK1
_TILESET			= 1AA8, G: MK1
_TOCADO				= 5046, G: MK1
_TRPIXLUTC			= 331C, G: MK1
_TSPATTERNS			= 1EA8, L: MK1
_UPDATE_TILE			= 34C1, G: MK1
_UTAUX				= 34C0, G: MK1
_WALL_H				= 5043, G: MK1
_WALL_V				= 5045, G: MK1
_WARP_TO_LEVEL			= 04A0, G: MK1
_X0				= 4FEA, G: MK1
_X1				= 4FEC, G: MK1
_Y0				= 4FEB, G: MK1
_Y1				= 4FED, G: MK1
__BADDIES_POINTER		= 504C, G: MK1
__DX				= 04A1, G: MK1
__DY				= 04A5, G: MK1
__EN_LIFE			= 5028, G: MK1
__EN_MX				= 4FBC, G: MK1
__EN_MY				= 4FBD, G: MK1
__EN_T				= 4FAE, G: MK1
__EN_X				= 4FAF, G: MK1
__EN_X1				= 4FB3, G: MK1
__EN_X2				= 4FB4, G: MK1
__EN_Y				= 4FB0, G: MK1
__EN_Y1				= 4FB5, G: MK1
__EN_Y2				= 4FB6, G: MK1
__GP_GEN			= 4FF3, G: MK1
__N				= 4FEE, G: MK1
__T				= 4FEF, G: MK1
__TILE_ADDRESS			= 3400, G: MK1
__X				= 4FF0, G: MK1
__Y				= 4FF1, G: MK1


START				= 0400, L: CPC_CRT0
TILEMAPCONF			= 0406, G: TILEMAPCONF
POSICIONES_PANTALLA		= 0406, G: TILEMAPCONF
POSICIONES_SUPER_BUFFER		= 0436, G: TILEMAPCONF
_BEHS				= 0466, G: MK1
VPCLIPSTRUCT			= 0496, L: MK1
FSCLIPSTRUCT			= 049A, L: MK1
_SPACER				= 049E, G: MK1
_WARP_TO_LEVEL			= 04A0, G: MK1
__DX				= 04A1, G: MK1
__DY				= 04A5, G: MK1
DEPACK				= 04A9, L: MK1
APBRANCH1			= 04AC, L: MK1
APLOOP0				= 04AE, L: MK1
APLOOP				= 04B1, L: MK1
APGET4BITS			= 04C4, L: MK1
APWRITEBYTE			= 04CE, L: MK1
APBRANCH4			= 04D2, L: MK1
APBRANCH3			= 04DB, L: MK1
APBRANCH2			= 04EF, L: MK1
APSKIP2				= 050E, L: MK1
APSKIP3				= 0517, L: MK1
AP_FINISHUP			= 051A, L: MK1
AP_FINISHUP2			= 051D, L: MK1
AP_R0_GAMMA			= 0524, L: MK1
AP_GETBIT			= 0530, L: MK1
AP_GETGAMMA			= 053C, L: MK1
AP_GETGAMMALOOP			= 053F, L: MK1
_S_TITLE			= 054C, G: MK1
_S_MARCO			= 0D6C, G: MK1
_S_ENDING			= 0E75, G: MK1
_BLACKOUT			= 11BD, G: MK1
_MY_INKS			= 11BE, G: MK1
_MAPA				= 11CE, G: MK1
_CERROJOS			= 1A98, G: MK1
_TILESET			= 1AA8, G: MK1
_FONT				= 1AA8, L: MK1
TILES				= 1AA8, G: MK1
_TSPATTERNS			= 1EA8, L: MK1
_MALOTES			= 2AA8, G: MK1
_HOTSPOTS			= 2DD2, G: MK1
_SPRITES			= 2E2C, G: MK1
_SPRITE_18_A			= 322C, G: MK1
_SPRITE_19_A			= 328C, G: MK1
_SM_COX				= 329C, G: MK1
_SM_COY				= 32AC, G: MK1
_SM_INVFUNC			= 32BC, G: MK1
_SM_UPDFUNC			= 32DC, G: MK1
_SM_SPRPTR			= 32FC, G: MK1
_TRPIXLUTC			= 331C, G: MK1
_ATTR				= 3384, G: MK1
I_18				= 33A4, L: MK1
I_17				= 33A8, L: MK1
_QTILE				= 33D4, G: MK1
__TILE_ADDRESS			= 3400, G: MK1
_DRAW_COLOURED_TILE		= 3418, G: MK1
_INVALIDATE_TILE		= 3433, G: MK1
_INVALIDATE_VIEWPORT		= 344C, G: MK1
_DRAW_INVALIDATE_COLOURED_TILE_G= 3458, G: MK1
_DRAW_COLOURED_TILE_GAMEAREA	= 345F, G: MK1
_DRAW_DECORATIONS		= 348D, G: MK1
_DRAW_DECORATIONS_LOOP		= 3490, L: MK1
_UTAUX				= 34C0, G: MK1
_UPDATE_TILE			= 34C1, G: MK1
_PRINT_NUMBER2			= 34F2, G: MK1
_DRAW_OBJS			= 353B, G: MK1
_PRINT_STR			= 3552, G: MK1
PRINT_STR_LOOP			= 3558, L: MK1
_CLEAR_SPRITES			= 3563, G: MK1
_PAL_SET			= 3564, G: MK1
I_21				= 356B, L: MK1
I_22				= 3596, L: MK1
_COLLIDE			= 3597, G: MK1
I_23				= 35F2, L: MK1
I_24				= 35F5, L: MK1
_CM_TWO_POINTS			= 35F8, G: MK1
_CM_TWO_POINTS_AT1_RESET	= 3606, L: MK1
_CM_TWO_POINTS_AT1_DO		= 3609, L: MK1
_CM_TWO_POINTS_AT1_DONE		= 3623, L: MK1
_CM_TWO_POINTS_AT2_RESET	= 3634, L: MK1
_CM_TWO_POINTS_AT2_DO		= 3637, L: MK1
_CM_TWO_POINTS_AT2_DONE		= 3651, L: MK1
_RAND				= 3655, G: MK1
RAND16				= 3655, L: MK1
NEXTRAND			= 3671, L: MK1
_ABS				= 367E, G: MK1
I_25				= 368F, L: MK1
I_26				= 3694, L: MK1
_STEP				= 3695, G: MK1
_CORTINA			= 36A7, G: MK1
_SIMPLE_COCO_INIT		= 36A8, G: MK1
I_27				= 36B2, L: MK1
I_29				= 36BC, L: MK1
I_28				= 36D8, L: MK1
_SIMPLE_COCO_SHOOT		= 36D9, G: MK1
_SIMPLE_COCO_UPDATE		= 3718, G: MK1
I_30				= 3727, L: MK1
I_32				= 3731, L: MK1
_SIMPLE_COCO_UPDATE_DO		= 3751, L: MK1
_SIMPLE_COCO_UPDATE_KEEP_GOING	= 377F, L: MK1
_SIMPLE_COCO_UPDATE_COLLPL_DONE	= 37BB, L: MK1
_SIMPLE_COCO_UPDATE_CONTINUE	= 37F0, L: MK1
I_34				= 37F0, L: MK1
_SIMPLE_COCO_UPDATE_DONE	= 3806, L: MK1
I_33				= 3806, L: MK1
I_35				= 3806, L: MK1
I_31				= 3813, L: MK1
_GAME_ENDING			= 3814, G: MK1
_GAME_OVER			= 382F, G: MK1
_ADDSIGN			= 3886, G: MK1
I_36				= 3896, L: MK1
I_37				= 389E, L: MK1
_ESPERA_ACTIVA			= 389F, G: MK1
I_38				= 389F, L: MK1
I_42				= 38A7, L: MK1
I_39				= 38A7, L: MK1
I_43				= 38B5, L: MK1
I_40				= 38B5, L: MK1
I_41				= 38BF, L: MK1
_LOCKS_INIT			= 38C0, G: MK1
I_44				= 38CA, L: MK1
I_46				= 38D4, L: MK1
I_45				= 38F7, L: MK1
_PROCESS_TILE			= 38F8, G: MK1
I_48				= 3918, L: MK1
I_49_I_48			= 391B, L: MK1
I_50				= 3925, L: MK1
I_52				= 392F, L: MK1
I_54				= 3978, L: MK1
I_55_I_54			= 397B, L: MK1
I_53				= 3993, L: MK1
I_51				= 3996, L: MK1
I_47				= 39BE, L: MK1
_DRAW_SCR_BACKGROUND		= 39BF, G: MK1
I_56				= 39EF, L: MK1
I_58				= 39F9, L: MK1
_DRAW_SCR_PACKED_NEW		= 3A0F, L: MK1
_DRAW_SCR_PACKED_EXISTING	= 3A24, L: MK1
_DRAW_SCR_PACKED_DONE		= 3A29, L: MK1
_DRAW_SCR_PACKED_ALT		= 3A45, L: MK1
_DRAW_SCR_PACKED_ALT_SUBST	= 3A54, L: MK1
_DRAW_SCR_PACKED_NOALT		= 3A59, L: MK1
_ADVANCE_WORM_NO_INC_Y		= 3A74, L: MK1
I_57				= 3A7A, L: MK1
_DRAW_SCR			= 3A7B, G: MK1
_HOTSPOTS_SETUP_DO		= 3ABD, L: MK1
_HOTSPOTS_SETUP_SET_REFILL	= 3AEE, L: MK1
_HOTSPOTS_SETUP_SET		= 3AEF, L: MK1
_HOTSPOTS_SETUP_DONE		= 3AF7, L: MK1
_OPEN_LOCKS_LOOP		= 3AFC, L: MK1
_OPEN_LOCKS_DO			= 3B10, L: MK1
_OPEN_LOCKS_DONE		= 3B38, L: MK1
_SELECT_JOYFUNC			= 3B4A, G: MK1
_PLAYER_INIT			= 3B4B, G: MK1
_PLAYER_CALC_BOUNDING_BOX	= 3BB3, G: MK1
_PLAYER_MOVE			= 3BF4, G: MK1
_PLAYER_GRAVITY_ADD		= 3C05, L: MK1
_PLAYER_GRAVITY_MAXIMUM		= 3C0B, L: MK1
_PLAYER_GRAVITY_VY_SET		= 3C0E, L: MK1
_PLAYER_GRAVITY_DONE		= 3C11, L: MK1
_PLAYER_GRAVITY_P_GOTTEN_DONE	= 3C1B, L: MK1
I_59				= 3C38, L: MK1
I_60				= 3C46, L: MK1
I_61				= 3C59, L: MK1
I_64				= 3CAD, L: MK1
I_63				= 3CD4, L: MK1
I_62				= 3CD4, L: MK1
I_70				= 3D2E, L: MK1
I_69				= 3D33, L: MK1
I_72				= 3D36, L: MK1
I_68				= 3D3D, L: MK1
I_73				= 3D40, L: MK1
I_66				= 3D68, L: MK1
I_67				= 3D68, L: MK1
I_75				= 3D85, L: MK1
I_76				= 3D88, L: MK1
I_74				= 3D8E, L: MK1
I_77				= 3DEA, L: MK1
I_79				= 3E05, L: MK1
I_80				= 3E08, L: MK1
I_84				= 3E38, L: MK1
I_83				= 3E44, L: MK1
I_82				= 3E47, L: MK1
I_87				= 3E75, L: MK1
I_88				= 3E8B, L: MK1
I_86				= 3E8B, L: MK1
I_81				= 3E8E, L: MK1
I_89				= 3E95, L: MK1
I_91				= 3EAB, L: MK1
I_92				= 3EAE, L: MK1
I_94				= 3ED5, L: MK1
I_93				= 3ED8, L: MK1
I_97				= 3EF9, L: MK1
I_95				= 3EF9, L: MK1
I_96				= 3EF9, L: MK1
I_90				= 3F00, L: MK1
I_99				= 3F27, L: MK1
I_98				= 3F27, L: MK1
I_100				= 3F50, L: MK1
I_101				= 3F50, L: MK1
I_102				= 3F6E, L: MK1
I_103				= 3F81, L: MK1
I_106				= 3FDB, L: MK1
I_105				= 400C, L: MK1
I_109				= 4021, L: MK1
I_110				= 4024, L: MK1
I_108				= 402A, L: MK1
I_104				= 402A, L: MK1
I_113				= 405C, L: MK1
I_112				= 408C, L: MK1
I_116				= 40A1, L: MK1
I_117				= 40A4, L: MK1
I_111				= 40AA, L: MK1
I_115				= 40AA, L: MK1
I_118				= 40F7, L: MK1
I_120				= 414A, L: MK1
I_119				= 414D, L: MK1
I_122				= 41A1, L: MK1
I_123				= 41A1, L: MK1
I_121				= 41A1, L: MK1
I_124				= 41C8, L: MK1
I_126				= 41E7, L: MK1
I_125				= 41E7, L: MK1
I_127				= 41F5, L: MK1
I_129				= 420A, L: MK1
I_130_I_129			= 420D, L: MK1
I_131				= 421A, L: MK1
I_132				= 421D, L: MK1
I_128				= 4226, L: MK1
I_134				= 4233, L: MK1
I_135				= 4236, L: MK1
I_136				= 424F, L: MK1
I_138				= 4276, L: MK1
I_137				= 4287, L: MK1
I_133				= 4287, L: MK1
I_140				= 42E4, L: MK1
I_141_I_140			= 42E7, L: MK1
I_139				= 42F1, L: MK1
_PLAYER_DEPLETE			= 42F2, G: MK1
I_142				= 4313, L: MK1
I_143				= 4316, L: MK1
_PLAYER_KILL			= 431D, G: MK1
_ENEMS_LOAD			= 4328, G: MK1
I_144				= 433F, L: MK1
I_146				= 4349, L: MK1
I_150				= 43C3, L: MK1
I_153				= 43E0, L: MK1
I_154				= 43E0, L: MK1
I_151				= 43E0, L: MK1
I_152				= 43E0, L: MK1
I_155				= 4410, L: MK1
I_156				= 444A, L: MK1
I_149				= 4458, L: MK1
I_147				= 445B, L: MK1
I_157				= 4466, L: MK1
I_158				= 4543, L: MK1
I_159				= 4556, L: MK1
I_145				= 4559, L: MK1
_ENEMS_KILL			= 455A, G: MK1
I_160				= 457E, L: MK1
_ENEMS_MOVE			= 4589, G: MK1
I_161				= 45A5, L: MK1
I_163				= 45AA, L: MK1
I_165				= 4656, L: MK1
I_164				= 4656, L: MK1
I_166				= 4686, L: MK1
I_167				= 4689, L: MK1
I_170				= 4692, L: MK1
I_173				= 46AF, L: MK1
I_175				= 46AF, L: MK1
I_174				= 46AF, L: MK1
I_171				= 46AF, L: MK1
I_172				= 46AF, L: MK1
_ENEMS_LM_CHANGE_AXIS_X		= 46CC, L: MK1
_ENEMS_LM_CHANGE_AXIS_X_DONE	= 46D4, L: MK1
_ENEMS_LM_CHANGE_AXIS_Y		= 46EC, L: MK1
_ENEMS_LM_CHANGE_AXIS_Y_DONE	= 46F4, L: MK1
I_177				= 4725, L: MK1
I_176				= 4725, L: MK1
I_169				= 4725, L: MK1
_ENEMS_MOVE_UPDATE_FRAME_DONE	= 4776, L: MK1
I_179				= 4776, L: MK1
I_184				= 47C0, L: MK1
I_185_I_184			= 47C3, L: MK1
I_182				= 47F1, L: MK1
I_183				= 47F1, L: MK1
I_187				= 482B, L: MK1
I_188				= 482D, L: MK1
I_187_I_188			= 4832, L: MK1
I_190				= 487A, L: MK1
I_191				= 487D, L: MK1
I_189				= 4884, L: MK1
I_192				= 4887, L: MK1
I_186				= 48BA, L: MK1
I_181				= 48BA, L: MK1
I_180				= 48BD, L: MK1
I_195				= 48E3, L: MK1
I_196_I_195			= 48E6, L: MK1
I_197				= 4916, L: MK1
I_193				= 4916, L: MK1
I_194				= 4916, L: MK1
I_178				= 4916, L: MK1
I_198				= 49E6, L: MK1
I_199				= 49FC, L: MK1
I_162				= 4A2F, L: MK1
_HOTSPOTS_INIT			= 4A30, G: MK1
I_200				= 4A37, L: MK1
I_201				= 4A62, L: MK1
_HOTSPOTS_DO			= 4A63, G: MK1
I_202				= 4A7B, L: MK1
I_206				= 4AAA, L: MK1
I_207				= 4ABD, L: MK1
I_208				= 4ACA, L: MK1
I_209				= 4AD5, L: MK1
I_210				= 4AF3, L: MK1
I_205				= 4AF3, L: MK1
I_211				= 4B40, L: MK1
I_203				= 4B40, L: MK1
_MAIN				= 4B41, G: MK1
_ISR				= 4B50, L: MK1
ISR_DONE			= 4B52, L: MK1
VAUDEVILLE_TIRANTS		= 4B64, L: MK1
I_212				= 4BDE, L: MK1
I_214				= 4BE3, L: MK1
I_213				= 4C70, L: MK1
I_215				= 4C7A, L: MK1
I_217				= 4C84, L: MK1
I_216				= 4CCA, L: MK1
I_218				= 4CCB, L: MK1
I_220				= 4D3B, L: MK1
I_222				= 4D60, L: MK1
I_223				= 4D79, L: MK1
I_224				= 4DA5, L: MK1
I_225				= 4DD1, L: MK1
I_226				= 4E01, L: MK1
_CPC_SCREEN_UPDATE_INV_LOOP	= 4E13, L: MK1
_CPC_SCREEN_UPDATE_INV_RET	= 4E35, L: MK1
_CPC_SCREEN_UPDATE_UPD_BUFFER	= 4E3C, L: MK1
_CPC_SCREEN_UPDATE_UPD_LOOP	= 4E41, L: MK1
_CPC_SCREEN_UPDATE_UPD_RET	= 4E64, L: MK1
_CPC_SCREEN_UPDATE_SHOW		= 4E69, L: MK1
I_227				= 4E6F, L: MK1
I_229				= 4E86, L: MK1
I_230_I_229			= 4E89, L: MK1
I_228				= 4E9E, L: MK1
I_232				= 4EB2, L: MK1
I_233_I_232			= 4EB5, L: MK1
I_231				= 4EC8, L: MK1
I_235_UGE			= 4EE7, L: MK1
I_235				= 4EE9, L: MK1
I_236_I_235			= 4EEC, L: MK1
I_234				= 4F06, L: MK1
I_238				= 4F1A, L: MK1
I_239_I_238			= 4F1D, L: MK1
I_241				= 4F4C, L: MK1
I_240				= 4F4C, L: MK1
I_237				= 4F4C, L: MK1
I_243				= 4F5C, L: MK1
I_242				= 4F68, L: MK1
I_245				= 4F76, L: MK1
I_221				= 4F79, L: MK1
I_246				= 4F87, L: MK1
I_247				= 4F8A, L: MK1
I_219				= 4F93, L: MK1
I_1				= 4F94, L: MK1
__EN_T				= 4FAE, G: MK1
__EN_X				= 4FAF, G: MK1
__EN_Y				= 4FB0, G: MK1
_GPEN_CX			= 4FB1, G: MK1
_GPEN_CY			= 4FB2, G: MK1
__EN_X1				= 4FB3, G: MK1
__EN_X2				= 4FB4, G: MK1
__EN_Y1				= 4FB5, G: MK1
__EN_Y2				= 4FB6, G: MK1
_HOTSPOT_X			= 4FB7, G: MK1
_HOTSPOT_Y			= 4FB8, G: MK1
_HALF_LIFE			= 4FB9, G: MK1
_MAP_POINTER			= 4FBA, G: MK1
__EN_MX				= 4FBC, G: MK1
__EN_MY				= 4FBD, G: MK1
_FLAGS				= 4FBE, G: MK1
_P_FACING			= 4FDE, G: MK1
_P_FRAME			= 4FDF, G: MK1
_PREGOTTEN			= 4FE0, G: MK1
_HIT_H				= 4FE1, G: MK1
_P_KILL_AMT			= 4FE2, G: MK1
_HIT_V				= 4FE3, G: MK1
_KILLED_OLD			= 4FE4, G: MK1
_GPAUX				= 4FE5, G: MK1
_ACTIVE				= 4FE6, G: MK1
_P_CT_ESTADO			= 4FE7, G: MK1
_LEVEL				= 4FE8, G: MK1
_HOTSPOT_DESTROY		= 4FE9, G: MK1
_X0				= 4FEA, G: MK1
_Y0				= 4FEB, G: MK1
_X1				= 4FEC, G: MK1
_Y1				= 4FED, G: MK1
__N				= 4FEE, G: MK1
__T				= 4FEF, G: MK1
__X				= 4FF0, G: MK1
__Y				= 4FF1, G: MK1
_LIFE_OLD			= 4FF2, G: MK1
__GP_GEN			= 4FF3, G: MK1
_GEN_PT				= 4FF5, G: MK1
_PTGMX				= 4FF7, G: MK1
_PTGMY				= 4FF9, G: MK1
_ENOFFS				= 4FFB, G: MK1
_P_ESTADO			= 4FFC, G: MK1
_P_KILLED			= 4FFD, G: MK1
_P_AMMO				= 4FFE, G: MK1
_GPEN_X				= 4FFF, G: MK1
_GPEN_Y				= 5000, G: MK1
_PAD0				= 5001, G: MK1
_P_KILLME			= 5002, G: MK1
_N_PANT				= 5003, G: MK1
_P_CONT_SALTO			= 5004, G: MK1
_ENSPIT				= 5005, G: MK1
_O_PANT				= 5006, G: MK1
_P_LIFE				= 5007, G: MK1
_ENIT				= 5008, G: MK1
_P_FUEL				= 5009, G: MK1
_P_OBJS				= 500A, G: MK1
_P_GOTTEN			= 500B, G: MK1
_GPCX				= 500C, G: MK1
_GPCY				= 500D, G: MK1
_GPIT				= 500E, G: MK1
_P_KEYS				= 500F, G: MK1
_GPJT				= 5010, G: MK1
_PLAYING			= 5011, G: MK1
_GPOX				= 5012, G: MK1
_SEED				= 5013, G: MK1
_P_TX				= 5015, G: MK1
_P_TY				= 5016, G: MK1
_ASM_INT_2			= 5017, G: MK1
_P_VX				= 5019, G: MK1
_P_VY				= 501B, G: MK1
_GPXX				= 501D, G: MK1
_GPYY				= 501E, G: MK1
_OBJS_OLD			= 501F, G: MK1
_MAINCOUNTER			= 5020, G: MK1
_PTX1				= 5021, G: MK1
_PTX2				= 5022, G: MK1
_PTY1				= 5023, G: MK1
_PTY2				= 5024, G: MK1
_ASM_NUMBER			= 5025, G: MK1
_AT1				= 5026, G: MK1
_AT2				= 5027, G: MK1
__EN_LIFE			= 5028, G: MK1
_CX1				= 5029, G: MK1
_CX2				= 502A, G: MK1
_CY1				= 502B, G: MK1
_CY2				= 502C, G: MK1
_P_SUBFRAME			= 502D, G: MK1
_GPC				= 502E, G: MK1
_GPD				= 502F, G: MK1
_HIT				= 5030, G: MK1
_GPT				= 5031, G: MK1
_RDA				= 5032, G: MK1
_RDB				= 5033, G: MK1
_RDC				= 5034, G: MK1
_GPX				= 5035, G: MK1
_GPY				= 5036, G: MK1
_P_X				= 5037, G: MK1
_P_Y				= 5039, G: MK1
_RDD				= 503B, G: MK1
_ITJ				= 503C, G: MK1
_RDN				= 503E, G: MK1
_KEYS_OLD			= 503F, G: MK1
_RDT				= 5040, G: MK1
_RDX				= 5041, G: MK1
_RDY				= 5042, G: MK1
_WALL_H				= 5043, G: MK1
_ENOFFSMASI			= 5044, G: MK1
_WALL_V				= 5045, G: MK1
_TOCADO				= 5046, G: MK1
_IS_RENDERING			= 5047, G: MK1
_SLEVEL				= 5048, G: MK1
_ASM_INT			= 5049, G: MK1
_P_FACING_H			= 504B, G: MK1
__BADDIES_POINTER		= 504C, G: MK1
_P_FACING_V			= 504E, G: MK1
_P_SALTANDO			= 504F, G: MK1
_POSSEE				= 5050, G: MK1
_ORIG_TILE			= 5051, G: MK1
_SUCCESS			= 5052, G: MK1
_RAM_DESTINATION		= 5053, G: MK1
_P_DISPARANDO			= 5055, G: MK1
_RAM_ADDRESS			= 5056, G: MK1
CPC_ANYKEYPRESSED		= 5058, G: CPC_ANYKEYPRESSED
BUCLE_DETECCION_TECLA		= 505A, L: CPC_ANYKEYPRESSED
TECLA_PULSADA			= 506D, L: CPC_ANYKEYPRESSED
CPC_TESTKEYBOARD		= 5072, G: CPC_TESTKEYBOARD
CPC_INVALIDATERECT		= 5096, G: CPC_INVALIDATERECT
CPC_INVALIDATERECT_P		= 509E, L: CPC_INVALIDATERECT
NOINC1				= 50C4, L: CPC_INVALIDATERECT
INVCOLLP			= 50C8, L: CPC_INVALIDATERECT
NOINC2				= 50D7, L: CPC_INVALIDATERECT
INVFULLCHAR			= 50DB, L: CPC_INVALIDATERECT
INVROWLP			= 50DD, L: CPC_INVALIDATERECT
NOINC3				= 50E8, L: CPC_INVALIDATERECT
CPC_BITLEFT2MASK		= 50F6, G: CPC_BITLEFT2MASK
CPC_BITRIGHT2MASK		= 50FE, G: CPC_BITRIGHT2MASK
CPC_PUTSPTILEMAP4X8		= 5106, G: CPC_PUTSPTILEMAP4X8
DO_UPDATE			= 5120, L: CPC_PUTSPTILEMAP4X8
ORIGIN_NEXT_ROW			= 5143, L: CPC_PUTSPTILEMAP4X8
FIN				= 5157, L: CPC_PUTSPTILEMAP4X8
ANCHO				= 5158, L: CPC_PUTSPTILEMAP4X8
ALTO				= 5159, L: CPC_PUTSPTILEMAP4X8
CPC_UPDTILETABLE		= 515A, G: CPC_UPDTILETABLE
CPC_BIT2MASK			= 517D, G: CPC_BIT2MASK
CPC_TBLLOOKUP			= 5185, G: CPC_TBLLOOKUP
NOINC				= 518B, L: CPC_TBLLOOKUP
CPC_PUTSPTILEMAP8X16		= 518D, G: CPC_PUTSPTILEMAP8X16
DO_UPDATE			= 51A7, L: CPC_PUTSPTILEMAP8X16
ORIGIN_NEXT_ROW			= 51CD, L: CPC_PUTSPTILEMAP8X16
ORIGIN_LAST_ROW			= 51E1, L: CPC_PUTSPTILEMAP8X16
FIN				= 51FA, L: CPC_PUTSPTILEMAP8X16
ANCHO				= 51FB, L: CPC_PUTSPTILEMAP8X16
ALTO				= 51FC, L: CPC_PUTSPTILEMAP8X16
CPC_PUTTRSP4X8TILEMAP2B		= 51FD, G: CPC_PUTTRSP4X8TILEMAP2B
TRANSFERIR_SPRITE		= 5208, L: CPC_PUTTRSP4X8TILEMAP2B
PASA_BLOQUE_A_SBUFFER		= 5208, L: CPC_PUTTRSP4X8TILEMAP2B
SP_BUFFER_MASK			= 521C, L: CPC_PUTTRSP4X8TILEMAP2B
LOOP_ALTO_MAP_SBUFFER		= 5222, L: CPC_PUTTRSP4X8TILEMAP2B
CPC_PUTTRSP8X16TILEMAP2B	= 523F, G: CPC_PUTTRSP8X16TILEMAP2B
TRANSFERIR_SPRITE		= 524A, L: CPC_PUTTRSP8X16TILEMAP2B
PASA_BLOQUE_A_SBUFFER		= 524A, L: CPC_PUTTRSP8X16TILEMAP2B
SP_BUFFER_MASK			= 525E, L: CPC_PUTTRSP8X16TILEMAP2B
LOOP_ALTO_MAP_SBUFFER		= 5264, L: CPC_PUTTRSP8X16TILEMAP2B
CPC_RESETTOUCHEDTILES		= 5291, G: CPC_RESETTOUCHEDTILES
CPC_SETCOLOUR			= 529F, G: CPC_SETCOLOUR
CPC_SETMODE			= 52B2, G: CPC_SETMODE
CPC_SHOWTILEMAP			= 52BC, G: CPC_SHOWTILEMAP
SOLOCOPIA			= 52D1, L: CPC_SHOWTILEMAP
TRANSFERIR_PANTALLA_A_SUPERBUFFER	= 52DE, L: CPC_SHOWTILEMAP
BUCLE_DIBUJADO_FONDO		= 52E5, L: CPC_SHOWTILEMAP
INCREMENTO2			= 5316, L: CPC_SHOWTILEMAP
CONTADOR_TILES			= 5323, L: CPC_SHOWTILEMAP
CONTADOR_TILES2			= 5324, L: CPC_SHOWTILEMAP
TRANSFERIR_MAP_SBUFFER		= 5326, L: CPC_SHOWTILEMAP
LOOP_ALTO_MAP_SBUFFER		= 532C, L: CPC_SHOWTILEMAP
LOOP_ANCHO_MAP_SBUFFER		= 532C, L: CPC_SHOWTILEMAP
CPC_PUTSP			= 533A, L: CPC_SHOWTILEMAP
LOOP_ALTO_2			= 533C, L: CPC_SHOWTILEMAP
SIG_LINEA_2			= 5353, L: CPC_SHOWTILEMAP
CPC_SHOWTOUCHEDTILES		= 5357, G: CPC_SHOWTOUCHEDTILES
BUCLE_CPC_SHOWTOUCHEDTILES	= 535F, L: CPC_SHOWTOUCHEDTILES
PROCESS				= 5369, L: CPC_SHOWTOUCHEDTILES
BIT0_SKIP			= 5374, L: CPC_SHOWTOUCHEDTILES
BIT1_SKIP			= 537E, L: CPC_SHOWTOUCHEDTILES
BIT2_SKIP			= 5388, L: CPC_SHOWTOUCHEDTILES
BIT3_SKIP			= 5392, L: CPC_SHOWTOUCHEDTILES
BIT4_SKIP			= 539C, L: CPC_SHOWTOUCHEDTILES
BIT5_SKIP			= 53A6, L: CPC_SHOWTOUCHEDTILES
BIT6_SKIP			= 53B0, L: CPC_SHOWTOUCHEDTILES
BIT7_SKIP			= 53BA, L: CPC_SHOWTOUCHEDTILES
SKIPALL				= 53BD, L: CPC_SHOWTOUCHEDTILES
NOINCD				= 53C5, L: CPC_SHOWTOUCHEDTILES
POSICIONAR_SUPERBUFFER		= 53C9, L: CPC_SHOWTOUCHEDTILES
COPYTILE			= 53C9, L: CPC_SHOWTOUCHEDTILES
POSICIONAR_PANTALLA		= 53D1, L: CPC_SHOWTOUCHEDTILES
TRANSF_BLOQUE_SB_PANTALLA	= 53E0, L: CPC_SHOWTOUCHEDTILES
CPC_TESTKEY			= 5449, G: CPC_TESTKEY
PULSADO				= 5460, L: CPC_TESTKEY
KEYMAP0				= 5463, L: CPC_KEYSDATA
CPC_KEYSDATA			= 5463, G: CPC_KEYSDATA
TECLA_0				= 546D, L: CPC_KEYSDATA
TABLA_TECLAS0			= 546F, L: CPC_KEYSDATA
CPC_UPDSCR			= 5488, G: CPC_UPDSCR
BUCLE_CPC_UPDSCR		= 5490, L: CPC_UPDSCR
PROCESS				= 549A, L: CPC_UPDSCR
BIT0_SKIP			= 54A5, L: CPC_UPDSCR
BIT1_SKIP			= 54AF, L: CPC_UPDSCR
BIT2_SKIP			= 54B9, L: CPC_UPDSCR
BIT3_SKIP			= 54C3, L: CPC_UPDSCR
BIT4_SKIP			= 54CD, L: CPC_UPDSCR
BIT5_SKIP			= 54D7, L: CPC_UPDSCR
BIT6_SKIP			= 54E1, L: CPC_UPDSCR
BIT7_SKIP			= 54EB, L: CPC_UPDSCR
SKIPALL				= 54EE, L: CPC_UPDSCR
NOINCD				= 54F6, L: CPC_UPDSCR
UCOPYTILE			= 54FA, L: CPC_UPDSCR
POSICIONAR_SUPERBUFFER		= 54FA, L: CPC_UPDSCR
POSICIONAR_TILE			= 550D, L: CPC_UPDSCR
TRANSFERIR_MAP_SBUFFER		= 5528, L: CPC_UPDSCR
L_AND				= 556F, G: L_AND
L_ASL				= 5576, G: L_ASL
L_ASL1				= 5577, L: L_ASL
L_ASR				= 557D, G: L_ASR
L_ASR1				= 557E, L: L_ASR
L_ASR_U				= 5587, G: L_ASR_U
L_ASR_U_1			= 5588, L: L_ASR_U
L_DIV_U				= 5591, G: L_DIV_U
ENTRY				= 5595, L: L_DIV_U
L_DIV1				= 559C, L: L_DIV_U
L_DIV2				= 55A6, L: L_DIV_U
L_EQ				= 55B0, G: L_EQ
L_GCHAR				= 55B7, G: L_GCHAR
L_SXT				= 55B8, L: L_GCHAR
L_GINT				= 55BD, G: L_GINT
L_GINTSP			= 55C2, G: L_GINTSP
L_GT				= 55CA, G: L_GT
L_LNEG				= 55D6, G: L_LNEG
L_LT				= 55DB, G: L_LT
L_MULT				= 55E7, G: L_MULT
L_MULT1				= 55EE, L: L_MULT
L_MULT2				= 55F5, L: L_MULT
L_NE				= 55F8, G: L_NE
L_NEG				= 55FF, G: L_NEG
L_OR				= 5607, G: L_OR
L_PINT				= 560E, G: L_PINT
L_PINT_POP			= 5614, G: L_PINT_POP
L_SXT				= 561A, G: L_SXT
L_UGE				= 561F, G: L_UGE
L_UGT				= 5627, G: L_UGT
L_ULE				= 562D, G: L_ULE
L_ULT				= 5635, G: L_ULT
