DEFINED_CRT_ORG_CODE            = $0001 ; const, local, , cpc_crt0, , C:/Users/na_th_an/AppData/Local/Temp/zcc00001180AA714/zcc_opt.def:3
CRT_ORG_CODE                    = $0400 ; const, local, , cpc_crt0, , C:/Users/na_th_an/AppData/Local/Temp/zcc00001180AA714/zcc_opt.def:4
start                           = $0400 ; addr, local, , cpc_crt0, , crt.asm:7
T_WIDTH                         = $0020 ; const, local, , tilemap_conf_asm, , tilemap_conf.asm:66
T_HEIGHT                        = $0018 ; const, local, , tilemap_conf_asm, , tilemap_conf.asm:67
vpClipStruct                    = $1843 ; addr, local, , mk1_c, code_compiler, definitions.h:4
fsClipStruct                    = $1847 ; addr, local, , mk1_c, code_compiler, definitions.h:4
i_1                             = $5B1A ; addr, local, , mk1_c, rodata_compiler, mk1.c::main::0::136:109
HLshr6_A                        = $1863 ; addr, local, , mk1_c, code_compiler, mtasmlib.h:6
Ashl16_HL                       = $186E ; addr, local, , mk1_c, code_compiler, mtasmlib.h:6
withSign                        = $187A ; addr, local, , mk1_c, code_compiler, mtasmlib.h:6
depack                          = $1882 ; addr, local, , mk1_c, code_compiler, aplib.h:11
apbranch1                       = $1885 ; addr, local, , mk1_c, code_compiler, aplib.h:11
aploop0                         = $1887 ; addr, local, , mk1_c, code_compiler, aplib.h:11
ap_getbit                       = $1909 ; addr, local, , mk1_c, code_compiler, aplib.h:11
aploop                          = $188A ; addr, local, , mk1_c, code_compiler, aplib.h:11
apbranch2                       = $18C8 ; addr, local, , mk1_c, code_compiler, aplib.h:11
apbranch3                       = $18B4 ; addr, local, , mk1_c, code_compiler, aplib.h:11
apget4bits                      = $189D ; addr, local, , mk1_c, code_compiler, aplib.h:11
apbranch4                       = $18AB ; addr, local, , mk1_c, code_compiler, aplib.h:11
apwritebyte                     = $18A7 ; addr, local, , mk1_c, code_compiler, aplib.h:11
ap_finishup2                    = $18F6 ; addr, local, , mk1_c, code_compiler, aplib.h:11
ap_getgamma                     = $1915 ; addr, local, , mk1_c, code_compiler, aplib.h:11
ap_r0_gamma                     = $18FD ; addr, local, , mk1_c, code_compiler, aplib.h:11
apskip2                         = $18E7 ; addr, local, , mk1_c, code_compiler, aplib.h:11
apskip3                         = $18F0 ; addr, local, , mk1_c, code_compiler, aplib.h:11
ap_finishup                     = $18F3 ; addr, local, , mk1_c, code_compiler, aplib.h:11
ap_getgammaloop                 = $1918 ; addr, local, , mk1_c, code_compiler, aplib.h:11
bo_l1                           = $223A ; addr, local, , mk1_c, code_compiler, pantallas.h::blackout::0::1:32
_font                           = $2250 ; addr, local, , mk1_c, code_compiler, assets/tileset.h::blackout::0::2:5
_tspatterns                     = $2650 ; addr, local, , mk1_c, code_compiler, assets/tileset.h::blackout::0::2:5
_attr_2                         = $36FF ; addr, local, , mk1_c, code_compiler, printer.h::attr::0::2:6
_attr_1                         = $3707 ; addr, local, , mk1_c, code_compiler, printer.h::attr::0::2:6
_attr_1b                        = $3711 ; addr, local, , mk1_c, code_compiler, printer.h::attr::0::2:6
_map_attr                       = $C600 ; const, local, , mk1_c, code_compiler, mk1.c::main::0::136:109
_attr_end                       = $3724 ; addr, local, , mk1_c, code_compiler, printer.h::attr::0::2:6
qtile_do                        = $372F ; addr, local, , mk1_c, code_compiler, printer.h::qtile::0::3:61
_map_buff                       = $C696 ; const, local, , mk1_c, code_compiler, mk1.c::main::0::136:109
_draw_decorations_loop          = $37C4 ; addr, local, , mk1_c, code_compiler, printer.h::draw_decorations::0::10:491
print_str_loop                  = $388C ; addr, local, , mk1_c, code_compiler, printer.h::print_str::0::14:663
print_str_inv                   = $389E ; addr, local, , mk1_c, code_compiler, printer.h::print_str::0::14:663
i_17                            = $38BD ; addr, local, , mk1_c, code_compiler, printer.h::clear_sprites::0::15:717
i_15                            = $38B8 ; addr, local, , mk1_c, code_compiler, printer.h::clear_sprites::0::15:717
i_16                            = $38DE ; addr, local, , mk1_c, code_compiler, printer.h::clear_sprites::0::15:717
_sp_sw                          = $E600 ; const, local, , mk1_c, code_compiler, mk1.c::main::0::136:109
i_18                            = $38E4 ; addr, local, , mk1_c, code_compiler, printer.h::pal_set::0::17:727
i_19                            = $390C ; addr, local, , mk1_c, code_compiler, printer.h::pal_set::0::17:727
i_20                            = $3942 ; addr, local, , mk1_c, code_compiler, engine/update.h::cpc_UpdateNow::0::18:9
_cpc_screen_update_inv_loop     = $3919 ; addr, local, , mk1_c, code_compiler, engine/update.h::cpc_UpdateNow::0::18:9
_cpc_screen_update_inv_ret      = $393B ; addr, local, , mk1_c, code_compiler, engine/update.h::cpc_UpdateNow::0::18:9
_cpc_screen_update_upd_buffer   = $3942 ; addr, local, , mk1_c, code_compiler, engine/update.h::cpc_UpdateNow::0::18:9
i_21                            = $3979 ; addr, local, , mk1_c, code_compiler, engine/update.h::cpc_UpdateNow::0::18:9
_cpc_screen_update_upd_loop     = $3951 ; addr, local, , mk1_c, code_compiler, engine/update.h::cpc_UpdateNow::0::18:9
_cpc_screen_update_upd_ret      = $3974 ; addr, local, , mk1_c, code_compiler, engine/update.h::cpc_UpdateNow::0::18:9
_cpc_screen_update_done         = $3979 ; addr, local, , mk1_c, code_compiler, engine/update.h::cpc_UpdateNow::0::18:9
_cm_two_points_at1_reset        = $39C0 ; addr, local, , mk1_c, code_compiler, engine/general.h::cm_two_points::0::22:63
_cm_two_points_at1_do           = $39C3 ; addr, local, , mk1_c, code_compiler, engine/general.h::cm_two_points::0::22:63
_cm_two_points_at1_done         = $39DD ; addr, local, , mk1_c, code_compiler, engine/general.h::cm_two_points::0::22:63
_cm_two_points_at2_reset        = $39EE ; addr, local, , mk1_c, code_compiler, engine/general.h::cm_two_points::0::22:63
_cm_two_points_at2_do           = $39F1 ; addr, local, , mk1_c, code_compiler, engine/general.h::cm_two_points::0::22:63
_cm_two_points_at2_done         = $3A0B ; addr, local, , mk1_c, code_compiler, engine/general.h::cm_two_points::0::22:63
rand16                          = $3A0F ; addr, local, , mk1_c, code_compiler, engine/general.h::rand::0::23:138
nextrand                        = $3A2B ; addr, local, , mk1_c, code_compiler, engine/general.h::rand::0::23:138
i_22                            = $3A49 ; addr, local, , mk1_c, code_compiler, engine/general.h::abs::0::24:182
i_23                            = $3A4E ; addr, local, , mk1_c, code_compiler, engine/general.h::abs::0::24:182
i_24                            = $3B07 ; addr, local, , mk1_c, code_compiler, engine.h::addsign::0::28:20
i_25                            = $3B0F ; addr, local, , mk1_c, code_compiler, engine.h::addsign::0::28:20
i_26                            = $3B10 ; addr, local, , mk1_c, code_compiler, engine.h::espera_activa::0::29:28
i_27                            = $3B18 ; addr, local, , mk1_c, code_compiler, engine.h::espera_activa::0::29:28
i_30                            = $3B18 ; addr, local, , mk1_c, code_compiler, engine.h::espera_activa::0::29:28
i_29                            = $3B30 ; addr, local, , mk1_c, code_compiler, engine.h::espera_activa::0::29:28
i_31                            = $3B26 ; addr, local, , mk1_c, code_compiler, engine.h::espera_activa::0::29:28
i_28                            = $3B26 ; addr, local, , mk1_c, code_compiler, engine.h::espera_activa::0::29:28
init_cerrojos_loop              = $3B3B ; addr, local, , mk1_c, code_compiler, engine.h::locks_init::0::31:45
open_lock                       = $3B40 ; addr, local, , mk1_c, code_compiler, engine.h::process_tile::0::32:85
open_lock_end                   = $3B93 ; addr, local, , mk1_c, code_compiler, engine.h::process_tile::1::33:336
clear_cerrojo_loop              = $3B5B ; addr, local, , mk1_c, code_compiler, engine.h::process_tile::0::32:85
clear_cerrojo_loop_continue     = $3B77 ; addr, local, , mk1_c, code_compiler, engine.h::process_tile::0::32:85
clear_cerrojo_end               = $3B7A ; addr, local, , mk1_c, code_compiler, engine.h::process_tile::0::32:85
i_34                            = $3BC8 ; addr, local, , mk1_c, code_compiler, engine.h::draw_scr_background::0::33:345
i_32                            = $3BC1 ; addr, local, , mk1_c, code_compiler, engine.h::draw_scr_background::0::33:345
i_33                            = $3C45 ; addr, local, , mk1_c, code_compiler, engine.h::draw_scr_background::3::35:464
_draw_scr_packed_existing       = $3BEF ; addr, local, , mk1_c, code_compiler, engine.h::draw_scr_background::0::33:345
_draw_scr_packed_new            = $3BDA ; addr, local, , mk1_c, code_compiler, engine.h::draw_scr_background::0::33:345
_draw_scr_packed_done           = $3BF4 ; addr, local, , mk1_c, code_compiler, engine.h::draw_scr_background::0::33:345
_draw_scr_packed_noalt          = $3C24 ; addr, local, , mk1_c, code_compiler, engine.h::draw_scr_background::0::33:345
_draw_scr_packed_alt            = $3C10 ; addr, local, , mk1_c, code_compiler, engine.h::draw_scr_background::0::33:345
_draw_scr_packed_alt_subst      = $3C1F ; addr, local, , mk1_c, code_compiler, engine.h::draw_scr_background::0::33:345
_advance_worm_no_inc_y          = $3C3F ; addr, local, , mk1_c, code_compiler, engine.h::draw_scr_background::3::35:464
_hotspots_setup_done            = $3CC2 ; addr, local, , mk1_c, code_compiler, engine.h::draw_scr::1::36:541
_hotspots_setup_do              = $3C88 ; addr, local, , mk1_c, code_compiler, engine.h::draw_scr::1::36:541
_hotspots_setup_set             = $3CBA ; addr, local, , mk1_c, code_compiler, engine.h::draw_scr::1::36:541
_hotspots_setup_set_refill      = $3CB9 ; addr, local, , mk1_c, code_compiler, engine.h::draw_scr::1::36:541
_open_locks_loop                = $3CC7 ; addr, local, , mk1_c, code_compiler, engine.h::draw_scr::1::36:541
_open_locks_done                = $3CE8 ; addr, local, , mk1_c, code_compiler, engine.h::draw_scr::1::36:541
_open_locks_do                  = $3CDB ; addr, local, , mk1_c, code_compiler, engine.h::draw_scr::1::36:541
_mons_col_sc_x_lineal           = $3CF7 ; addr, local, , mk1_c, code_compiler, engine.h::mons_col_sc_x::0::36:742
_mons_col_sc_x_compare          = $3CFD ; addr, local, , mk1_c, code_compiler, engine.h::mons_col_sc_x::0::36:742
_mons_col_sc_x_horz_positive    = $3D0A ; addr, local, , mk1_c, code_compiler, engine.h::mons_col_sc_x::0::36:742
_mons_col_sc_x_horz_negative_zero = $3D07 ; addr, local, , mk1_c, code_compiler, engine.h::mons_col_sc_x::0::36:742
_mons_col_sc_x_horz_set         = $3D0B ; addr, local, , mk1_c, code_compiler, engine.h::mons_col_sc_x::0::36:742
i_35                            = $3D5D ; addr, local, , mk1_c, code_compiler, engine.h::mons_col_sc_x::0::36:742
i_36                            = $3D60 ; addr, local, , mk1_c, code_compiler, engine.h::mons_col_sc_x::0::36:742
_mons_col_sc_y_lineal           = $3D63 ; addr, local, , mk1_c, code_compiler, engine.h::mons_col_sc_y::0::37:823
_mons_col_sc_y_compare          = $3D69 ; addr, local, , mk1_c, code_compiler, engine.h::mons_col_sc_y::0::37:823
_mons_col_sc_y_vert_positive    = $3D76 ; addr, local, , mk1_c, code_compiler, engine.h::mons_col_sc_y::0::37:823
_mons_col_sc_y_vert_negative_zero = $3D73 ; addr, local, , mk1_c, code_compiler, engine.h::mons_col_sc_y::0::37:823
_mons_col_sc_y_vert_set         = $3D77 ; addr, local, , mk1_c, code_compiler, engine.h::mons_col_sc_y::0::37:823
i_37                            = $3DB9 ; addr, local, , mk1_c, code_compiler, engine.h::mons_col_sc_y::0::37:823
i_38                            = $3DBC ; addr, local, , mk1_c, code_compiler, engine.h::mons_col_sc_y::0::37:823
_player_gravity_add             = $3E80 ; addr, local, , mk1_c, code_compiler, engine/player.h::player_move::0::40:241
_player_gravity_maximum         = $3E86 ; addr, local, , mk1_c, code_compiler, engine/player.h::player_move::0::40:241
_player_gravity_vy_set          = $3E89 ; addr, local, , mk1_c, code_compiler, engine/player.h::player_move::0::40:241
_player_gravity_done            = $3E8C ; addr, local, , mk1_c, code_compiler, engine/player.h::player_move::0::40:241
_player_gravity_p_gotten_done   = $3E98 ; addr, local, , mk1_c, code_compiler, engine/player.h::player_move::0::40:241
i_39                            = $3EB5 ; addr, local, , mk1_c, code_compiler, engine/player.h::player_move::1::42:355
i_40                            = $3EC3 ; addr, local, , mk1_c, code_compiler, engine/player.h::player_move::1::42:355
i_41                            = $3ED6 ; addr, local, , mk1_c, code_compiler, engine/player.h::player_move::1::42:355
i_42                            = $3F43 ; addr, local, , mk1_c, code_compiler, engine/player.h::player_move::3::44:393
i_44                            = $3F23 ; addr, local, , mk1_c, code_compiler, engine/player.h::player_move::1::42:355
i_43                            = $3F43 ; addr, local, , mk1_c, code_compiler, engine/player.h::player_move::3::44:393
i_46                            = $3FB1 ; addr, local, , mk1_c, code_compiler, engine/player.h::player_move::3::46:470
i_48                            = $3F8C ; addr, local, , mk1_c, code_compiler, engine/player.h::player_move::3::44:393
i_49                            = $3FB1 ; addr, local, , mk1_c, code_compiler, engine/player.h::player_move::3::44:393
i_50                            = $3F8C ; addr, local, , mk1_c, code_compiler, engine/player.h::player_move::3::44:393
i_47                            = $3FB1 ; addr, local, , mk1_c, code_compiler, engine/player.h::player_move::3::46:470
i_53_i_49                       = $3F8C ; addr, local, , mk1_c, code_compiler, engine/player.h::player_move::3::44:393
evil_tile_check_vert_done       = $3FD4 ; addr, local, , mk1_c, code_compiler, engine/player.h::player_move::3::46:470
i_54                            = $4008 ; addr, local, , mk1_c, code_compiler, engine/player.h::player_move::3::46:470
i_55                            = $400B ; addr, local, , mk1_c, code_compiler, engine/player.h::player_move::3::46:470
i_56                            = $4088 ; addr, local, , mk1_c, code_compiler, engine/player.h::player_move::3::46:470
i_57                            = $4042 ; addr, local, , mk1_c, code_compiler, engine/player.h::player_move::3::46:470
i_59                            = $4030 ; addr, local, , mk1_c, code_compiler, engine/player.h::player_move::3::46:470
i_58                            = $408C ; addr, local, , mk1_c, code_compiler, engine/player.h::player_move::3::46:470
i_61                            = $408C ; addr, local, , mk1_c, code_compiler, engine/player.h::player_move::3::46:470
i_62                            = $4071 ; addr, local, , mk1_c, code_compiler, engine/player.h::player_move::3::46:470
i_63                            = $408C ; addr, local, , mk1_c, code_compiler, engine/player.h::player_move::3::46:470
i_64                            = $408C ; addr, local, , mk1_c, code_compiler, engine/player.h::player_move::3::46:470
i_66                            = $40A2 ; addr, local, , mk1_c, code_compiler, engine/player.h::player_move::3::46:470
i_67                            = $40A5 ; addr, local, , mk1_c, code_compiler, engine/player.h::player_move::3::46:470
i_65                            = $40F6 ; addr, local, , mk1_c, code_compiler, engine/player.h::player_move::3::46:470
i_68                            = $40D0 ; addr, local, , mk1_c, code_compiler, engine/player.h::player_move::3::46:470
i_69                            = $40F2 ; addr, local, , mk1_c, code_compiler, engine/player.h::player_move::3::46:470
i_70                            = $40F2 ; addr, local, , mk1_c, code_compiler, engine/player.h::player_move::3::46:470
i_71                            = $40F2 ; addr, local, , mk1_c, code_compiler, engine/player.h::player_move::3::46:470
i_72                            = $40F2 ; addr, local, , mk1_c, code_compiler, engine/player.h::player_move::3::46:470
i_73                            = $411C ; addr, local, , mk1_c, code_compiler, engine/player.h::player_move::3::46:470
i_74                            = $411C ; addr, local, , mk1_c, code_compiler, engine/player.h::player_move::3::46:470
i_75                            = $4147 ; addr, local, , mk1_c, code_compiler, engine/player.h::player_move::1::58:699
i_76                            = $4147 ; addr, local, , mk1_c, code_compiler, engine/player.h::player_move::3::46:470
i_77                            = $4165 ; addr, local, , mk1_c, code_compiler, engine/player.h::player_move::1::58:699
i_78                            = $4178 ; addr, local, , mk1_c, code_compiler, engine/player.h::player_move::1::58:699
i_79                            = $41FB ; addr, local, , mk1_c, code_compiler, engine/player.h::player_move::3::60:739
i_81                            = $41C4 ; addr, local, , mk1_c, code_compiler, engine/player.h::player_move::1::58:699
i_80                            = $41EC ; addr, local, , mk1_c, code_compiler, engine/player.h::player_move::3::60:739
i_83                            = $41FB ; addr, local, , mk1_c, code_compiler, engine/player.h::player_move::3::60:739
i_84                            = $4260 ; addr, local, , mk1_c, code_compiler, engine/player.h::player_move::3::63:814
i_86                            = $422A ; addr, local, , mk1_c, code_compiler, engine/player.h::player_move::3::60:739
i_85                            = $4251 ; addr, local, , mk1_c, code_compiler, engine/player.h::player_move::3::63:814
i_88                            = $4260 ; addr, local, , mk1_c, code_compiler, engine/player.h::player_move::3::63:814
i_89                            = $429C ; addr, local, , mk1_c, code_compiler, engine/player.h::player_move::2::65:963
i_90                            = $42DC ; addr, local, , mk1_c, code_compiler, engine/player.h::player_move::2::65:963
p_int_left_no                   = $42D9 ; addr, local, , mk1_c, code_compiler, engine/player.h::player_move::2::65:963
i_91                            = $4319 ; addr, local, , mk1_c, code_compiler, engine/player.h::player_move::2::65:963
i_92                            = $4319 ; addr, local, , mk1_c, code_compiler, engine/player.h::player_move::2::65:963
p_int_right_no                  = $4319 ; addr, local, , mk1_c, code_compiler, engine/player.h::player_move::2::65:963
i_93                            = $433F ; addr, local, , mk1_c, code_compiler, engine/player.h::player_move::2::65:963
i_94                            = $435E ; addr, local, , mk1_c, code_compiler, engine/player.h::player_move::2::65:963
i_95                            = $435E ; addr, local, , mk1_c, code_compiler, engine/player.h::player_move::2::65:963
i_96                            = $4373 ; addr, local, , mk1_c, code_compiler, engine/player.h::player_move::2::65:963
i_97                            = $4373 ; addr, local, , mk1_c, code_compiler, engine/player.h::player_move::2::65:963
i_99                            = $4398 ; addr, local, , mk1_c, code_compiler, engine/player.h::player_move::2::65:963
i_98                            = $4398 ; addr, local, , mk1_c, code_compiler, engine/player.h::player_move::2::65:963
i_100_i_99                      = $4381 ; addr, local, , mk1_c, code_compiler, engine/player.h::player_move::2::65:963
i_101                           = $438E ; addr, local, , mk1_c, code_compiler, engine/player.h::player_move::2::65:963
i_102                           = $4391 ; addr, local, , mk1_c, code_compiler, engine/player.h::player_move::2::65:963
i_103                           = $43EC ; addr, local, , mk1_c, code_compiler, engine/player.h::player_move::2::65:963
i_104                           = $43A5 ; addr, local, , mk1_c, code_compiler, engine/player.h::player_move::2::65:963
i_105                           = $43A8 ; addr, local, , mk1_c, code_compiler, engine/player.h::player_move::2::65:963
i_106                           = $43BE ; addr, local, , mk1_c, code_compiler, engine/player.h::player_move::2::65:963
i_107                           = $43EC ; addr, local, , mk1_c, code_compiler, engine/player.h::player_move::2::65:963
i_108                           = $43DB ; addr, local, , mk1_c, code_compiler, engine/player.h::player_move::2::65:963
_player_spr_setup               = $4402 ; addr, local, , mk1_c, code_compiler, engine/player.h::player_move::2::65:963
_player_spr_setup_done          = $4431 ; addr, local, , mk1_c, code_compiler, engine/player.h::player_move::2::65:963
i_109                           = $4453 ; addr, local, , mk1_c, code_compiler, engine/player.h::player_deplete::0::75:1336
i_110                           = $4456 ; addr, local, , mk1_c, code_compiler, engine/player.h::player_deplete::0::75:1336
calc_baddies_pointer            = $447E ; addr, local, , mk1_c, code_compiler, engine/enengine.h::player_kill::0::77:6
i_113                           = $44A9 ; addr, local, , mk1_c, code_compiler, engine/enengine.h::enems_load::0::77:79
i_111                           = $44A2 ; addr, local, , mk1_c, code_compiler, engine/enengine.h::enems_load::0::77:79
i_112                           = $4661 ; addr, local, , mk1_c, code_compiler, engine/enengine.h::enems_load::3::84:237
_en_an_frame                    = $D603 ; const, local, , mk1_c, code_compiler, mk1.c::main::0::136:109
_en_an_state                    = $D60C ; const, local, , mk1_c, code_compiler, mk1.c::main::0::136:109
_en_an_count                    = $D606 ; const, local, , mk1_c, code_compiler, mk1.c::main::0::136:109
_en_an_next_frame               = $D63C ; const, local, , mk1_c, code_compiler, mk1.c::main::0::136:109
i_114                           = $456A ; addr, local, , mk1_c, code_compiler, engine/enengine.h::enems_load::5::81:208
i_117                           = $4514 ; addr, local, , mk1_c, code_compiler, engine/enengine.h::enems_load::3::79:128
i_118                           = $452C ; addr, local, , mk1_c, code_compiler, engine/enengine.h::enems_load::3::79:128
i_119                           = $452C ; addr, local, , mk1_c, code_compiler, engine/enengine.h::enems_load::3::79:128
i_120                           = $452C ; addr, local, , mk1_c, code_compiler, engine/enengine.h::enems_load::3::79:128
i_121                           = $452C ; addr, local, , mk1_c, code_compiler, engine/enengine.h::enems_load::3::79:128
i_122                           = $455C ; addr, local, , mk1_c, code_compiler, engine/enengine.h::enems_load::5::81:208
_en_an_base_frame               = $D600 ; const, local, , mk1_c, code_compiler, mk1.c::main::0::136:109
i_116                           = $4575 ; addr, local, , mk1_c, code_compiler, engine/enengine.h::enems_load::5::81:208
i_123                           = $4575 ; addr, local, , mk1_c, code_compiler, engine/enengine.h::enems_load::5::81:208
i_124                           = $464B ; addr, local, , mk1_c, code_compiler, engine/enengine.h::enems_load::5::81:208
redefine_sp_sw                  = $4593 ; addr, local, , mk1_c, code_compiler, engine/enengine.h::enems_load::5::81:208
i_125                           = $465E ; addr, local, , mk1_c, code_compiler, engine/enengine.h::enems_load::5::81:208
enems_kill_noflag               = $466E ; addr, local, , mk1_c, code_compiler, engine/enengine.h::enems_kill::0::84:241
i_128                           = $468F ; addr, local, , mk1_c, code_compiler, engine/enengine.h::enems_move::0::85:271
i_126                           = $468A ; addr, local, , mk1_c, code_compiler, engine/enengine.h::enems_move::0::85:271
i_127                           = $49DE ; addr, local, , mk1_c, code_compiler, engine/enengine.h::enems_move::4::100:799
_en_dying                       = $46E0 ; addr, local, , mk1_c, code_compiler, engine/enengine.h::enems_move::0::85:271
_en_dying_done                  = $470B ; addr, local, , mk1_c, code_compiler, engine/enengine.h::enems_move::0::85:271
_en_dying_dead                  = $46F6 ; addr, local, , mk1_c, code_compiler, engine/enengine.h::enems_move::0::85:271
_pregotten_calc                 = $470B ; addr, local, , mk1_c, code_compiler, engine/enengine.h::enems_move::0::85:271
_pregotten_reset                = $4727 ; addr, local, , mk1_c, code_compiler, engine/enengine.h::enems_move::0::85:271
_pregotten_set                  = $4723 ; addr, local, , mk1_c, code_compiler, engine/enengine.h::enems_move::0::85:271
_pregotten_write                = $4728 ; addr, local, , mk1_c, code_compiler, engine/enengine.h::enems_move::0::85:271
i_131                           = $4730 ; addr, local, , mk1_c, code_compiler, engine/enengine.h::enems_move::0::85:271
i_132                           = $4748 ; addr, local, , mk1_c, code_compiler, engine/enengine.h::enems_move::0::85:271
i_133                           = $4748 ; addr, local, , mk1_c, code_compiler, engine/enengine.h::enems_move::0::85:271
i_134                           = $4748 ; addr, local, , mk1_c, code_compiler, engine/enengine.h::enems_move::0::85:271
i_135                           = $4748 ; addr, local, , mk1_c, code_compiler, engine/enengine.h::enems_move::0::85:271
i_130                           = $479E ; addr, local, , mk1_c, code_compiler, engine/enengine.h::enems_move::4::88:460
_enems_lm_change_axis_x         = $476C ; addr, local, , mk1_c, code_compiler, ./engine/enem_mods/enem_type_lineal.h::enems_move::4::88:0
_enems_lm_change_axis_x_done    = $4774 ; addr, local, , mk1_c, code_compiler, ./engine/enem_mods/enem_type_lineal.h::enems_move::4::88:0
_enems_lm_change_axis_y         = $4793 ; addr, local, , mk1_c, code_compiler, ./engine/enem_mods/enem_type_lineal.h::enems_move::4::88:0
_enems_lm_change_axis_y_done    = $479B ; addr, local, , mk1_c, code_compiler, ./engine/enem_mods/enem_type_lineal.h::enems_move::4::88:0
i_136                           = $4954 ; addr, local, , mk1_c, code_compiler, engine/enengine.h::enems_move::4::100:799
_enems_move_update_frame_done   = $47E4 ; addr, local, , mk1_c, code_compiler, engine/enengine.h::enems_move::4::88:460
i_137                           = $4902 ; addr, local, , mk1_c, code_compiler, engine/enengine.h::enems_move::4::88:460
i_138                           = $4954 ; addr, local, , mk1_c, code_compiler, engine/enengine.h::enems_move::4::88:460
i_139                           = $4853 ; addr, local, , mk1_c, code_compiler, engine/enengine.h::enems_move::4::88:460
i_141                           = $4853 ; addr, local, , mk1_c, code_compiler, engine/enengine.h::enems_move::4::88:460
i_140                           = $4853 ; addr, local, , mk1_c, code_compiler, engine/enengine.h::enems_move::4::88:460
i_142_i_141                     = $4825 ; addr, local, , mk1_c, code_compiler, engine/enengine.h::enems_move::4::88:460
i_144                           = $4886 ; addr, local, , mk1_c, code_compiler, engine/enengine.h::enems_move::4::88:460
i_146                           = $48D1 ; addr, local, , mk1_c, code_compiler, engine/enengine.h::enems_move::4::88:460
i_144_i_145                     = $488D ; addr, local, , mk1_c, code_compiler, engine/enengine.h::enems_move::4::88:460
i_145                           = $4888 ; addr, local, , mk1_c, code_compiler, engine/enengine.h::enems_move::4::88:460
i_147                           = $4954 ; addr, local, , mk1_c, code_compiler, engine/enengine.h::enems_move::4::88:460
i_143                           = $4954 ; addr, local, , mk1_c, code_compiler, engine/enengine.h::enems_move::4::88:460
i_149_i_147                     = $48D1 ; addr, local, , mk1_c, code_compiler, engine/enengine.h::enems_move::4::88:460
i_150                           = $4954 ; addr, local, , mk1_c, code_compiler, engine/enengine.h::enems_move::7::100:614
i_152                           = $4954 ; addr, local, , mk1_c, code_compiler, engine/enengine.h::enems_move::5::97:557
i_151                           = $4954 ; addr, local, , mk1_c, code_compiler, engine/enengine.h::enems_move::7::100:614
i_153_i_152                     = $4924 ; addr, local, , mk1_c, code_compiler, engine/enengine.h::enems_move::5::97:557
i_154                           = $4954 ; addr, local, , mk1_c, code_compiler, engine/enengine.h::enems_move::7::100:614
_enem_spr_setup                 = $4954 ; addr, local, , mk1_c, code_compiler, engine/enengine.h::enems_move::4::100:799
_en_an_sprid                    = $D609 ; const, local, , mk1_c, code_compiler, mk1.c::main::0::136:109
_set_current_frame              = $4996 ; addr, local, , mk1_c, code_compiler, engine/enengine.h::enems_move::4::100:799
_enem_spr_setup_done            = $49AB ; addr, local, , mk1_c, code_compiler, engine/enengine.h::enems_move::4::100:799
init_hotspots_loop              = $49E9 ; addr, local, , mk1_c, code_compiler, engine/hotspots.h::hotspots_init::0::100:7
i_155                           = $4A05 ; addr, local, , mk1_c, code_compiler, engine/hotspots.h::hotspots_do::0::101:30
i_156                           = $4ACC ; addr, local, , mk1_c, code_compiler, engine/hotspots.h::hotspots_do::3::104:117
i_159                           = $4A34 ; addr, local, , mk1_c, code_compiler, engine/hotspots.h::hotspots_do::0::101:30
i_160                           = $4A47 ; addr, local, , mk1_c, code_compiler, engine/hotspots.h::hotspots_do::0::101:30
i_161                           = $4A57 ; addr, local, , mk1_c, code_compiler, engine/hotspots.h::hotspots_do::0::101:30
i_162                           = $4A65 ; addr, local, , mk1_c, code_compiler, engine/hotspots.h::hotspots_do::0::101:30
i_158                           = $4A7B ; addr, local, , mk1_c, code_compiler, engine/hotspots.h::hotspots_do::3::104:117
i_163                           = $4ACC ; addr, local, , mk1_c, code_compiler, engine/hotspots.h::hotspots_do::3::104:117
EFECTO0                         = $4ACD ; addr, local, , mk1_c, code_compiler, my/wyz/efectos.h::hotspots_do::0::105:4
EFECTO1                         = $4B70 ; addr, local, , mk1_c, code_compiler, my/wyz/efectos.h::hotspots_do::0::105:4
EFECTO2                         = $4B80 ; addr, local, , mk1_c, code_compiler, my/wyz/efectos.h::hotspots_do::0::105:4
EFECTO3                         = $4B9F ; addr, local, , mk1_c, code_compiler, my/wyz/efectos.h::hotspots_do::0::105:4
EFECTO4                         = $4BAF ; addr, local, , mk1_c, code_compiler, my/wyz/efectos.h::hotspots_do::0::105:4
EFECTO5                         = $4BEC ; addr, local, , mk1_c, code_compiler, my/wyz/efectos.h::hotspots_do::0::105:4
EFECTO6                         = $4C0B ; addr, local, , mk1_c, code_compiler, my/wyz/efectos.h::hotspots_do::0::105:4
EFECTO7                         = $4C2A ; addr, local, , mk1_c, code_compiler, my/wyz/efectos.h::hotspots_do::0::105:4
EFECTO8                         = $4C3A ; addr, local, , mk1_c, code_compiler, my/wyz/efectos.h::hotspots_do::0::105:4
EFECTO9                         = $4C59 ; addr, local, , mk1_c, code_compiler, my/wyz/efectos.h::hotspots_do::0::105:4
EFECTO10                        = $4C69 ; addr, local, , mk1_c, code_compiler, my/wyz/efectos.h::hotspots_do::0::105:4
EFECTO11                        = $4C88 ; addr, local, , mk1_c, code_compiler, my/wyz/efectos.h::hotspots_do::0::105:4
EFECTO12                        = $4CF8 ; addr, local, , mk1_c, code_compiler, my/wyz/efectos.h::hotspots_do::0::105:4
EFECTO13                        = $4D14 ; addr, local, , mk1_c, code_compiler, my/wyz/efectos.h::hotspots_do::0::105:4
EFECTO14                        = $4D24 ; addr, local, , mk1_c, code_compiler, my/wyz/efectos.h::hotspots_do::0::105:4
TABLA_PAUTAS                    = $4D34 ; addr, local, , mk1_c, code_compiler, my/wyz/instrumentos.h::hotspots_do::0::105:7
PAUTA_0                         = $4D48 ; addr, local, , mk1_c, code_compiler, my/wyz/instrumentos.h::hotspots_do::0::105:7
PAUTA_1                         = $4D53 ; addr, local, , mk1_c, code_compiler, my/wyz/instrumentos.h::hotspots_do::0::105:7
PAUTA_2                         = $4D66 ; addr, local, , mk1_c, code_compiler, my/wyz/instrumentos.h::hotspots_do::0::105:7
PAUTA_3                         = $4D7B ; addr, local, , mk1_c, code_compiler, my/wyz/instrumentos.h::hotspots_do::0::105:7
PAUTA_4                         = $4DA2 ; addr, local, , mk1_c, code_compiler, my/wyz/instrumentos.h::hotspots_do::0::105:7
PAUTA_5                         = $4DAD ; addr, local, , mk1_c, code_compiler, my/wyz/instrumentos.h::hotspots_do::0::105:7
TABLA_SONIDOS                   = $4D40 ; addr, local, , mk1_c, code_compiler, my/wyz/instrumentos.h::hotspots_do::0::105:7
SONIDO0                         = $4DBA ; addr, local, , mk1_c, code_compiler, my/wyz/instrumentos.h::hotspots_do::0::105:7
SONIDO1                         = $4DC1 ; addr, local, , mk1_c, code_compiler, my/wyz/instrumentos.h::hotspots_do::0::105:7
SONIDO2                         = $4DC8 ; addr, local, , mk1_c, code_compiler, my/wyz/instrumentos.h::hotspots_do::0::105:7
SONIDO3                         = $4DCF ; addr, local, , mk1_c, code_compiler, my/wyz/instrumentos.h::hotspots_do::0::105:7
_00_title_mus_bin               = $4DD9 ; addr, local, , mk1_c, code_compiler, my/wyz/songs.h::hotspots_do::0::105:6
_01_ingame_mus_bin              = $4E5E ; addr, local, , mk1_c, code_compiler, my/wyz/songs.h::hotspots_do::0::105:6
WYZPLAYER_INIT                  = $5055 ; addr, local, , mk1_c, code_compiler, wyz_player.h::wyz_stop_sound::0::109:50
CARGA_CANCION                   = $51B9 ; addr, local, , mk1_c, code_compiler, wyz_player.h::wyz_stop_sound::0::109:50
INICIA_EFECTO                   = $5095 ; addr, local, , mk1_c, code_compiler, wyz_player.h::wyz_stop_sound::0::109:50
PLAYER_OFF                      = $5196 ; addr, local, , mk1_c, code_compiler, wyz_player.h::wyz_stop_sound::0::109:50
CANAL_A                         = $55CF ; addr, local, , mk1_c, code_compiler, wyz_player.h::wyz_stop_sound::0::109:50
CANAL_B                         = $55D1 ; addr, local, , mk1_c, code_compiler, wyz_player.h::wyz_stop_sound::0::109:50
CANAL_C                         = $55D3 ; addr, local, , mk1_c, code_compiler, wyz_player.h::wyz_stop_sound::0::109:50
CANAL_P                         = $55FD ; addr, local, , mk1_c, code_compiler, wyz_player.h::wyz_stop_sound::0::109:50
INICIO                          = $506E ; addr, local, , mk1_c, code_compiler, wyz_player.h::wyz_stop_sound::0::109:50
WYZ_PLAYER_ISR                  = $506E ; addr, local, , mk1_c, code_compiler, wyz_player.h::wyz_stop_sound::0::109:50
ROUT                            = $515A ; addr, local, , mk1_c, code_compiler, wyz_player.h::wyz_stop_sound::0::109:50
PSG_REG                         = $5614 ; addr, local, , mk1_c, code_compiler, wyz_player.h::wyz_stop_sound::0::109:50
PSG_REG_SEC                     = $5624 ; addr, local, , mk1_c, code_compiler, wyz_player.h::wyz_stop_sound::0::109:50
REPRODUCE_SONIDO                = $50B0 ; addr, local, , mk1_c, code_compiler, wyz_player.h::wyz_stop_sound::0::109:50
PLAY                            = $52F2 ; addr, local, , mk1_c, code_compiler, wyz_player.h::wyz_stop_sound::0::109:50
REPRODUCE_EFECTO                = $50CF ; addr, local, , mk1_c, code_compiler, wyz_player.h::wyz_stop_sound::0::109:50
INICIA_SONIDO                   = $5085 ; addr, local, , mk1_c, code_compiler, wyz_player.h::wyz_stop_sound::0::109:50
EXT_WORD                        = $55A1 ; addr, local, , mk1_c, code_compiler, wyz_player.h::wyz_stop_sound::0::109:50
PUNTERO_SONIDO                  = $560E ; addr, local, , mk1_c, code_compiler, wyz_player.h::wyz_stop_sound::0::109:50
INTERR                          = $55C5 ; addr, local, , mk1_c, code_compiler, wyz_player.h::wyz_stop_sound::0::109:50
TABLA_EFECTOS                   = $56B4 ; addr, local, , mk1_c, code_compiler, wyz_player.h::wyz_stop_sound::0::109:50
PUNTERO_EFECTO                  = $55ED ; addr, local, , mk1_c, code_compiler, wyz_player.h::wyz_stop_sound::0::109:50
TABLA_DATOS_CANAL_SFX           = $55AA ; addr, local, , mk1_c, code_compiler, wyz_player.h::wyz_stop_sound::0::109:50
EFECTO_REGS                     = $5610 ; addr, local, , mk1_c, code_compiler, wyz_player.h::wyz_stop_sound::0::109:50
SONIDO_REGS                     = $5612 ; addr, local, , mk1_c, code_compiler, wyz_player.h::wyz_stop_sound::0::109:50
REPRODUCE_SONIDO_O_EFECTO       = $50EE ; addr, local, , mk1_c, code_compiler, wyz_player.h::wyz_stop_sound::0::109:50
REPRODUCE_SONIDO_LIMPIA_BIT     = $50C9 ; addr, local, , mk1_c, code_compiler, wyz_player.h::wyz_stop_sound::0::109:50
REPRODUCE_EFECTO_LIMPIA_BIT     = $50E8 ; addr, local, , mk1_c, code_compiler, wyz_player.h::wyz_stop_sound::0::109:50
FIN_SONIDO                      = $514A ; addr, local, , mk1_c, code_compiler, wyz_player.h::wyz_stop_sound::0::109:50
NO_ENVOLVENTES_SONIDO           = $5130 ; addr, local, , mk1_c, code_compiler, wyz_player.h::wyz_stop_sound::0::109:50
NO_RUIDO                        = $513D ; addr, local, , mk1_c, code_compiler, wyz_player.h::wyz_stop_sound::0::109:50
SI_RUIDO                        = $5143 ; addr, local, , mk1_c, code_compiler, wyz_player.h::wyz_stop_sound::0::109:50
ENVOLVENTE_BACK                 = $5635 ; addr, local, , mk1_c, code_compiler, wyz_player.h::wyz_stop_sound::0::109:50
FIN_NOPLAYER                    = $5153 ; addr, local, , mk1_c, code_compiler, wyz_player.h::wyz_stop_sound::0::109:50
NO_BACKUP_ENVOLVENTE            = $5164 ; addr, local, , mk1_c, code_compiler, wyz_player.h::wyz_stop_sound::0::109:50
LOUT                            = $5167 ; addr, local, , mk1_c, code_compiler, wyz_player.h::wyz_stop_sound::0::109:50
WRITEPSGHL                      = $517F ; addr, local, , mk1_c, code_compiler, wyz_player.h::wyz_stop_sound::0::109:50
CLEAR_PSG_BUFFER                = $519A ; addr, local, , mk1_c, code_compiler, wyz_player.h::wyz_stop_sound::0::109:50
SONG                            = $55C6 ; addr, local, , mk1_c, code_compiler, wyz_player.h::wyz_stop_sound::0::109:50
DECODE_SONG                     = $51C2 ; addr, local, , mk1_c, code_compiler, wyz_player.h::wyz_stop_sound::0::109:50
TABLA_SONG                      = $56B2 ; addr, local, , mk1_c, code_compiler, wyz_player.h::wyz_stop_sound::0::109:50
TEMPO                           = $55C7 ; addr, local, , mk1_c, code_compiler, wyz_player.h::wyz_stop_sound::0::109:50
TTEMPO                          = $55C8 ; addr, local, , mk1_c, code_compiler, wyz_player.h::wyz_stop_sound::0::109:50
NPTJP0                          = $51DE ; addr, local, , mk1_c, code_compiler, wyz_player.h::wyz_stop_sound::0::109:50
PUNTERO_P_DECA                  = $55E1 ; addr, local, , mk1_c, code_compiler, wyz_player.h::wyz_stop_sound::0::109:50
PUNTERO_L_DECA                  = $55F5 ; addr, local, , mk1_c, code_compiler, wyz_player.h::wyz_stop_sound::0::109:50
BGICMODBC1                      = $526F ; addr, local, , mk1_c, code_compiler, wyz_player.h::wyz_stop_sound::0::109:50
PUNTERO_P_DECB                  = $55E3 ; addr, local, , mk1_c, code_compiler, wyz_player.h::wyz_stop_sound::0::109:50
PUNTERO_L_DECB                  = $55F7 ; addr, local, , mk1_c, code_compiler, wyz_player.h::wyz_stop_sound::0::109:50
PUNTERO_P_DECC                  = $55E5 ; addr, local, , mk1_c, code_compiler, wyz_player.h::wyz_stop_sound::0::109:50
PUNTERO_L_DECC                  = $55F9 ; addr, local, , mk1_c, code_compiler, wyz_player.h::wyz_stop_sound::0::109:50
PUNTERO_P_DECP                  = $55FF ; addr, local, , mk1_c, code_compiler, wyz_player.h::wyz_stop_sound::0::109:50
PUNTERO_L_DECP                  = $5603 ; addr, local, , mk1_c, code_compiler, wyz_player.h::wyz_stop_sound::0::109:50
INIT_DECODER                    = $522A ; addr, local, , mk1_c, code_compiler, wyz_player.h::wyz_stop_sound::0::109:50
PUNTERO_A                       = $55C9 ; addr, local, , mk1_c, code_compiler, wyz_player.h::wyz_stop_sound::0::109:50
DECODE_CANAL                    = $5289 ; addr, local, , mk1_c, code_compiler, wyz_player.h::wyz_stop_sound::0::109:50
PUNTERO_DECA                    = $55E7 ; addr, local, , mk1_c, code_compiler, wyz_player.h::wyz_stop_sound::0::109:50
PUNTERO_B                       = $55CB ; addr, local, , mk1_c, code_compiler, wyz_player.h::wyz_stop_sound::0::109:50
PUNTERO_DECB                    = $55E9 ; addr, local, , mk1_c, code_compiler, wyz_player.h::wyz_stop_sound::0::109:50
PUNTERO_C                       = $55CD ; addr, local, , mk1_c, code_compiler, wyz_player.h::wyz_stop_sound::0::109:50
PUNTERO_DECC                    = $55EB ; addr, local, , mk1_c, code_compiler, wyz_player.h::wyz_stop_sound::0::109:50
PUNTERO_P                       = $55FB ; addr, local, , mk1_c, code_compiler, wyz_player.h::wyz_stop_sound::0::109:50
PUNTERO_DECP                    = $5601 ; addr, local, , mk1_c, code_compiler, wyz_player.h::wyz_stop_sound::0::109:50
BGICMODBC2                      = $5271 ; addr, local, , mk1_c, code_compiler, wyz_player.h::wyz_stop_sound::0::109:50
FIN_DEC_CANAL                   = $52DA ; addr, local, , mk1_c, code_compiler, wyz_player.h::wyz_stop_sound::0::109:50
GETLEN                          = $52DF ; addr, local, , mk1_c, code_compiler, wyz_player.h::wyz_stop_sound::0::109:50
NO_SILENCIO                     = $5298 ; addr, local, , mk1_c, code_compiler, wyz_player.h::wyz_stop_sound::0::109:50
NO_MODIFICA                     = $52CF ; addr, local, , mk1_c, code_compiler, wyz_player.h::wyz_stop_sound::0::109:50
NO_PUNTILLO                     = $52A2 ; addr, local, , mk1_c, code_compiler, wyz_player.h::wyz_stop_sound::0::109:50
NO_INSTRUMENTO                  = $52B5 ; addr, local, , mk1_c, code_compiler, wyz_player.h::wyz_stop_sound::0::109:50
NO_ENVOLVENTE                   = $52C2 ; addr, local, , mk1_c, code_compiler, wyz_player.h::wyz_stop_sound::0::109:50
DCBC0                           = $52EC ; addr, local, , mk1_c, code_compiler, wyz_player.h::wyz_stop_sound::0::109:50
PAUTAS                          = $5335 ; addr, local, , mk1_c, code_compiler, wyz_player.h::wyz_stop_sound::0::109:50
LOCALIZA_NOTA                   = $535F ; addr, local, , mk1_c, code_compiler, wyz_player.h::wyz_stop_sound::0::109:50
LOCALIZA_EFECTO                 = $545A ; addr, local, , mk1_c, code_compiler, wyz_player.h::wyz_stop_sound::0::109:50
PUNTERO_P_A                     = $55D5 ; addr, local, , mk1_c, code_compiler, wyz_player.h::wyz_stop_sound::0::109:50
PAUTA                           = $54A1 ; addr, local, , mk1_c, code_compiler, wyz_player.h::wyz_stop_sound::0::109:50
PUNTERO_P_B                     = $55D7 ; addr, local, , mk1_c, code_compiler, wyz_player.h::wyz_stop_sound::0::109:50
PUNTERO_P_C                     = $55D9 ; addr, local, , mk1_c, code_compiler, wyz_player.h::wyz_stop_sound::0::109:50
LNJP0                           = $53D6 ; addr, local, , mk1_c, code_compiler, wyz_player.h::wyz_stop_sound::0::109:50
COMANDOS                        = $536C ; addr, local, , mk1_c, code_compiler, wyz_player.h::wyz_stop_sound::0::109:50
COM_EFECTO                      = $53B1 ; addr, local, , mk1_c, code_compiler, wyz_player.h::wyz_stop_sound::0::109:50
NO_DEC_TEMPO                    = $537E ; addr, local, , mk1_c, code_compiler, wyz_player.h::wyz_stop_sound::0::109:50
NO_INC_TEMPO                    = $5383 ; addr, local, , mk1_c, code_compiler, wyz_player.h::wyz_stop_sound::0::109:50
VOL_INST_A                      = $55F0 ; addr, local, , mk1_c, code_compiler, wyz_player.h::wyz_stop_sound::0::109:50
PUNTERO_P_A0                    = $55DB ; addr, local, , mk1_c, code_compiler, wyz_player.h::wyz_stop_sound::0::109:50
COM_ENVOLVENTE                  = $53C1 ; addr, local, , mk1_c, code_compiler, wyz_player.h::wyz_stop_sound::0::109:50
ENVOLVENTE                      = $5634 ; addr, local, , mk1_c, code_compiler, wyz_player.h::wyz_stop_sound::0::109:50
NO_FIN_CANAL_A                  = $5419 ; addr, local, , mk1_c, code_compiler, wyz_player.h::wyz_stop_sound::0::109:50
FIN_CANAL_A                     = $5400 ; addr, local, , mk1_c, code_compiler, wyz_player.h::wyz_stop_sound::0::109:50
FIN_NOTA_A                      = $53E0 ; addr, local, , mk1_c, code_compiler, wyz_player.h::wyz_stop_sound::0::109:50
FCA_CONT                        = $540B ; addr, local, , mk1_c, code_compiler, wyz_player.h::wyz_stop_sound::0::109:50
FIN_RUTINA                      = $5459 ; addr, local, , mk1_c, code_compiler, wyz_player.h::wyz_stop_sound::0::109:50
NO_SILENCIO_A                   = $5447 ; addr, local, , mk1_c, code_compiler, wyz_player.h::wyz_stop_sound::0::109:50
SILENCIO_ENVOLVENTE             = $5434 ; addr, local, , mk1_c, code_compiler, wyz_player.h::wyz_stop_sound::0::109:50
REG_NOTA_A                      = $55EF ; addr, local, , mk1_c, code_compiler, wyz_player.h::wyz_stop_sound::0::109:50
NOTA                            = $5541 ; addr, local, , mk1_c, code_compiler, wyz_player.h::wyz_stop_sound::0::109:50
LEJP0                           = $5471 ; addr, local, , mk1_c, code_compiler, wyz_player.h::wyz_stop_sound::0::109:50
NO_FIN_CANAL_P                  = $549A ; addr, local, , mk1_c, code_compiler, wyz_player.h::wyz_stop_sound::0::109:50
FIN_CANAL_P                     = $5492 ; addr, local, , mk1_c, code_compiler, wyz_player.h::wyz_stop_sound::0::109:50
FIN_NOTA_P                      = $547A ; addr, local, , mk1_c, code_compiler, wyz_player.h::wyz_stop_sound::0::109:50
PCAJP4                          = $54AD ; addr, local, , mk1_c, code_compiler, wyz_player.h::wyz_stop_sound::0::109:50
PCAJP0                          = $54C1 ; addr, local, , mk1_c, code_compiler, wyz_player.h::wyz_stop_sound::0::109:50
PCAJP1                          = $54D8 ; addr, local, , mk1_c, code_compiler, wyz_player.h::wyz_stop_sound::0::109:50
PCAJP2                          = $54ED ; addr, local, , mk1_c, code_compiler, wyz_player.h::wyz_stop_sound::0::109:50
PCAJP6                          = $551F ; addr, local, , mk1_c, code_compiler, wyz_player.h::wyz_stop_sound::0::109:50
ORNMJP1                         = $552B ; addr, local, , mk1_c, code_compiler, wyz_player.h::wyz_stop_sound::0::109:50
ORNNEG                          = $550D ; addr, local, , mk1_c, code_compiler, wyz_player.h::wyz_stop_sound::0::109:50
PCAJP3                          = $550F ; addr, local, , mk1_c, code_compiler, wyz_player.h::wyz_stop_sound::0::109:50
TABLA_NOTAS                     = $5549 ; addr, local, , mk1_c, code_compiler, wyz_player.h::wyz_stop_sound::0::109:50
PCAJP5                          = $5533 ; addr, local, , mk1_c, code_compiler, wyz_player.h::wyz_stop_sound::0::109:50
PCAJP7                          = $553D ; addr, local, , mk1_c, code_compiler, wyz_player.h::wyz_stop_sound::0::109:50
EVOLVENTES                      = $5556 ; addr, local, , mk1_c, code_compiler, wyz_player.h::wyz_stop_sound::0::109:50
DATOS_NOTAS                     = $5636 ; addr, local, , mk1_c, code_compiler, wyz_player.h::wyz_stop_sound::0::109:50
FRECUENCIA_OFF                  = $5570 ; addr, local, , mk1_c, code_compiler, wyz_player.h::wyz_stop_sound::0::109:50
CONT_ENV                        = $5579 ; addr, local, , mk1_c, code_compiler, wyz_player.h::wyz_stop_sound::0::109:50
CRTBC0                          = $5583 ; addr, local, , mk1_c, code_compiler, wyz_player.h::wyz_stop_sound::0::109:50
SELECT_CANAL_A                  = $55B0 ; addr, local, , mk1_c, code_compiler, wyz_player.h::wyz_stop_sound::0::109:50
SELECT_CANAL_B                  = $55B7 ; addr, local, , mk1_c, code_compiler, wyz_player.h::wyz_stop_sound::0::109:50
SELECT_CANAL_C                  = $55BE ; addr, local, , mk1_c, code_compiler, wyz_player.h::wyz_stop_sound::0::109:50
PUNTERO_P_B0                    = $55DD ; addr, local, , mk1_c, code_compiler, wyz_player.h::wyz_stop_sound::0::109:50
PUNTERO_P_C0                    = $55DF ; addr, local, , mk1_c, code_compiler, wyz_player.h::wyz_stop_sound::0::109:50
REG_NOTA_B                      = $55F1 ; addr, local, , mk1_c, code_compiler, wyz_player.h::wyz_stop_sound::0::109:50
VOL_INST_B                      = $55F2 ; addr, local, , mk1_c, code_compiler, wyz_player.h::wyz_stop_sound::0::109:50
REG_NOTA_C                      = $55F3 ; addr, local, , mk1_c, code_compiler, wyz_player.h::wyz_stop_sound::0::109:50
VOL_INST_C                      = $55F4 ; addr, local, , mk1_c, code_compiler, wyz_player.h::wyz_stop_sound::0::109:50
SFX_L                           = $5605 ; addr, local, , mk1_c, code_compiler, wyz_player.h::wyz_stop_sound::0::109:50
SFX_H                           = $5607 ; addr, local, , mk1_c, code_compiler, wyz_player.h::wyz_stop_sound::0::109:50
SFX_V                           = $5609 ; addr, local, , mk1_c, code_compiler, wyz_player.h::wyz_stop_sound::0::109:50
SFX_MIX                         = $560B ; addr, local, , mk1_c, code_compiler, wyz_player.h::wyz_stop_sound::0::109:50
N_SONIDO                        = $560D ; addr, local, , mk1_c, code_compiler, wyz_player.h::wyz_stop_sound::0::109:50
i_164                           = $56EE ; addr, local, , mk1_c, code_compiler, my/title_screen.h::title_screen::0::109:6
i_166                           = $5706 ; addr, local, , mk1_c, code_compiler, my/title_screen.h::title_screen::0::109:6
i_165                           = $571F ; addr, local, , mk1_c, code_compiler, my/title_screen.h::title_screen::0::109:6
i_167                           = $56EE ; addr, local, , mk1_c, code_compiler, my/title_screen.h::title_screen::0::109:6
_copy_keys_to_extern            = $5722 ; addr, local, , mk1_c, code_compiler, my/title_screen.h::title_screen::0::109:6
_isr                            = $574D ; addr, local, , mk1_c, code_compiler, mainloop.h::main::0::114:7
isr_done                        = $577D ; addr, local, , mk1_c, code_compiler, mainloop.h::main::0::114:7
isr_c1                          = $577B ; addr, local, , mk1_c, code_compiler, mainloop.h::main::0::114:7
_skip_player                    = $5775 ; addr, local, , mk1_c, code_compiler, mainloop.h::main::0::114:7
isr_c2                          = $577C ; addr, local, , mk1_c, code_compiler, mainloop.h::main::0::114:7
i_170                           = $5812 ; addr, local, , mk1_c, code_compiler, mainloop.h::main::0::114:7
i_168                           = $580D ; addr, local, , mk1_c, code_compiler, mainloop.h::main::0::114:7
i_169                           = $5851 ; addr, local, , mk1_c, code_compiler, mainloop.h::main::0::114:7
i_173                           = $585F ; addr, local, , mk1_c, code_compiler, mainloop.h::main::0::114:7
i_171                           = $5858 ; addr, local, , mk1_c, code_compiler, mainloop.h::main::0::114:7
i_172                           = $589F ; addr, local, , mk1_c, code_compiler, mainloop.h::main::0::114:7
_spr_on                         = $E648 ; const, local, , mk1_c, code_compiler, mk1.c::main::0::136:109
i_174                           = $58A0 ; addr, local, , mk1_c, code_compiler, mainloop.h::main::1::117:176
_game_loop_init                 = $58BD ; addr, local, , mk1_c, code_compiler, mainloop/game_loop.h::main::3::119:0
i_176                           = $5908 ; addr, local, , mk1_c, code_compiler, mainloop/game_loop.h::main::3::119:51
i_177                           = $5AE7 ; addr, local, , mk1_c, code_compiler, mainloop/game_loop.h::main::4::134:327
_game_loop_do                   = $5910 ; addr, local, , mk1_c, code_compiler, mainloop/game_loop.h::main::3::119:51
i_178                           = $5931 ; addr, local, , mk1_c, code_compiler, ./mainloop/hud.h::main::4::121:0
i_179                           = $594A ; addr, local, , mk1_c, code_compiler, ./mainloop/hud.h::main::4::121:0
i_180                           = $5975 ; addr, local, , mk1_c, code_compiler, ./mainloop/hud.h::main::4::121:0
i_181                           = $59A3 ; addr, local, , mk1_c, code_compiler, mainloop/game_loop.h::main::4::124:163
i_182                           = $59D7 ; addr, local, , mk1_c, code_compiler, mainloop/game_loop.h::main::6::126:191
i_183                           = $59D0 ; addr, local, , mk1_c, code_compiler, mainloop/game_loop.h::main::6::126:191
i_184                           = $59D7 ; addr, local, , mk1_c, code_compiler, mainloop/game_loop.h::main::6::126:191
i_185                           = $59EF ; addr, local, , mk1_c, code_compiler, mainloop/game_loop.h::main::6::126:191
i_186                           = $5A0A ; addr, local, , mk1_c, code_compiler, mainloop/game_loop.h::main::6::126:191
i_187                           = $5A0A ; addr, local, , mk1_c, code_compiler, mainloop/game_loop.h::main::6::126:191
i_189                           = $5A2E ; addr, local, , mk1_c, code_compiler, ./mainloop/flick_screen.h::main::4::128:0
i_188                           = $5A2E ; addr, local, , mk1_c, code_compiler, ./mainloop/flick_screen.h::main::4::128:0
i_190_i_189                     = $5A1C ; addr, local, , mk1_c, code_compiler, ./mainloop/flick_screen.h::main::4::128:0
i_192                           = $5A56 ; addr, local, , mk1_c, code_compiler, ./mainloop/flick_screen.h::main::4::128:0
i_191                           = $5A56 ; addr, local, , mk1_c, code_compiler, ./mainloop/flick_screen.h::main::4::128:0
i_193_i_192                     = $5A43 ; addr, local, , mk1_c, code_compiler, ./mainloop/flick_screen.h::main::4::128:0
i_195                           = $5A83 ; addr, local, , mk1_c, code_compiler, ./mainloop/flick_screen.h::main::4::128:0
i_194                           = $5A83 ; addr, local, , mk1_c, code_compiler, ./mainloop/flick_screen.h::main::4::128:0
i_196_i_195                     = $5A71 ; addr, local, , mk1_c, code_compiler, ./mainloop/flick_screen.h::main::4::128:0
i_198                           = $5AC8 ; addr, local, , mk1_c, code_compiler, ./mainloop/flick_screen.h::main::4::128:0
i_197                           = $5AC8 ; addr, local, , mk1_c, code_compiler, mainloop/game_loop.h::main::4::133:290
i_199_i_198                     = $5A9C ; addr, local, , mk1_c, code_compiler, ./mainloop/flick_screen.h::main::4::128:0
i_200                           = $5AC8 ; addr, local, , mk1_c, code_compiler, ./mainloop/flick_screen.h::main::4::128:0
i_201                           = $5AC8 ; addr, local, , mk1_c, code_compiler, ./mainloop/flick_screen.h::main::4::128:0
i_203                           = $5AD8 ; addr, local, , mk1_c, code_compiler, mainloop/game_loop.h::main::4::133:290
i_202                           = $5908 ; addr, local, , mk1_c, code_compiler, mainloop/game_loop.h::main::4::134:327
i_205                           = $5AF8 ; addr, local, , mk1_c, code_compiler, mainloop.h::main::3::134:237
i_206                           = $5AFB ; addr, local, , mk1_c, code_compiler, mainloop.h::main::4::136:275
i_175                           = $5B09 ; addr, local, , mk1_c, code_compiler, mainloop.h::main::2::136:282
soloCopia                       = $0593 ; addr, local, , cpc_ShowTileMap, , cpc_ShowTileMap.asm:37
contador_tiles                  = $05E5 ; addr, local, , cpc_ShowTileMap, , cpc_ShowTileMap.asm:109
contador_tiles2                 = $05E6 ; addr, local, , cpc_ShowTileMap, , cpc_ShowTileMap.asm:111
transferir_pantalla_a_superbuffer = $05A0 ; addr, local, , cpc_ShowTileMap, , cpc_ShowTileMap.asm:50
cpc_PutSp                       = $05FC ; addr, local, , cpc_ShowTileMap, , cpc_ShowTileMap.asm:142
bucle_dibujado_fondo            = $05A7 ; addr, local, , cpc_ShowTileMap, , cpc_ShowTileMap.asm:57
transferir_map_sbuffer          = $05E8 ; addr, local, , cpc_ShowTileMap, , cpc_ShowTileMap.asm:114
incremento2                     = $05D8 ; addr, local, , cpc_ShowTileMap, , cpc_ShowTileMap.asm:100
loop_alto_map_sbuffer           = $05EE ; addr, local, , cpc_ShowTileMap, , cpc_ShowTileMap.asm:120
loop_ancho_map_sbuffer          = $05EE ; addr, local, , cpc_ShowTileMap, , cpc_ShowTileMap.asm:121
loop_alto_2                     = $05FE ; addr, local, , cpc_ShowTileMap, , cpc_ShowTileMap.asm:147
sig_linea_2                     = $0615 ; addr, local, , cpc_ShowTileMap, , cpc_ShowTileMap.asm:184
PASARPORDETRAS                  = $0001 ; const, local, , cpc_UpdScr, , CPCconfig.def:8
_tiles_tocados_ptr              = $064A ; addr, local, , cpc_UpdScr, , cpc_UpdScr.asm:56
main_loop                       = $0635 ; addr, local, , cpc_UpdScr, , cpc_UpdScr.asm:38
process_touched_byte            = $064C ; addr, local, , cpc_UpdScr, , cpc_UpdScr.asm:59
bit0_skip                       = $065D ; addr, local, , cpc_UpdScr, , cpc_UpdScr.asm:71
ucopyTile                       = $06A7 ; addr, local, , cpc_UpdScr, , cpc_UpdScr.asm:134
bit1_skip                       = $0667 ; addr, local, , cpc_UpdScr, , cpc_UpdScr.asm:79
bit2_skip                       = $0671 ; addr, local, , cpc_UpdScr, , cpc_UpdScr.asm:87
bit3_skip                       = $067B ; addr, local, , cpc_UpdScr, , cpc_UpdScr.asm:95
bit4_skip                       = $0685 ; addr, local, , cpc_UpdScr, , cpc_UpdScr.asm:103
bit5_skip                       = $068F ; addr, local, , cpc_UpdScr, , cpc_UpdScr.asm:111
bit6_skip                       = $0699 ; addr, local, , cpc_UpdScr, , cpc_UpdScr.asm:119
bit7_skip                       = $06A3 ; addr, local, , cpc_UpdScr, , cpc_UpdScr.asm:127
skeep                           = $0700 ; addr, local, , cpc_UpdScr, , cpc_UpdScr.asm:242
transferir_map_sbuffer_grey     = $06C3 ; addr, local, , cpc_UpdScr, , cpc_UpdScr.asm:169
PASARPORDETRAS                  = $0001 ; const, local, , cpc_ShowTouchedTiles, , CPCconfig.def:8
bucle_cpc_ShowTouchedTiles      = $0710 ; addr, local, , cpc_ShowTouchedTiles, , cpc_ShowTouchedTiles.asm:46
process                         = $0721 ; addr, local, , cpc_ShowTouchedTiles, , cpc_ShowTouchedTiles.asm:65
skipall                         = $074D ; addr, local, , cpc_ShowTouchedTiles, , cpc_ShowTouchedTiles.asm:99
checkbit                        = $0759 ; addr, local, , cpc_ShowTouchedTiles, , cpc_ShowTouchedTiles.asm:113
noincd                          = $0755 ; addr, local, , cpc_ShowTouchedTiles, , cpc_ShowTouchedTiles.asm:107
checkbit_done                   = $0810 ; addr, local, , cpc_ShowTouchedTiles, , cpc_ShowTouchedTiles.asm:373
copyTile                        = $075C ; addr, local, , cpc_ShowTouchedTiles, , cpc_ShowTouchedTiles.asm:116
posicionar_superbuffer          = $075E ; addr, local, , cpc_ShowTouchedTiles, , cpc_ShowTouchedTiles.asm:122
posicionar_pantalla             = $0767 ; addr, local, , cpc_ShowTouchedTiles, , cpc_ShowTouchedTiles.asm:135
transf_bloque_sb_pantalla       = $0775 ; addr, local, , cpc_ShowTouchedTiles, , cpc_ShowTouchedTiles.asm:151
copycell                        = $07D2 ; addr, local, , cpc_ShowTouchedTiles, , cpc_ShowTouchedTiles.asm:275
copybgtile                      = $0786 ; addr, local, , cpc_ShowTouchedTiles, , cpc_ShowTouchedTiles.asm:168
copycell_done                   = $080E ; addr, local, , cpc_ShowTouchedTiles, , cpc_ShowTouchedTiles.asm:368
do_update                       = $082E ; addr, local, , cpc_PutSpTileMap4x8, , cpc_PutSpTileMap4x8.asm:49
ancho                           = $0866 ; addr, local, , cpc_PutSpTileMap4x8, , cpc_PutSpTileMap4x8.asm:99
alto                            = $0867 ; addr, local, , cpc_PutSpTileMap4x8, , cpc_PutSpTileMap4x8.asm:100
origin_next_row                 = $0851 ; addr, local, , cpc_PutSpTileMap4x8, , cpc_PutSpTileMap4x8.asm:79
fin                             = $0865 ; addr, local, , cpc_PutSpTileMap4x8, , cpc_PutSpTileMap4x8.asm:96
do_update                       = $0882 ; addr, local, , cpc_PutSpTileMap8x16Px, , cpc_PutSpTileMap8x16Px.asm:50
ancho                           = $08D8 ; addr, local, , cpc_PutSpTileMap8x16Px, , cpc_PutSpTileMap8x16Px.asm:133
alto                            = $08D9 ; addr, local, , cpc_PutSpTileMap8x16Px, , cpc_PutSpTileMap8x16Px.asm:134
origin_next_row                 = $08AA ; addr, local, , cpc_PutSpTileMap8x16Px, , cpc_PutSpTileMap8x16Px.asm:85
origin_last_row                 = $08BE ; addr, local, , cpc_PutSpTileMap8x16Px, , cpc_PutSpTileMap8x16Px.asm:105
fin                             = $08D7 ; addr, local, , cpc_PutSpTileMap8x16Px, , cpc_PutSpTileMap8x16Px.asm:130
pulsado                         = $08F1 ; addr, local, , cpc_TestKey, , cpc_TestKey.asm:34
bucle_deteccion_tecla           = $091A ; addr, local, , cpc_AnyKeyPressed, , cpc_AnyKeyPressed.asm:13
tecla_pulsada                   = $092D ; addr, local, , cpc_AnyKeyPressed, , cpc_AnyKeyPressed.asm:25
CHURRERA_CLIPPING               = $0001 ; const, local, , cpc_UpdTileTable, , CPCconfig.def:16
pasa_bloque_a_sbuffer           = $0999 ; addr, local, , cpc_PutTrSp4x8TileMap2b, , cpc_PutTrSp4x8TileMap2b.asm:30
transferir_sprite               = $0999 ; addr, local, , cpc_PutTrSp4x8TileMap2b, , cpc_PutTrSp4x8TileMap2b.asm:32
sp_buffer_mask                  = $09B0 ; addr, local, , cpc_PutTrSp4x8TileMap2b, , cpc_PutTrSp4x8TileMap2b.asm:52
loop_alto_map_sbuffer           = $09B6 ; addr, local, , cpc_PutTrSp4x8TileMap2b, , cpc_PutTrSp4x8TileMap2b.asm:58
pasa_bloque_a_sbuffer           = $09E1 ; addr, local, , cpc_PutTrSp8x16TileMap2bPx, , cpc_PutTrSp8x16TileMap2bPx.asm:33
transferir_sprite               = $09E1 ; addr, local, , cpc_PutTrSp8x16TileMap2bPx, , cpc_PutTrSp8x16TileMap2bPx.asm:35
sp_buffer_mask                  = $09F8 ; addr, local, , cpc_PutTrSp8x16TileMap2bPx, , cpc_PutTrSp8x16TileMap2bPx.asm:55
loop_alto_map_sbuffer_shifted   = $0A2F ; addr, local, , cpc_PutTrSp8x16TileMap2bPx, , cpc_PutTrSp8x16TileMap2bPx.asm:119
loop_alto_map_sbuffer           = $0A02 ; addr, local, , cpc_PutTrSp8x16TileMap2bPx, , cpc_PutTrSp8x16TileMap2bPx.asm:65
keymap0                         = $0AAD ; addr, local, , cpc_KeysData, , cpc_KeysData.asm:16
tecla_0                         = $0AB7 ; addr, local, , cpc_KeysData, , cpc_KeysData.asm:18
tabla_teclas0                   = $0AB9 ; addr, local, , cpc_KeysData, , cpc_KeysData.asm:20
noinc                           = $0ADF ; addr, local, , cpc_TblLookup, , cpc_TblLookup.asm:17
cpc_InvalidateRect_P            = $0AE9 ; addr, local, , cpc_InvalidateRect, , cpc_InvalidateRect.asm:42
noinc1                          = $0B0F ; addr, local, , cpc_InvalidateRect, , cpc_InvalidateRect.asm:86
invcollp                        = $0B13 ; addr, local, , cpc_InvalidateRect, , cpc_InvalidateRect.asm:92
invfullchar                     = $0B26 ; addr, local, , cpc_InvalidateRect, , cpc_InvalidateRect.asm:109
noinc2                          = $0B22 ; addr, local, , cpc_InvalidateRect, , cpc_InvalidateRect.asm:103
invrowlp                        = $0B28 ; addr, local, , cpc_InvalidateRect, , cpc_InvalidateRect.asm:113
noinc3                          = $0B33 ; addr, local, , cpc_InvalidateRect, , cpc_InvalidateRect.asm:124
__CLIB_OPT_IMATH                = $0000 ; const, local, , l_divu_16_16x16, , ../config_private.inc:27
divide_zero                     = $5C81 ; addr, local, , l_small_divu_16_16x16, code_math, ../_DEVELOPMENT/math/integer/small/l_small_divu_16_16x16.asm:141
divisor_sixteen_bit             = $5C53 ; addr, local, , l_small_divu_16_16x16, code_math, ../_DEVELOPMENT/math/integer/small/l_small_divu_16_16x16.asm:50
loop_16_0                       = $5C59 ; addr, local, , l_small_divu_16_16x16, code_math, ../_DEVELOPMENT/math/integer/small/l_small_divu_16_16x16.asm:60
loop_16_1                       = $5C61 ; addr, local, , l_small_divu_16_16x16, code_math, ../_DEVELOPMENT/math/integer/small/l_small_divu_16_16x16.asm:69
loop_8_0                        = $5C73 ; addr, local, , l_small_divu_16_16x16, code_math, ../_DEVELOPMENT/math/integer/small/l_small_divu_16_16x16.asm:118
loop_8_2                        = $5C7A ; addr, local, , l_small_divu_16_16x16, code_math, ../_DEVELOPMENT/math/integer/small/l_small_divu_16_16x16.asm:127
loop_8_1                        = $5C7C ; addr, local, , l_small_divu_16_16x16, code_math, ../_DEVELOPMENT/math/integer/small/l_small_divu_16_16x16.asm:132
l_sxt                           = $5BEE ; addr, local, , l_gchar, code_crt0_sccz80, sccz80/crt0_z80/l_gchar.asm:12
__CLIB_OPT_IMATH                = $0000 ; const, local, , l_mulu_16_16x16, , ../config_private.inc:27
eight_bit_1                     = $5C94 ; addr, local, , l_small_mul_16_16x16, code_math, ../_DEVELOPMENT/math/integer/small/l_small_mul_16_16x16.asm:40
eight_bit_0                     = $5C93 ; addr, local, , l_small_mul_16_16x16, code_math, ../_DEVELOPMENT/math/integer/small/l_small_mul_16_16x16.asm:36
rejoin                          = $5C97 ; addr, local, , l_small_mul_16_16x16, code_math, ../_DEVELOPMENT/math/integer/small/l_small_mul_16_16x16.asm:57
loop_0                          = $5C9A ; addr, local, , l_small_mul_16_16x16, code_math, ../_DEVELOPMENT/math/integer/small/l_small_mul_16_16x16.asm:61
loop_1                          = $5CA1 ; addr, local, , l_small_mul_16_16x16, code_math, ../_DEVELOPMENT/math/integer/small/l_small_mul_16_16x16.asm:75
TileMapConf                     = $0406 ; addr, public, , tilemap_conf_asm, , tilemap_conf.asm:75
_nametable                      = $0100 ; const, public, , tilemap_conf_asm, , tilemap_conf.asm:60
pantalla_juego                  = $0100 ; const, public, , tilemap_conf_asm, , tilemap_conf.asm:61
tiles_tocados                   = $CE00 ; const, public, , tilemap_conf_asm, , tilemap_conf.asm:58
posiciones_pantalla             = $0406 ; addr, public, , tilemap_conf_asm, , tilemap_conf.asm:77
posiciones_super_buffer         = $0436 ; addr, public, , tilemap_conf_asm, , tilemap_conf.asm:106
posicion_inicial_area_visible   = $C000 ; const, public, , tilemap_conf_asm, , tilemap_conf.asm:63
posicion_inicial_superbuffer    = $9000 ; const, public, , tilemap_conf_asm, , tilemap_conf.asm:64
ancho_pantalla_bytes            = $0040 ; const, public, , tilemap_conf_asm, , tilemap_conf.asm:69
alto_pantalla_bytes             = $00C0 ; const, public, , tilemap_conf_asm, , tilemap_conf.asm:70
ancho_pantalla_bytes_visible    = $0040 ; const, public, , tilemap_conf_asm, , tilemap_conf.asm:71
mascara1                        = $0000 ; const, public, , tilemap_conf_asm, , tilemap_conf.asm:53
mascara2                        = $0000 ; const, public, , tilemap_conf_asm, , tilemap_conf.asm:54
behindtilemasks                 = $0466 ; addr, public, , tilemap_conf_asm, , tilemap_conf.asm:139
viewport_x                      = $0001 ; const, public, , mk1_c, code_compiler, autodefs.h:8
viewport_y                      = $0002 ; const, public, , mk1_c, code_compiler, autodefs.h:8
tiles                           = $2250 ; addr, public, , mk1_c, code_compiler, assets/tileset.h::blackout::0::2:5
_def_keys                       = $0566 ; addr, public, , mk1_c, , my/config.h:237
_behs                           = $0B51 ; addr, public, , mk1_c, data_compiler, my/config.h:355
_enems_load                     = $448E ; addr, public, , mk1_c, code_compiler, engine/enengine.h::enems_load::0::77:79
_enems_kill                     = $4662 ; addr, public, , mk1_c, code_compiler, engine/enengine.h::enems_kill::0::84:241
_enems_move                     = $4673 ; addr, public, , mk1_c, code_compiler, engine/enengine.h::enems_move::0::85:271
_collide                        = $3980 ; addr, public, , mk1_c, code_compiler, engine/general.h::collide::0::21:14
_cm_two_points                  = $39B2 ; addr, public, , mk1_c, code_compiler, engine/general.h::cm_two_points::0::22:63
_rand                           = $3A0F ; addr, public, , mk1_c, code_compiler, engine/general.h::rand::0::23:138
_abs                            = $3A38 ; addr, public, , mk1_c, code_compiler, engine/general.h::abs::0::24:182
_hotspots_init                  = $49DF ; addr, public, , mk1_c, code_compiler, engine/hotspots.h::hotspots_init::0::100:7
_hotspots_do                    = $49EE ; addr, public, , mk1_c, code_compiler, engine/hotspots.h::hotspots_do::0::101:30
_player_init                    = $3DBF ; addr, public, , mk1_c, code_compiler, engine/player.h::player_init::0::38:13
_player_calc_bounding_box       = $3E20 ; addr, public, , mk1_c, code_compiler, engine/player.h::player_calc_bounding_box::0::39:67
_player_move                    = $3E6F ; addr, public, , mk1_c, code_compiler, engine/player.h::player_move::0::40:241
_player_deplete                 = $4432 ; addr, public, , mk1_c, code_compiler, engine/player.h::player_deplete::0::75:1336
_player_kill                    = $445D ; addr, public, , mk1_c, code_compiler, engine/player.h::player_kill::0::76:1340
_unpack                         = $1925 ; addr, public, , mk1_c, code_compiler, aplib.h::unpack::0::0:155
_game_ending                    = $3A84 ; addr, public, , mk1_c, code_compiler, my/fixed_screens.h::game_ending::0::26:4
_game_over                      = $3AAC ; addr, public, , mk1_c, code_compiler, my/fixed_screens.h::game_over::0::27:19
_addsign                        = $3AF6 ; addr, public, , mk1_c, code_compiler, engine.h::addsign::0::28:20
_espera_activa                  = $3B10 ; addr, public, , mk1_c, code_compiler, engine.h::espera_activa::0::29:28
_locks_init                     = $3B31 ; addr, public, , mk1_c, code_compiler, engine.h::locks_init::0::31:45
_process_tile                   = $3B40 ; addr, public, , mk1_c, code_compiler, engine.h::process_tile::0::32:85
_draw_scr_background            = $3B94 ; addr, public, , mk1_c, code_compiler, engine.h::draw_scr_background::0::33:345
_draw_scr                       = $3C46 ; addr, public, , mk1_c, code_compiler, engine.h::draw_scr::0::35:512
_mons_col_sc_x                  = $3CF7 ; addr, public, , mk1_c, code_compiler, engine.h::mons_col_sc_x::0::36:742
_mons_col_sc_y                  = $3D63 ; addr, public, , mk1_c, code_compiler, engine.h::mons_col_sc_y::0::37:823
_blackout                       = $2231 ; addr, public, , mk1_c, code_compiler, pantallas.h::blackout::0::1:32
_attr                           = $36F7 ; addr, public, , mk1_c, code_compiler, printer.h::attr::0::2:6
_qtile                          = $3727 ; addr, public, , mk1_c, code_compiler, printer.h::qtile::0::3:61
_draw_coloured_tile             = $375D ; addr, public, , mk1_c, code_compiler, printer.h::draw_coloured_tile::0::5:167
_invalidate_tile                = $3778 ; addr, public, , mk1_c, code_compiler, printer.h::invalidate_tile::0::6:450
_invalidate_viewport            = $3791 ; addr, public, , mk1_c, code_compiler, printer.h::invalidate_viewport::0::7:470
_draw_invalidate_coloured_tile_gamearea = $379D ; addr, public, , mk1_c, code_compiler, printer.h::draw_invalidate_coloured_tile_gamearea::0::8:482
_draw_coloured_tile_gamearea    = $37A4 ; addr, public, , mk1_c, code_compiler, printer.h::draw_coloured_tile_gamearea::0::9:487
_draw_decorations               = $37C1 ; addr, public, , mk1_c, code_compiler, printer.h::draw_decorations::0::10:491
_update_tile                    = $37F4 ; addr, public, , mk1_c, code_compiler, printer.h::update_tile::0::11:536
_print_number2                  = $3825 ; addr, public, , mk1_c, code_compiler, printer.h::print_number2::0::12:578
_draw_objs                      = $386C ; addr, public, , mk1_c, code_compiler, printer.h::draw_objs::0::13:600
_print_str                      = $3882 ; addr, public, , mk1_c, code_compiler, printer.h::print_str::0::14:663
_clear_sprites                  = $38B1 ; addr, public, , mk1_c, code_compiler, printer.h::clear_sprites::0::15:717
_cpc_UpdateNow                  = $390D ; addr, public, , mk1_c, code_compiler, engine/update.h::cpc_UpdateNow::0::18:9
_wyz_init                       = $5011 ; addr, public, , mk1_c, code_compiler, wyz_player.h::wyz_init::0::105:8
_wyz_play_music                 = $501C ; addr, public, , mk1_c, code_compiler, wyz_player.h::wyz_play_music::0::106:17
_wyz_play_sound                 = $5044 ; addr, public, , mk1_c, code_compiler, wyz_player.h::wyz_play_sound::0::107:29
_wyz_stop_sound                 = $504D ; addr, public, , mk1_c, code_compiler, wyz_player.h::wyz_stop_sound::0::108:40
_pad0                           = $5B34 ; addr, public, , mk1_c, bss_compiler, mk1.c::main::0::136:109
_enoffs                         = $5B35 ; addr, public, , mk1_c, bss_compiler, mk1.c::main::0::136:109
_asm_number                     = $5B36 ; addr, public, , mk1_c, bss_compiler, mk1.c::main::0::136:109
_asm_int                        = $5B37 ; addr, public, , mk1_c, bss_compiler, mk1.c::main::0::136:109
_asm_int_2                      = $5B39 ; addr, public, , mk1_c, bss_compiler, mk1.c::main::0::136:109
_seed                           = $5B3B ; addr, public, , mk1_c, bss_compiler, mk1.c::main::0::136:109
_half_life                      = $5B3D ; addr, public, , mk1_c, bss_compiler, mk1.c::main::0::136:109
_p_x                            = $5B3E ; addr, public, , mk1_c, bss_compiler, mk1.c::main::0::136:109
_p_y                            = $5B40 ; addr, public, , mk1_c, bss_compiler, mk1.c::main::0::136:109
_p_vx                           = $5B42 ; addr, public, , mk1_c, bss_compiler, mk1.c::main::0::136:109
_p_vy                           = $5B44 ; addr, public, , mk1_c, bss_compiler, mk1.c::main::0::136:109
_p_saltando                     = $5B46 ; addr, public, , mk1_c, bss_compiler, mk1.c::main::0::136:109
_p_cont_salto                   = $5B47 ; addr, public, , mk1_c, bss_compiler, mk1.c::main::0::136:109
_p_frame                        = $5B48 ; addr, public, , mk1_c, bss_compiler, mk1.c::main::0::136:109
_p_subframe                     = $5B49 ; addr, public, , mk1_c, bss_compiler, mk1.c::main::0::136:109
_p_facing                       = $5B4A ; addr, public, , mk1_c, bss_compiler, mk1.c::main::0::136:109
_p_estado                       = $5B4B ; addr, public, , mk1_c, bss_compiler, mk1.c::main::0::136:109
_p_ct_estado                    = $5B4C ; addr, public, , mk1_c, bss_compiler, mk1.c::main::0::136:109
_p_gotten                       = $5B4D ; addr, public, , mk1_c, bss_compiler, mk1.c::main::0::136:109
_pregotten                      = $5B4E ; addr, public, , mk1_c, bss_compiler, mk1.c::main::0::136:109
_p_life                         = $5B4F ; addr, public, , mk1_c, bss_compiler, mk1.c::main::0::136:109
_p_objs                         = $5B50 ; addr, public, , mk1_c, bss_compiler, mk1.c::main::0::136:109
_p_keys                         = $5B51 ; addr, public, , mk1_c, bss_compiler, mk1.c::main::0::136:109
_p_fuel                         = $5B52 ; addr, public, , mk1_c, bss_compiler, mk1.c::main::0::136:109
_p_killed                       = $5B53 ; addr, public, , mk1_c, bss_compiler, mk1.c::main::0::136:109
_p_disparando                   = $5B54 ; addr, public, , mk1_c, bss_compiler, mk1.c::main::0::136:109
_p_facing_v                     = $5B55 ; addr, public, , mk1_c, bss_compiler, mk1.c::main::0::136:109
_p_facing_h                     = $5B56 ; addr, public, , mk1_c, bss_compiler, mk1.c::main::0::136:109
_p_ammo                         = $5B57 ; addr, public, , mk1_c, bss_compiler, mk1.c::main::0::136:109
_p_killme                       = $5B58 ; addr, public, , mk1_c, bss_compiler, mk1.c::main::0::136:109
_p_kill_amt                     = $5B59 ; addr, public, , mk1_c, bss_compiler, mk1.c::main::0::136:109
_p_tx                           = $5B5A ; addr, public, , mk1_c, bss_compiler, mk1.c::main::0::136:109
_p_ty                           = $5B5B ; addr, public, , mk1_c, bss_compiler, mk1.c::main::0::136:109
_ptgmx                          = $5B5C ; addr, public, , mk1_c, bss_compiler, mk1.c::main::0::136:109
_ptgmy                          = $5B5E ; addr, public, , mk1_c, bss_compiler, mk1.c::main::0::136:109
_spacer                         = $0B81 ; addr, public, , mk1_c, data_compiler, definitions.h:121
_enit                           = $5B60 ; addr, public, , mk1_c, bss_compiler, mk1.c::main::0::136:109
_enspit                         = $5B61 ; addr, public, , mk1_c, bss_compiler, mk1.c::main::0::136:109
__en_x                          = $5B62 ; addr, public, , mk1_c, bss_compiler, mk1.c::main::0::136:109
__en_y                          = $5B63 ; addr, public, , mk1_c, bss_compiler, mk1.c::main::0::136:109
__en_x1                         = $5B64 ; addr, public, , mk1_c, bss_compiler, mk1.c::main::0::136:109
__en_y1                         = $5B65 ; addr, public, , mk1_c, bss_compiler, mk1.c::main::0::136:109
__en_x2                         = $5B66 ; addr, public, , mk1_c, bss_compiler, mk1.c::main::0::136:109
__en_y2                         = $5B67 ; addr, public, , mk1_c, bss_compiler, mk1.c::main::0::136:109
__en_mx                         = $5B68 ; addr, public, , mk1_c, bss_compiler, mk1.c::main::0::136:109
__en_my                         = $5B69 ; addr, public, , mk1_c, bss_compiler, mk1.c::main::0::136:109
__en_t                          = $5B6A ; addr, public, , mk1_c, bss_compiler, mk1.c::main::0::136:109
__en_life                       = $5B6B ; addr, public, , mk1_c, bss_compiler, mk1.c::main::0::136:109
__baddies_pointer               = $5B6C ; addr, public, , mk1_c, bss_compiler, mk1.c::main::0::136:109
_hotspot_x                      = $5B6E ; addr, public, , mk1_c, bss_compiler, mk1.c::main::0::136:109
_hotspot_y                      = $5B6F ; addr, public, , mk1_c, bss_compiler, mk1.c::main::0::136:109
_hotspot_destroy                = $5B70 ; addr, public, , mk1_c, bss_compiler, mk1.c::main::0::136:109
_orig_tile                      = $5B71 ; addr, public, , mk1_c, bss_compiler, mk1.c::main::0::136:109
_flags                          = $5B72 ; addr, public, , mk1_c, bss_compiler, mk1.c::main::0::136:109
_o_pant                         = $5B92 ; addr, public, , mk1_c, bss_compiler, mk1.c::main::0::136:109
_n_pant                         = $5B93 ; addr, public, , mk1_c, bss_compiler, mk1.c::main::0::136:109
_is_rendering                   = $5B94 ; addr, public, , mk1_c, bss_compiler, mk1.c::main::0::136:109
_level                          = $5B95 ; addr, public, , mk1_c, bss_compiler, mk1.c::main::0::136:109
_slevel                         = $5B96 ; addr, public, , mk1_c, bss_compiler, mk1.c::main::0::136:109
_warp_to_level                  = $0B83 ; addr, public, , mk1_c, data_compiler, definitions.h:203
_maincounter                    = $5B97 ; addr, public, , mk1_c, bss_compiler, mk1.c::main::0::136:109
_gpx                            = $5B98 ; addr, public, , mk1_c, bss_compiler, mk1.c::main::0::136:109
_gpox                           = $5B99 ; addr, public, , mk1_c, bss_compiler, mk1.c::main::0::136:109
_gpy                            = $5B9A ; addr, public, , mk1_c, bss_compiler, mk1.c::main::0::136:109
_gpd                            = $5B9B ; addr, public, , mk1_c, bss_compiler, mk1.c::main::0::136:109
_gpc                            = $5B9C ; addr, public, , mk1_c, bss_compiler, mk1.c::main::0::136:109
_gpt                            = $5B9D ; addr, public, , mk1_c, bss_compiler, mk1.c::main::0::136:109
_gpxx                           = $5B9E ; addr, public, , mk1_c, bss_compiler, mk1.c::main::0::136:109
_gpyy                           = $5B9F ; addr, public, , mk1_c, bss_compiler, mk1.c::main::0::136:109
_gpcx                           = $5BA0 ; addr, public, , mk1_c, bss_compiler, mk1.c::main::0::136:109
_gpcy                           = $5BA1 ; addr, public, , mk1_c, bss_compiler, mk1.c::main::0::136:109
_possee                         = $5BA2 ; addr, public, , mk1_c, bss_compiler, mk1.c::main::0::136:109
_hit_v                          = $5BA3 ; addr, public, , mk1_c, bss_compiler, mk1.c::main::0::136:109
_hit_h                          = $5BA4 ; addr, public, , mk1_c, bss_compiler, mk1.c::main::0::136:109
_hit                            = $5BA5 ; addr, public, , mk1_c, bss_compiler, mk1.c::main::0::136:109
_wall_h                         = $5BA6 ; addr, public, , mk1_c, bss_compiler, mk1.c::main::0::136:109
_wall_v                         = $5BA7 ; addr, public, , mk1_c, bss_compiler, mk1.c::main::0::136:109
_gpen_x                         = $5BA8 ; addr, public, , mk1_c, bss_compiler, mk1.c::main::0::136:109
_gpen_y                         = $5BA9 ; addr, public, , mk1_c, bss_compiler, mk1.c::main::0::136:109
_gpen_cx                        = $5BAA ; addr, public, , mk1_c, bss_compiler, mk1.c::main::0::136:109
_gpen_cy                        = $5BAB ; addr, public, , mk1_c, bss_compiler, mk1.c::main::0::136:109
_gpaux                          = $5BAC ; addr, public, , mk1_c, bss_compiler, mk1.c::main::0::136:109
_tocado                         = $5BAD ; addr, public, , mk1_c, bss_compiler, mk1.c::main::0::136:109
_active                         = $5BAE ; addr, public, , mk1_c, bss_compiler, mk1.c::main::0::136:109
_gpit                           = $5BAF ; addr, public, , mk1_c, bss_compiler, mk1.c::main::0::136:109
_gpjt                           = $5BB0 ; addr, public, , mk1_c, bss_compiler, mk1.c::main::0::136:109
_enoffsmasi                     = $5BB1 ; addr, public, , mk1_c, bss_compiler, mk1.c::main::0::136:109
_map_pointer                    = $5BB2 ; addr, public, , mk1_c, bss_compiler, mk1.c::main::0::136:109
_rdx                            = $5BB4 ; addr, public, , mk1_c, bss_compiler, mk1.c::main::0::136:109
_rdy                            = $5BB5 ; addr, public, , mk1_c, bss_compiler, mk1.c::main::0::136:109
_rda                            = $5BB6 ; addr, public, , mk1_c, bss_compiler, mk1.c::main::0::136:109
_rdb                            = $5BB7 ; addr, public, , mk1_c, bss_compiler, mk1.c::main::0::136:109
_rdc                            = $5BB8 ; addr, public, , mk1_c, bss_compiler, mk1.c::main::0::136:109
_rdd                            = $5BB9 ; addr, public, , mk1_c, bss_compiler, mk1.c::main::0::136:109
_rdn                            = $5BBA ; addr, public, , mk1_c, bss_compiler, mk1.c::main::0::136:109
_rdt                            = $5BBB ; addr, public, , mk1_c, bss_compiler, mk1.c::main::0::136:109
_itj                            = $5BBC ; addr, public, , mk1_c, bss_compiler, mk1.c::main::0::136:109
_objs_old                       = $5BBE ; addr, public, , mk1_c, bss_compiler, mk1.c::main::0::136:109
_keys_old                       = $5BBF ; addr, public, , mk1_c, bss_compiler, mk1.c::main::0::136:109
_life_old                       = $5BC0 ; addr, public, , mk1_c, bss_compiler, mk1.c::main::0::136:109
_killed_old                     = $5BC1 ; addr, public, , mk1_c, bss_compiler, mk1.c::main::0::136:109
_gen_pt                         = $5BC2 ; addr, public, , mk1_c, bss_compiler, mk1.c::main::0::136:109
_playing                        = $5BC4 ; addr, public, , mk1_c, bss_compiler, mk1.c::main::0::136:109
_success                        = $5BC5 ; addr, public, , mk1_c, bss_compiler, mk1.c::main::0::136:109
__x                             = $5BC6 ; addr, public, , mk1_c, bss_compiler, mk1.c::main::0::136:109
__y                             = $5BC7 ; addr, public, , mk1_c, bss_compiler, mk1.c::main::0::136:109
__n                             = $5BC8 ; addr, public, , mk1_c, bss_compiler, mk1.c::main::0::136:109
__t                             = $5BC9 ; addr, public, , mk1_c, bss_compiler, mk1.c::main::0::136:109
_cx1                            = $5BCA ; addr, public, , mk1_c, bss_compiler, mk1.c::main::0::136:109
_cy1                            = $5BCB ; addr, public, , mk1_c, bss_compiler, mk1.c::main::0::136:109
_cx2                            = $5BCC ; addr, public, , mk1_c, bss_compiler, mk1.c::main::0::136:109
_cy2                            = $5BCD ; addr, public, , mk1_c, bss_compiler, mk1.c::main::0::136:109
_at1                            = $5BCE ; addr, public, , mk1_c, bss_compiler, mk1.c::main::0::136:109
_at2                            = $5BCF ; addr, public, , mk1_c, bss_compiler, mk1.c::main::0::136:109
_x0                             = $5BD0 ; addr, public, , mk1_c, bss_compiler, mk1.c::main::0::136:109
_y0                             = $5BD1 ; addr, public, , mk1_c, bss_compiler, mk1.c::main::0::136:109
_x1                             = $5BD2 ; addr, public, , mk1_c, bss_compiler, mk1.c::main::0::136:109
_y1                             = $5BD3 ; addr, public, , mk1_c, bss_compiler, mk1.c::main::0::136:109
_ptx1                           = $5BD4 ; addr, public, , mk1_c, bss_compiler, mk1.c::main::0::136:109
_pty1                           = $5BD5 ; addr, public, , mk1_c, bss_compiler, mk1.c::main::0::136:109
_ptx2                           = $5BD6 ; addr, public, , mk1_c, bss_compiler, mk1.c::main::0::136:109
_pty2                           = $5BD7 ; addr, public, , mk1_c, bss_compiler, mk1.c::main::0::136:109
_pty2b                          = $5BD8 ; addr, public, , mk1_c, bss_compiler, mk1.c::main::0::136:109
__gp_gen                        = $5BD9 ; addr, public, , mk1_c, bss_compiler, mk1.c::main::0::136:109
_def_keys_joy                   = $184B ; addr, public, , mk1_c, code_compiler, definitions.h:319
_isr_player_on                  = $5BDB ; addr, public, , mk1_c, bss_compiler, mk1.c::main::0::136:109
_t_seconds                      = $5BDC ; addr, public, , mk1_c, bss_compiler, mk1.c::main::0::136:109
_is_joystick                    = $5BDE ; addr, public, , mk1_c, bss_compiler, mk1.c::main::0::136:109
_ram_address                    = $5BDF ; addr, public, , mk1_c, bss_compiler, mk1.c::main::0::136:109
_ram_destination                = $5BE1 ; addr, public, , mk1_c, bss_compiler, mk1.c::main::0::136:109
_s_title                        = $1940 ; addr, public, , mk1_c, code_compiler, pantallas.h::unpack::0::1:13
_s_marco                        = $1DC9 ; addr, public, , mk1_c, code_compiler, pantallas.h::unpack::0::1:13
_s_ending                       = $1EFD ; addr, public, , mk1_c, code_compiler, pantallas.h::unpack::0::1:25
_my_inks                        = $5B0A ; addr, public, , mk1_c, rodata_compiler, assets/pal.h::blackout::0::2:5
_mapa                           = $0B84 ; addr, public, , mk1_c, data_compiler, assets/mapa.h::blackout::0::2:5
_cerrojos                       = $144E ; addr, public, , mk1_c, data_compiler, assets/mapa.h::blackout::0::2:48
_tileset                        = $2250 ; addr, public, , mk1_c, code_compiler, assets/tileset.h::blackout::0::2:5
_malotes                        = $145E ; addr, public, , mk1_c, data_compiler, assets/enems.h::blackout::0::2:17
_hotspots                       = $1788 ; addr, public, , mk1_c, data_compiler, assets/enems.h::blackout::0::2:186
_sprites                        = $3250 ; addr, public, , mk1_c, code_compiler, assets/sprites.h::blackout::0::2:10
_sprite_18_a                    = $3650 ; addr, public, , mk1_c, code_compiler, assets/extrasprites.h::blackout::0::2:29
_sm_cox                         = $17E2 ; addr, public, , mk1_c, data_compiler, assets/spriteset_mappings.h::blackout::0::2:9
_sm_coy                         = $17F2 ; addr, public, , mk1_c, data_compiler, assets/spriteset_mappings.h::blackout::0::2:14
_sm_invfunc                     = $1802 ; addr, public, , mk1_c, data_compiler, assets/spriteset_mappings.h::blackout::0::2:19
_sm_updfunc                     = $1822 ; addr, public, , mk1_c, data_compiler, assets/spriteset_mappings.h::blackout::0::2:26
_sm_sprptr                      = $36B0 ; addr, public, , mk1_c, code_compiler, assets/spriteset_mappings.h::blackout::0::2:34
_trpixlutc                      = $36D0 ; addr, public, , mk1_c, code_compiler, assets/trpixlut.h::blackout::0::2:6
__tile_address                  = $3745 ; addr, public, , mk1_c, code_compiler, printer.h::_tile_address::0::4:134
_utaux                          = $1842 ; addr, public, , mk1_c, data_compiler, printer.h::draw_decorations::0::11:535
_pal_set                        = $38DF ; addr, public, , mk1_c, code_compiler, printer.h::pal_set::0::17:727
_custom_lock_clear              = $3A4F ; addr, public, , mk1_c, code_compiler, my/ci/custom_lock_clear.h::custom_lock_clear::0::25:10
_wyz_songs                      = $500D ; addr, public, , mk1_c, code_compiler, my/wyz/songs.h::hotspots_do::0::105:6
_title_screen                   = $56D2 ; addr, public, , mk1_c, code_compiler, my/title_screen.h::title_screen::0::109:6
_main                           = $572E ; addr, public, , mk1_c, code_compiler, mainloop.h::main::0::114:7
cpc_ShowTileMap                 = $057E ; addr, public, , cpc_ShowTileMap, , cpc_ShowTileMap.asm:20
cpc_ResetTouchedTiles           = $0619 ; addr, public, , cpc_ResetTouchedTiles, , cpc_ResetTouchedTiles.asm:18
cpc_UpdScr                      = $0627 ; addr, public, , cpc_UpdScr, , cpc_UpdScr.asm:29
cpc_ShowTouchedTiles            = $0704 ; addr, public, , cpc_ShowTouchedTiles, , cpc_ShowTouchedTiles.asm:36
cpc_PutSpTileMap4x8             = $0814 ; addr, public, , cpc_PutSpTileMap4x8, , cpc_PutSpTileMap4x8.asm:25
cpc_PutSpTileMap8x16Px          = $0868 ; addr, public, , cpc_PutSpTileMap8x16Px, , cpc_PutSpTileMap8x16Px.asm:26
cpc_TestKey                     = $08DA ; addr, public, , cpc_TestKey, , cpc_TestKey.asm:14
cpc_TestKeyboard                = $08F4 ; addr, public, , cpc_TestKeyboard, , cpc_TestKeyboard.asm:3
cpc_AnyKeyPressed               = $0918 ; addr, public, , cpc_AnyKeyPressed, , cpc_AnyKeyPressed.asm:11
cpc_SetMode                     = $0932 ; addr, public, , cpc_SetMode, , cpc_SetMode.asm:8
cpc_SetColour                   = $093C ; addr, public, , cpc_SetColour, , cpc_SetColour.asm:8
cpc_UpdTileTable                = $095D ; addr, public, , cpc_UpdTileTable, , cpc_UpdTileTable.asm:54
cpc_UpdTileTableClp             = $094F ; addr, public, , cpc_UpdTileTable, , cpc_UpdTileTable.asm:32
cpc_PutTrSp4x8TileMap2b         = $098E ; addr, public, , cpc_PutTrSp4x8TileMap2b, , cpc_PutTrSp4x8TileMap2b.asm:19
cpc_PutTrSp8x16TileMap2bPx      = $09D3 ; addr, public, , cpc_PutTrSp8x16TileMap2bPx, , cpc_PutTrSp8x16TileMap2bPx.asm:20
cpc_KeysData                    = $0AAD ; addr, public, , cpc_KeysData, , cpc_KeysData.asm:14
tabla_teclas                    = $0AB9 ; addr, public, , cpc_KeysData, , cpc_KeysData.asm:40
keymap                          = $0AAD ; addr, public, , cpc_KeysData, , cpc_KeysData.asm:41
cpc_Bit2Mask                    = $0AD2 ; addr, public, , cpc_Bit2Mask, , cpc_Bit2Mask.asm:5
cpc_TblLookup                   = $0ADA ; addr, public, , cpc_TblLookup, , cpc_TblLookup.asm:11
cpc_InvalidateRect              = $0AE1 ; addr, public, , cpc_InvalidateRect, , cpc_InvalidateRect.asm:29
cpc_bitright2mask               = $0B41 ; addr, public, , cpc_bitright2mask, , cpc_bitright2mask.asm:4
cpc_bitleft2mask                = $0B49 ; addr, public, , cpc_bitleft2mask, , cpc_bitleft2mask.asm:4
l_div_u                         = $5C4A ; addr, public, , l_div_u, code_crt0_sccz80, sccz80/crt0_z80/l_div_u.asm:17
l_divu_16_16x16                 = $5C4B ; addr, public, , l_divu_16_16x16, code_math, ../_DEVELOPMENT/math/integer/l_divu_16_16x16.asm:22
l0_divu_16_16x16                = $5C4F ; addr, public, , l_divu_16_16x16, code_math, ../_DEVELOPMENT/math/integer/l_divu_16_16x16.asm:23
l_small_divu_16_16x16           = $5C4B ; addr, public, , l_small_divu_16_16x16, code_math, ../_DEVELOPMENT/math/integer/small/l_small_divu_16_16x16.asm:17
l0_small_divu_16_16x16          = $5C4F ; addr, public, , l_small_divu_16_16x16, code_math, ../_DEVELOPMENT/math/integer/small/l_small_divu_16_16x16.asm:42
l_small_divu_16_16x8            = $5C6B ; addr, public, , l_small_divu_16_16x16, code_math, ../_DEVELOPMENT/math/integer/small/l_small_divu_16_16x16.asm:87
l0_small_divu_16_16x8           = $5C6F ; addr, public, , l_small_divu_16_16x16, code_math, ../_DEVELOPMENT/math/integer/small/l_small_divu_16_16x16.asm:112
error_divide_by_zero_mc         = $5CA8 ; addr, public, , error_divide_by_zero_mc, code_error, ../_DEVELOPMENT/error/z80/error_divide_by_zero_mc.asm:12
error_edom_mc                   = $5CA8 ; addr, public, , error_edom_mc, code_error, ../_DEVELOPMENT/error/z80/error_edom_mc.asm:57
errno_mc                        = $5CAA ; addr, public, , errno_mc, code_error, ../_DEVELOPMENT/error/z80/errno_mc.asm:21
_errno                          = $5CBA ; addr, public, , _errno, bss_error, ../_DEVELOPMENT/error/z80/_errno.asm:7
error_mc                        = $5CB5 ; addr, public, , error_mc, code_error, ../_DEVELOPMENT/error/z80/error_mc.asm:11
l_eq                            = $5BE3 ; addr, public, , l_eq, code_crt0_sccz80, sccz80/crt0_z80/l_eq.asm:17
l_gchar                         = $5BED ; addr, public, , l_gchar, code_crt0_sccz80, sccz80/crt0_z80/l_gchar.asm:11
l_gint                          = $5BF3 ; addr, public, , l_gint, code_crt0_sccz80, sccz80/crt0_z80/l_gint.asm:11
l_gintsp                        = $5BF8 ; addr, public, , l_gintsp, code_crt0_sccz80, sccz80/crt0_z80/l_gintsp.asm:7
l_gt                            = $5C00 ; addr, public, , l_gt, code_crt0_sccz80, sccz80/crt0_z80/l_gt.asm:15
l_compare_result                = $5C10 ; addr, public, , l_compare_result, code_crt0_sccz80, sccz80/crt0_z80/l_compare_result.asm:4
l_lneg                          = $5C16 ; addr, public, , l_lneg, code_crt0_sccz80, sccz80/crt0_z80/l_lneg.asm:14
l_mult                          = $5C85 ; addr, public, , l_mul, code_crt0_sccz80, sccz80/crt0_z80/l_mul.asm:12
l_mulu_16_16x16                 = $5C85 ; addr, public, , l_mulu_16_16x16, code_math, ../_DEVELOPMENT/math/integer/l_mulu_16_16x16.asm:36
l_small_mul_16_16x16            = $5C85 ; addr, public, , l_small_mul_16_16x16, code_math, ../_DEVELOPMENT/math/integer/small/l_small_mul_16_16x16.asm:10
l_small_mul_16_16x8             = $5C94 ; addr, public, , l_small_mul_16_16x16, code_math, ../_DEVELOPMENT/math/integer/small/l_small_mul_16_16x16.asm:42
l_ne                            = $5C1F ; addr, public, , l_ne, code_crt0_sccz80, sccz80/crt0_z80/l_ne.asm:16
l_neg                           = $5C2A ; addr, public, , l_neg, code_crt0_sccz80, sccz80/crt0_z80/l_neg.asm:13
l_pint                          = $5C32 ; addr, public, , l_pint, code_crt0_sccz80, sccz80/crt0_z80/l_pint.asm:11
l_pint_pop                      = $5C38 ; addr, public, , l_pint_pop, code_crt0_sccz80, sccz80/crt0_z80/l_pint_pop.asm:12
l_uge                           = $5C3E ; addr, public, , l_uge, code_crt0_sccz80, sccz80/crt0_z80/l_uge.asm:18
__head                          = $0400 ; const, public, def, , ,
__tail                          = $5CBC ; const, public, def, , ,
__size                          = $58BC ; const, public, def, , ,
__data_compiler_head            = $0B51 ; const, public, def, , ,
__data_compiler_tail            = $1843 ; const, public, def, , ,
__data_compiler_size            = $0CF2 ; const, public, def, , ,
__code_compiler_head            = $1843 ; const, public, def, , ,
__code_compiler_tail            = $5B0A ; const, public, def, , ,
__code_compiler_size            = $42C7 ; const, public, def, , ,
__rodata_compiler_head          = $5B0A ; const, public, def, , ,
__rodata_compiler_tail          = $5B34 ; const, public, def, , ,
__rodata_compiler_size          = $002A ; const, public, def, , ,
__bss_compiler_head             = $5B34 ; const, public, def, , ,
__bss_compiler_tail             = $5BE3 ; const, public, def, , ,
__bss_compiler_size             = $00AF ; const, public, def, , ,
__code_crt0_sccz80_head         = $5BE3 ; const, public, def, , ,
__code_crt0_sccz80_tail         = $5C4A ; const, public, def, , ,
__code_crt0_sccz80_size         = $0067 ; const, public, def, , ,
__code_clib_head                = $5C4A ; const, public, def, , ,
__code_clib_tail                = $5C4A ; const, public, def, , ,
__code_clib_size                = $0000 ; const, public, def, , ,
__code_math_head                = $5C4A ; const, public, def, , ,
__code_math_tail                = $5CA5 ; const, public, def, , ,
__code_math_size                = $005B ; const, public, def, , ,
__code_error_head               = $5CA5 ; const, public, def, , ,
__code_error_tail               = $5CBA ; const, public, def, , ,
__code_error_size               = $0015 ; const, public, def, , ,
__bss_clib_head                 = $5CBA ; const, public, def, , ,
__bss_clib_tail                 = $5CBA ; const, public, def, , ,
__bss_clib_size                 = $0000 ; const, public, def, , ,
__bss_error_head                = $5CBA ; const, public, def, , ,
__bss_error_tail                = $5CBC ; const, public, def, , ,
__bss_error_size                = $0002 ; const, public, def, , ,
