ALTO				= 4D0F, L: CPC_PUTSPTILEMAP8X16
ANCHO				= 4D0E, L: CPC_PUTSPTILEMAP8X16
APBRANCH1			= 07A8, L: MK1
APBRANCH2			= 07EB, L: MK1
APBRANCH3			= 07D7, L: MK1
APBRANCH4			= 07CE, L: MK1
APGET4BITS			= 07C0, L: MK1
APLOOP				= 07AD, L: MK1
APLOOP0				= 07AA, L: MK1
APSKIP2				= 080A, L: MK1
APSKIP3				= 0813, L: MK1
APWRITEBYTE			= 07CA, L: MK1
AP_FINISHUP			= 0816, L: MK1
AP_FINISHUP2			= 0819, L: MK1
AP_GETBIT			= 082C, L: MK1
AP_GETGAMMA			= 0838, L: MK1
AP_GETGAMMALOOP			= 083B, L: MK1
AP_R0_GAMMA			= 0820, L: MK1
BIT0_SKIP			= 4FA5, L: CPC_UPDSCR
BIT0_SKIP			= 4E74, L: CPC_SHOWTOUCHEDTILES
BIT1_SKIP			= 4FAF, L: CPC_UPDSCR
BIT1_SKIP			= 4E7E, L: CPC_SHOWTOUCHEDTILES
BIT2_SKIP			= 4FB9, L: CPC_UPDSCR
BIT2_SKIP			= 4E88, L: CPC_SHOWTOUCHEDTILES
BIT3_SKIP			= 4FC3, L: CPC_UPDSCR
BIT3_SKIP			= 4E92, L: CPC_SHOWTOUCHEDTILES
BIT4_SKIP			= 4FCD, L: CPC_UPDSCR
BIT4_SKIP			= 4E9C, L: CPC_SHOWTOUCHEDTILES
BIT5_SKIP			= 4FD7, L: CPC_UPDSCR
BIT5_SKIP			= 4EA6, L: CPC_SHOWTOUCHEDTILES
BIT6_SKIP			= 4FE1, L: CPC_UPDSCR
BIT6_SKIP			= 4EB0, L: CPC_SHOWTOUCHEDTILES
BIT7_SKIP			= 4FEB, L: CPC_UPDSCR
BIT7_SKIP			= 4EBA, L: CPC_SHOWTOUCHEDTILES
BO_L1				= 14BB, L: MK1
BUCLE_CPC_SHOWTOUCHEDTILES	= 4E5F, L: CPC_SHOWTOUCHEDTILES
BUCLE_CPC_UPDSCR		= 4F90, L: CPC_UPDSCR
BUCLE_DETECCION_TECLA		= 4BF4, L: CPC_ANYKEYPRESSED
BUCLE_DIBUJADO_FONDO		= 4DE5, L: CPC_SHOWTILEMAP
CONTADOR_TILES			= 4E23, L: CPC_SHOWTILEMAP
CONTADOR_TILES2			= 4E24, L: CPC_SHOWTILEMAP
COPYTILE			= 4EC9, L: CPC_SHOWTOUCHEDTILES
CPC_ANYKEYPRESSED		= 4BF2, G: CPC_ANYKEYPRESSED
CPC_BIT2MASK			= 4D2F, G: CPC_BIT2MASK
CPC_BITLEFT2MASK		= 4C90, G: CPC_BITLEFT2MASK
CPC_BITRIGHT2MASK		= 4C98, G: CPC_BITRIGHT2MASK
CPC_INVALIDATERECT		= 4C30, G: CPC_INVALIDATERECT
CPC_INVALIDATERECT_P		= 4C38, L: CPC_INVALIDATERECT
CPC_KEYSDATA			= 4F63, G: CPC_KEYSDATA
CPC_PUTSP			= 4E3A, L: CPC_SHOWTILEMAP
CPC_PUTSPTILEMAP8X16		= 4CA0, G: CPC_PUTSPTILEMAP8X16
CPC_PUTTRSP8X16TILEMAP2B	= 4D3F, G: CPC_PUTTRSP8X16TILEMAP2B
CPC_RESETTOUCHEDTILES		= 4D91, G: CPC_RESETTOUCHEDTILES
CPC_SETCOLOUR			= 4D9F, G: CPC_SETCOLOUR
CPC_SETMODE			= 4DB2, G: CPC_SETMODE
CPC_SHOWTILEMAP			= 4DBC, G: CPC_SHOWTILEMAP
CPC_SHOWTOUCHEDTILES		= 4E57, G: CPC_SHOWTOUCHEDTILES
CPC_TBLLOOKUP			= 4D37, G: CPC_TBLLOOKUP
CPC_TESTKEY			= 4F49, G: CPC_TESTKEY
CPC_TESTKEYBOARD		= 4C0C, G: CPC_TESTKEYBOARD
CPC_UPDSCR			= 4F88, G: CPC_UPDSCR
CPC_UPDTILETABLE		= 4D10, G: CPC_UPDTILETABLE
DEPACK				= 07A5, L: MK1
DO_UPDATE			= 4CBA, L: CPC_PUTSPTILEMAP8X16
ENTRY				= 5095, L: L_DIV_U
FIN				= 4D0D, L: CPC_PUTSPTILEMAP8X16
FSCLIPSTRUCT			= 079E, L: MK1
INCREMENTO2			= 4E16, L: CPC_SHOWTILEMAP
INVCOLLP			= 4C62, L: CPC_INVALIDATERECT
INVFULLCHAR			= 4C75, L: CPC_INVALIDATERECT
INVROWLP			= 4C77, L: CPC_INVALIDATERECT
ISR_DONE			= 49C0, L: MK1
I_1				= 4B0C, L: MK1
I_100				= 41D9, L: MK1
I_101				= 41BB, L: MK1
I_102				= 418B, L: MK1
I_104				= 41D9, L: MK1
I_105				= 41D0, L: MK1
I_106				= 41D3, L: MK1
I_107				= 4226, L: MK1
I_108				= 427C, L: MK1
I_109				= 4279, L: MK1
I_110				= 42D0, L: MK1
I_111				= 42D0, L: MK1
I_112				= 42D0, L: MK1
I_113				= 42F7, L: MK1
I_114				= 4316, L: MK1
I_115				= 4316, L: MK1
I_116				= 4324, L: MK1
I_117				= 4346, L: MK1
I_118				= 4349, L: MK1
I_119				= 4373, L: MK1
I_120				= 4564, L: MK1
I_121				= 437D, L: MK1
I_123				= 4424, L: MK1
I_124				= 43D5, L: MK1
I_125				= 43ED, L: MK1
I_126				= 43ED, L: MK1
I_127				= 43ED, L: MK1
I_128				= 43ED, L: MK1
I_129				= 4419, L: MK1
I_130				= 4536, L: MK1
I_131				= 4561, L: MK1
I_132				= 4589, L: MK1
I_133				= 45B0, L: MK1
I_134				= 489D, L: MK1
I_135				= 45B5, L: MK1
I_136				= 4644, L: MK1
I_137				= 4647, L: MK1
I_139				= 46AE, L: MK1
I_140				= 4651, L: MK1
I_141				= 4669, L: MK1
I_142				= 4669, L: MK1
I_143				= 4669, L: MK1
I_144				= 4669, L: MK1
I_145				= 486A, L: MK1
I_146				= 46CA, L: MK1
I_147				= 4811, L: MK1
I_148				= 480E, L: MK1
I_149				= 4745, L: MK1
I_15				= 3646, L: MK1
I_150				= 4745, L: MK1
I_151				= 4714, L: MK1
I_152_I_151			= 4717, L: MK1
I_153				= 480E, L: MK1
I_154				= 477F, L: MK1
I_154_I_155			= 4786, L: MK1
I_155				= 4781, L: MK1
I_156				= 47D8, L: MK1
I_157				= 47CE, L: MK1
I_158				= 47D1, L: MK1
I_159				= 47DB, L: MK1
I_16				= 3642, L: MK1
I_160				= 486A, L: MK1
I_161				= 486A, L: MK1
I_162				= 4837, L: MK1
I_163_I_162			= 483A, L: MK1
I_164				= 486A, L: MK1
I_165				= 48A5, L: MK1
I_166				= 48D0, L: MK1
I_167				= 48E9, L: MK1
I_168				= 49AE, L: MK1
I_170				= 4961, L: MK1
I_171				= 4918, L: MK1
I_172				= 492B, L: MK1
I_173				= 4938, L: MK1
I_174				= 4943, L: MK1
I_175				= 4961, L: MK1
I_176				= 49AE, L: MK1
I_177				= 4A43, L: MK1
I_178				= 4B0B, L: MK1
I_179				= 4AB3, L: MK1
I_180				= 4AF1, L: MK1
I_181				= 4AEE, L: MK1
I_182				= 4AFF, L: MK1
I_183				= 4B02, L: MK1
I_19				= 3809, L: MK1
I_20				= 3834, L: MK1
I_21				= 3890, L: MK1
I_22				= 3893, L: MK1
I_23				= 392D, L: MK1
I_24				= 3932, L: MK1
I_25				= 39C8, L: MK1
I_26				= 39D0, L: MK1
I_27				= 39D1, L: MK1
I_28				= 39D9, L: MK1
I_29				= 39E7, L: MK1
I_30				= 39F1, L: MK1
I_31				= 39D9, L: MK1
I_32				= 39E7, L: MK1
I_33				= 39FC, L: MK1
I_34				= 3A29, L: MK1
I_35				= 3A06, L: MK1
I_36				= 3AF0, L: MK1
I_37				= 3A4A, L: MK1
I_38_I_37			= 3A4D, L: MK1
I_39				= 3A57, L: MK1
I_40				= 3AC8, L: MK1
I_41				= 3A61, L: MK1
I_42				= 3AC5, L: MK1
I_43				= 3AAA, L: MK1
I_44_I_43			= 3AAD, L: MK1
I_45				= 3B21, L: MK1
I_46				= 3BAC, L: MK1
I_47				= 3B2B, L: MK1
I_48				= 3D67, L: MK1
I_49				= 3D75, L: MK1
I_50				= 3D88, L: MK1
I_51				= 3E03, L: MK1
I_52				= 3E03, L: MK1
I_53				= 3DDC, L: MK1
I_55				= 3E97, L: MK1
I_56				= 3E97, L: MK1
I_57				= 3E6C, L: MK1
I_58				= 3E62, L: MK1
I_59				= 3E5D, L: MK1
I_61				= 3E65, L: MK1
I_62				= 3E6F, L: MK1
I_63				= 3EBD, L: MK1
I_64				= 3EB4, L: MK1
I_65				= 3EB7, L: MK1
I_66				= 3F19, L: MK1
I_68				= 3F34, L: MK1
I_69				= 3F37, L: MK1
I_70				= 3FBD, L: MK1
I_71				= 3F76, L: MK1
I_72				= 3F73, L: MK1
I_73				= 3F67, L: MK1
I_75				= 3FBA, L: MK1
I_76				= 3FA4, L: MK1
I_77				= 3FBA, L: MK1
I_78				= 3FC4, L: MK1
I_79				= 402F, L: MK1
I_80				= 3FDA, L: MK1
I_81				= 3FDD, L: MK1
I_82				= 4007, L: MK1
I_83				= 4004, L: MK1
I_84				= 4028, L: MK1
I_85				= 4028, L: MK1
I_86				= 4028, L: MK1
I_87				= 4056, L: MK1
I_88				= 4056, L: MK1
I_89				= 407F, L: MK1
I_90				= 407F, L: MK1
I_91				= 409D, L: MK1
I_92				= 40B0, L: MK1
I_93				= 4159, L: MK1
I_94				= 413B, L: MK1
I_95				= 410A, L: MK1
I_97				= 4159, L: MK1
I_98				= 4150, L: MK1
I_99				= 4153, L: MK1
KEYMAP0				= 4F63, L: CPC_KEYSDATA
LOOP_ALTO_2			= 4E3C, L: CPC_SHOWTILEMAP
LOOP_ALTO_MAP_SBUFFER		= 4E2C, L: CPC_SHOWTILEMAP
LOOP_ALTO_MAP_SBUFFER		= 4D64, L: CPC_PUTTRSP8X16TILEMAP2B
LOOP_ANCHO_MAP_SBUFFER		= 4E2C, L: CPC_SHOWTILEMAP
L_AND				= 506F, G: L_AND
L_ASL				= 5076, G: L_ASL
L_ASL1				= 5077, L: L_ASL
L_ASR				= 507D, G: L_ASR
L_ASR1				= 507E, L: L_ASR
L_ASR_U				= 5087, G: L_ASR_U
L_ASR_U_1			= 5088, L: L_ASR_U
L_DIV1				= 509C, L: L_DIV_U
L_DIV2				= 50A6, L: L_DIV_U
L_DIV_U				= 5091, G: L_DIV_U
L_EQ				= 50B0, G: L_EQ
L_GCHAR				= 50B7, G: L_GCHAR
L_GINT				= 50BD, G: L_GINT
L_GINTSP			= 50C2, G: L_GINTSP
L_GT				= 50CA, G: L_GT
L_LNEG				= 50D6, G: L_LNEG
L_LT				= 50DB, G: L_LT
L_MULT				= 50E7, G: L_MULT
L_MULT1				= 50EE, L: L_MULT
L_MULT2				= 50F5, L: L_MULT
L_NE				= 50F8, G: L_NE
L_NEG				= 50FF, G: L_NEG
L_OR				= 5107, G: L_OR
L_PINT				= 510E, G: L_PINT
L_PINT_POP			= 5114, G: L_PINT_POP
L_SXT				= 511A, G: L_SXT
L_SXT				= 50B8, L: L_GCHAR
L_UGE				= 511F, G: L_UGE
L_UGT				= 5127, G: L_UGT
L_ULE				= 512D, G: L_ULE
L_ULT				= 5135, G: L_ULT
NEXTRAND			= 390F, L: MK1
NOINC				= 4D3D, L: CPC_TBLLOOKUP
NOINC1				= 4C5E, L: CPC_INVALIDATERECT
NOINC2				= 4C71, L: CPC_INVALIDATERECT
NOINC3				= 4C82, L: CPC_INVALIDATERECT
NOINCD				= 4FF6, L: CPC_UPDSCR
NOINCD				= 4EC5, L: CPC_SHOWTOUCHEDTILES
ORIGIN_LAST_ROW			= 4CF4, L: CPC_PUTSPTILEMAP8X16
ORIGIN_NEXT_ROW			= 4CE0, L: CPC_PUTSPTILEMAP8X16
PANTALLA_ACTUAL			= 0466, L: TILEMAPCONF
PANTALLA_JUEGO			= 0468, G: TILEMAPCONF
PASA_BLOQUE_A_SBUFFER		= 4D4A, L: CPC_PUTTRSP8X16TILEMAP2B
POSICIONAR_PANTALLA		= 4ED1, L: CPC_SHOWTOUCHEDTILES
POSICIONAR_SUPERBUFFER		= 4FFA, L: CPC_UPDSCR
POSICIONAR_SUPERBUFFER		= 4EC9, L: CPC_SHOWTOUCHEDTILES
POSICIONAR_TILE			= 500D, L: CPC_UPDSCR
POSICIONES_PANTALLA		= 0406, G: TILEMAPCONF
POSICIONES_SUPER_BUFFER		= 0436, G: TILEMAPCONF
PRINT_STR_LOOP			= 37F6, L: MK1
PROCESS				= 4F9A, L: CPC_UPDSCR
PROCESS				= 4E69, L: CPC_SHOWTOUCHEDTILES
PULSADO				= 4F60, L: CPC_TESTKEY
RAND16				= 38F3, L: MK1
SIG_LINEA_2			= 4E53, L: CPC_SHOWTILEMAP
SKIPALL				= 4FEE, L: CPC_UPDSCR
SKIPALL				= 4EBD, L: CPC_SHOWTOUCHEDTILES
SOLOCOPIA			= 4DD1, L: CPC_SHOWTILEMAP
SP_BUFFER_MASK			= 4D5E, L: CPC_PUTTRSP8X16TILEMAP2B
START				= 0400, L: CPC_CRT0
TABLA_TECLAS0			= 4F6F, L: CPC_KEYSDATA
TECLA_0				= 4F6D, L: CPC_KEYSDATA
TECLA_PULSADA			= 4C07, L: CPC_ANYKEYPRESSED
TILEMAPCONF			= 0406, G: TILEMAPCONF
TILES				= 1DB7, G: MK1
TILES_TOCADOS_PTR		= 0768, G: TILEMAPCONF
TRANSFERIR_MAP_SBUFFER		= 5028, L: CPC_UPDSCR
TRANSFERIR_MAP_SBUFFER		= 4E26, L: CPC_SHOWTILEMAP
TRANSFERIR_PANTALLA_A_SUPERBUFFER	= 4DDE, L: CPC_SHOWTILEMAP
TRANSFERIR_SPRITE		= 4D4A, L: CPC_PUTTRSP8X16TILEMAP2B
TRANSF_BLOQUE_SB_PANTALLA	= 4EE0, L: CPC_SHOWTOUCHEDTILES
UCOPYTILE			= 4FFA, L: CPC_UPDSCR
VPCLIPSTRUCT			= 079A, L: MK1
_ABS				= 391C, G: MK1
_ACTIVE				= 4B6C, G: MK1
_ADDSIGN			= 39B8, G: MK1
_ADVANCE_WORM_NO_INC_Y		= 3BA6, L: MK1
_ASM_INT			= 4BDD, G: MK1
_ASM_INT_2			= 4BA4, G: MK1
_ASM_NUMBER			= 4BB2, G: MK1
_AT1				= 4BBB, G: MK1
_AT2				= 4BBC, G: MK1
_ATTR				= 3622, G: MK1
_BEHS				= 076A, G: MK1
_BLACKOUT			= 14B9, G: MK1
_CERROJOS			= 1DA7, G: MK1
_CLEAR_SPRITES			= 3801, G: MK1
_CM_TWO_POINTS			= 3896, G: MK1
_CM_TWO_POINTS_AT1_DO		= 38A7, L: MK1
_CM_TWO_POINTS_AT1_DONE		= 38C1, L: MK1
_CM_TWO_POINTS_AT1_RESET	= 38A4, L: MK1
_CM_TWO_POINTS_AT2_DO		= 38D5, L: MK1
_CM_TWO_POINTS_AT2_DONE		= 38EF, L: MK1
_CM_TWO_POINTS_AT2_RESET	= 38D2, L: MK1
_COLLIDE			= 3835, G: MK1
_CORTINA			= 3945, G: MK1
_CX1				= 4BBE, G: MK1
_CX2				= 4BBF, G: MK1
_CY1				= 4BC0, G: MK1
_CY2				= 4BC1, G: MK1
_DRAW_COLOURED_TILE		= 36B6, G: MK1
_DRAW_COLOURED_TILE_GAMEAREA	= 36FD, G: MK1
_DRAW_DECORATIONS		= 372B, G: MK1
_DRAW_DECORATIONS_LOOP		= 372E, L: MK1
_DRAW_INVALIDATE_COLOURED_TILE_G= 36F6, G: MK1
_DRAW_OBJS			= 37D9, G: MK1
_DRAW_SCR			= 3BAD, G: MK1
_DRAW_SCR_BACKGROUND		= 3AF1, G: MK1
_DRAW_SCR_PACKED_ALT		= 3B77, L: MK1
_DRAW_SCR_PACKED_ALT_SUBST	= 3B86, L: MK1
_DRAW_SCR_PACKED_DONE		= 3B5B, L: MK1
_DRAW_SCR_PACKED_EXISTING	= 3B56, L: MK1
_DRAW_SCR_PACKED_NEW		= 3B41, L: MK1
_DRAW_SCR_PACKED_NOALT		= 3B8B, L: MK1
_ENEMS_DRAW_CURRENT		= 435B, G: MK1
_ENEMS_KILL			= 4565, G: MK1
_ENEMS_LM_CHANGE_AXIS_X		= 4686, L: MK1
_ENEMS_LM_CHANGE_AXIS_X_DONE	= 468E, L: MK1
_ENEMS_LM_CHANGE_AXIS_Y		= 46A6, L: MK1
_ENEMS_LM_CHANGE_AXIS_Y_DONE	= 46AE, L: MK1
_ENEMS_LOAD			= 435C, G: MK1
_ENEMS_MOVE			= 4594, G: MK1
_ENIT				= 4B95, G: MK1
_ENOFFS				= 4B89, G: MK1
_ENOFFSMASI			= 4BD8, G: MK1
_EN_AN_BASE_FRAME		= 4B37, G: MK1
_EN_AN_COUNT			= 4BEC, G: MK1
_EN_AN_CURRENT_FRAME		= 4B83, G: MK1
_EN_AN_FRAME			= 4BE6, G: MK1
_EN_AN_NEXT_FRAME		= 4BB5, G: MK1
_EN_AN_STATE			= 4B41, G: MK1
_ESPERA_ACTIVA			= 39D1, G: MK1
_FLAGS				= 4B44, G: MK1
_FONT				= 1DB7, L: MK1
_GAME_ENDING			= 3946, G: MK1
_GAME_OVER			= 3961, G: MK1
_GEN_PT				= 4B7B, G: MK1
_GPAUX				= 4B6B, G: MK1
_GPC				= 4BC3, G: MK1
_GPCX				= 4B99, G: MK1
_GPCY				= 4B9A, G: MK1
_GPD				= 4BC4, G: MK1
_GPEN_CX			= 4B31, G: MK1
_GPEN_CY			= 4B32, G: MK1
_GPEN_X				= 4B8D, G: MK1
_GPEN_Y				= 4B8E, G: MK1
_GPIT				= 4B9B, G: MK1
_GPJT				= 4B9D, G: MK1
_GPOX				= 4B9F, G: MK1
_GPT				= 4BC6, G: MK1
_GPX				= 4BCA, G: MK1
_GPXX				= 4BAA, G: MK1
_GPY				= 4BCB, G: MK1
_GPYY				= 4BAB, G: MK1
_HALF_LIFE			= 4B3C, G: MK1
_HIT				= 4BC5, G: MK1
_HIT_H				= 4B67, G: MK1
_HIT_V				= 4B69, G: MK1
_HOTSPOTS			= 30E1, G: MK1
_HOTSPOTS_DO			= 48D1, G: MK1
_HOTSPOTS_INIT			= 489E, G: MK1
_HOTSPOTS_SETUP_DO		= 3BEF, L: MK1
_HOTSPOTS_SETUP_DONE		= 3C29, L: MK1
_HOTSPOTS_SETUP_SET		= 3C21, L: MK1
_HOTSPOTS_SETUP_SET_REFILL	= 3C20, L: MK1
_HOTSPOT_DESTROY		= 4B6F, G: MK1
_HOTSPOT_X			= 4B3A, G: MK1
_HOTSPOT_Y			= 4B3B, G: MK1
_INVALIDATE_TILE		= 36D1, G: MK1
_INVALIDATE_VIEWPORT		= 36EA, G: MK1
_ISR				= 49BE, L: MK1
_IS_RENDERING			= 4BDB, G: MK1
_ITJ				= 4BD1, G: MK1
_KEYS_OLD			= 4BD4, G: MK1
_KILLED_OLD			= 4B6A, G: MK1
_LEVEL				= 4B6E, G: MK1
_LIFE_OLD			= 4B78, G: MK1
_LOCKS_INIT			= 39F2, G: MK1
_MAIN				= 49AF, G: MK1
_MAINCOUNTER			= 4BAD, G: MK1
_MALOTES			= 2DB7, G: MK1
_MAPA				= 14DD, G: MK1
_MAP_POINTER			= 4B3D, G: MK1
_MY_INKS			= 14CD, G: MK1
_NAMETABLE			= 0468, G: TILEMAPCONF
_N_PANT				= 4B91, G: MK1
_OBJS_OLD			= 4BAC, G: MK1
_OPEN_LOCKS_DO			= 3C42, L: MK1
_OPEN_LOCKS_DONE		= 3C6A, L: MK1
_OPEN_LOCKS_LOOP		= 3C2E, L: MK1
_ORIG_TILE			= 4BE5, G: MK1
_O_PANT				= 4B93, G: MK1
_PAD0				= 4B8F, G: MK1
_PAL_SET			= 3802, G: MK1
_PLAYER_CALC_BOUNDING_BOX	= 3CE2, G: MK1
_PLAYER_DEPLETE			= 4325, G: MK1
_PLAYER_GRAVITY_ADD		= 3D34, L: MK1
_PLAYER_GRAVITY_DONE		= 3D40, L: MK1
_PLAYER_GRAVITY_MAXIMUM		= 3D3A, L: MK1
_PLAYER_GRAVITY_P_GOTTEN_DONE	= 3D4A, L: MK1
_PLAYER_GRAVITY_VY_SET		= 3D3D, L: MK1
_PLAYER_INIT			= 3C7A, G: MK1
_PLAYER_KILL			= 4350, G: MK1
_PLAYER_MOVE			= 3D23, G: MK1
_PLAYING			= 4B9E, G: MK1
_POSSEE				= 4BE4, G: MK1
_PREGOTTEN			= 4B66, G: MK1
_PRINT_NUMBER2			= 3790, G: MK1
_PRINT_STR			= 37F0, G: MK1
_PROCESS_TILE			= 3A2A, G: MK1
_PTGMX				= 4B7D, G: MK1
_PTGMY				= 4B7F, G: MK1
_PTX1				= 4BAE, G: MK1
_PTX2				= 4BAF, G: MK1
_PTY1				= 4BB0, G: MK1
_PTY2				= 4BB1, G: MK1
_P_AMMO				= 4B8C, G: MK1
_P_CONT_SALTO			= 4B92, G: MK1
_P_CT_ESTADO			= 4B6D, G: MK1
_P_CURRENT_FRAME		= 4B81, G: MK1
_P_DISPARANDO			= 4BEF, G: MK1
_P_ESTADO			= 4B8A, G: MK1
_P_FACING			= 4B64, G: MK1
_P_FACING_H			= 4BDF, G: MK1
_P_FACING_V			= 4BE2, G: MK1
_P_FRAME			= 4B65, G: MK1
_P_FUEL				= 4B96, G: MK1
_P_GOTTEN			= 4B98, G: MK1
_P_KEYS				= 4B9C, G: MK1
_P_KILLED			= 4B8B, G: MK1
_P_KILLME			= 4B90, G: MK1
_P_KILL_AMT			= 4B68, G: MK1
_P_LIFE				= 4B94, G: MK1
_P_NEXT_FRAME			= 4BB3, G: MK1
_P_OBJS				= 4B97, G: MK1
_P_SALTANDO			= 4BE3, G: MK1
_P_SUBFRAME			= 4BC2, G: MK1
_P_TX				= 4BA2, G: MK1
_P_TY				= 4BA3, G: MK1
_P_VX				= 4BA6, G: MK1
_P_VY				= 4BA8, G: MK1
_P_X				= 4BCC, G: MK1
_P_Y				= 4BCE, G: MK1
_QTILE				= 3672, G: MK1
_RAM_ADDRESS			= 4BF0, G: MK1
_RAM_DESTINATION		= 4BEA, G: MK1
_RAND				= 38F3, G: MK1
_RDA				= 4BC7, G: MK1
_RDB				= 4BC8, G: MK1
_RDC				= 4BC9, G: MK1
_RDD				= 4BD0, G: MK1
_RDN				= 4BD3, G: MK1
_RDX				= 4BD5, G: MK1
_RDY				= 4BD6, G: MK1
_SEED				= 4BA0, G: MK1
_SELECT_JOYFUNC			= 3C79, G: MK1
_SLEVEL				= 4BDC, G: MK1
_SM_COX				= 357B, G: MK1
_SM_COY				= 358B, G: MK1
_SM_INVFUNC			= 359B, G: MK1
_SM_SPRPTR			= 35DB, G: MK1
_SM_UPDFUNC			= 35BB, G: MK1
_SPACER				= 07A2, G: MK1
_SPRITES			= 313B, G: MK1
_SPRITE_18_A			= 353B, G: MK1
_SPR_NEXT			= 4B29, G: MK1
_STEP				= 3933, G: MK1
_SUCCESS			= 4BE9, G: MK1
_S_ENDING			= 1171, G: MK1
_S_MARCO			= 1068, G: MK1
_S_TITLE			= 0848, G: MK1
_TILESET			= 1DB7, G: MK1
_TOCADO				= 4BDA, G: MK1
_TRPIXLUTC			= 35FB, G: MK1
_TSPATTERNS			= 21B7, L: MK1
_UPDATE_TILE			= 375F, G: MK1
_UTAUX				= 375E, G: MK1
_WALL_H				= 4BD7, G: MK1
_WALL_V				= 4BD9, G: MK1
_WARP_TO_LEVEL			= 07A4, G: MK1
_X0				= 4B70, G: MK1
_X1				= 4B72, G: MK1
_Y0				= 4B71, G: MK1
_Y1				= 4B73, G: MK1
__BADDIES_POINTER		= 4BE0, G: MK1
__EN_LIFE			= 4BBD, G: MK1
__EN_MX				= 4B3F, G: MK1
__EN_MY				= 4B40, G: MK1
__EN_T				= 4B26, G: MK1
__EN_X				= 4B27, G: MK1
__EN_X1				= 4B33, G: MK1
__EN_X2				= 4B34, G: MK1
__EN_Y				= 4B28, G: MK1
__EN_Y1				= 4B35, G: MK1
__EN_Y2				= 4B36, G: MK1
__GP_GEN			= 4B79, G: MK1
__N				= 4B74, G: MK1
__T				= 4B75, G: MK1
__TILE_ADDRESS			= 369E, G: MK1
__X				= 4B76, G: MK1
__Y				= 4B77, G: MK1


START				= 0400, L: CPC_CRT0
TILEMAPCONF			= 0406, G: TILEMAPCONF
POSICIONES_PANTALLA		= 0406, G: TILEMAPCONF
POSICIONES_SUPER_BUFFER		= 0436, G: TILEMAPCONF
PANTALLA_ACTUAL			= 0466, L: TILEMAPCONF
_NAMETABLE			= 0468, G: TILEMAPCONF
PANTALLA_JUEGO			= 0468, G: TILEMAPCONF
TILES_TOCADOS_PTR		= 0768, G: TILEMAPCONF
_BEHS				= 076A, G: MK1
VPCLIPSTRUCT			= 079A, L: MK1
FSCLIPSTRUCT			= 079E, L: MK1
_SPACER				= 07A2, G: MK1
_WARP_TO_LEVEL			= 07A4, G: MK1
DEPACK				= 07A5, L: MK1
APBRANCH1			= 07A8, L: MK1
APLOOP0				= 07AA, L: MK1
APLOOP				= 07AD, L: MK1
APGET4BITS			= 07C0, L: MK1
APWRITEBYTE			= 07CA, L: MK1
APBRANCH4			= 07CE, L: MK1
APBRANCH3			= 07D7, L: MK1
APBRANCH2			= 07EB, L: MK1
APSKIP2				= 080A, L: MK1
APSKIP3				= 0813, L: MK1
AP_FINISHUP			= 0816, L: MK1
AP_FINISHUP2			= 0819, L: MK1
AP_R0_GAMMA			= 0820, L: MK1
AP_GETBIT			= 082C, L: MK1
AP_GETGAMMA			= 0838, L: MK1
AP_GETGAMMALOOP			= 083B, L: MK1
_S_TITLE			= 0848, G: MK1
_S_MARCO			= 1068, G: MK1
_S_ENDING			= 1171, G: MK1
_BLACKOUT			= 14B9, G: MK1
BO_L1				= 14BB, L: MK1
_MY_INKS			= 14CD, G: MK1
_MAPA				= 14DD, G: MK1
_CERROJOS			= 1DA7, G: MK1
_FONT				= 1DB7, L: MK1
_TILESET			= 1DB7, G: MK1
TILES				= 1DB7, G: MK1
_TSPATTERNS			= 21B7, L: MK1
_MALOTES			= 2DB7, G: MK1
_HOTSPOTS			= 30E1, G: MK1
_SPRITES			= 313B, G: MK1
_SPRITE_18_A			= 353B, G: MK1
_SM_COX				= 357B, G: MK1
_SM_COY				= 358B, G: MK1
_SM_INVFUNC			= 359B, G: MK1
_SM_UPDFUNC			= 35BB, G: MK1
_SM_SPRPTR			= 35DB, G: MK1
_TRPIXLUTC			= 35FB, G: MK1
_ATTR				= 3622, G: MK1
I_16				= 3642, L: MK1
I_15				= 3646, L: MK1
_QTILE				= 3672, G: MK1
__TILE_ADDRESS			= 369E, G: MK1
_DRAW_COLOURED_TILE		= 36B6, G: MK1
_INVALIDATE_TILE		= 36D1, G: MK1
_INVALIDATE_VIEWPORT		= 36EA, G: MK1
_DRAW_INVALIDATE_COLOURED_TILE_G= 36F6, G: MK1
_DRAW_COLOURED_TILE_GAMEAREA	= 36FD, G: MK1
_DRAW_DECORATIONS		= 372B, G: MK1
_DRAW_DECORATIONS_LOOP		= 372E, L: MK1
_UTAUX				= 375E, G: MK1
_UPDATE_TILE			= 375F, G: MK1
_PRINT_NUMBER2			= 3790, G: MK1
_DRAW_OBJS			= 37D9, G: MK1
_PRINT_STR			= 37F0, G: MK1
PRINT_STR_LOOP			= 37F6, L: MK1
_CLEAR_SPRITES			= 3801, G: MK1
_PAL_SET			= 3802, G: MK1
I_19				= 3809, L: MK1
I_20				= 3834, L: MK1
_COLLIDE			= 3835, G: MK1
I_21				= 3890, L: MK1
I_22				= 3893, L: MK1
_CM_TWO_POINTS			= 3896, G: MK1
_CM_TWO_POINTS_AT1_RESET	= 38A4, L: MK1
_CM_TWO_POINTS_AT1_DO		= 38A7, L: MK1
_CM_TWO_POINTS_AT1_DONE		= 38C1, L: MK1
_CM_TWO_POINTS_AT2_RESET	= 38D2, L: MK1
_CM_TWO_POINTS_AT2_DO		= 38D5, L: MK1
_CM_TWO_POINTS_AT2_DONE		= 38EF, L: MK1
_RAND				= 38F3, G: MK1
RAND16				= 38F3, L: MK1
NEXTRAND			= 390F, L: MK1
_ABS				= 391C, G: MK1
I_23				= 392D, L: MK1
I_24				= 3932, L: MK1
_STEP				= 3933, G: MK1
_CORTINA			= 3945, G: MK1
_GAME_ENDING			= 3946, G: MK1
_GAME_OVER			= 3961, G: MK1
_ADDSIGN			= 39B8, G: MK1
I_25				= 39C8, L: MK1
I_26				= 39D0, L: MK1
_ESPERA_ACTIVA			= 39D1, G: MK1
I_27				= 39D1, L: MK1
I_31				= 39D9, L: MK1
I_28				= 39D9, L: MK1
I_29				= 39E7, L: MK1
I_32				= 39E7, L: MK1
I_30				= 39F1, L: MK1
_LOCKS_INIT			= 39F2, G: MK1
I_33				= 39FC, L: MK1
I_35				= 3A06, L: MK1
I_34				= 3A29, L: MK1
_PROCESS_TILE			= 3A2A, G: MK1
I_37				= 3A4A, L: MK1
I_38_I_37			= 3A4D, L: MK1
I_39				= 3A57, L: MK1
I_41				= 3A61, L: MK1
I_43				= 3AAA, L: MK1
I_44_I_43			= 3AAD, L: MK1
I_42				= 3AC5, L: MK1
I_40				= 3AC8, L: MK1
I_36				= 3AF0, L: MK1
_DRAW_SCR_BACKGROUND		= 3AF1, G: MK1
I_45				= 3B21, L: MK1
I_47				= 3B2B, L: MK1
_DRAW_SCR_PACKED_NEW		= 3B41, L: MK1
_DRAW_SCR_PACKED_EXISTING	= 3B56, L: MK1
_DRAW_SCR_PACKED_DONE		= 3B5B, L: MK1
_DRAW_SCR_PACKED_ALT		= 3B77, L: MK1
_DRAW_SCR_PACKED_ALT_SUBST	= 3B86, L: MK1
_DRAW_SCR_PACKED_NOALT		= 3B8B, L: MK1
_ADVANCE_WORM_NO_INC_Y		= 3BA6, L: MK1
I_46				= 3BAC, L: MK1
_DRAW_SCR			= 3BAD, G: MK1
_HOTSPOTS_SETUP_DO		= 3BEF, L: MK1
_HOTSPOTS_SETUP_SET_REFILL	= 3C20, L: MK1
_HOTSPOTS_SETUP_SET		= 3C21, L: MK1
_HOTSPOTS_SETUP_DONE		= 3C29, L: MK1
_OPEN_LOCKS_LOOP		= 3C2E, L: MK1
_OPEN_LOCKS_DO			= 3C42, L: MK1
_OPEN_LOCKS_DONE		= 3C6A, L: MK1
_SELECT_JOYFUNC			= 3C79, G: MK1
_PLAYER_INIT			= 3C7A, G: MK1
_PLAYER_CALC_BOUNDING_BOX	= 3CE2, G: MK1
_PLAYER_MOVE			= 3D23, G: MK1
_PLAYER_GRAVITY_ADD		= 3D34, L: MK1
_PLAYER_GRAVITY_MAXIMUM		= 3D3A, L: MK1
_PLAYER_GRAVITY_VY_SET		= 3D3D, L: MK1
_PLAYER_GRAVITY_DONE		= 3D40, L: MK1
_PLAYER_GRAVITY_P_GOTTEN_DONE	= 3D4A, L: MK1
I_48				= 3D67, L: MK1
I_49				= 3D75, L: MK1
I_50				= 3D88, L: MK1
I_53				= 3DDC, L: MK1
I_51				= 3E03, L: MK1
I_52				= 3E03, L: MK1
I_59				= 3E5D, L: MK1
I_58				= 3E62, L: MK1
I_61				= 3E65, L: MK1
I_57				= 3E6C, L: MK1
I_62				= 3E6F, L: MK1
I_56				= 3E97, L: MK1
I_55				= 3E97, L: MK1
I_64				= 3EB4, L: MK1
I_65				= 3EB7, L: MK1
I_63				= 3EBD, L: MK1
I_66				= 3F19, L: MK1
I_68				= 3F34, L: MK1
I_69				= 3F37, L: MK1
I_73				= 3F67, L: MK1
I_72				= 3F73, L: MK1
I_71				= 3F76, L: MK1
I_76				= 3FA4, L: MK1
I_77				= 3FBA, L: MK1
I_75				= 3FBA, L: MK1
I_70				= 3FBD, L: MK1
I_78				= 3FC4, L: MK1
I_80				= 3FDA, L: MK1
I_81				= 3FDD, L: MK1
I_83				= 4004, L: MK1
I_82				= 4007, L: MK1
I_85				= 4028, L: MK1
I_86				= 4028, L: MK1
I_84				= 4028, L: MK1
I_79				= 402F, L: MK1
I_87				= 4056, L: MK1
I_88				= 4056, L: MK1
I_89				= 407F, L: MK1
I_90				= 407F, L: MK1
I_91				= 409D, L: MK1
I_92				= 40B0, L: MK1
I_95				= 410A, L: MK1
I_94				= 413B, L: MK1
I_98				= 4150, L: MK1
I_99				= 4153, L: MK1
I_93				= 4159, L: MK1
I_97				= 4159, L: MK1
I_102				= 418B, L: MK1
I_101				= 41BB, L: MK1
I_105				= 41D0, L: MK1
I_106				= 41D3, L: MK1
I_104				= 41D9, L: MK1
I_100				= 41D9, L: MK1
I_107				= 4226, L: MK1
I_109				= 4279, L: MK1
I_108				= 427C, L: MK1
I_110				= 42D0, L: MK1
I_112				= 42D0, L: MK1
I_111				= 42D0, L: MK1
I_113				= 42F7, L: MK1
I_114				= 4316, L: MK1
I_115				= 4316, L: MK1
I_116				= 4324, L: MK1
_PLAYER_DEPLETE			= 4325, G: MK1
I_117				= 4346, L: MK1
I_118				= 4349, L: MK1
_PLAYER_KILL			= 4350, G: MK1
_ENEMS_DRAW_CURRENT		= 435B, G: MK1
_ENEMS_LOAD			= 435C, G: MK1
I_119				= 4373, L: MK1
I_121				= 437D, L: MK1
I_124				= 43D5, L: MK1
I_127				= 43ED, L: MK1
I_128				= 43ED, L: MK1
I_125				= 43ED, L: MK1
I_126				= 43ED, L: MK1
I_129				= 4419, L: MK1
I_123				= 4424, L: MK1
I_130				= 4536, L: MK1
I_131				= 4561, L: MK1
I_120				= 4564, L: MK1
_ENEMS_KILL			= 4565, G: MK1
I_132				= 4589, L: MK1
_ENEMS_MOVE			= 4594, G: MK1
I_133				= 45B0, L: MK1
I_135				= 45B5, L: MK1
I_136				= 4644, L: MK1
I_137				= 4647, L: MK1
I_140				= 4651, L: MK1
I_144				= 4669, L: MK1
I_142				= 4669, L: MK1
I_143				= 4669, L: MK1
I_141				= 4669, L: MK1
_ENEMS_LM_CHANGE_AXIS_X		= 4686, L: MK1
_ENEMS_LM_CHANGE_AXIS_X_DONE	= 468E, L: MK1
_ENEMS_LM_CHANGE_AXIS_Y		= 46A6, L: MK1
_ENEMS_LM_CHANGE_AXIS_Y_DONE	= 46AE, L: MK1
I_139				= 46AE, L: MK1
I_146				= 46CA, L: MK1
I_151				= 4714, L: MK1
I_152_I_151			= 4717, L: MK1
I_150				= 4745, L: MK1
I_149				= 4745, L: MK1
I_154				= 477F, L: MK1
I_155				= 4781, L: MK1
I_154_I_155			= 4786, L: MK1
I_157				= 47CE, L: MK1
I_158				= 47D1, L: MK1
I_156				= 47D8, L: MK1
I_159				= 47DB, L: MK1
I_153				= 480E, L: MK1
I_148				= 480E, L: MK1
I_147				= 4811, L: MK1
I_162				= 4837, L: MK1
I_163_I_162			= 483A, L: MK1
I_161				= 486A, L: MK1
I_164				= 486A, L: MK1
I_160				= 486A, L: MK1
I_145				= 486A, L: MK1
I_134				= 489D, L: MK1
_HOTSPOTS_INIT			= 489E, G: MK1
I_165				= 48A5, L: MK1
I_166				= 48D0, L: MK1
_HOTSPOTS_DO			= 48D1, G: MK1
I_167				= 48E9, L: MK1
I_171				= 4918, L: MK1
I_172				= 492B, L: MK1
I_173				= 4938, L: MK1
I_174				= 4943, L: MK1
I_175				= 4961, L: MK1
I_170				= 4961, L: MK1
I_176				= 49AE, L: MK1
I_168				= 49AE, L: MK1
_MAIN				= 49AF, G: MK1
_ISR				= 49BE, L: MK1
ISR_DONE			= 49C0, L: MK1
I_177				= 4A43, L: MK1
I_179				= 4AB3, L: MK1
I_181				= 4AEE, L: MK1
I_180				= 4AF1, L: MK1
I_182				= 4AFF, L: MK1
I_183				= 4B02, L: MK1
I_178				= 4B0B, L: MK1
I_1				= 4B0C, L: MK1
__EN_T				= 4B26, G: MK1
__EN_X				= 4B27, G: MK1
__EN_Y				= 4B28, G: MK1
_SPR_NEXT			= 4B29, G: MK1
_GPEN_CX			= 4B31, G: MK1
_GPEN_CY			= 4B32, G: MK1
__EN_X1				= 4B33, G: MK1
__EN_X2				= 4B34, G: MK1
__EN_Y1				= 4B35, G: MK1
__EN_Y2				= 4B36, G: MK1
_EN_AN_BASE_FRAME		= 4B37, G: MK1
_HOTSPOT_X			= 4B3A, G: MK1
_HOTSPOT_Y			= 4B3B, G: MK1
_HALF_LIFE			= 4B3C, G: MK1
_MAP_POINTER			= 4B3D, G: MK1
__EN_MX				= 4B3F, G: MK1
__EN_MY				= 4B40, G: MK1
_EN_AN_STATE			= 4B41, G: MK1
_FLAGS				= 4B44, G: MK1
_P_FACING			= 4B64, G: MK1
_P_FRAME			= 4B65, G: MK1
_PREGOTTEN			= 4B66, G: MK1
_HIT_H				= 4B67, G: MK1
_P_KILL_AMT			= 4B68, G: MK1
_HIT_V				= 4B69, G: MK1
_KILLED_OLD			= 4B6A, G: MK1
_GPAUX				= 4B6B, G: MK1
_ACTIVE				= 4B6C, G: MK1
_P_CT_ESTADO			= 4B6D, G: MK1
_LEVEL				= 4B6E, G: MK1
_HOTSPOT_DESTROY		= 4B6F, G: MK1
_X0				= 4B70, G: MK1
_Y0				= 4B71, G: MK1
_X1				= 4B72, G: MK1
_Y1				= 4B73, G: MK1
__N				= 4B74, G: MK1
__T				= 4B75, G: MK1
__X				= 4B76, G: MK1
__Y				= 4B77, G: MK1
_LIFE_OLD			= 4B78, G: MK1
__GP_GEN			= 4B79, G: MK1
_GEN_PT				= 4B7B, G: MK1
_PTGMX				= 4B7D, G: MK1
_PTGMY				= 4B7F, G: MK1
_P_CURRENT_FRAME		= 4B81, G: MK1
_EN_AN_CURRENT_FRAME		= 4B83, G: MK1
_ENOFFS				= 4B89, G: MK1
_P_ESTADO			= 4B8A, G: MK1
_P_KILLED			= 4B8B, G: MK1
_P_AMMO				= 4B8C, G: MK1
_GPEN_X				= 4B8D, G: MK1
_GPEN_Y				= 4B8E, G: MK1
_PAD0				= 4B8F, G: MK1
_P_KILLME			= 4B90, G: MK1
_N_PANT				= 4B91, G: MK1
_P_CONT_SALTO			= 4B92, G: MK1
_O_PANT				= 4B93, G: MK1
_P_LIFE				= 4B94, G: MK1
_ENIT				= 4B95, G: MK1
_P_FUEL				= 4B96, G: MK1
_P_OBJS				= 4B97, G: MK1
_P_GOTTEN			= 4B98, G: MK1
_GPCX				= 4B99, G: MK1
_GPCY				= 4B9A, G: MK1
_GPIT				= 4B9B, G: MK1
_P_KEYS				= 4B9C, G: MK1
_GPJT				= 4B9D, G: MK1
_PLAYING			= 4B9E, G: MK1
_GPOX				= 4B9F, G: MK1
_SEED				= 4BA0, G: MK1
_P_TX				= 4BA2, G: MK1
_P_TY				= 4BA3, G: MK1
_ASM_INT_2			= 4BA4, G: MK1
_P_VX				= 4BA6, G: MK1
_P_VY				= 4BA8, G: MK1
_GPXX				= 4BAA, G: MK1
_GPYY				= 4BAB, G: MK1
_OBJS_OLD			= 4BAC, G: MK1
_MAINCOUNTER			= 4BAD, G: MK1
_PTX1				= 4BAE, G: MK1
_PTX2				= 4BAF, G: MK1
_PTY1				= 4BB0, G: MK1
_PTY2				= 4BB1, G: MK1
_ASM_NUMBER			= 4BB2, G: MK1
_P_NEXT_FRAME			= 4BB3, G: MK1
_EN_AN_NEXT_FRAME		= 4BB5, G: MK1
_AT1				= 4BBB, G: MK1
_AT2				= 4BBC, G: MK1
__EN_LIFE			= 4BBD, G: MK1
_CX1				= 4BBE, G: MK1
_CX2				= 4BBF, G: MK1
_CY1				= 4BC0, G: MK1
_CY2				= 4BC1, G: MK1
_P_SUBFRAME			= 4BC2, G: MK1
_GPC				= 4BC3, G: MK1
_GPD				= 4BC4, G: MK1
_HIT				= 4BC5, G: MK1
_GPT				= 4BC6, G: MK1
_RDA				= 4BC7, G: MK1
_RDB				= 4BC8, G: MK1
_RDC				= 4BC9, G: MK1
_GPX				= 4BCA, G: MK1
_GPY				= 4BCB, G: MK1
_P_X				= 4BCC, G: MK1
_P_Y				= 4BCE, G: MK1
_RDD				= 4BD0, G: MK1
_ITJ				= 4BD1, G: MK1
_RDN				= 4BD3, G: MK1
_KEYS_OLD			= 4BD4, G: MK1
_RDX				= 4BD5, G: MK1
_RDY				= 4BD6, G: MK1
_WALL_H				= 4BD7, G: MK1
_ENOFFSMASI			= 4BD8, G: MK1
_WALL_V				= 4BD9, G: MK1
_TOCADO				= 4BDA, G: MK1
_IS_RENDERING			= 4BDB, G: MK1
_SLEVEL				= 4BDC, G: MK1
_ASM_INT			= 4BDD, G: MK1
_P_FACING_H			= 4BDF, G: MK1
__BADDIES_POINTER		= 4BE0, G: MK1
_P_FACING_V			= 4BE2, G: MK1
_P_SALTANDO			= 4BE3, G: MK1
_POSSEE				= 4BE4, G: MK1
_ORIG_TILE			= 4BE5, G: MK1
_EN_AN_FRAME			= 4BE6, G: MK1
_SUCCESS			= 4BE9, G: MK1
_RAM_DESTINATION		= 4BEA, G: MK1
_EN_AN_COUNT			= 4BEC, G: MK1
_P_DISPARANDO			= 4BEF, G: MK1
_RAM_ADDRESS			= 4BF0, G: MK1
CPC_ANYKEYPRESSED		= 4BF2, G: CPC_ANYKEYPRESSED
BUCLE_DETECCION_TECLA		= 4BF4, L: CPC_ANYKEYPRESSED
TECLA_PULSADA			= 4C07, L: CPC_ANYKEYPRESSED
CPC_TESTKEYBOARD		= 4C0C, G: CPC_TESTKEYBOARD
CPC_INVALIDATERECT		= 4C30, G: CPC_INVALIDATERECT
CPC_INVALIDATERECT_P		= 4C38, L: CPC_INVALIDATERECT
NOINC1				= 4C5E, L: CPC_INVALIDATERECT
INVCOLLP			= 4C62, L: CPC_INVALIDATERECT
NOINC2				= 4C71, L: CPC_INVALIDATERECT
INVFULLCHAR			= 4C75, L: CPC_INVALIDATERECT
INVROWLP			= 4C77, L: CPC_INVALIDATERECT
NOINC3				= 4C82, L: CPC_INVALIDATERECT
CPC_BITLEFT2MASK		= 4C90, G: CPC_BITLEFT2MASK
CPC_BITRIGHT2MASK		= 4C98, G: CPC_BITRIGHT2MASK
CPC_PUTSPTILEMAP8X16		= 4CA0, G: CPC_PUTSPTILEMAP8X16
DO_UPDATE			= 4CBA, L: CPC_PUTSPTILEMAP8X16
ORIGIN_NEXT_ROW			= 4CE0, L: CPC_PUTSPTILEMAP8X16
ORIGIN_LAST_ROW			= 4CF4, L: CPC_PUTSPTILEMAP8X16
FIN				= 4D0D, L: CPC_PUTSPTILEMAP8X16
ANCHO				= 4D0E, L: CPC_PUTSPTILEMAP8X16
ALTO				= 4D0F, L: CPC_PUTSPTILEMAP8X16
CPC_UPDTILETABLE		= 4D10, G: CPC_UPDTILETABLE
CPC_BIT2MASK			= 4D2F, G: CPC_BIT2MASK
CPC_TBLLOOKUP			= 4D37, G: CPC_TBLLOOKUP
NOINC				= 4D3D, L: CPC_TBLLOOKUP
CPC_PUTTRSP8X16TILEMAP2B	= 4D3F, G: CPC_PUTTRSP8X16TILEMAP2B
TRANSFERIR_SPRITE		= 4D4A, L: CPC_PUTTRSP8X16TILEMAP2B
PASA_BLOQUE_A_SBUFFER		= 4D4A, L: CPC_PUTTRSP8X16TILEMAP2B
SP_BUFFER_MASK			= 4D5E, L: CPC_PUTTRSP8X16TILEMAP2B
LOOP_ALTO_MAP_SBUFFER		= 4D64, L: CPC_PUTTRSP8X16TILEMAP2B
CPC_RESETTOUCHEDTILES		= 4D91, G: CPC_RESETTOUCHEDTILES
CPC_SETCOLOUR			= 4D9F, G: CPC_SETCOLOUR
CPC_SETMODE			= 4DB2, G: CPC_SETMODE
CPC_SHOWTILEMAP			= 4DBC, G: CPC_SHOWTILEMAP
SOLOCOPIA			= 4DD1, L: CPC_SHOWTILEMAP
TRANSFERIR_PANTALLA_A_SUPERBUFFER	= 4DDE, L: CPC_SHOWTILEMAP
BUCLE_DIBUJADO_FONDO		= 4DE5, L: CPC_SHOWTILEMAP
INCREMENTO2			= 4E16, L: CPC_SHOWTILEMAP
CONTADOR_TILES			= 4E23, L: CPC_SHOWTILEMAP
CONTADOR_TILES2			= 4E24, L: CPC_SHOWTILEMAP
TRANSFERIR_MAP_SBUFFER		= 4E26, L: CPC_SHOWTILEMAP
LOOP_ALTO_MAP_SBUFFER		= 4E2C, L: CPC_SHOWTILEMAP
LOOP_ANCHO_MAP_SBUFFER		= 4E2C, L: CPC_SHOWTILEMAP
CPC_PUTSP			= 4E3A, L: CPC_SHOWTILEMAP
LOOP_ALTO_2			= 4E3C, L: CPC_SHOWTILEMAP
SIG_LINEA_2			= 4E53, L: CPC_SHOWTILEMAP
CPC_SHOWTOUCHEDTILES		= 4E57, G: CPC_SHOWTOUCHEDTILES
BUCLE_CPC_SHOWTOUCHEDTILES	= 4E5F, L: CPC_SHOWTOUCHEDTILES
PROCESS				= 4E69, L: CPC_SHOWTOUCHEDTILES
BIT0_SKIP			= 4E74, L: CPC_SHOWTOUCHEDTILES
BIT1_SKIP			= 4E7E, L: CPC_SHOWTOUCHEDTILES
BIT2_SKIP			= 4E88, L: CPC_SHOWTOUCHEDTILES
BIT3_SKIP			= 4E92, L: CPC_SHOWTOUCHEDTILES
BIT4_SKIP			= 4E9C, L: CPC_SHOWTOUCHEDTILES
BIT5_SKIP			= 4EA6, L: CPC_SHOWTOUCHEDTILES
BIT6_SKIP			= 4EB0, L: CPC_SHOWTOUCHEDTILES
BIT7_SKIP			= 4EBA, L: CPC_SHOWTOUCHEDTILES
SKIPALL				= 4EBD, L: CPC_SHOWTOUCHEDTILES
NOINCD				= 4EC5, L: CPC_SHOWTOUCHEDTILES
POSICIONAR_SUPERBUFFER		= 4EC9, L: CPC_SHOWTOUCHEDTILES
COPYTILE			= 4EC9, L: CPC_SHOWTOUCHEDTILES
POSICIONAR_PANTALLA		= 4ED1, L: CPC_SHOWTOUCHEDTILES
TRANSF_BLOQUE_SB_PANTALLA	= 4EE0, L: CPC_SHOWTOUCHEDTILES
CPC_TESTKEY			= 4F49, G: CPC_TESTKEY
PULSADO				= 4F60, L: CPC_TESTKEY
KEYMAP0				= 4F63, L: CPC_KEYSDATA
CPC_KEYSDATA			= 4F63, G: CPC_KEYSDATA
TECLA_0				= 4F6D, L: CPC_KEYSDATA
TABLA_TECLAS0			= 4F6F, L: CPC_KEYSDATA
CPC_UPDSCR			= 4F88, G: CPC_UPDSCR
BUCLE_CPC_UPDSCR		= 4F90, L: CPC_UPDSCR
PROCESS				= 4F9A, L: CPC_UPDSCR
BIT0_SKIP			= 4FA5, L: CPC_UPDSCR
BIT1_SKIP			= 4FAF, L: CPC_UPDSCR
BIT2_SKIP			= 4FB9, L: CPC_UPDSCR
BIT3_SKIP			= 4FC3, L: CPC_UPDSCR
BIT4_SKIP			= 4FCD, L: CPC_UPDSCR
BIT5_SKIP			= 4FD7, L: CPC_UPDSCR
BIT6_SKIP			= 4FE1, L: CPC_UPDSCR
BIT7_SKIP			= 4FEB, L: CPC_UPDSCR
SKIPALL				= 4FEE, L: CPC_UPDSCR
NOINCD				= 4FF6, L: CPC_UPDSCR
UCOPYTILE			= 4FFA, L: CPC_UPDSCR
POSICIONAR_SUPERBUFFER		= 4FFA, L: CPC_UPDSCR
POSICIONAR_TILE			= 500D, L: CPC_UPDSCR
TRANSFERIR_MAP_SBUFFER		= 5028, L: CPC_UPDSCR
L_AND				= 506F, G: L_AND
L_ASL				= 5076, G: L_ASL
L_ASL1				= 5077, L: L_ASL
L_ASR				= 507D, G: L_ASR
L_ASR1				= 507E, L: L_ASR
L_ASR_U				= 5087, G: L_ASR_U
L_ASR_U_1			= 5088, L: L_ASR_U
L_DIV_U				= 5091, G: L_DIV_U
ENTRY				= 5095, L: L_DIV_U
L_DIV1				= 509C, L: L_DIV_U
L_DIV2				= 50A6, L: L_DIV_U
L_EQ				= 50B0, G: L_EQ
L_GCHAR				= 50B7, G: L_GCHAR
L_SXT				= 50B8, L: L_GCHAR
L_GINT				= 50BD, G: L_GINT
L_GINTSP			= 50C2, G: L_GINTSP
L_GT				= 50CA, G: L_GT
L_LNEG				= 50D6, G: L_LNEG
L_LT				= 50DB, G: L_LT
L_MULT				= 50E7, G: L_MULT
L_MULT1				= 50EE, L: L_MULT
L_MULT2				= 50F5, L: L_MULT
L_NE				= 50F8, G: L_NE
L_NEG				= 50FF, G: L_NEG
L_OR				= 5107, G: L_OR
L_PINT				= 510E, G: L_PINT
L_PINT_POP			= 5114, G: L_PINT_POP
L_SXT				= 511A, G: L_SXT
L_UGE				= 511F, G: L_UGE
L_UGT				= 5127, G: L_UGT
L_ULE				= 512D, G: L_ULE
L_ULT				= 5135, G: L_ULT
